BL51 BANKED LINKER/LOCATER V6.22.2.0                                                    05/05/2023  16:02:12  PAGE 1


BL51 BANKED LINKER/LOCATER V6.22.2.0, INVOKED BY:
D:\SOFTWARE\KEIL\C51\BIN\BL51.EXE .\Objects\DataTrans.obj, .\Objects\pc.obj, .\Objects\TstBrdContrl.obj, .\Objects\Delay
>> Time.obj, .\Objects\SystemInit.obj, .\Objects\MainPro.obj, .\Objects\Chamber.obj, .\Objects\cfguo.obj, .\Objects\NewP
>> ower.obj, .\Objects\Crc16_MODBUS.obj TO .\Objects\BackBrdDrv_Pro PRINT (.\Listings\BackBrdDrv_Pro.m51) RAMSIZE (256)


MEMORY MODEL: LARGE WITH FLOATING POINT ARITHMETIC


INPUT MODULES INCLUDED:
  .\Objects\DataTrans.obj (DATATRANS)
  .\Objects\pc.obj (PC)
  .\Objects\TstBrdContrl.obj (TSTBRDCONTRL)
  .\Objects\DelayTime.obj (DELAYTIME)
  .\Objects\SystemInit.obj (SYSTEMINIT)
  .\Objects\MainPro.obj (MAINPRO)
  .\Objects\Chamber.obj (CHAMBER)
  .\Objects\cfguo.obj (CFGUO)
  .\Objects\NewPower.obj (NEWPOWER)
  .\Objects\Crc16_MODBUS.obj (CRC16_MODBUS)
  D:\SOFTWARE\KEIL\C51\LIB\C51FPL.LIB (?C?FPADD)
  D:\SOFTWARE\KEIL\C51\LIB\C51FPL.LIB (?C?FPMUL)
  D:\SOFTWARE\KEIL\C51\LIB\C51FPL.LIB (?C?FPDIV)
  D:\SOFTWARE\KEIL\C51\LIB\C51FPL.LIB (?C?FPCMP)
  D:\SOFTWARE\KEIL\C51\LIB\C51FPL.LIB (?C?FPNEG)
  D:\SOFTWARE\KEIL\C51\LIB\C51FPL.LIB (?C?FCAST)
  D:\SOFTWARE\KEIL\C51\LIB\C51FPL.LIB (?C?CASTF)
  D:\SOFTWARE\KEIL\C51\LIB\C51FPL.LIB (PRINTF)
  D:\SOFTWARE\KEIL\C51\LIB\C51FPL.LIB (FABS)
  D:\SOFTWARE\KEIL\C51\LIB\C51FPL.LIB (ATOF)
  D:\SOFTWARE\KEIL\C51\LIB\C51FPL.LIB (?C?FPGETOPN)
  D:\SOFTWARE\KEIL\C51\LIB\C51FPL.LIB (?C?FPROUND)
  D:\SOFTWARE\KEIL\C51\LIB\C51FPL.LIB (?C?FPCONVERT)
  D:\SOFTWARE\KEIL\C51\LIB\C51FPL.LIB (?C?ATOF)
  D:\SOFTWARE\KEIL\C51\LIB\C51FPL.LIB (?C?FTNPWR)
  D:\SOFTWARE\KEIL\C51\LIB\C51L.LIB (?C_STARTUP)
  D:\SOFTWARE\KEIL\C51\LIB\C51L.LIB (?C?SCDIV)
  D:\SOFTWARE\KEIL\C51\LIB\C51L.LIB (?C?CLDPTR)
  D:\SOFTWARE\KEIL\C51\LIB\C51L.LIB (?C?CLDOPTR)
  D:\SOFTWARE\KEIL\C51\LIB\C51L.LIB (?C?CSTPTR)
  D:\SOFTWARE\KEIL\C51\LIB\C51L.LIB (?C?CSTOPTR)
  D:\SOFTWARE\KEIL\C51\LIB\C51L.LIB (?C?IMUL)
  D:\SOFTWARE\KEIL\C51\LIB\C51L.LIB (?C?IILDX)
  D:\SOFTWARE\KEIL\C51\LIB\C51L.LIB (?C?ILDIX)
  D:\SOFTWARE\KEIL\C51\LIB\C51L.LIB (?C?ILDPTR)
  D:\SOFTWARE\KEIL\C51\LIB\C51L.LIB (?C?ILDOPTR)
  D:\SOFTWARE\KEIL\C51\LIB\C51L.LIB (?C?ISTPTR)
  D:\SOFTWARE\KEIL\C51\LIB\C51L.LIB (?C?ISTOPTR)
  D:\SOFTWARE\KEIL\C51\LIB\C51L.LIB (?C?LNEG)
  D:\SOFTWARE\KEIL\C51\LIB\C51L.LIB (?C?LLDPTR)
  D:\SOFTWARE\KEIL\C51\LIB\C51L.LIB (?C?LLDOPTR)
  D:\SOFTWARE\KEIL\C51\LIB\C51L.LIB (?C?LSTPTR)
  D:\SOFTWARE\KEIL\C51\LIB\C51L.LIB (?C?LSTOPTR)
  D:\SOFTWARE\KEIL\C51\LIB\C51L.LIB (?C?LLDCODE)
  D:\SOFTWARE\KEIL\C51\LIB\C51L.LIB (?C?LSTXDATA)
  D:\SOFTWARE\KEIL\C51\LIB\C51L.LIB (?C?LSTKXDATA)
  D:\SOFTWARE\KEIL\C51\LIB\C51L.LIB (?C?LSTKPTR)
  D:\SOFTWARE\KEIL\C51\LIB\C51L.LIB (?C?OFFXADD)
BL51 BANKED LINKER/LOCATER V6.22.2.0                                                  05/05/2023  16:02:12  PAGE 2


  D:\SOFTWARE\KEIL\C51\LIB\C51L.LIB (?C?PLDIXDATA)
  D:\SOFTWARE\KEIL\C51\LIB\C51L.LIB (?C?PSTXDATA)
  D:\SOFTWARE\KEIL\C51\LIB\C51L.LIB (?C?CCASE)
  D:\SOFTWARE\KEIL\C51\LIB\C51L.LIB (PUTCHAR)
  D:\SOFTWARE\KEIL\C51\LIB\C51L.LIB (ISSPACE)
  D:\SOFTWARE\KEIL\C51\LIB\C51L.LIB (STRSTR)
  D:\SOFTWARE\KEIL\C51\LIB\C51L.LIB (ATOI)
  D:\SOFTWARE\KEIL\C51\LIB\C51L.LIB (?C?MEMSET)
  D:\SOFTWARE\KEIL\C51\LIB\C51L.LIB (?C_INIT)
  D:\SOFTWARE\KEIL\C51\LIB\C51L.LIB (?C?LLDIDATA)
  D:\SOFTWARE\KEIL\C51\LIB\C51L.LIB (?C?LLDXDATA)
  D:\SOFTWARE\KEIL\C51\LIB\C51L.LIB (?C?LLDPDATA)
  D:\SOFTWARE\KEIL\C51\LIB\C51L.LIB (?C?LSTIDATA)
  D:\SOFTWARE\KEIL\C51\LIB\C51L.LIB (?C?LSTPDATA)
  D:\SOFTWARE\KEIL\C51\LIB\C51L.LIB (?C?LSTKIDATA)
  D:\SOFTWARE\KEIL\C51\LIB\C51L.LIB (?C?LSTKPDATA)
  D:\SOFTWARE\KEIL\C51\LIB\C51L.LIB (ISDIGIT)


LINK MAP OF MODULE:  .\Objects\BackBrdDrv_Pro (DATATRANS)


            TYPE    BASE      LENGTH    RELOCATION   SEGMENT NAME
            -----------------------------------------------------

            * * * * * * *   D A T A   M E M O R Y   * * * * * * *
            REG     0000H     0008H     ABSOLUTE     "REG BANK 0"
            DATA    0008H     0005H     UNIT         _DATA_GROUP_
            DATA    000DH     0002H     UNIT         ?DT??C?ATOF??C?ATOF
                    000FH     0009H                  *** GAP ***
            REG     0018H     0008H     ABSOLUTE     "REG BANK 3"
            BIT     0020H.0   0001H.6   UNIT         _BIT_GROUP_
            BIT     0021H.6   0000H.5   UNIT         ?BI??C?ATOF??C?ATOF
            BIT     0022H.3   0000H.3   UNIT         ?BI?SYSTEMINIT
            BIT     0022H.6   0000H.2   UNIT         ?BI?MAINPRO
            IDATA   0023H     0001H     UNIT         ?STACK

            * * * * * * *  X D A T A   M E M O R Y  * * * * * * *
            XDATA   0000H     0AA2H     UNIT         _XDATA_GROUP_
            XDATA   0AA2H     0596H     UNIT         ?XD?CHAMBER
            XDATA   1038H     00F1H     UNIT         ?XD?DATATRANS
            XDATA   1129H     00A8H     UNIT         ?XD?MAINPRO
            XDATA   11D1H     0022H     UNIT         ?XD?_WAITCHAMBERSTABLE?CHAMBER
            XDATA   11F3H     001CH     UNIT         ?XD?_READCHAMBERTEMPERATURE?CHAMBER
            XDATA   120FH     0013H     UNIT         ?XD?TSTBRDCONTRL
            XDATA   1222H     0003H     UNIT         ?XD?ATOF?ATOF
            XDATA   1225H     0002H     UNIT         ?XD?PC
            XDATA   1227H     0002H     UNIT         ?XD?DELAYTIME
            XDATA   1229H     0002H     UNIT         ?XD?_SETCHAMBERON?CHAMBER

            * * * * * * *   C O D E   M E M O R Y   * * * * * * *
            CODE    0000H     0003H     ABSOLUTE     
            CODE    0003H     0003H     ABSOLUTE     
            CODE    0006H     0005H     UNIT         ?PR?RESETI2CPORT?NEWPOWER
            CODE    000BH     0003H     ABSOLUTE     
            CODE    000EH     0015H     UNIT         ?PR?I2CSTART?NEWPOWER
            CODE    0023H     0003H     ABSOLUTE     
BL51 BANKED LINKER/LOCATER V6.22.2.0                                                  05/05/2023  16:02:12  PAGE 3


            CODE    0026H     2767H     UNIT         ?PR?MAIN?MAINPRO
            CODE    278DH     0B4EH     UNIT         ?CO?MAINPRO
            CODE    32DBH     0A28H     UNIT         ?PR?_WAITCHAMBERSTABLE?CHAMBER
            CODE    3D03H     0911H     UNIT         ?C?LIB_CODE
            CODE    4614H     0483H     UNIT         ?PR?PRINTF?PRINTF
            CODE    4A97H     03DBH     UNIT         ?PR?_READTC18B20PACKAGEANDUSEPT100INDEX?PC
            CODE    4E72H     02ECH     UNIT         ?PR?_REQUIRECFGUOALLCHANNELTEMPERATURE?CFGUO
            CODE    515EH     0252H     UNIT         ?PR?_READCHAMBERTEMPERATURE?CHAMBER
            CODE    53B0H     023BH     UNIT         ?PR?RECIEVEPRESSKEYCOMMANDFROMPC?SYSTEMINIT
            CODE    55EBH     0220H     UNIT         ?PR?READTRIMMINGDATAFROMPC?PC
            CODE    580BH     01ECH     UNIT         ?PR?_READOPA544OUTPUTCURRENT?NEWPOWER
            CODE    59F7H     01D0H     UNIT         ?PR?_READDATAFROMADS1100?NEWPOWER
            CODE    5BC7H     01AFH     UNIT         ?PR?_READTEMPERATUREDATAFROMTRIMINGBOARD?DATATRANS
            CODE    5D76H     019CH     UNIT         ?PR?_SETCHAMBERTEMPERATURE?CHAMBER
            CODE    5F12H     0145H     UNIT         ?PR?_USARTINIT?DATATRANS
            CODE    6057H     0136H     UNIT         ?PR?_SENDTRIMMINGVBEANDROTATIONVALUES?DATATRANS
            CODE    618DH     0102H     UNIT         ?PR?_SETUSARTTWOPOSIONANDBTR?DATATRANS
            CODE    628FH     00FCH     UNIT         ?PR?_CRC16_MODBUS?CRC16_MODBUS
            CODE    638BH     00F3H     UNIT         ?PR?_SETCHAMBERON?CHAMBER
            CODE    647EH     00F2H     UNIT         ?PR?_SETCHAMBEROFF?CHAMBER
            CODE    6570H     00EBH     UNIT         ?PR?_SENDPT100DATATOTRIMINGBOARD?DATATRANS
            CODE    665BH     00E6H     UNIT         ?PR??C?ATOF??C?ATOF
            CODE    6741H     00DBH     UNIT         ?PR?_ATOI?ATOI
            CODE    681CH     00BFH     UNIT         ?PR?_STRSTR?STRSTR
            CODE    68DBH     00BDH     UNIT         ?PR?_SEARCHTESTMAINBOARD?TSTBRDCONTRL
            CODE    6998H     00BBH     UNIT         ?PR?_SENDINTDATASELECT?DATATRANS
            CODE    6A53H     00B5H     UNIT         ?PR?_I2CWRITEDATATODEVICE?NEWPOWER
            CODE    6B08H     00B2H     UNIT         ?PR?_SENDFLOATDATA?DATATRANS
            CODE    6BBAH     00B2H     UNIT         ?PR?_SENDINTDATA?DATATRANS
            CODE    6C6CH     00AAH     UNIT         ?PR?_INVERTUINT16?CRC16_MODBUS
            CODE    6D16H     009EH     UNIT         ?PR?_SENDTC18B20PACKAGETYPETOBOARD?DATATRANS
            CODE    6DB4H     009DH     UNIT         ?PR?_INVERTUINT8?CRC16_MODBUS
            CODE    6E51H     009BH     UNIT         ?CO?PC
            CODE    6EECH     008CH     UNIT         ?C_C51STARTUP
            CODE    6F78H     007DH     UNIT         ?PR?_WAITFORTRIMINGPROCESS?DATATRANS
            CODE    6FF5H     007BH     UNIT         ?PR?_SENDSTRINGDATA?DATATRANS
            CODE    7070H     0076H     UNIT         ?PR?_SENDDATA?DATATRANS
            CODE    70E6H     0066H     UNIT         ?PR?_ENDALLPROCESS?TSTBRDCONTRL
            CODE    714CH     0062H     UNIT         ?PR?_SETVOLTAGE?NEWPOWER
            CODE    71AEH     0061H     UNIT         ?PR?_SETTSTBRDPOWERON?TSTBRDCONTRL
            CODE    720FH     005FH     UNIT         ?C_INITSEG
            CODE    726EH     0049H     UNIT         ?PR?ATOF?ATOF
            CODE    72B7H     0042H     UNIT         ?CO?SYSTEMINIT
            CODE    72F9H     0042H     UNIT         ?PR?_WRITEDATATOMAX5821?NEWPOWER
            CODE    733BH     0041H     UNIT         ?PR?SYSTEMINIT?SYSTEMINIT
            CODE    737CH     003AH     UNIT         ?PR?_USARTINTERRUPT?DATATRANS
            CODE    73B6H     003AH     UNIT         ?CO?DATATRANS
            CODE    73F0H     0036H     UNIT         ?PR?_SENDINTDATATOPC?PC
            CODE    7426H     0031H     UNIT         ?PR?_SENDFLOATDATATOPC?PC
            CODE    7457H     0030H     UNIT         ?PR?_DELAY_MS?DELAYTIME
            CODE    7487H     0030H     UNIT         ?CO?CHAMBER
            CODE    74B7H     002EH     UNIT         ?PR?DELAY100MS?SYSTEMINIT
            CODE    74E5H     0027H     UNIT         ?PR?PUTCHAR?PUTCHAR
            CODE    750CH     0025H     UNIT         ?PR?DELAY_5US?DELAYTIME
            CODE    7531H     0023H     UNIT         ?PR?_SENDSTRINGDATATOPC?PC
            CODE    7554H     001CH     UNIT         ?PR?STARTPROCESS?SYSTEMINIT
            CODE    7570H     001CH     UNIT         ?PR?TRIMINGBOARDCOLLECTOR?SYSTEMINIT
BL51 BANKED LINKER/LOCATER V6.22.2.0                                                  05/05/2023  16:02:12  PAGE 4


            CODE    758CH     0016H     UNIT         ?PR?SCANPRESSKEY?SYSTEMINIT
            CODE    75A2H     0014H     UNIT         ?PR?_ISSPACE?ISSPACE
            CODE    75B6H     0013H     UNIT         ?PR?TIMER0INTERRUPT?DELAYTIME
            CODE    75C9H     0010H     UNIT         ?PR?I2CSTOP?NEWPOWER
            CODE    75D9H     000FH     UNIT         ?PR?_ISDIGIT?ISDIGIT
            CODE    75E8H     000DH     UNIT         ?PR?I2CDEVICEACK?NEWPOWER
            CODE    75F5H     000DH     UNIT         ?PR?_FABS?FABS
            CODE    7602H     000AH     UNIT         ?CO?TSTBRDCONTRL
            CODE    760CH     0008H     UNIT         ?CO?NEWPOWER
            CODE    7614H     0007H     UNIT         ?CO?CFGUO
            CODE    761BH     0004H     UNIT         ?PR?TSTBRDPOWERINIT?TSTBRDCONTRL



OVERLAY MAP OF MODULE:   .\Objects\BackBrdDrv_Pro (DATATRANS)


SEGMENT                                             BIT_GROUP          DATA_GROUP          XDATA_GROUP
  +--> CALLED SEGMENT                            START    LENGTH     START    LENGTH     START    LENGTH
--------------------------------------------------------------------------------------------------------
?PR?SCANPRESSKEY?SYSTEMINIT                      -----    -----      -----    -----      -----    -----
  +--> ?PR?DELAY100MS?SYSTEMINIT

*** NEW ROOT ***************************************************

?PR?RECIEVEPRESSKEYCOMMANDFROMPC?SYST...         -----    -----      -----    -----      -----    -----
  +--> ?CO?SYSTEMINIT
  +--> ?PR?_STRSTR?STRSTR

?PR?_STRSTR?STRSTR                               -----    -----      -----    -----      0A86H    000CH

*** NEW ROOT ***************************************************

?C_C51STARTUP                                    -----    -----      -----    -----      -----    -----
  +--> ?PR?MAIN?MAINPRO
  +--> ?C_INITSEG

?PR?MAIN?MAINPRO                                 0020H.0  0000H.5    -----    -----      000CH    096CH
  +--> ?PR?SYSTEMINIT?SYSTEMINIT
  +--> ?PR?_DELAY_MS?DELAYTIME
  +--> ?CO?MAINPRO
  +--> ?PR?_SENDSTRINGDATATOPC?PC
  +--> ?PR?_STRSTR?STRSTR
  +--> ?PR?READTRIMMINGDATAFROMPC?PC
  +--> ?PR?_SETVOLTAGE?NEWPOWER
  +--> ?PR?TSTBRDPOWERINIT?TSTBRDCONTRL
  +--> ?PR?_SETTSTBRDPOWERON?TSTBRDCONTRL
  +--> ?PR?_SEARCHTESTMAINBOARD?TSTBRDCONTRL
  +--> ?PR?_READTC18B20PACKAGEANDUSEPT100IND...
  +--> ?PR?PRINTF?PRINTF
  +--> ?PR?_SENDTC18B20PACKAGETYPETOBOARD?DA...
  +--> ?PR?_SENDTRIMMINGVBEANDROTATIONVALUES...
  +--> ?PR?_READOPA544OUTPUTCURRENT?NEWPOWER
  +--> ?PR?_SETCHAMBERTEMPERATURE?CHAMBER
  +--> ?PR?_SENDINTDATATOPC?PC
  +--> ?PR?STARTPROCESS?SYSTEMINIT
  +--> ?PR?_WAITFORTRIMINGPROCESS?DATATRANS
BL51 BANKED LINKER/LOCATER V6.22.2.0                                                  05/05/2023  16:02:12  PAGE 5


  +--> ?PR?_REQUIRECFGUOALLCHANNELTEMPERATUR...
  +--> ?PR?_SETCHAMBEROFF?CHAMBER
  +--> ?PR?TRIMINGBOARDCOLLECTOR?SYSTEMINIT
  +--> ?PR?_READTEMPERATUREDATAFROMTRIMINGBO...
  +--> ?PR?_SENDFLOATDATATOPC?PC
  +--> ?PR?_SENDPT100DATATOTRIMINGBOARD?DATA...
  +--> ?PR?_ENDALLPROCESS?TSTBRDCONTRL

?PR?_SENDSTRINGDATATOPC?PC                       -----    -----      -----    -----      0984H    0003H
  +--> ?PR?_USARTINIT?DATATRANS
  +--> ?PR?_SENDSTRINGDATA?DATATRANS

?PR?_SENDSTRINGDATA?DATATRANS                    -----    -----      -----    -----      09AEH    0003H

?PR?READTRIMMINGDATAFROMPC?PC                    -----    -----      -----    -----      0978H    000CH
  +--> ?PR?_USARTINIT?DATATRANS
  +--> ?CO?PC
  +--> ?PR?_STRSTR?STRSTR
  +--> ?PR?_SENDSTRINGDATATOPC?PC
  +--> ?PR?_ATOI?ATOI
  +--> ?PR?_SENDINTDATASELECT?DATATRANS
  +--> ?PR?_SENDINTDATATOPC?PC

?PR?_ATOI?ATOI                                   0020H.5  0000H.1    -----    -----      098AH    0005H
  +--> ?PR?_ISSPACE?ISSPACE
  +--> ?PR?_ISDIGIT?ISDIGIT

?PR?_SENDINTDATASELECT?DATATRANS                 -----    -----      -----    -----      0984H    000DH
  +--> ?CO?DATATRANS
  +--> ?PR?PRINTF?PRINTF
  +--> ?PR?_SENDSTRINGDATA?DATATRANS

?PR?PRINTF?PRINTF                                0020H.5  0001H.1    0008H    0005H      09AEH    0030H
  +--> ?PR?PUTCHAR?PUTCHAR

?PR?_SENDINTDATATOPC?PC                          -----    -----      -----    -----      0984H    0005H
  +--> ?PR?_USARTINIT?DATATRANS
  +--> ?PR?_SENDINTDATA?DATATRANS

?PR?_SENDINTDATA?DATATRANS                       -----    -----      -----    -----      0989H    000BH
  +--> ?CO?DATATRANS
  +--> ?PR?PRINTF?PRINTF
  +--> ?PR?_SENDSTRINGDATA?DATATRANS

?PR?_SETVOLTAGE?NEWPOWER                         -----    -----      -----    -----      0978H    0008H
  +--> ?PR?_WRITEDATATOMAX5821?NEWPOWER

?PR?_WRITEDATATOMAX5821?NEWPOWER                 -----    -----      -----    -----      0980H    0004H
  +--> ?PR?_I2CWRITEDATATODEVICE?NEWPOWER

?PR?_I2CWRITEDATATODEVICE?NEWPOWER               -----    -----      -----    -----      0994H    0007H
  +--> ?PR?I2CSTART?NEWPOWER
  +--> ?CO?NEWPOWER
  +--> ?PR?DELAY_5US?DELAYTIME
  +--> ?PR?I2CDEVICEACK?NEWPOWER
  +--> ?PR?I2CSTOP?NEWPOWER

BL51 BANKED LINKER/LOCATER V6.22.2.0                                                  05/05/2023  16:02:12  PAGE 6


?PR?I2CSTART?NEWPOWER                            -----    -----      -----    -----      -----    -----
  +--> ?PR?RESETI2CPORT?NEWPOWER
  +--> ?PR?_DELAY_MS?DELAYTIME
  +--> ?PR?DELAY_5US?DELAYTIME

?PR?I2CDEVICEACK?NEWPOWER                        -----    -----      -----    -----      -----    -----
  +--> ?PR?DELAY_5US?DELAYTIME

?PR?I2CSTOP?NEWPOWER                             -----    -----      -----    -----      -----    -----
  +--> ?PR?DELAY_5US?DELAYTIME

?PR?_SEARCHTESTMAINBOARD?TSTBRDCONTRL            -----    -----      -----    -----      0978H    0003H
  +--> ?PR?_SETUSARTTWOPOSIONANDBTR?DATATRANS
  +--> ?CO?TSTBRDCONTRL
  +--> ?PR?_SENDSTRINGDATA?DATATRANS

?PR?_SETUSARTTWOPOSIONANDBTR?DATATRANS           -----    -----      -----    -----      0A86H    0001H
  +--> ?PR?_USARTINIT?DATATRANS
  +--> ?PR?_DELAY_MS?DELAYTIME

?PR?_READTC18B20PACKAGEANDUSEPT100IND...         -----    -----      -----    -----      0978H    0012H
  +--> ?PR?_USARTINIT?DATATRANS
  +--> ?CO?PC
  +--> ?PR?_STRSTR?STRSTR
  +--> ?PR?_ATOI?ATOI

?PR?_SENDTC18B20PACKAGETYPETOBOARD?DA...         -----    -----      -----    -----      0978H    0016H
  +--> ?CO?DATATRANS
  +--> ?PR?PRINTF?PRINTF
  +--> ?PR?_SETUSARTTWOPOSIONANDBTR?DATATRANS
  +--> ?PR?_SENDSTRINGDATA?DATATRANS

?PR?_SENDTRIMMINGVBEANDROTATIONVALUES...         -----    -----      -----    -----      0978H    0036H
  +--> ?CO?DATATRANS
  +--> ?PR?PRINTF?PRINTF
  +--> ?PR?_SETUSARTTWOPOSIONANDBTR?DATATRANS
  +--> ?PR?_SENDSTRINGDATA?DATATRANS

?PR?_READOPA544OUTPUTCURRENT?NEWPOWER            -----    -----      -----    -----      0978H    001CH
  +--> ?PR?_I2CWRITEDATATODEVICE?NEWPOWER
  +--> ?PR?_DELAY_MS?DELAYTIME
  +--> ?PR?_READDATAFROMADS1100?NEWPOWER

?PR?_READDATAFROMADS1100?NEWPOWER                -----    -----      -----    -----      0994H    0005H
  +--> ?PR?I2CSTART?NEWPOWER
  +--> ?CO?NEWPOWER
  +--> ?PR?DELAY_5US?DELAYTIME
  +--> ?PR?I2CDEVICEACK?NEWPOWER

?PR?_SETCHAMBERTEMPERATURE?CHAMBER               -----    -----      -----    -----      0978H    0008H
  +--> ?CO?CHAMBER
  +--> ?PR?PRINTF?PRINTF
  +--> ?PR?_SETUSARTTWOPOSIONANDBTR?DATATRANS
  +--> ?PR?_DELAY_MS?DELAYTIME
  +--> ?PR?_SENDSTRINGDATA?DATATRANS
  +--> ?PR?_CRC16_MODBUS?CRC16_MODBUS
  +--> ?PR?_SENDDATA?DATATRANS
BL51 BANKED LINKER/LOCATER V6.22.2.0                                                  05/05/2023  16:02:12  PAGE 7



?PR?_CRC16_MODBUS?CRC16_MODBUS                   -----    -----      -----    -----      0A86H    000CH
  +--> ?PR?_INVERTUINT8?CRC16_MODBUS
  +--> ?PR?_INVERTUINT16?CRC16_MODBUS

?PR?_INVERTUINT8?CRC16_MODBUS                    -----    -----      -----    -----      0A92H    000CH

?PR?_INVERTUINT16?CRC16_MODBUS                   -----    -----      -----    -----      0A92H    0010H

?PR?_SENDDATA?DATATRANS                          -----    -----      -----    -----      0980H    0006H

?PR?STARTPROCESS?SYSTEMINIT                      -----    -----      -----    -----      -----    -----
  +--> ?PR?_DELAY_MS?DELAYTIME

?PR?_WAITFORTRIMINGPROCESS?DATATRANS             -----    -----      -----    -----      0978H    0001H
  +--> ?PR?_SETUSARTTWOPOSIONANDBTR?DATATRANS

?PR?_REQUIRECFGUOALLCHANNELTEMPERATUR...         -----    -----      -----    -----      0978H    010EH
  +--> ?PR?_USARTINTERRUPT?DATATRANS
  +--> ?PR?_SETUSARTTWOPOSIONANDBTR?DATATRANS
  +--> ?PR?_DELAY_MS?DELAYTIME
  +--> ?CO?CFGUO
  +--> ?PR?_STRSTR?STRSTR
  +--> ?PR?_CRC16_MODBUS?CRC16_MODBUS

?PR?_SETCHAMBEROFF?CHAMBER                       -----    -----      -----    -----      0978H    0002H
  +--> ?PR?_SETUSARTTWOPOSIONANDBTR?DATATRANS
  +--> ?PR?_DELAY_MS?DELAYTIME
  +--> ?CO?CHAMBER
  +--> ?PR?_SENDSTRINGDATA?DATATRANS
  +--> ?PR?_CRC16_MODBUS?CRC16_MODBUS
  +--> ?PR?_SENDDATA?DATATRANS

?PR?TRIMINGBOARDCOLLECTOR?SYSTEMINIT             -----    -----      -----    -----      -----    -----
  +--> ?PR?_DELAY_MS?DELAYTIME

?PR?_READTEMPERATUREDATAFROMTRIMINGBO...         -----    -----      -----    -----      0978H    0006H
  +--> ?PR?_SETUSARTTWOPOSIONANDBTR?DATATRANS

?PR?_SENDFLOATDATATOPC?PC                        -----    -----      -----    -----      0978H    0004H
  +--> ?PR?_USARTINIT?DATATRANS
  +--> ?PR?_SENDFLOATDATA?DATATRANS

?PR?_SENDFLOATDATA?DATATRANS                     -----    -----      -----    -----      097CH    000BH
  +--> ?CO?DATATRANS
  +--> ?PR?PRINTF?PRINTF
  +--> ?PR?_SENDSTRINGDATA?DATATRANS

?PR?_SENDPT100DATATOTRIMINGBOARD?DATA...         -----    -----      -----    -----      0978H    0004H
  +--> ?CO?DATATRANS
  +--> ?PR?PRINTF?PRINTF
  +--> ?PR?_SETUSARTTWOPOSIONANDBTR?DATATRANS
  +--> ?PR?_SENDSTRINGDATA?DATATRANS

?PR?_ENDALLPROCESS?TSTBRDCONTRL                  -----    -----      -----    -----      0978H    0001H
  +--> ?PR?_SETUSARTTWOPOSIONANDBTR?DATATRANS
  +--> ?CO?TSTBRDCONTRL
BL51 BANKED LINKER/LOCATER V6.22.2.0                                                  05/05/2023  16:02:12  PAGE 8


  +--> ?PR?_SENDSTRINGDATA?DATATRANS



SYMBOL TABLE OF MODULE:  .\Objects\BackBrdDrv_Pro (DATATRANS)

  VALUE           TYPE          NAME
  ----------------------------------

  -------         MODULE        DATATRANS
  C:0000H         SYMBOL        _ICE_DUMMY_
  D:0080H         PUBLIC        P0
  X:1038H         PUBLIC        nTestBoardName
  D:0090H         PUBLIC        P1
  D:00A0H         PUBLIC        P2
  C:6B08H         PUBLIC        _SendFloatData
  D:00B0H         PUBLIC        P3
  D:00C0H         PUBLIC        P4
  C:6F78H         PUBLIC        _WaitForTrimingProcess
  C:6FF5H         PUBLIC        _SendStringData
  D:00C8H         PUBLIC        P5
  D:00E8H         PUBLIC        P6
  D:00F8H         PUBLIC        P7
  C:7070H         PUBLIC        _SendData
  D:00BAH         PUBLIC        P_SW2
  D:00A8H         PUBLIC        IE
  B:00A8H.4       PUBLIC        ES
  D:00B8H         PUBLIC        IP
  C:6998H         PUBLIC        _SendIntDataSelect
  B:0098H.1       PUBLIC        TI
  D:00D8H         PUBLIC        CCON
  C:5F12H         PUBLIC        _UsartInit
  D:0099H         PUBLIC        SBUF
  X:1040H         PUBLIC        nTempP6PortData
  X:1041H         PUBLIC        nRecieveData
  D:0098H         PUBLIC        SCON
  D:0089H         PUBLIC        TMOD
  D:0088H         PUBLIC        TCON
  C:6BBAH         PUBLIC        _SendIntData
  C:6057H         PUBLIC        _SendTrimmingVBEandRotationValues
  C:618DH         PUBLIC        _SetUsartTwoPosionAndBtr
  C:6D16H         PUBLIC        _SendTC18B20PackageTypeToBoard
  X:1109H         PUBLIC        nDeviceIndex
  D:00AFH         PUBLIC        IE2
  D:008EH         PUBLIC        AUXR
  B:00A8H.3       PUBLIC        ET1
  X:110AH         PUBLIC        nOtherDeviceName
  D:008DH         PUBLIC        TH1
  D:00D6H         PUBLIC        T2H
  D:008BH         PUBLIC        TL1
  D:00D7H         PUBLIC        T2L
  X:1112H         PUBLIC        nRxDataCunt
  B:0088H.6       PUBLIC        TR1
  D:009BH         PUBLIC        S2BUF
  C:737CH         PUBLIC        _UsartInterrupt
  D:009AH         PUBLIC        S2CON
  C:6570H         PUBLIC        _SendPt100DataToTrimingBoard
BL51 BANKED LINKER/LOCATER V6.22.2.0                                                  05/05/2023  16:02:12  PAGE 9


  C:5BC7H         PUBLIC        _ReadTemperatureDataFromTrimingBoard
  X:1113H         PUBLIC        nSendData
  X:1127H         PUBLIC        nComTimeOutCunt
  D:00D0H         PUBLIC        PSW
  -------         PROC          _USARTINIT
  D:0007H         SYMBOL        nComPortIndex
  D:0005H         SYMBOL        nBtr
  C:5F12H         LINE#         22
  C:5F12H         LINE#         23
  C:5F12H         LINE#         24
  C:5F1DH         LINE#         25
  C:5F20H         LINE#         26
  C:5F23H         LINE#         27
  C:5F26H         LINE#         28
  C:5F29H         LINE#         30
  C:5F3BH         LINE#         31
  C:5F4DH         LINE#         32
  C:5F5FH         LINE#         33
  C:5F71H         LINE#         34
  C:5F83H         LINE#         35
  C:5F95H         LINE#         36
  C:5FA6H         LINE#         37
  C:5FB3H         LINE#         39
  C:5FB5H         LINE#         40
  C:5FB7H         LINE#         41
  C:5FB7H         LINE#         43
  C:5FC5H         LINE#         44
  C:5FC8H         LINE#         45
  C:5FDAH         LINE#         46
  C:5FECH         LINE#         47
  C:5FFEH         LINE#         48
  C:6010H         LINE#         49
  C:6022H         LINE#         50
  C:6034H         LINE#         51
  C:6045H         LINE#         52
  C:6053H         LINE#         54
  C:6056H         LINE#         55
  C:6056H         LINE#         56
  -------         ENDPROC       _USARTINIT
  -------         PROC          _USARTINTERRUPT
  D:0007H         SYMBOL        nComPortIndex
  D:0005H         SYMBOL        nEnbDisable
  C:737CH         LINE#         64
  C:737CH         LINE#         65
  C:737CH         LINE#         66
  C:7384H         LINE#         67
  C:7390H         LINE#         68
  C:7392H         LINE#         69
  C:7394H         LINE#         71
  C:7394H         LINE#         72
  C:7396H         LINE#         73
  C:7396H         LINE#         74
  C:7396H         LINE#         76
  C:73A1H         LINE#         77
  C:73AEH         LINE#         78
  C:73B1H         LINE#         79
  C:73B2H         LINE#         81
BL51 BANKED LINKER/LOCATER V6.22.2.0                                                  05/05/2023  16:02:12  PAGE 10


  C:73B2H         LINE#         82
  C:73B5H         LINE#         83
  C:73B5H         LINE#         84
  C:73B5H         LINE#         85
  -------         ENDPROC       _USARTINTERRUPT
  -------         PROC          _SETUSARTTWOPOSIONANDBTR
  X:0A86H         SYMBOL        nSerialPortPosion
  D:0001H         SYMBOL        nDeviceName
  D:0003H         SYMBOL        nBtr
  C:618DH         LINE#         95
  C:6194H         LINE#         96
  C:6194H         LINE#         97
  C:619DH         LINE#         98
  C:61A3H         LINE#         100
  C:61B2H         LINE#         101
  C:61B5H         LINE#         103
  C:61BCH         LINE#         104
  C:61D5H         LINE#         105
  C:61E8H         LINE#         106
  C:6208H         LINE#         107
  C:620AH         LINE#         108
  C:620AH         LINE#         109
  C:6212H         LINE#         110
  C:6212H         LINE#         112
  C:6221H         LINE#         113
  C:6224H         LINE#         115
  C:622BH         LINE#         116
  C:6244H         LINE#         117
  C:6257H         LINE#         118
  C:6277H         LINE#         119
  C:6279H         LINE#         120
  C:6279H         LINE#         121
  C:6281H         LINE#         122
  C:6281H         LINE#         124
  C:6287H         LINE#         125
  C:628EH         LINE#         126
  -------         ENDPROC       _SETUSARTTWOPOSIONANDBTR
  -------         PROC          _SENDSTRINGDATA
  D:0007H         SYMBOL        nComPortIndex
  X:09AEH         SYMBOL        pData
  C:6FF5H         LINE#         134
  C:7000H         LINE#         135
  C:7000H         LINE#         136
  C:7008H         LINE#         137
  C:7018H         LINE#         138
  C:702CH         LINE#         139
  C:702FH         LINE#         140
  C:7031H         LINE#         141
  C:7033H         LINE#         142
  C:7033H         LINE#         144
  C:703EH         LINE#         145
  C:704EH         LINE#         146
  C:7062H         LINE#         147
  C:706AH         LINE#         148
  C:706DH         LINE#         149
  C:706FH         LINE#         150
  C:706FH         LINE#         151
BL51 BANKED LINKER/LOCATER V6.22.2.0                                                  05/05/2023  16:02:12  PAGE 11


  -------         ENDPROC       _SENDSTRINGDATA
  -------         PROC          _SENDFLOATDATA
  X:097CH         SYMBOL        nComPortIndex
  X:097DH         SYMBOL        pFloatData
  X:0980H         SYMBOL        nFloatDataCunt
  -------         DO            
  X:0982H         SYMBOL        nCunt
  X:0984H         SYMBOL        pData
  -------         ENDDO         
  C:6B08H         LINE#         160
  C:6B16H         LINE#         161
  C:6B16H         LINE#         162
  C:6B1DH         LINE#         165
  C:6B3BH         LINE#         166
  C:6B87H         LINE#         167
  C:6B95H         LINE#         169
  C:6BA8H         LINE#         170
  C:6BB9H         LINE#         171
  -------         ENDPROC       _SENDFLOATDATA
  -------         PROC          _SENDINTDATA
  X:0989H         SYMBOL        nComPortIndex
  X:098AH         SYMBOL        pIntData
  X:098DH         SYMBOL        nIntDataCunt
  -------         DO            
  X:098FH         SYMBOL        nCunt
  X:0991H         SYMBOL        pData
  -------         ENDDO         
  C:6BBAH         LINE#         180
  C:6BC8H         LINE#         181
  C:6BC8H         LINE#         182
  C:6BCFH         LINE#         185
  C:6BEDH         LINE#         186
  C:6C39H         LINE#         187
  C:6C47H         LINE#         189
  C:6C5AH         LINE#         190
  C:6C6BH         LINE#         191
  -------         ENDPROC       _SENDINTDATA
  -------         PROC          _SENDINTDATASELECT
  X:0984H         SYMBOL        nComPortIndex
  X:0985H         SYMBOL        pIntData
  X:0988H         SYMBOL        nStartDataCunt
  X:098AH         SYMBOL        nStopDataCunt
  -------         DO            
  X:098CH         SYMBOL        nCunt
  X:098EH         SYMBOL        pData
  -------         ENDDO         
  C:6998H         LINE#         192
  C:69A6H         LINE#         193
  C:69A6H         LINE#         194
  C:69ADH         LINE#         197
  C:69D4H         LINE#         198
  C:6A20H         LINE#         199
  C:6A2EH         LINE#         201
  C:6A41H         LINE#         202
  C:6A52H         LINE#         203
  -------         ENDPROC       _SENDINTDATASELECT
  -------         PROC          _SENDDATA
BL51 BANKED LINKER/LOCATER V6.22.2.0                                                  05/05/2023  16:02:12  PAGE 12


  X:0980H         SYMBOL        nComPortIndex
  X:0981H         SYMBOL        pData
  X:0984H         SYMBOL        nIntDataCunt
  -------         DO            
  D:0006H         SYMBOL        nCunt
  -------         ENDDO         
  C:7070H         LINE#         213
  C:707EH         LINE#         214
  C:707EH         LINE#         215
  C:7081H         LINE#         216
  C:708EH         LINE#         217
  C:709BH         LINE#         218
  C:70ADH         LINE#         219
  C:70B0H         LINE#         220
  C:70B2H         LINE#         221
  C:70B2H         LINE#         223
  C:70C1H         LINE#         224
  C:70D3H         LINE#         225
  C:70DBH         LINE#         226
  C:70DEH         LINE#         227
  C:70DEH         LINE#         228
  C:70E5H         LINE#         229
  -------         ENDPROC       _SENDDATA
  -------         PROC          _SENDTC18B20PACKAGETYPETOBOARD
  X:0978H         SYMBOL        nTrimingBoardIndex
  X:0979H         SYMBOL        nPkgType
  -------         DO            
  X:097AH         SYMBOL        nPkgData
  -------         ENDDO         
  C:6D16H         LINE#         239
  C:6D1EH         LINE#         240
  C:6D1EH         LINE#         243
  C:6D2DH         LINE#         244
  C:6D53H         LINE#         245
  C:6D6CH         LINE#         246
  C:6D84H         LINE#         247
  C:6DA0H         LINE#         248
  C:6DABH         LINE#         249
  C:6DABH         LINE#         250
  C:6DB3H         LINE#         251
  -------         ENDPROC       _SENDTC18B20PACKAGETYPETOBOARD
  -------         PROC          _WAITFORTRIMINGPROCESS
  X:0978H         SYMBOL        nTrimingBoardIndex
  C:6F78H         LINE#         260
  C:6F7DH         LINE#         261
  C:6F7DH         LINE#         262
  C:6F96H         LINE#         263
  C:6FAEH         LINE#         264
  C:6FCAH         LINE#         265
  C:6FCDH         LINE#         266
  C:6FCDH         LINE#         267
  C:6FD0H         LINE#         268
  C:6FD8H         LINE#         269
  C:6FDBH         LINE#         271
  C:6FE0H         LINE#         272
  C:6FE3H         LINE#         273
  C:6FE8H         LINE#         274
BL51 BANKED LINKER/LOCATER V6.22.2.0                                                  05/05/2023  16:02:12  PAGE 13


  C:6FEAH         LINE#         275
  C:6FEAH         LINE#         276
  C:6FECH         LINE#         277
  C:6FECH         LINE#         278
  C:6FF4H         LINE#         279
  -------         ENDPROC       _WAITFORTRIMINGPROCESS
  -------         PROC          _READTEMPERATUREDATAFROMTRIMINGBOARD
  X:0978H         SYMBOL        nTrimingBoardIndex
  X:0979H         SYMBOL        pData
  -------         DO            
  X:097CH         SYMBOL        nTemperatureData
  -------         ENDDO         
  C:5BC7H         LINE#         289
  C:5BD5H         LINE#         290
  C:5BD5H         LINE#         293
  C:5BEEH         LINE#         294
  C:5C0FH         LINE#         295
  C:5C17H         LINE#         297
  C:5C30H         LINE#         298
  C:5C48H         LINE#         299
  C:5C64H         LINE#         300
  C:5C66H         LINE#         301
  C:5C66H         LINE#         302
  C:5C6EH         LINE#         304
  C:5C73H         LINE#         305
  C:5C76H         LINE#         306
  C:5C76H         LINE#         307
  C:5C79H         LINE#         308
  C:5C81H         LINE#         309
  C:5C84H         LINE#         311
  C:5C89H         LINE#         312
  C:5C8CH         LINE#         314
  C:5CA2H         LINE#         315
  C:5CA8H         LINE#         316
  C:5CA8H         LINE#         317
  C:5CA8H         LINE#         318
  C:5CA8H         LINE#         320
  C:5CA8H         LINE#         321
  C:5CADH         LINE#         322
  C:5CB0H         LINE#         323
  C:5CC6H         LINE#         324
  C:5CCCH         LINE#         325
  C:5CD8H         LINE#         326
  C:5CDAH         LINE#         327
  C:5CDAH         LINE#         328
  C:5CDCH         LINE#         330
  C:5CF8H         LINE#         331
  C:5D13H         LINE#         332
  C:5D1CH         LINE#         333
  C:5D3DH         LINE#         335
  C:5D6BH         LINE#         336
  C:5D75H         LINE#         337
  -------         ENDPROC       _READTEMPERATUREDATAFROMTRIMINGBOARD
  -------         PROC          _SENDPT100DATATOTRIMINGBOARD
  X:0978H         SYMBOL        nTrimingBoardIndex
  X:0979H         SYMBOL        pData
  C:6570H         LINE#         347
BL51 BANKED LINKER/LOCATER V6.22.2.0                                                  05/05/2023  16:02:12  PAGE 14


  C:657EH         LINE#         348
  C:657EH         LINE#         349
  C:65FAH         LINE#         350
  C:6613H         LINE#         351
  C:662BH         LINE#         352
  C:6647H         LINE#         353
  C:6647H         LINE#         354
  C:664FH         LINE#         356
  C:665AH         LINE#         357
  -------         ENDPROC       _SENDPT100DATATOTRIMINGBOARD
  -------         PROC          _SENDTRIMMINGVBEANDROTATIONVALUES
  X:0978H         SYMBOL        nTrimingBoardIndex
  X:0979H         SYMBOL        pData
  -------         DO            
  X:097CH         SYMBOL        nVBEData
  -------         ENDDO         
  C:6057H         LINE#         358
  C:6065H         LINE#         359
  C:6065H         LINE#         362
  C:6074H         LINE#         363
  C:607CH         LINE#         364
  C:60CFH         LINE#         365
  C:60D1H         LINE#         366
  C:60D9H         LINE#         367
  C:612CH         LINE#         368
  C:612CH         LINE#         369
  C:6145H         LINE#         370
  C:615DH         LINE#         371
  C:6179H         LINE#         372
  C:6184H         LINE#         373
  C:6184H         LINE#         374
  C:618CH         LINE#         375
  -------         ENDPROC       _SENDTRIMMINGVBEANDROTATIONVALUES
  -------         ENDMOD        DATATRANS

  -------         MODULE        PC
  C:0000H         SYMBOL        _ICE_DUMMY_
  D:0080H         PUBLIC        P0
  D:0090H         PUBLIC        P1
  D:00A0H         PUBLIC        P2
  D:00B0H         PUBLIC        P3
  D:00C0H         PUBLIC        P4
  D:00C8H         PUBLIC        P5
  D:00E8H         PUBLIC        P6
  D:00F8H         PUBLIC        P7
  X:1225H         PUBLIC        nCunt
  D:00A8H         PUBLIC        IE
  C:73F0H         PUBLIC        _SendIntDataToPC
  D:00B8H         PUBLIC        IP
  B:0098H.0       PUBLIC        RI
  D:00D8H         PUBLIC        CCON
  D:0099H         PUBLIC        SBUF
  D:0098H         PUBLIC        SCON
  D:0088H         PUBLIC        TCON
  C:7426H         PUBLIC        _SendFloatDataToPC
  C:7531H         PUBLIC        _SendStringDataToPC
  X:1226H         PUBLIC        Version
BL51 BANKED LINKER/LOCATER V6.22.2.0                                                  05/05/2023  16:02:12  PAGE 15


  C:4A97H         PUBLIC        _ReadTC18B20PackageAndUsePt100Index
  C:55EBH         PUBLIC        ReadTrimmingDataFromPC
  D:00D0H         PUBLIC        PSW
  -------         PROC          _SENDSTRINGDATATOPC
  X:0984H         SYMBOL        pData
  C:7531H         LINE#         11
  C:753CH         LINE#         12
  C:753CH         LINE#         14
  C:7543H         LINE#         15
  C:7553H         LINE#         16
  -------         ENDPROC       _SENDSTRINGDATATOPC
  -------         PROC          _SENDFLOATDATATOPC
  X:0978H         SYMBOL        pFloatData
  X:097BH         SYMBOL        nFloatDataCunt
  C:7426H         LINE#         18
  C:7434H         LINE#         19
  C:7434H         LINE#         21
  C:743BH         LINE#         22
  C:7456H         LINE#         23
  -------         ENDPROC       _SENDFLOATDATATOPC
  -------         PROC          _SENDINTDATATOPC
  X:0984H         SYMBOL        pIntData
  X:0987H         SYMBOL        nIntDataCunt
  C:73F0H         LINE#         25
  C:7401H         LINE#         26
  C:7401H         LINE#         28
  C:7408H         LINE#         29
  C:7425H         LINE#         30
  -------         ENDPROC       _SENDINTDATATOPC
  -------         PROC          _READTC18B20PACKAGEANDUSEPT100INDEX
  X:0978H         SYMBOL        nPackageType
  X:097BH         SYMBOL        nPt100Index
  -------         DO            
  X:097EH         SYMBOL        nTempRxData
  X:0988H         SYMBOL        nPt100Cunt
  X:0989H         SYMBOL        nBitCunt
  -------         ENDDO         
  C:4A97H         LINE#         32
  C:4AA2H         LINE#         33
  C:4AA2H         LINE#         35
  C:4AA9H         LINE#         37
  C:4AAFH         LINE#         39
  C:4AB4H         LINE#         40
  C:4AB6H         LINE#         41
  C:4AB6H         LINE#         42
  C:4AB9H         LINE#         43
  C:4ABBH         LINE#         45
  C:4ACBH         LINE#         46
  C:4ADDH         LINE#         47
  C:4ADDH         LINE#         48
  C:4ADDH         LINE#         50
  C:4AE3H         LINE#         51
  C:4AE3H         LINE#         52
  C:4AE5H         LINE#         54
  C:4AF4H         LINE#         55
  C:4B0CH         LINE#         56
  C:4B27H         LINE#         57
BL51 BANKED LINKER/LOCATER V6.22.2.0                                                  05/05/2023  16:02:12  PAGE 16


  C:4B2FH         LINE#         59
  C:4B87H         LINE#         60
  C:4B9AH         LINE#         61
  C:4B9DH         LINE#         63
  C:4BF5H         LINE#         64
  C:4C08H         LINE#         65
  C:4C0BH         LINE#         67
  C:4C63H         LINE#         68
  C:4C76H         LINE#         69
  C:4C78H         LINE#         71
  C:4C78H         LINE#         72
  C:4C8BH         LINE#         73
  C:4C8BH         LINE#         75
  C:4CB7H         LINE#         76
  C:4CCAH         LINE#         77
  C:4CCDH         LINE#         79
  C:4D25H         LINE#         80
  C:4D38H         LINE#         81
  C:4D3AH         LINE#         83
  C:4D3AH         LINE#         84
  C:4D4DH         LINE#         85
  C:4D4DH         LINE#         88
  C:4D5CH         LINE#         89
  C:4D61H         LINE#         90
  C:4D61H         LINE#         91
  C:4D72H         LINE#         92
  C:4D78H         LINE#         93
  C:4D7AH         LINE#         94
  C:4D7AH         LINE#         95
  C:4D80H         LINE#         96
  C:4D82H         LINE#         98
  C:4D82H         LINE#         99
  C:4D93H         LINE#         100
  C:4D99H         LINE#         101
  C:4D9BH         LINE#         102
  C:4D9BH         LINE#         103
  C:4DA1H         LINE#         104
  C:4DA3H         LINE#         106
  C:4DBFH         LINE#         107
  C:4DCEH         LINE#         109
  C:4DD3H         LINE#         110
  C:4DD3H         LINE#         111
  C:4DF7H         LINE#         112
  C:4DF7H         LINE#         114
  C:4DF7H         LINE#         115
  C:4E1BH         LINE#         116
  C:4E21H         LINE#         117
  C:4E27H         LINE#         118
  C:4E27H         LINE#         119
  C:4E29H         LINE#         121
  C:4E50H         LINE#         122
  C:4E62H         LINE#         123
  C:4E62H         LINE#         124
  C:4E62H         LINE#         126
  C:4E62H         LINE#         127
  C:4E68H         LINE#         128
  C:4E68H         LINE#         129
BL51 BANKED LINKER/LOCATER V6.22.2.0                                                  05/05/2023  16:02:12  PAGE 17


  C:4E71H         LINE#         130
  -------         ENDPROC       _READTC18B20PACKAGEANDUSEPT100INDEX
  -------         PROC          READTRIMMINGDATAFROMPC
  -------         DO            
  X:0978H         SYMBOL        nTempRxData
  X:0982H         SYMBOL        nCuntA
  X:0983H         SYMBOL        nBitCunt
  -------         ENDDO         
  C:55EBH         LINE#         132
  C:55EBH         LINE#         133
  C:55EBH         LINE#         135
  C:55F2H         LINE#         137
  C:55F8H         LINE#         139
  C:55FDH         LINE#         140
  C:55FFH         LINE#         141
  C:55FFH         LINE#         142
  C:5602H         LINE#         143
  C:5604H         LINE#         145
  C:5614H         LINE#         146
  C:5626H         LINE#         147
  C:5626H         LINE#         148
  C:5626H         LINE#         150
  C:562CH         LINE#         151
  C:562CH         LINE#         152
  C:562EH         LINE#         153
  C:565AH         LINE#         154
  C:5660H         LINE#         155
  C:5669H         LINE#         156
  C:566BH         LINE#         157
  C:5697H         LINE#         158
  C:569DH         LINE#         159
  C:56A6H         LINE#         160
  C:56A6H         LINE#         161
  C:56B5H         LINE#         162
  C:56BAH         LINE#         163
  C:56BAH         LINE#         164
  C:56CBH         LINE#         165
  C:56D1H         LINE#         166
  C:56D3H         LINE#         167
  C:56D3H         LINE#         168
  C:56D9H         LINE#         169
  C:56DBH         LINE#         171
  C:56F7H         LINE#         172
  C:5706H         LINE#         174
  C:570BH         LINE#         175
  C:570BH         LINE#         176
  C:572FH         LINE#         177
  C:572FH         LINE#         179
  C:572FH         LINE#         180
  C:5753H         LINE#         181
  C:5759H         LINE#         182
  C:575FH         LINE#         183
  C:575FH         LINE#         184
  C:5761H         LINE#         186
  C:578DH         LINE#         188
  C:579FH         LINE#         189
  C:57A8H         LINE#         190
BL51 BANKED LINKER/LOCATER V6.22.2.0                                                  05/05/2023  16:02:12  PAGE 18


  C:57B0H         LINE#         191
  C:57B6H         LINE#         192
  C:57BFH         LINE#         193
  C:57D9H         LINE#         194
  C:57DBH         LINE#         195
  C:57DBH         LINE#         196
  C:57E4H         LINE#         197
  C:57F1H         LINE#         198
  C:57F1H         LINE#         199
  C:57FAH         LINE#         200
  C:57FBH         LINE#         201
  C:57FBH         LINE#         203
  C:57FBH         LINE#         204
  C:5801H         LINE#         205
  C:5801H         LINE#         207
  C:580AH         LINE#         208
  -------         ENDPROC       READTRIMMINGDATAFROMPC
  -------         ENDMOD        PC

  -------         MODULE        TSTBRDCONTRL
  C:0000H         SYMBOL        _ICE_DUMMY_
  C:761BH         PUBLIC        TstBrdPowerInit
  D:0080H         PUBLIC        P0
  D:0090H         PUBLIC        P1
  D:00A0H         PUBLIC        P2
  D:00B0H         PUBLIC        P3
  D:00C0H         PUBLIC        P4
  D:00C8H         PUBLIC        P5
  D:00E8H         PUBLIC        P6
  D:00F8H         PUBLIC        P7
  X:120FH         PUBLIC        nPowerTestBoardIndex
  D:00A8H         PUBLIC        IE
  C:70E6H         PUBLIC        _EndAllProcess
  D:00B8H         PUBLIC        IP
  D:00D8H         PUBLIC        CCON
  X:1217H         PUBLIC        nTempP7PortData
  D:0098H         PUBLIC        SCON
  D:0088H         PUBLIC        TCON
  C:71AEH         PUBLIC        _SetTstBrdPowerOn
  X:1218H         PUBLIC        nBoardIndex
  X:1219H         PUBLIC        nBoardIsHerePwr
  D:009BH         PUBLIC        S2BUF
  D:009AH         PUBLIC        S2CON
  C:68DBH         PUBLIC        _SearchTestMainBoard
  X:1221H         PUBLIC        nTestBoardIndex
  D:00D0H         PUBLIC        PSW
  -------         PROC          TSTBRDPOWERINIT
  C:761BH         LINE#         19
  C:761BH         LINE#         20
  C:761BH         LINE#         21
  C:761EH         LINE#         22
  -------         ENDPROC       TSTBRDPOWERINIT
  -------         PROC          _SETTSTBRDPOWERON
  D:0003H         SYMBOL        nBoardIndex
  C:71AEH         LINE#         24
  C:71B0H         LINE#         27
  C:71B0H         LINE#         28
BL51 BANKED LINKER/LOCATER V6.22.2.0                                                  05/05/2023  16:02:12  PAGE 19


  C:71B5H         LINE#         29
  C:71CDH         LINE#         30
  C:71E0H         LINE#         31
  C:71FFH         LINE#         32
  C:71FFH         LINE#         33
  C:7207H         LINE#         35
  C:720EH         LINE#         36
  -------         ENDPROC       _SETTSTBRDPOWERON
  -------         PROC          _SEARCHTESTMAINBOARD
  X:0978H         SYMBOL        nTestMainBoardIndex
  C:68DBH         LINE#         45
  C:68E6H         LINE#         46
  C:68E6H         LINE#         47
  C:68F5H         LINE#         48
  C:6910H         LINE#         49
  C:6917H         LINE#         50
  C:6932H         LINE#         51
  C:693DH         LINE#         53
  C:6940H         LINE#         54
  C:6940H         LINE#         55
  C:6945H         LINE#         56
  C:6948H         LINE#         57
  C:694DH         LINE#         58
  C:6974H         LINE#         59
  C:6976H         LINE#         60
  C:6976H         LINE#         61
  C:6976H         LINE#         63
  C:698AH         LINE#         64
  C:698CH         LINE#         65
  C:698EH         LINE#         66
  C:6997H         LINE#         67
  -------         ENDPROC       _SEARCHTESTMAINBOARD
  -------         PROC          _ENDALLPROCESS
  X:0978H         SYMBOL        nTestMainBoardIndex
  C:70E6H         LINE#         76
  C:70EBH         LINE#         77
  C:70EBH         LINE#         78
  C:7104H         LINE#         79
  C:711CH         LINE#         80
  C:7138H         LINE#         81
  C:7143H         LINE#         82
  C:7143H         LINE#         83
  C:714BH         LINE#         84
  -------         ENDPROC       _ENDALLPROCESS
  -------         ENDMOD        TSTBRDCONTRL

  -------         MODULE        DELAYTIME
  C:0000H         SYMBOL        _ICE_DUMMY_
  D:0080H         PUBLIC        P0
  D:0090H         PUBLIC        P1
  D:00A0H         PUBLIC        P2
  D:00B0H         PUBLIC        P3
  D:00C0H         PUBLIC        P4
  D:00C8H         PUBLIC        P5
  D:00E8H         PUBLIC        P6
  D:00F8H         PUBLIC        P7
  C:75B6H         PUBLIC        Timer0Interrupt
BL51 BANKED LINKER/LOCATER V6.22.2.0                                                  05/05/2023  16:02:12  PAGE 20


  D:00A8H         PUBLIC        IE
  D:00B8H         PUBLIC        IP
  D:00D8H         PUBLIC        CCON
  C:750CH         PUBLIC        Delay_5US
  D:0098H         PUBLIC        SCON
  D:0089H         PUBLIC        TMOD
  D:0088H         PUBLIC        TCON
  X:1227H         PUBLIC        nTimer0Cunt
  D:008EH         PUBLIC        AUXR
  B:00A8H.1       PUBLIC        ET0
  B:0088H.5       PUBLIC        TF0
  D:008CH         PUBLIC        TH0
  D:008AH         PUBLIC        TL0
  B:0088H.4       PUBLIC        TR0
  X:1228H         PUBLIC        nRunStopCunt
  C:7457H         PUBLIC        _Delay_MS
  D:00D0H         PUBLIC        PSW
  -------         PROC          _DELAY_MS
  D:0006H         SYMBOL        nDelayMs
  -------         DO            
  D:0004H         SYMBOL        nDelayCunt
  -------         ENDDO         
  C:7457H         LINE#         7
  C:7457H         LINE#         8
  C:7457H         LINE#         9
  C:745AH         LINE#         11
  C:745DH         LINE#         12
  C:7460H         LINE#         14
  C:7463H         LINE#         15
  C:7466H         LINE#         16
  C:7468H         LINE#         18
  C:746AH         LINE#         19
  C:746CH         LINE#         21
  C:746CH         LINE#         22
  C:7474H         LINE#         23
  C:7475H         LINE#         24
  C:747AH         LINE#         25
  C:747AH         LINE#         27
  C:7482H         LINE#         28
  C:7482H         LINE#         29
  C:7484H         LINE#         30
  C:7486H         LINE#         31
  C:7486H         LINE#         32
  C:7486H         LINE#         33
  C:7486H         LINE#         34
  -------         ENDPROC       _DELAY_MS
  -------         PROC          DELAY_5US
  C:750CH         LINE#         36
  C:750CH         LINE#         37
  C:750CH         LINE#         38
  C:7511H         LINE#         40
  C:7514H         LINE#         41
  C:7517H         LINE#         42
  C:751AH         LINE#         43
  C:751DH         LINE#         44
  C:751FH         LINE#         46
  C:7521H         LINE#         47
BL51 BANKED LINKER/LOCATER V6.22.2.0                                                  05/05/2023  16:02:12  PAGE 21


  C:7523H         LINE#         49
  C:7523H         LINE#         50
  C:7523H         LINE#         51
  C:752BH         LINE#         52
  C:752BH         LINE#         53
  C:752DH         LINE#         54
  C:752FH         LINE#         55
  C:7530H         LINE#         56
  C:7530H         LINE#         57
  C:7530H         LINE#         58
  C:7530H         LINE#         59
  -------         ENDPROC       DELAY_5US
  -------         PROC          TIMER0INTERRUPT
  C:75B6H         LINE#         86
  C:75BCH         LINE#         88
  C:75C2H         LINE#         89
  -------         ENDPROC       TIMER0INTERRUPT
  -------         ENDMOD        DELAYTIME

  -------         MODULE        SYSTEMINIT
  C:0000H         SYMBOL        _ICE_DUMMY_
  D:0092H         PUBLIC        P1M0
  D:0091H         PUBLIC        P1M1
  D:0080H         PUBLIC        P0
  D:0090H         PUBLIC        P1
  D:00A0H         PUBLIC        P2
  D:00B0H         PUBLIC        P3
  D:00CCH         PUBLIC        P6M0
  D:00C0H         PUBLIC        P4
  D:00E2H         PUBLIC        P7M0
  D:00CBH         PUBLIC        P6M1
  D:00C8H         PUBLIC        P5
  B:00A8H.7       PUBLIC        EA
  D:00E1H         PUBLIC        P7M1
  D:00E8H         PUBLIC        P6
  D:00F8H         PUBLIC        P7
  D:00BAH         PUBLIC        P_SW2
  D:00A8H         PUBLIC        IE
  B:00A0H.6       PUBLIC        START
  B:00A8H.4       PUBLIC        ES
  D:00B8H         PUBLIC        IP
  B:0098H.0       PUBLIC        RI
  B:0022H.3       PUBLIC        bRunModeFlag
  C:733BH         PUBLIC        SystemInit
  D:00D8H         PUBLIC        CCON
  C:74B7H         PUBLIC        Delay100MS
  B:00A0H.7       PUBLIC        COLLECTOR
  D:0099H         PUBLIC        SBUF
  D:0098H         PUBLIC        SCON
  D:0088H         PUBLIC        TCON
  B:00B0H.2       PUBLIC        P32
  C:758CH         PUBLIC        ScanPressKey
  D:00C7H         PUBLIC        IAP_CONTR
  B:0088H.0       PUBLIC        IT0
  B:00A8H.0       PUBLIC        EX0
  B:0088H.2       PUBLIC        IT1
  B:00A8H.2       PUBLIC        EX1
BL51 BANKED LINKER/LOCATER V6.22.2.0                                                  05/05/2023  16:02:12  PAGE 22


  B:0022H.4       PUBLIC        bStartFlag
  C:53B0H         PUBLIC        RecievePressKeyCommandFromPC
  B:0022H.5       PUBLIC        bInitFlag
  C:7554H         PUBLIC        StartProcess
  C:7570H         PUBLIC        TrimingBoardCollector
  D:00D0H         PUBLIC        PSW
  -------         PROC          SYSTEMINIT
  C:733BH         LINE#         10
  C:733BH         LINE#         11
  C:733BH         LINE#         12
  C:733EH         LINE#         13
  C:7344H         LINE#         14
  C:734BH         LINE#         15
  C:7350H         LINE#         16
  C:7355H         LINE#         17
  C:7358H         LINE#         19
  C:735BH         LINE#         20
  C:735DH         LINE#         21
  C:735FH         LINE#         22
  C:7361H         LINE#         24
  C:7363H         LINE#         25
  C:7365H         LINE#         27
  C:7367H         LINE#         28
  C:7369H         LINE#         29
  C:736BH         LINE#         31
  C:736EH         LINE#         32
  C:7370H         LINE#         34
  C:7373H         LINE#         35
  C:7375H         LINE#         37
  C:7378H         LINE#         38
  C:737BH         LINE#         39
  -------         ENDPROC       SYSTEMINIT
  -------         PROC          DELAY100MS
  -------         DO            
  D:0006H         SYMBOL        cunt1
  D:0004H         SYMBOL        cunt2
  -------         ENDDO         
  C:74B7H         LINE#         41
  C:74B7H         LINE#         42
  C:74B7H         LINE#         43
  C:74BCH         LINE#         44
  C:74C7H         LINE#         45
  C:74C7H         LINE#         46
  C:74D5H         LINE#         47
  C:74DDH         LINE#         48
  C:74E4H         LINE#         49
  -------         ENDPROC       DELAY100MS
  -------         PROC          SCANPRESSKEY
  C:758CH         LINE#         51
  C:7593H         LINE#         53
  C:7595H         LINE#         54
  C:7595H         LINE#         55
  C:7598H         LINE#         56
  C:759BH         LINE#         57
  C:759DH         LINE#         58
  C:759DH         LINE#         59
  C:759DH         LINE#         60
BL51 BANKED LINKER/LOCATER V6.22.2.0                                                  05/05/2023  16:02:12  PAGE 23


  C:759DH         LINE#         61
  -------         ENDPROC       SCANPRESSKEY
  -------         PROC          RECIEVEPRESSKEYCOMMANDFROMPC
  -------         DO            
  D:001FH         SYMBOL        nRxDataCunt
  -------         ENDDO         
  C:53B0H         LINE#         63
  C:53BDH         LINE#         65
  C:53BFH         LINE#         67
  C:53C1H         LINE#         68
  C:53C1H         LINE#         69
  C:53C4H         LINE#         70
  C:53C6H         LINE#         72
  C:53D9H         LINE#         73
  C:53EDH         LINE#         74
  C:53EDH         LINE#         76
  C:53EEH         LINE#         77
  C:53EEH         LINE#         78
  C:53F0H         LINE#         82
  C:5474H         LINE#         83
  C:5476H         LINE#         84
  C:5476H         LINE#         88
  C:54FAH         LINE#         89
  C:54FCH         LINE#         90
  C:54FCH         LINE#         91
  C:5528H         LINE#         92
  C:552AH         LINE#         93
  C:552AH         LINE#         96
  C:55AEH         LINE#         97
  C:55B1H         LINE#         98
  C:55B1H         LINE#         99
  C:55DDH         LINE#         100
  C:55E0H         LINE#         101
  C:55E0H         LINE#         102
  -------         ENDPROC       RECIEVEPRESSKEYCOMMANDFROMPC
  -------         PROC          STARTPROCESS
  C:7554H         LINE#         104
  C:7554H         LINE#         105
  C:7554H         LINE#         106
  C:7556H         LINE#         107
  C:755DH         LINE#         108
  C:755FH         LINE#         109
  C:7566H         LINE#         110
  C:7568H         LINE#         111
  C:756FH         LINE#         112
  -------         ENDPROC       STARTPROCESS
  -------         PROC          TRIMINGBOARDCOLLECTOR
  C:7570H         LINE#         114
  C:7570H         LINE#         115
  C:7570H         LINE#         116
  C:7572H         LINE#         117
  C:7579H         LINE#         118
  C:757BH         LINE#         119
  C:7582H         LINE#         120
  C:7584H         LINE#         121
  C:758BH         LINE#         122
  -------         ENDPROC       TRIMINGBOARDCOLLECTOR
BL51 BANKED LINKER/LOCATER V6.22.2.0                                                  05/05/2023  16:02:12  PAGE 24


  -------         ENDMOD        SYSTEMINIT

  -------         MODULE        MAINPRO
  C:0000H         SYMBOL        _ICE_DUMMY_
  D:0080H         PUBLIC        P0
  X:1129H         PUBLIC        DefaultPT100
  D:0090H         PUBLIC        P1
  B:0022H.6       PUBLIC        bTestFlag
  D:00A0H         PUBLIC        P2
  D:00B0H         PUBLIC        P3
  D:00C0H         PUBLIC        P4
  X:1131H         PUBLIC        nChamberStable
  D:00C8H         PUBLIC        P5
  D:00E8H         PUBLIC        P6
  D:00F8H         PUBLIC        P7
  X:1132H         PUBLIC        fLoOffset
  D:00A8H         PUBLIC        IE
  X:115EH         PUBLIC        fUpOffset
  B:00A8H.4       PUBLIC        ES
  D:00B8H         PUBLIC        IP
  X:118AH         PUBLIC        nTimeCunt
  C:3253H         PUBLIC        fLoOffset_1
  C:323FH         PUBLIC        fLoOffset_3
  C:320FH         PUBLIC        fLoOffset_6
  C:3167H         PUBLIC        fSetChamberTemperature_10
  D:00D8H         PUBLIC        CCON
  X:118BH         PUBLIC        LabChamTemp
  C:3257H         PUBLIC        fSetChamberTemperature_11
  C:0026H         PUBLIC        main
  C:324FH         PUBLIC        fUpOffset_1
  C:3233H         PUBLIC        fUpOffset_3
  C:31F7H         PUBLIC        fUpOffset_6
  D:0098H         PUBLIC        SCON
  D:0088H         PUBLIC        TCON
  X:118FH         PUBLIC        nTestTemperaturePoint
  X:1190H         PUBLIC        aa
  X:1191H         PUBLIC        bb
  X:1192H         PUBLIC        cc
  X:1193H         PUBLIC        dd
  X:1194H         PUBLIC        RotationValues
  B:00A8H.0       PUBLIC        EX0
  C:31B7H         PUBLIC        fLoOffset_10
  C:32AFH         PUBLIC        fLoOffset_11
  C:318FH         PUBLIC        fUpOffset_10
  C:3283H         PUBLIC        fUpOffset_11
  X:1195H         PUBLIC        fVccVoltage
  C:315FH         PUBLIC        fTrimingTemperature
  X:11A1H         PUBLIC        fSetChamberTemperature
  X:11CDH         PUBLIC        VBEandRotation
  C:324BH         PUBLIC        fSetChamberTemperature_1
  B:0022H.7       PUBLIC        bChamberStableFlag
  C:3227H         PUBLIC        fSetChamberTemperature_3
  C:31DFH         PUBLIC        fSetChamberTemperature_6
  D:00D0H         PUBLIC        PSW
  -------         PROC          MAIN
  -------         DO            
  X:000CH         SYMBOL        nTestMainBoardIndex
BL51 BANKED LINKER/LOCATER V6.22.2.0                                                  05/05/2023  16:02:12  PAGE 25


  X:000DH         SYMBOL        nTestBoardCunt
  X:000EH         SYMBOL        nChipCunt
  X:000FH         SYMBOL        nChipPackageType
  X:0010H         SYMBOL        nNeedPt100Number
  X:0011H         SYMBOL        nInputPt100NumberFromPc
  X:0012H         SYMBOL        nPt100Cunt
  X:0013H         SYMBOL        i
  D:0007H         SYMBOL        j
  X:0014H         SYMBOL        k
  X:0015H         SYMBOL        nPT100Index
  X:0035H         SYMBOL        nTemperaturePoint
  X:0036H         SYMBOL        nTempDataCunt
  X:0037H         SYMBOL        nBoardPt100
  X:0038H         SYMBOL        nUseBoardCunt
  X:0039H         SYMBOL        nMaxChipCuntOneBoard
  X:003AH         SYMBOL        nPassFailResult
  X:01BAH         SYMBOL        nVoltagePoint
  X:01BBH         SYMBOL        nTrimOrRead
  B:0020H.0       SYMBOL        bPackageIshere
  B:0020H.1       SYMBOL        bVoltageIsHere
  B:0020H.2       SYMBOL        bPt100IsHere
  B:0020H.3       SYMBOL        bRunMode
  B:0020H.4       SYMBOL        bDefaultFlag
  X:01BCH         SYMBOL        fXJYDataAverage
  X:023CH         SYMBOL        fTemperature
  X:02FCH         SYMBOL        fTemperatureAverage
  X:08FCH         SYMBOL        fBoardCfguoData
  X:090CH         SYMBOL        nTemperature
  X:096CH         SYMBOL        fPt100Offset
  X:0970H         SYMBOL        fVcc
  X:0974H         SYMBOL        fSupplyCurrent
  C:0078H         SYMBOL        SysInit
  -------         ENDDO         
  C:0026H         LINE#         85
  C:0026H         LINE#         86
  C:0026H         LINE#         88
  C:002CH         LINE#         89
  C:002EH         LINE#         94
  C:0038H         LINE#         95
  C:003BH         LINE#         96
  C:0042H         LINE#         97
  C:004BH         LINE#         98
  C:0054H         LINE#         99
  C:005DH         LINE#         100
  C:0066H         LINE#         101
  C:006FH         LINE#         102
  C:0078H         LINE#         103
  C:0078H         LINE#         104
  C:007AH         LINE#         105
  C:007CH         LINE#         106
  C:007CH         LINE#         107
  C:007CH         LINE#         108
  C:007FH         LINE#         109
  C:007FH         LINE#         112
  C:0103H         LINE#         113
  C:0103H         LINE#         114
  C:0105H         LINE#         115
BL51 BANKED LINKER/LOCATER V6.22.2.0                                                  05/05/2023  16:02:12  PAGE 26


  C:010EH         LINE#         116
  C:0111H         LINE#         118
  C:0111H         LINE#         119
  C:0113H         LINE#         123
  C:0197H         LINE#         124
  C:0197H         LINE#         126
  C:0199H         LINE#         128
  C:01ABH         LINE#         129
  C:01ABH         LINE#         130
  C:01C6H         LINE#         131
  C:01CEH         LINE#         132
  C:01D4H         LINE#         133
  C:01DDH         LINE#         134
  C:01DFH         LINE#         136
  C:01DFH         LINE#         137
  C:01E8H         LINE#         138
  C:01E8H         LINE#         139
  C:01E8H         LINE#         142
  C:026CH         LINE#         143
  C:026CH         LINE#         144
  C:0271H         LINE#         145
  C:0276H         LINE#         146
  C:027FH         LINE#         147
  C:027FH         LINE#         148
  C:0285H         LINE#         149
  C:0285H         LINE#         152
  C:0309H         LINE#         153
  C:0309H         LINE#         154
  C:030FH         LINE#         155
  C:0316H         LINE#         156
  C:031FH         LINE#         157
  C:031FH         LINE#         158
  C:031FH         LINE#         161
  C:034BH         LINE#         162
  C:034BH         LINE#         163
  C:0351H         LINE#         164
  C:035AH         LINE#         165
  C:035DH         LINE#         166
  C:0389H         LINE#         167
  C:0389H         LINE#         168
  C:038FH         LINE#         169
  C:0398H         LINE#         170
  C:039BH         LINE#         171
  C:03C7H         LINE#         172
  C:03C7H         LINE#         173
  C:03CDH         LINE#         174
  C:03D6H         LINE#         175
  C:03D8H         LINE#         176
  C:0404H         LINE#         177
  C:0404H         LINE#         178
  C:040AH         LINE#         179
  C:0413H         LINE#         180
  C:0415H         LINE#         181
  C:0441H         LINE#         182
  C:0441H         LINE#         183
  C:0447H         LINE#         184
  C:0450H         LINE#         185
BL51 BANKED LINKER/LOCATER V6.22.2.0                                                  05/05/2023  16:02:12  PAGE 27


  C:0450H         LINE#         186
  C:0465H         LINE#         187
  C:0465H         LINE#         188
  C:046DH         LINE#         189
  C:046DH         LINE#         190
  C:0495H         LINE#         191
  C:04BDH         LINE#         192
  C:04E5H         LINE#         193
  C:04E8H         LINE#         194
  C:04F0H         LINE#         195
  C:04F0H         LINE#         196
  C:0518H         LINE#         197
  C:0540H         LINE#         198
  C:0568H         LINE#         199
  C:056BH         LINE#         200
  C:0573H         LINE#         201
  C:0573H         LINE#         202
  C:059BH         LINE#         203
  C:05C3H         LINE#         204
  C:05EBH         LINE#         205
  C:05EEH         LINE#         206
  C:05F6H         LINE#         207
  C:05F6H         LINE#         208
  C:061EH         LINE#         209
  C:0646H         LINE#         210
  C:066EH         LINE#         211
  C:0671H         LINE#         212
  C:0679H         LINE#         213
  C:0679H         LINE#         214
  C:06A1H         LINE#         215
  C:06C9H         LINE#         216
  C:06F1H         LINE#         217
  C:06F1H         LINE#         218
  C:06FAH         LINE#         219
  C:0709H         LINE#         220
  C:0709H         LINE#         222
  C:0712H         LINE#         223
  C:071BH         LINE#         224
  C:0724H         LINE#         225
  C:0727H         LINE#         226
  C:0727H         LINE#         228
  C:0727H         LINE#         229
  C:0727H         LINE#         230
  C:0727H         LINE#         232
  C:0732H         LINE#         233
  C:0735H         LINE#         240
  C:0737H         LINE#         241
  C:0737H         LINE#         242
  C:0737H         LINE#         243
  C:073AH         LINE#         244
  C:073AH         LINE#         245
  C:073CH         LINE#         247
  C:0743H         LINE#         248
  C:0748H         LINE#         250
  C:074FH         LINE#         251
  C:0758H         LINE#         252
  C:0765H         LINE#         253
BL51 BANKED LINKER/LOCATER V6.22.2.0                                                  05/05/2023  16:02:12  PAGE 28


  C:0765H         LINE#         254
  C:0768H         LINE#         255
  C:0771H         LINE#         257
  C:0774H         LINE#         258
  C:0774H         LINE#         260
  C:077DH         LINE#         261
  C:0786H         LINE#         262
  C:078FH         LINE#         263
  C:0798H         LINE#         264
  C:07A1H         LINE#         265
  C:07A6H         LINE#         266
  C:07BEH         LINE#         267
  C:07BEH         LINE#         268
  C:07D6H         LINE#         269
  C:07D6H         LINE#         270
  C:07DFH         LINE#         271
  C:07E6H         LINE#         272
  C:07E8H         LINE#         275
  C:07E8H         LINE#         276
  C:07F1H         LINE#         277
  C:07F1H         LINE#         278
  C:07F9H         LINE#         279
  C:0802H         LINE#         280
  C:080BH         LINE#         282
  C:0813H         LINE#         283
  C:081CH         LINE#         284
  C:081CH         LINE#         285
  C:081CH         LINE#         286
  C:081CH         LINE#         289
  C:0822H         LINE#         290
  C:0822H         LINE#         291
  C:0828H         LINE#         292
  C:0828H         LINE#         293
  C:0831H         LINE#         294
  C:0831H         LINE#         295
  C:0831H         LINE#         297
  C:084BH         LINE#         298
  C:0854H         LINE#         299
  C:085DH         LINE#         300
  C:086CH         LINE#         302
  C:086EH         LINE#         303
  C:0870H         LINE#         305
  C:0881H         LINE#         306
  C:0881H         LINE#         307
  C:0883H         LINE#         308
  C:088DH         LINE#         309
  C:088FH         LINE#         311
  C:08A0H         LINE#         312
  C:08A0H         LINE#         313
  C:08A2H         LINE#         314
  C:08ACH         LINE#         315
  C:08AEH         LINE#         317
  C:08BFH         LINE#         318
  C:08BFH         LINE#         319
  C:08C1H         LINE#         320
  C:08CBH         LINE#         321
  C:08CBH         LINE#         323
BL51 BANKED LINKER/LOCATER V6.22.2.0                                                  05/05/2023  16:02:12  PAGE 29


  C:08DCH         LINE#         324
  C:08DCH         LINE#         325
  C:08DEH         LINE#         326
  C:08E8H         LINE#         332
  C:08F2H         LINE#         333
  C:08FCH         LINE#         334
  C:0906H         LINE#         335
  C:0908H         LINE#         337
  C:0919H         LINE#         338
  C:0919H         LINE#         339
  C:091BH         LINE#         340
  C:0925H         LINE#         342
  C:092FH         LINE#         343
  C:0939H         LINE#         344
  C:0943H         LINE#         345
  C:0943H         LINE#         347
  C:0949H         LINE#         348
  C:0949H         LINE#         349
  C:0952H         LINE#         350
  C:0955H         LINE#         353
  C:0955H         LINE#         354
  C:0957H         LINE#         355
  C:095DH         LINE#         356
  C:095DH         LINE#         357
  C:0962H         LINE#         358
  C:0978H         LINE#         359
  C:0978H         LINE#         360
  C:0998H         LINE#         361
  C:0998H         LINE#         362
  C:099EH         LINE#         363
  C:099EH         LINE#         364
  C:09A6H         LINE#         366
  C:09B0H         LINE#         367
  C:09B0H         LINE#         368
  C:09E4H         LINE#         369
  C:09EDH         LINE#         370
  C:09F0H         LINE#         373
  C:09F0H         LINE#         374
  C:0A0BH         LINE#         375
  C:0A0BH         LINE#         376
  C:0A1CH         LINE#         377
  C:0A1CH         LINE#         378
  C:0A45H         LINE#         379
  C:0A45H         LINE#         380
  C:0A47H         LINE#         381
  C:0A49H         LINE#         382
  C:0A49H         LINE#         383
  C:0A4CH         LINE#         385
  C:0A4FH         LINE#         386
  C:0A4FH         LINE#         387
  C:0A57H         LINE#         389
  C:0A5AH         LINE#         390
  C:0A5AH         LINE#         393
  C:0A5AH         LINE#         394
  C:0A63H         LINE#         395
  C:0A63H         LINE#         396
  C:0A63H         LINE#         397
BL51 BANKED LINKER/LOCATER V6.22.2.0                                                  05/05/2023  16:02:12  PAGE 30


  C:0A66H         LINE#         399
  C:0A66H         LINE#         400
  C:0A66H         LINE#         401
  C:0A69H         LINE#         402
  C:0A69H         LINE#         404
  C:0A69H         LINE#         405
  C:0A73H         LINE#         406
  C:0A7DH         LINE#         408
  C:0A84H         LINE#         410
  C:0A8EH         LINE#         411
  C:0A98H         LINE#         412
  C:0AA2H         LINE#         413
  C:0AA2H         LINE#         414
  C:0AA2H         LINE#         417
  C:0AB1H         LINE#         418
  C:0AB3H         LINE#         419
  C:0AB5H         LINE#         420
  C:0AB5H         LINE#         421
  C:0AB5H         LINE#         422
  C:0AB8H         LINE#         423
  C:0AB8H         LINE#         424
  C:0ABAH         LINE#         426
  C:0AC9H         LINE#         427
  C:0AD0H         LINE#         428
  C:0ADFH         LINE#         429
  C:0ADFH         LINE#         430
  C:0AEDH         LINE#         431
  C:0AEDH         LINE#         434
  C:0AFEH         LINE#         435
  C:0B05H         LINE#         436
  C:0B12H         LINE#         437
  C:0B1DH         LINE#         438
  C:0B48H         LINE#         439
  C:0B51H         LINE#         440
  C:0B6CH         LINE#         441
  C:0B6CH         LINE#         442
  C:0B75H         LINE#         443
  C:0B77H         LINE#         445
  C:0B77H         LINE#         448
  C:0B80H         LINE#         449
  C:0B9CH         LINE#         450
  C:0B9CH         LINE#         451
  C:0BB4H         LINE#         452
  C:0BB4H         LINE#         453
  C:0BCEH         LINE#         454
  C:0BCEH         LINE#         455
  C:0C08H         LINE#         456
  C:0C11H         LINE#         457
  C:0C19H         LINE#         458
  C:0C19H         LINE#         459
  C:0C22H         LINE#         460
  C:0C25H         LINE#         461
  C:0C25H         LINE#         462
  C:0C3FH         LINE#         463
  C:0C3FH         LINE#         464
  C:0C7CH         LINE#         465
  C:0C85H         LINE#         466
BL51 BANKED LINKER/LOCATER V6.22.2.0                                                  05/05/2023  16:02:12  PAGE 31


  C:0C8DH         LINE#         467
  C:0C8DH         LINE#         468
  C:0C96H         LINE#         471
  C:0C9DH         LINE#         473
  C:0C9DH         LINE#         474
  C:0C9DH         LINE#         475
  C:0C9DH         LINE#         476
  C:0C9DH         LINE#         478
  C:0C9DH         LINE#         479
  C:0C9DH         LINE#         481
  C:0CA4H         LINE#         483
  C:0CB6H         LINE#         484
  C:0CB6H         LINE#         488
  C:0CBFH         LINE#         489
  C:0CC2H         LINE#         490
  C:0CC2H         LINE#         492
  C:0CE1H         LINE#         493
  C:0CEAH         LINE#         494
  C:0CFAH         LINE#         496
  C:0D13H         LINE#         497
  C:0D13H         LINE#         498
  C:0D1AH         LINE#         499
  C:0D22H         LINE#         502
  C:0D22H         LINE#         504
  C:0D29H         LINE#         505
  C:0D3AH         LINE#         506
  C:0D65H         LINE#         507
  C:0D6EH         LINE#         509
  C:0D87H         LINE#         510
  C:0D87H         LINE#         511
  C:0DA6H         LINE#         512
  C:0DAEH         LINE#         514
  C:0DC7H         LINE#         515
  C:0DC7H         LINE#         516
  C:0DDEH         LINE#         517
  C:0DDEH         LINE#         518
  C:0E1BH         LINE#         519
  C:0E23H         LINE#         520
  C:0E2BH         LINE#         522
  C:0E32H         LINE#         523
  C:0E3BH         LINE#         524
  C:0E48H         LINE#         525
  C:0E51H         LINE#         527
  C:0E54H         LINE#         528
  C:0E5CH         LINE#         530
  C:0E78H         LINE#         531
  C:0E78H         LINE#         532
  C:0E81H         LINE#         534
  C:0E90H         LINE#         535
  C:0E90H         LINE#         536
  C:0EACH         LINE#         537
  C:0EACH         LINE#         538
  C:0F1EH         LINE#         539
  C:0F27H         LINE#         540
  C:0F27H         LINE#         543
  C:0F27H         LINE#         544
  C:0F2DH         LINE#         545
BL51 BANKED LINKER/LOCATER V6.22.2.0                                                  05/05/2023  16:02:12  PAGE 32


  C:0F38H         LINE#         547
  C:0F41H         LINE#         548
  C:0F43H         LINE#         550
  C:0F43H         LINE#         553
  C:0F46H         LINE#         554
  C:0F4DH         LINE#         555
  C:0F5AH         LINE#         557
  C:0F76H         LINE#         558
  C:0F76H         LINE#         559
  C:0F91H         LINE#         560
  C:0F91H         LINE#         561
  C:0FA0H         LINE#         562
  C:0FC4H         LINE#         563
  C:0FE1H         LINE#         564
  C:0FE1H         LINE#         565
  C:103AH         LINE#         566
  C:10CEH         LINE#         567
  C:10D7H         LINE#         569
  C:10E5H         LINE#         570
  C:10E5H         LINE#         571
  C:10EEH         LINE#         573
  C:1106H         LINE#         574
  C:1106H         LINE#         575
  C:1134H         LINE#         576
  C:113CH         LINE#         578
  C:1167H         LINE#         579
  C:1170H         LINE#         580
  C:1179H         LINE#         582
  C:1182H         LINE#         583
  C:119BH         LINE#         584
  C:119BH         LINE#         585
  C:11B3H         LINE#         586
  C:11B3H         LINE#         587
  C:11D3H         LINE#         588
  C:11D3H         LINE#         589
  C:11DBH         LINE#         591
  C:11F3H         LINE#         592
  C:11F3H         LINE#         593
  C:1221H         LINE#         594
  C:1229H         LINE#         596
  C:1232H         LINE#         597
  C:1239H         LINE#         599
  C:123EH         LINE#         600
  C:1259H         LINE#         601
  C:1259H         LINE#         602
  C:1268H         LINE#         603
  C:1287H         LINE#         604
  C:1287H         LINE#         605
  C:128DH         LINE#         606
  C:12A6H         LINE#         607
  C:12A6H         LINE#         608
  C:1314H         LINE#         609
  C:131DH         LINE#         611
  C:1341H         LINE#         612
  C:1341H         LINE#         613
  C:134AH         LINE#         615
  C:1351H         LINE#         617
BL51 BANKED LINKER/LOCATER V6.22.2.0                                                  05/05/2023  16:02:12  PAGE 33


  C:135AH         LINE#         618
  C:1373H         LINE#         619
  C:1373H         LINE#         620
  C:138BH         LINE#         621
  C:138BH         LINE#         622
  C:139AH         LINE#         623
  C:13BEH         LINE#         625
  C:13D0H         LINE#         626
  C:13D0H         LINE#         627
  C:13D8H         LINE#         629
  C:13E9H         LINE#         630
  C:13E9H         LINE#         631
  C:13F4H         LINE#         632
  C:13F4H         LINE#         634
  C:13FBH         LINE#         635
  C:13FEH         LINE#         636
  C:1405H         LINE#         637
  C:1408H         LINE#         638
  C:1410H         LINE#         640
  C:1419H         LINE#         641
  C:1432H         LINE#         642
  C:1432H         LINE#         643
  C:144AH         LINE#         644
  C:144AH         LINE#         645
  C:1459H         LINE#         646
  C:147DH         LINE#         648
  C:148FH         LINE#         649
  C:148FH         LINE#         650
  C:1497H         LINE#         652
  C:14A0H         LINE#         653
  C:14B9H         LINE#         654
  C:14B9H         LINE#         655
  C:14D1H         LINE#         656
  C:14D1H         LINE#         657
  C:14E0H         LINE#         658
  C:1504H         LINE#         660
  C:1516H         LINE#         661
  C:1516H         LINE#         662
  C:151EH         LINE#         664
  C:1527H         LINE#         665
  C:1540H         LINE#         666
  C:1540H         LINE#         667
  C:1558H         LINE#         668
  C:1558H         LINE#         669
  C:1567H         LINE#         670
  C:158BH         LINE#         672
  C:159DH         LINE#         673
  C:159DH         LINE#         674
  C:15A5H         LINE#         675
  C:15ACH         LINE#         677
  C:15C5H         LINE#         678
  C:15C5H         LINE#         679
  C:15E4H         LINE#         680
  C:15ECH         LINE#         682
  C:1605H         LINE#         683
  C:1605H         LINE#         684
  C:161CH         LINE#         685
BL51 BANKED LINKER/LOCATER V6.22.2.0                                                  05/05/2023  16:02:12  PAGE 34


  C:161CH         LINE#         686
  C:1659H         LINE#         687
  C:1661H         LINE#         688
  C:1669H         LINE#         690
  C:1685H         LINE#         691
  C:1685H         LINE#         692
  C:168EH         LINE#         694
  C:1694H         LINE#         695
  C:1694H         LINE#         696
  C:16A3H         LINE#         697
  C:16A3H         LINE#         698
  C:16BFH         LINE#         699
  C:16BFH         LINE#         700
[...]
  C:75EDH         LINE#         26
  C:75EFH         LINE#         27
  C:75F2H         LINE#         28
  C:75F4H         LINE#         29
  -------         ENDPROC       I2CDEVICEACK
  -------         PROC          I2CSTOP
  C:75C9H         LINE#         31
  C:75C9H         LINE#         32
  C:75C9H         LINE#         33
  C:75CBH         LINE#         34
  C:75CEH         LINE#         35
  C:75D0H         LINE#         36
BL51 BANKED LINKER/LOCATER V6.22.2.0                                                  05/05/2023  16:02:12  PAGE 48


  C:75D3H         LINE#         37
  C:75D5H         LINE#         38
  C:75D8H         LINE#         39
  -------         ENDPROC       I2CSTOP
  -------         PROC          _I2CWRITEDATATODEVICE
  X:0994H         SYMBOL        nDeviceAddr
  X:0995H         SYMBOL        nData
  X:0998H         SYMBOL        nDataCunt
  -------         DO            
  X:0999H         SYMBOL        nCunt
  X:099AH         SYMBOL        nBitCunt
  -------         ENDDO         
  C:6A53H         LINE#         41
  C:6A61H         LINE#         42
  C:6A61H         LINE#         45
  C:6A64H         LINE#         46
  C:6A76H         LINE#         47
  C:6A83H         LINE#         48
  C:6A85H         LINE#         49
  C:6A87H         LINE#         51
  C:6A87H         LINE#         52
  C:6A89H         LINE#         53
  C:6A89H         LINE#         55
  C:6A8CH         LINE#         56
  C:6A8EH         LINE#         57
  C:6A91H         LINE#         58
  C:6A93H         LINE#         59
  C:6A9BH         LINE#         61
  C:6A9EH         LINE#         62
  C:6AAEH         LINE#         63
  C:6ABEH         LINE#         64
  C:6AE1H         LINE#         65
  C:6AE3H         LINE#         66
  C:6AE5H         LINE#         68
  C:6AE5H         LINE#         69
  C:6AE7H         LINE#         70
  C:6AE7H         LINE#         72
  C:6AEAH         LINE#         73
  C:6AECH         LINE#         74
  C:6AEFH         LINE#         75
  C:6AF1H         LINE#         76
  C:6AF9H         LINE#         78
  C:6AFCH         LINE#         79
  C:6B04H         LINE#         81
  C:6B07H         LINE#         82
  -------         ENDPROC       _I2CWRITEDATATODEVICE
  -------         PROC          _READDATAFROMADS1100
  X:0994H         SYMBOL        nReadData
  -------         DO            
  X:0997H         SYMBOL        nAds100Addr
  D:0007H         SYMBOL        nDataCunt
  X:0998H         SYMBOL        nBitCunt
  -------         ENDDO         
  C:59F7H         LINE#         84
  C:5A02H         LINE#         85
  C:5A02H         LINE#         88
  C:5A0EH         LINE#         89
BL51 BANKED LINKER/LOCATER V6.22.2.0                                                  05/05/2023  16:02:12  PAGE 49


  C:5A22H         LINE#         90
  C:5A25H         LINE#         92
  C:5A2BH         LINE#         93
  C:5A2EH         LINE#         94
  C:5A40H         LINE#         95
  C:5A4DH         LINE#         96
  C:5A4FH         LINE#         97
  C:5A51H         LINE#         99
  C:5A51H         LINE#         100
  C:5A53H         LINE#         101
  C:5A53H         LINE#         103
  C:5A56H         LINE#         104
  C:5A58H         LINE#         105
  C:5A5BH         LINE#         106
  C:5A5DH         LINE#         107
  C:5A65H         LINE#         109
  C:5A68H         LINE#         110
  C:5A7AH         LINE#         111
  C:5A7DH         LINE#         112
  C:5A7FH         LINE#         113
  C:5A82H         LINE#         114
  C:5A85H         LINE#         115
  C:5AA0H         LINE#         116
  C:5AA2H         LINE#         118
  C:5AA2H         LINE#         119
  C:5AB3H         LINE#         120
  C:5AB3H         LINE#         122
  C:5AB5H         LINE#         123
  C:5ABDH         LINE#         125
  C:5ABFH         LINE#         126
  C:5AC2H         LINE#         127
  C:5AC4H         LINE#         128
  C:5AC7H         LINE#         130
  C:5AC9H         LINE#         131
  C:5ACBH         LINE#         132
  C:5ACEH         LINE#         133
  C:5AE0H         LINE#         134
  C:5AE2H         LINE#         135
  C:5AE5H         LINE#         136
  C:5AE8H         LINE#         137
  C:5B08H         LINE#         138
  C:5B0AH         LINE#         140
  C:5B0AH         LINE#         141
  C:5B20H         LINE#         142
  C:5B20H         LINE#         144
  C:5B22H         LINE#         145
  C:5B2AH         LINE#         146
  C:5B2DH         LINE#         147
  C:5B2DH         LINE#         148
  C:5B35H         LINE#         150
  C:5B37H         LINE#         151
  C:5B3AH         LINE#         152
  C:5B3CH         LINE#         153
  C:5B3FH         LINE#         155
  C:5B41H         LINE#         156
  C:5B43H         LINE#         157
  C:5B46H         LINE#         158
BL51 BANKED LINKER/LOCATER V6.22.2.0                                                  05/05/2023  16:02:12  PAGE 50


  C:5B58H         LINE#         159
  C:5B5AH         LINE#         160
  C:5B5DH         LINE#         161
  C:5B60H         LINE#         162
  C:5B80H         LINE#         163
  C:5B82H         LINE#         165
  C:5B82H         LINE#         166
  C:5B98H         LINE#         167
  C:5B98H         LINE#         169
  C:5B9AH         LINE#         170
  C:5BA2H         LINE#         171
  C:5BA5H         LINE#         172
  C:5BA5H         LINE#         173
  C:5BADH         LINE#         175
  C:5BAFH         LINE#         176
  C:5BB2H         LINE#         177
  C:5BB4H         LINE#         178
  C:5BB7H         LINE#         180
  C:5BB9H         LINE#         181
  C:5BBCH         LINE#         182
  C:5BBEH         LINE#         183
  C:5BC1H         LINE#         184
  C:5BC3H         LINE#         185
  C:5BC6H         LINE#         186
  -------         ENDPROC       _READDATAFROMADS1100
  -------         PROC          _WRITEDATATOMAX5821
  X:0980H         SYMBOL        nDeviceAddr
  D:0004H         SYMBOL        nData
  X:0981H         SYMBOL        nCommand
  -------         DO            
  X:0982H         SYMBOL        nWriteData
  -------         ENDDO         
  C:72F9H         LINE#         188
  C:7301H         LINE#         189
  C:7301H         LINE#         192
  C:7306H         LINE#         193
  C:7312H         LINE#         195
  C:7326H         LINE#         196
  C:733AH         LINE#         197
  -------         ENDPROC       _WRITEDATATOMAX5821
  -------         PROC          _SETVOLTAGE
  X:0978H         SYMBOL        fVoltage
  -------         DO            
  D:0006H         SYMBOL        nDigtal
  X:097CH         SYMBOL        fVref
  -------         ENDDO         
  C:714CH         LINE#         199
  C:7152H         LINE#         200
  C:7152H         LINE#         202
  C:715CH         LINE#         205
  C:71A2H         LINE#         206
  C:71ADH         LINE#         207
  -------         ENDPROC       _SETVOLTAGE
  -------         PROC          _READOPA544OUTPUTCURRENT
  X:0978H         SYMBOL        nAds1100Gain
  X:0979H         SYMBOL        nSampleCunt
  X:097AH         SYMBOL        fIccurent
BL51 BANKED LINKER/LOCATER V6.22.2.0                                                  05/05/2023  16:02:12  PAGE 51


  -------         DO            
  X:097DH         SYMBOL        nConfigureData
  X:097EH         SYMBOL        nReadDataCunt
  X:097FH         SYMBOL        nReadData
  X:0982H         SYMBOL        nAds100OutData
  X:0984H         SYMBOL        fIcc
  X:0988H         SYMBOL        fIccGain
  X:098CH         SYMBOL        fVref
  X:0990H         SYMBOL        fRSample
  -------         ENDDO         
  C:580BH         LINE#         209
  C:581CH         LINE#         210
  C:581CH         LINE#         212
  C:5823H         LINE#         213
  C:583FH         LINE#         215
  C:5851H         LINE#         216
  C:5857H         LINE#         217
  C:5861H         LINE#         218
  C:5861H         LINE#         220
  C:5869H         LINE#         221
  C:5873H         LINE#         222
  C:5873H         LINE#         224
  C:587BH         LINE#         225
  C:5885H         LINE#         226
  C:5885H         LINE#         228
  C:588DH         LINE#         229
  C:5897H         LINE#         230
  C:5897H         LINE#         232
  C:58A1H         LINE#         233
  C:58B2H         LINE#         234
  C:58B9H         LINE#         235
  C:58C3H         LINE#         236
  C:58D6H         LINE#         237
  C:58E7H         LINE#         238
  C:58E7H         LINE#         239
  C:58F0H         LINE#         240
  C:58F7H         LINE#         241
  C:58F7H         LINE#         242
  C:58F7H         LINE#         244
  C:58F7H         LINE#         245
  C:58FEH         LINE#         246
  C:58FEH         LINE#         247
  C:5900H         LINE#         249
  C:5909H         LINE#         251
  C:5916H         LINE#         252
  C:591FH         LINE#         253
  C:592DH         LINE#         255
  C:5993H         LINE#         256
  C:59EDH         LINE#         257
  C:59F6H         LINE#         258
  -------         ENDPROC       _READOPA544OUTPUTCURRENT
  -------         ENDMOD        NEWPOWER

  -------         MODULE        CRC16_MODBUS
  C:0000H         SYMBOL        _ICE_DUMMY_
  C:6C6CH         PUBLIC        _InvertUint16
  C:6DB4H         PUBLIC        _InvertUint8
BL51 BANKED LINKER/LOCATER V6.22.2.0                                                  05/05/2023  16:02:12  PAGE 52


  C:628FH         PUBLIC        _CRC16_MODBUS
  -------         PROC          _INVERTUINT8
  X:0A92H         SYMBOL        dBuf
  X:0A95H         SYMBOL        srcBuf
  -------         DO            
  X:0A98H         SYMBOL        i
  X:0A9AH         SYMBOL        tmp
  -------         ENDDO         
  C:6DB4H         LINE#         3
  C:6DBFH         LINE#         4
  C:6DBFH         LINE#         7
  C:6DC4H         LINE#         8
  C:6DDBH         LINE#         9
  C:6DDBH         LINE#         10
  C:6E0CH         LINE#         11
  C:6E2CH         LINE#         12
  C:6E3CH         LINE#         13
  C:6E50H         LINE#         14
  -------         ENDPROC       _INVERTUINT8
  -------         PROC          _INVERTUINT16
  X:0A92H         SYMBOL        dBuf
  X:0A95H         SYMBOL        srcBuf
  -------         DO            
  X:0A98H         SYMBOL        i
  X:0A9AH         SYMBOL        tmp
  -------         ENDDO         
  C:6C6CH         LINE#         16
  C:6C77H         LINE#         17
  C:6C77H         LINE#         20
  C:6C7EH         LINE#         21
  C:6C95H         LINE#         22
  C:6C95H         LINE#         23
  C:6CC6H         LINE#         24
  C:6CEDH         LINE#         25
  C:6CFDH         LINE#         26
  C:6D15H         LINE#         27
  -------         ENDPROC       _INVERTUINT16
  -------         PROC          _CRC16_MODBUS
  X:0A86H         SYMBOL        puchMsg
  X:0A89H         SYMBOL        usDataLen
  -------         DO            
  X:0A8BH         SYMBOL        wCRCin
  X:0A8DH         SYMBOL        wCPoly
  X:0A8FH         SYMBOL        wChar
  X:0A90H         SYMBOL        i
  -------         ENDDO         
  C:628FH         LINE#         29
  C:62A0H         LINE#         30
  C:62A0H         LINE#         31
  C:62A6H         LINE#         32
  C:62AEH         LINE#         33
  C:62B1H         LINE#         36
  C:62C2H         LINE#         37
  C:62C2H         LINE#         38
  C:62D9H         LINE#         39
  C:62F9H         LINE#         40
  C:6307H         LINE#         41
BL51 BANKED LINKER/LOCATER V6.22.2.0                                                  05/05/2023  16:02:12  PAGE 53


  C:631FH         LINE#         42
  C:631FH         LINE#         43
  C:6327H         LINE#         44
  C:6345H         LINE#         46
  C:6352H         LINE#         47
  C:6362H         LINE#         48
  C:6362H         LINE#         50
  C:6382H         LINE#         51
  C:638AH         LINE#         52
  -------         ENDPROC       _CRC16_MODBUS
  -------         ENDMOD        CRC16_MODBUS

  -------         MODULE        ?C?FPADD
  C:3D0AH         PUBLIC        ?C?FPADD
  C:3D06H         PUBLIC        ?C?FPSUB
  -------         ENDMOD        ?C?FPADD

  -------         MODULE        ?C?FPMUL
  C:3DFBH         PUBLIC        ?C?FPMUL
  -------         ENDMOD        ?C?FPMUL

  -------         MODULE        ?C?FPDIV
  C:3F04H         PUBLIC        ?C?FPDIV
  -------         ENDMOD        ?C?FPDIV

  -------         MODULE        ?C?FPCMP
  C:3FA3H         PUBLIC        ?C?FPCMP
  C:3FA1H         PUBLIC        ?C?FPCMP3
  -------         ENDMOD        ?C?FPCMP

  -------         MODULE        ?C?FPNEG
  C:401AH         PUBLIC        ?C?FPNEG
  -------         ENDMOD        ?C?FPNEG

  -------         MODULE        ?C?FCAST
  C:4035H         PUBLIC        ?C?FCASTC
  C:4030H         PUBLIC        ?C?FCASTI
  C:402BH         PUBLIC        ?C?FCASTL
  -------         ENDMOD        ?C?FCAST

  -------         MODULE        ?C?CASTF
  C:4069H         PUBLIC        ?C?CASTF
  -------         ENDMOD        ?C?CASTF

  -------         MODULE        PRINTF
  X:09AEH         PUBLIC        ?_PRINTF?BYTE
  X:09AEH         PUBLIC        ?_SPRINTF?BYTE
  C:467FH         PUBLIC        _PRINTF
  C:4679H         PUBLIC        _SPRINTF
  -------         ENDMOD        PRINTF

  -------         MODULE        FABS
  C:75F5H         PUBLIC        _FABS
  -------         ENDMOD        FABS

  -------         MODULE        ATOF
  C:726EH         PUBLIC        _ATOF
BL51 BANKED LINKER/LOCATER V6.22.2.0                                                  05/05/2023  16:02:12  PAGE 54


  -------         ENDMOD        ATOF

  -------         MODULE        ?C?FPROUND
  C:40EAH         PUBLIC        ?C?FPROUND
  -------         ENDMOD        ?C?FPROUND

  -------         MODULE        ?C?FPCONVERT
  C:4127H         PUBLIC        ?C?FPCONVERT
  -------         ENDMOD        ?C?FPCONVERT

  -------         MODULE        ?C?FTNPWR
  C:425CH         PUBLIC        ?C?FTNPWR
  -------         ENDMOD        ?C?FTNPWR

  -------         MODULE        ?C?SCDIV
  C:429CH         PUBLIC        ?C?SCDIV
  -------         ENDMOD        ?C?SCDIV

  -------         MODULE        ?C?CLDPTR
  C:42BEH         PUBLIC        ?C?CLDPTR
  -------         ENDMOD        ?C?CLDPTR

  -------         MODULE        ?C?CLDOPTR
  C:42D7H         PUBLIC        ?C?CLDOPTR
  -------         ENDMOD        ?C?CLDOPTR

  -------         MODULE        ?C?CSTPTR
  C:4304H         PUBLIC        ?C?CSTPTR
  -------         ENDMOD        ?C?CSTPTR

  -------         MODULE        ?C?CSTOPTR
  C:4316H         PUBLIC        ?C?CSTOPTR
  -------         ENDMOD        ?C?CSTOPTR

  -------         MODULE        ?C?IMUL
  C:4338H         PUBLIC        ?C?IMUL
  -------         ENDMOD        ?C?IMUL

  -------         MODULE        ?C?IILDX
  C:434AH         PUBLIC        ?C?IILDX
  -------         ENDMOD        ?C?IILDX

  -------         MODULE        ?C?ILDIX
  C:4360H         PUBLIC        ?C?ILDIX
  -------         ENDMOD        ?C?ILDIX

  -------         MODULE        ?C?ILDPTR
  C:4376H         PUBLIC        ?C?ILDPTR
  -------         ENDMOD        ?C?ILDPTR

  -------         MODULE        ?C?ILDOPTR
  C:43A1H         PUBLIC        ?C?ILDOPTR
  -------         ENDMOD        ?C?ILDOPTR

  -------         MODULE        ?C?ISTPTR
  C:43D9H         PUBLIC        ?C?ISTPTR
  -------         ENDMOD        ?C?ISTPTR
BL51 BANKED LINKER/LOCATER V6.22.2.0                                                  05/05/2023  16:02:12  PAGE 55



  -------         MODULE        ?C?ISTOPTR
  C:43F8H         PUBLIC        ?C?ISTOPTR
  -------         ENDMOD        ?C?ISTOPTR

  -------         MODULE        ?C?LNEG
  C:4425H         PUBLIC        ?C?LNEG
  -------         ENDMOD        ?C?LNEG

  -------         MODULE        ?C?LLDPTR
  C:4433H         PUBLIC        ?C?LLDPTR
  -------         ENDMOD        ?C?LLDPTR

  -------         MODULE        ?C?LLDOPTR
  C:4453H         PUBLIC        ?C?LLDOPTR
  -------         ENDMOD        ?C?LLDOPTR

  -------         MODULE        ?C?LSTPTR
  C:4483H         PUBLIC        ?C?LSTPTR
  -------         ENDMOD        ?C?LSTPTR

  -------         MODULE        ?C?LSTOPTR
  C:449DH         PUBLIC        ?C?LSTOPTR
  -------         ENDMOD        ?C?LSTOPTR

  -------         MODULE        ?C?LLDCODE
  C:44C1H         PUBLIC        ?C?LLDCODE
  -------         ENDMOD        ?C?LLDCODE

  -------         MODULE        ?C?LSTXDATA
  C:44D1H         PUBLIC        ?C?LSTXDATA
  -------         ENDMOD        ?C?LSTXDATA

  -------         MODULE        ?C?LSTKXDATA
  C:44DDH         PUBLIC        ?C?LSTKXDATA
  -------         ENDMOD        ?C?LSTKXDATA

  -------         MODULE        ?C?LSTKPTR
  C:450EH         PUBLIC        ?C?LSTKPTR
  -------         ENDMOD        ?C?LSTKPTR

  -------         MODULE        ?C?OFFXADD
  C:4528H         PUBLIC        ?C?OFFXADD
  -------         ENDMOD        ?C?OFFXADD

  -------         MODULE        ?C?PLDIXDATA
  C:4534H         PUBLIC        ?C?PLDIXDATA
  -------         ENDMOD        ?C?PLDIXDATA

  -------         MODULE        ?C?PSTXDATA
  C:454BH         PUBLIC        ?C?PSTXDATA
  -------         ENDMOD        ?C?PSTXDATA

  -------         MODULE        ?C?CCASE
  C:4554H         PUBLIC        ?C?CCASE
  -------         ENDMOD        ?C?CCASE

BL51 BANKED LINKER/LOCATER V6.22.2.0                                                  05/05/2023  16:02:12  PAGE 56


  -------         MODULE        PUTCHAR
  C:74E5H         PUBLIC        _PUTCHAR
  -------         ENDMOD        PUTCHAR

  -------         MODULE        ISSPACE
  C:75A2H         PUBLIC        _isspace
  -------         ENDMOD        ISSPACE

  -------         MODULE        STRSTR
  X:0A86H         PUBLIC        ?_strstr?BYTE
  C:681CH         PUBLIC        _strstr
  -------         ENDMOD        STRSTR

  -------         MODULE        ATOI
  C:6741H         PUBLIC        _atoi
  -------         ENDMOD        ATOI

  -------         MODULE        ?C?MEMSET
  C:457AH         PUBLIC        ?C?MEMSET
  -------         ENDMOD        ?C?MEMSET

  -------         MODULE        ?C?LLDIDATA
  C:45A6H         PUBLIC        ?C?LLDIDATA
  -------         ENDMOD        ?C?LLDIDATA

  -------         MODULE        ?C?LLDXDATA
  C:45B2H         PUBLIC        ?C?LLDXDATA
  -------         ENDMOD        ?C?LLDXDATA

  -------         MODULE        ?C?LLDPDATA
  C:45BEH         PUBLIC        ?C?LLDPDATA
  -------         ENDMOD        ?C?LLDPDATA

  -------         MODULE        ?C?LSTIDATA
  C:45CAH         PUBLIC        ?C?LSTIDATA
  -------         ENDMOD        ?C?LSTIDATA

  -------         MODULE        ?C?LSTPDATA
  C:45D6H         PUBLIC        ?C?LSTPDATA
  -------         ENDMOD        ?C?LSTPDATA

  -------         MODULE        ?C?LSTKIDATA
  C:45E2H         PUBLIC        ?C?LSTKIDATA
  -------         ENDMOD        ?C?LSTKIDATA

  -------         MODULE        ?C?LSTKPDATA
  C:45FBH         PUBLIC        ?C?LSTKPDATA
  -------         ENDMOD        ?C?LSTKPDATA

  -------         MODULE        ISDIGIT
  C:75D9H         PUBLIC        _isdigit
  -------         ENDMOD        ISDIGIT

*** WARNING L16: UNCALLED SEGMENT, IGNORED FOR OVERLAY PROCESS
    SEGMENT: ?PR?_SETCHAMBERON?CHAMBER

*** WARNING L16: UNCALLED SEGMENT, IGNORED FOR OVERLAY PROCESS
BL51 BANKED LINKER/LOCATER V6.22.2.0                                                  05/05/2023  16:02:12  PAGE 57


    SEGMENT: ?PR?_READCHAMBERTEMPERATURE?CHAMBER

*** WARNING L16: UNCALLED SEGMENT, IGNORED FOR OVERLAY PROCESS
    SEGMENT: ?PR?_WAITCHAMBERSTABLE?CHAMBER

*** WARNING L15: MULTIPLE CALL TO SEGMENT
    SEGMENT: ?PR?_STRSTR?STRSTR
    CALLER1: ?PR?RECIEVEPRESSKEYCOMMANDFROMPC?SYSTEMINIT
    CALLER2: ?C_C51STARTUP

Program Size: data=27.0 xdata=4651 code=30239
LINK/LOCATE RUN COMPLETE.  4 WARNING(S),  0 ERROR(S)
