BL51 BANKED LINKER/LOCATER V6.22.2.0                                                    05/05/2023  15:28:50  PAGE 1


BL51 BANKED LINKER/LOCATER V6.22.2.0, INVOKED BY:
D:\SOFTWARE\KEIL\C51\BIN\BL51.EXE .\Objects\DataTrans.obj, .\Objects\pc.obj, .\Objects\TstBrdContrl.obj, .\Objects\Delay
>> Time.obj, .\Objects\SystemInit.obj, .\Objects\MainPro.obj, .\Objects\Chamber.obj, .\Objects\cfguo.obj, .\Objects\NewP
>> ower.obj, .\Objects\Crc16_MODBUS.obj TO .\Objects\BackBrdDrv_Pro PRINT (.\Listings\BackBrdDrv_Pro.m51) RAMSIZE (256)


MEMORY MODEL: LARGE WITH FLOATING POINT ARITHMETIC


INPUT MODULES INCLUDED:
  .\Objects\DataTrans.obj (DATATRANS)
  .\Objects\pc.obj (PC)
  .\Objects\TstBrdContrl.obj (TSTBRDCONTRL)
  .\Objects\DelayTime.obj (DELAYTIME)
  .\Objects\SystemInit.obj (SYSTEMINIT)
  .\Objects\MainPro.obj (MAINPRO)
  .\Objects\Chamber.obj (CHAMBER)
  .\Objects\cfguo.obj (CFGUO)
  .\Objects\NewPower.obj (NEWPOWER)
  .\Objects\Crc16_MODBUS.obj (CRC16_MODBUS)
  D:\SOFTWARE\KEIL\C51\LIB\C51FPL.LIB (?C?FPADD)
  D:\SOFTWARE\KEIL\C51\LIB\C51FPL.LIB (?C?FPMUL)
  D:\SOFTWARE\KEIL\C51\LIB\C51FPL.LIB (?C?FPDIV)
  D:\SOFTWARE\KEIL\C51\LIB\C51FPL.LIB (?C?FPCMP)
  D:\SOFTWARE\KEIL\C51\LIB\C51FPL.LIB (?C?FPNEG)
  D:\SOFTWARE\KEIL\C51\LIB\C51FPL.LIB (?C?FCAST)
  D:\SOFTWARE\KEIL\C51\LIB\C51FPL.LIB (?C?CASTF)
  D:\SOFTWARE\KEIL\C51\LIB\C51FPL.LIB (PRINTF)
  D:\SOFTWARE\KEIL\C51\LIB\C51FPL.LIB (FABS)
  D:\SOFTWARE\KEIL\C51\LIB\C51FPL.LIB (ATOF)
  D:\SOFTWARE\KEIL\C51\LIB\C51FPL.LIB (?C?FPGETOPN)
  D:\SOFTWARE\KEIL\C51\LIB\C51FPL.LIB (?C?FPROUND)
  D:\SOFTWARE\KEIL\C51\LIB\C51FPL.LIB (?C?FPCONVERT)
  D:\SOFTWARE\KEIL\C51\LIB\C51FPL.LIB (?C?ATOF)
  D:\SOFTWARE\KEIL\C51\LIB\C51FPL.LIB (?C?FTNPWR)
  D:\SOFTWARE\KEIL\C51\LIB\C51L.LIB (?C_STARTUP)
  D:\SOFTWARE\KEIL\C51\LIB\C51L.LIB (?C?SCDIV)
  D:\SOFTWARE\KEIL\C51\LIB\C51L.LIB (?C?CLDPTR)
  D:\SOFTWARE\KEIL\C51\LIB\C51L.LIB (?C?CLDOPTR)
  D:\SOFTWARE\KEIL\C51\LIB\C51L.LIB (?C?CSTPTR)
  D:\SOFTWARE\KEIL\C51\LIB\C51L.LIB (?C?CSTOPTR)
  D:\SOFTWARE\KEIL\C51\LIB\C51L.LIB (?C?IMUL)
  D:\SOFTWARE\KEIL\C51\LIB\C51L.LIB (?C?IILDX)
  D:\SOFTWARE\KEIL\C51\LIB\C51L.LIB (?C?ILDIX)
  D:\SOFTWARE\KEIL\C51\LIB\C51L.LIB (?C?ILDPTR)
  D:\SOFTWARE\KEIL\C51\LIB\C51L.LIB (?C?ILDOPTR)
  D:\SOFTWARE\KEIL\C51\LIB\C51L.LIB (?C?ISTPTR)
  D:\SOFTWARE\KEIL\C51\LIB\C51L.LIB (?C?ISTOPTR)
  D:\SOFTWARE\KEIL\C51\LIB\C51L.LIB (?C?LNEG)
  D:\SOFTWARE\KEIL\C51\LIB\C51L.LIB (?C?LLDPTR)
  D:\SOFTWARE\KEIL\C51\LIB\C51L.LIB (?C?LLDOPTR)
  D:\SOFTWARE\KEIL\C51\LIB\C51L.LIB (?C?LSTPTR)
  D:\SOFTWARE\KEIL\C51\LIB\C51L.LIB (?C?LSTOPTR)
  D:\SOFTWARE\KEIL\C51\LIB\C51L.LIB (?C?LLDCODE)
  D:\SOFTWARE\KEIL\C51\LIB\C51L.LIB (?C?LSTXDATA)
  D:\SOFTWARE\KEIL\C51\LIB\C51L.LIB (?C?LSTKXDATA)
  D:\SOFTWARE\KEIL\C51\LIB\C51L.LIB (?C?LSTKPTR)
  D:\SOFTWARE\KEIL\C51\LIB\C51L.LIB (?C?OFFXADD)
BL51 BANKED LINKER/LOCATER V6.22.2.0                                                  05/05/2023  15:28:50  PAGE 2


  D:\SOFTWARE\KEIL\C51\LIB\C51L.LIB (?C?PLDIXDATA)
  D:\SOFTWARE\KEIL\C51\LIB\C51L.LIB (?C?PSTXDATA)
  D:\SOFTWARE\KEIL\C51\LIB\C51L.LIB (?C?CCASE)
  D:\SOFTWARE\KEIL\C51\LIB\C51L.LIB (PUTCHAR)
  D:\SOFTWARE\KEIL\C51\LIB\C51L.LIB (ISSPACE)
  D:\SOFTWARE\KEIL\C51\LIB\C51L.LIB (STRSTR)
  D:\SOFTWARE\KEIL\C51\LIB\C51L.LIB (ATOI)
  D:\SOFTWARE\KEIL\C51\LIB\C51L.LIB (?C?MEMSET)
  D:\SOFTWARE\KEIL\C51\LIB\C51L.LIB (?C_INIT)
  D:\SOFTWARE\KEIL\C51\LIB\C51L.LIB (?C?LLDIDATA)
  D:\SOFTWARE\KEIL\C51\LIB\C51L.LIB (?C?LLDXDATA)
  D:\SOFTWARE\KEIL\C51\LIB\C51L.LIB (?C?LLDPDATA)
  D:\SOFTWARE\KEIL\C51\LIB\C51L.LIB (?C?LSTIDATA)
  D:\SOFTWARE\KEIL\C51\LIB\C51L.LIB (?C?LSTPDATA)
  D:\SOFTWARE\KEIL\C51\LIB\C51L.LIB (?C?LSTKIDATA)
  D:\SOFTWARE\KEIL\C51\LIB\C51L.LIB (?C?LSTKPDATA)
  D:\SOFTWARE\KEIL\C51\LIB\C51L.LIB (ISDIGIT)


LINK MAP OF MODULE:  .\Objects\BackBrdDrv_Pro (DATATRANS)


            TYPE    BASE      LENGTH    RELOCATION   SEGMENT NAME
            -----------------------------------------------------

            * * * * * * *   D A T A   M E M O R Y   * * * * * * *
            REG     0000H     0008H     ABSOLUTE     "REG BANK 0"
            DATA    0008H     0005H     UNIT         _DATA_GROUP_
                    000DH     000BH                  *** GAP ***
            REG     0018H     0008H     ABSOLUTE     "REG BANK 3"
            BIT     0020H.0   0001H.6   UNIT         _BIT_GROUP_
            BIT     0021H.6   0000H.3   UNIT         ?BI?SYSTEMINIT
            BIT     0022H.1   0000H.2   UNIT         ?BI?MAINPRO
                    0022H.3   0000H.5                *** GAP ***
            IDATA   0023H     0001H     UNIT         ?STACK

            * * * * * * *  X D A T A   M E M O R Y  * * * * * * *
            XDATA   0000H     0AA2H     UNIT         _XDATA_GROUP_
            XDATA   0AA2H     0596H     UNIT         ?XD?CHAMBER
            XDATA   1038H     00F1H     UNIT         ?XD?DATATRANS
            XDATA   1129H     00A8H     UNIT         ?XD?MAINPRO
            XDATA   11D1H     0022H     UNIT         ?XD?_WAITCHAMBERSTABLE?CHAMBER
            XDATA   11F3H     0013H     UNIT         ?XD?TSTBRDCONTRL
            XDATA   1206H     0008H     UNIT         ?XD?_SETCHAMBERTEMPERATURE?CHAMBER
            XDATA   120EH     0002H     UNIT         ?XD?PC
            XDATA   1210H     0002H     UNIT         ?XD?DELAYTIME

            * * * * * * *   C O D E   M E M O R Y   * * * * * * *
            CODE    0000H     0003H     ABSOLUTE     
            CODE    0003H     0003H     ABSOLUTE     
            CODE    0006H     0005H     UNIT         ?PR?RESETI2CPORT?NEWPOWER
            CODE    000BH     0003H     ABSOLUTE     
            CODE    000EH     0015H     UNIT         ?PR?I2CSTART?NEWPOWER
            CODE    0023H     0003H     ABSOLUTE     
            CODE    0026H     2741H     UNIT         ?PR?MAIN?MAINPRO
            CODE    2767H     0B67H     UNIT         ?CO?MAINPRO
            CODE    32CEH     0A28H     UNIT         ?PR?_WAITCHAMBERSTABLE?CHAMBER
BL51 BANKED LINKER/LOCATER V6.22.2.0                                                  05/05/2023  15:28:50  PAGE 3


            CODE    3CF6H     0911H     UNIT         ?C?LIB_CODE
            CODE    4607H     0483H     UNIT         ?PR?PRINTF?PRINTF
            CODE    4A8AH     03DBH     UNIT         ?PR?_READTC18B20PACKAGEANDUSEPT100INDEX?PC
            CODE    4E65H     02ECH     UNIT         ?PR?_REQUIRECFGUOALLCHANNELTEMPERATURE?CFGUO
            CODE    5151H     0252H     UNIT         ?PR?_READCHAMBERTEMPERATURE?CHAMBER
            CODE    53A3H     023BH     UNIT         ?PR?RECIEVEPRESSKEYCOMMANDFROMPC?SYSTEMINIT
            CODE    55DEH     0220H     UNIT         ?PR?READTRIMMINGDATAFROMPC?PC
            CODE    57FEH     01ECH     UNIT         ?PR?_READOPA544OUTPUTCURRENT?NEWPOWER
            CODE    59EAH     01D0H     UNIT         ?PR?_READDATAFROMADS1100?NEWPOWER
            CODE    5BBAH     01AFH     UNIT         ?PR?_READTEMPERATUREDATAFROMTRIMINGBOARD?DATATRANS
            CODE    5D69H     019CH     UNIT         ?PR?_SETCHAMBERTEMPERATURE?CHAMBER
            CODE    5F05H     0145H     UNIT         ?PR?_USARTINIT?DATATRANS
            CODE    604AH     0136H     UNIT         ?PR?_SENDTRIMMINGVBEANDROTATIONVALUES?DATATRANS
            CODE    6180H     0102H     UNIT         ?PR?_SETUSARTTWOPOSIONANDBTR?DATATRANS
            CODE    6282H     00FCH     UNIT         ?PR?_CRC16_MODBUS?CRC16_MODBUS
            CODE    637EH     00F3H     UNIT         ?PR?_SETCHAMBERON?CHAMBER
            CODE    6471H     00F2H     UNIT         ?PR?_SETCHAMBEROFF?CHAMBER
            CODE    6563H     00EBH     UNIT         ?PR?_SENDPT100DATATOTRIMINGBOARD?DATATRANS
            CODE    664EH     00E6H     UNIT         ?PR??C?ATOF??C?ATOF
            CODE    6734H     00DBH     UNIT         ?PR?_ATOI?ATOI
            CODE    680FH     00BFH     UNIT         ?PR?_STRSTR?STRSTR
            CODE    68CEH     00BDH     UNIT         ?PR?_SEARCHTESTMAINBOARD?TSTBRDCONTRL
            CODE    698BH     00BBH     UNIT         ?PR?_SENDINTDATASELECT?DATATRANS
            CODE    6A46H     00B5H     UNIT         ?PR?_I2CWRITEDATATODEVICE?NEWPOWER
            CODE    6AFBH     00B2H     UNIT         ?PR?_SENDFLOATDATA?DATATRANS
            CODE    6BADH     00B2H     UNIT         ?PR?_SENDINTDATA?DATATRANS
            CODE    6C5FH     00AAH     UNIT         ?PR?_INVERTUINT16?CRC16_MODBUS
            CODE    6D09H     009EH     UNIT         ?PR?_SENDTC18B20PACKAGETYPETOBOARD?DATATRANS
            CODE    6DA7H     009DH     UNIT         ?PR?_INVERTUINT8?CRC16_MODBUS
            CODE    6E44H     009BH     UNIT         ?CO?PC
            CODE    6EDFH     008CH     UNIT         ?C_C51STARTUP
            CODE    6F6BH     007DH     UNIT         ?PR?_WAITFORTRIMINGPROCESS?DATATRANS
            CODE    6FE8H     007BH     UNIT         ?PR?_SENDSTRINGDATA?DATATRANS
            CODE    7063H     0076H     UNIT         ?PR?_SENDDATA?DATATRANS
            CODE    70D9H     0066H     UNIT         ?PR?_ENDALLPROCESS?TSTBRDCONTRL
            CODE    713FH     0062H     UNIT         ?PR?_SETVOLTAGE?NEWPOWER
            CODE    71A1H     0061H     UNIT         ?PR?_SETTSTBRDPOWERON?TSTBRDCONTRL
            CODE    7202H     005FH     UNIT         ?C_INITSEG
            CODE    7261H     0049H     UNIT         ?PR?ATOF?ATOF
            CODE    72AAH     0042H     UNIT         ?CO?SYSTEMINIT
            CODE    72ECH     0042H     UNIT         ?PR?_WRITEDATATOMAX5821?NEWPOWER
            CODE    732EH     0041H     UNIT         ?PR?SYSTEMINIT?SYSTEMINIT
            CODE    736FH     003AH     UNIT         ?PR?_USARTINTERRUPT?DATATRANS
            CODE    73A9H     003AH     UNIT         ?CO?DATATRANS
            CODE    73E3H     0036H     UNIT         ?PR?_SENDINTDATATOPC?PC
            CODE    7419H     0031H     UNIT         ?PR?_SENDFLOATDATATOPC?PC
            CODE    744AH     0030H     UNIT         ?PR?_DELAY_MS?DELAYTIME
            CODE    747AH     0030H     UNIT         ?CO?CHAMBER
            CODE    74AAH     002EH     UNIT         ?PR?DELAY100MS?SYSTEMINIT
            CODE    74D8H     0027H     UNIT         ?PR?PUTCHAR?PUTCHAR
            CODE    74FFH     0025H     UNIT         ?PR?DELAY_5US?DELAYTIME
            CODE    7524H     0023H     UNIT         ?PR?_SENDSTRINGDATATOPC?PC
            CODE    7547H     001CH     UNIT         ?PR?STARTPROCESS?SYSTEMINIT
            CODE    7563H     001CH     UNIT         ?PR?TRIMINGBOARDCOLLECTOR?SYSTEMINIT
            CODE    757FH     0016H     UNIT         ?PR?SCANPRESSKEY?SYSTEMINIT
            CODE    7595H     0014H     UNIT         ?PR?_ISSPACE?ISSPACE
            CODE    75A9H     0013H     UNIT         ?PR?TIMER0INTERRUPT?DELAYTIME
BL51 BANKED LINKER/LOCATER V6.22.2.0                                                  05/05/2023  15:28:50  PAGE 4


            CODE    75BCH     0010H     UNIT         ?PR?I2CSTOP?NEWPOWER
            CODE    75CCH     000FH     UNIT         ?PR?_ISDIGIT?ISDIGIT
            CODE    75DBH     000DH     UNIT         ?PR?I2CDEVICEACK?NEWPOWER
            CODE    75E8H     000DH     UNIT         ?PR?_FABS?FABS
            CODE    75F5H     000AH     UNIT         ?CO?TSTBRDCONTRL
            CODE    75FFH     0008H     UNIT         ?CO?NEWPOWER
            CODE    7607H     0007H     UNIT         ?CO?CFGUO
            CODE    760EH     0004H     UNIT         ?PR?TSTBRDPOWERINIT?TSTBRDCONTRL



OVERLAY MAP OF MODULE:   .\Objects\BackBrdDrv_Pro (DATATRANS)


SEGMENT                                             BIT_GROUP          DATA_GROUP          XDATA_GROUP
  +--> CALLED SEGMENT                            START    LENGTH     START    LENGTH     START    LENGTH
--------------------------------------------------------------------------------------------------------
?PR?SCANPRESSKEY?SYSTEMINIT                      -----    -----      -----    -----      -----    -----
  +--> ?PR?DELAY100MS?SYSTEMINIT

*** NEW ROOT ***************************************************

?PR?RECIEVEPRESSKEYCOMMANDFROMPC?SYST...         -----    -----      -----    -----      -----    -----
  +--> ?CO?SYSTEMINIT
  +--> ?PR?_STRSTR?STRSTR

?PR?_STRSTR?STRSTR                               -----    -----      -----    -----      0A86H    000CH

*** NEW ROOT ***************************************************

?C_C51STARTUP                                    -----    -----      -----    -----      -----    -----
  +--> ?PR?MAIN?MAINPRO
  +--> ?C_INITSEG

?PR?MAIN?MAINPRO                                 0020H.0  0000H.5    -----    -----      000CH    096CH
  +--> ?PR?SYSTEMINIT?SYSTEMINIT
  +--> ?PR?_DELAY_MS?DELAYTIME
  +--> ?CO?MAINPRO
  +--> ?PR?_SENDSTRINGDATATOPC?PC
  +--> ?PR?_STRSTR?STRSTR
  +--> ?PR?READTRIMMINGDATAFROMPC?PC
  +--> ?PR?_SETCHAMBERON?CHAMBER
  +--> ?PR?_READCHAMBERTEMPERATURE?CHAMBER
  +--> ?PR?_SETVOLTAGE?NEWPOWER
  +--> ?PR?TSTBRDPOWERINIT?TSTBRDCONTRL
  +--> ?PR?_SETTSTBRDPOWERON?TSTBRDCONTRL
  +--> ?PR?_SEARCHTESTMAINBOARD?TSTBRDCONTRL
  +--> ?PR?_READTC18B20PACKAGEANDUSEPT100IND...
  +--> ?PR?PRINTF?PRINTF
  +--> ?PR?_SENDTC18B20PACKAGETYPETOBOARD?DA...
  +--> ?PR?_SENDTRIMMINGVBEANDROTATIONVALUES...
  +--> ?PR?_READOPA544OUTPUTCURRENT?NEWPOWER
  +--> ?PR?_SENDINTDATATOPC?PC
  +--> ?PR?STARTPROCESS?SYSTEMINIT
  +--> ?PR?_WAITFORTRIMINGPROCESS?DATATRANS
  +--> ?PR?_REQUIRECFGUOALLCHANNELTEMPERATUR...
  +--> ?PR?_SETCHAMBEROFF?CHAMBER
BL51 BANKED LINKER/LOCATER V6.22.2.0                                                  05/05/2023  15:28:50  PAGE 5


  +--> ?PR?TRIMINGBOARDCOLLECTOR?SYSTEMINIT
  +--> ?PR?_READTEMPERATUREDATAFROMTRIMINGBO...
  +--> ?PR?_SENDFLOATDATATOPC?PC
  +--> ?PR?_SENDPT100DATATOTRIMINGBOARD?DATA...
  +--> ?PR?_ENDALLPROCESS?TSTBRDCONTRL

?PR?_SENDSTRINGDATATOPC?PC                       -----    -----      -----    -----      0984H    0003H
  +--> ?PR?_USARTINIT?DATATRANS
  +--> ?PR?_SENDSTRINGDATA?DATATRANS

?PR?_SENDSTRINGDATA?DATATRANS                    -----    -----      -----    -----      09AEH    0003H

?PR?READTRIMMINGDATAFROMPC?PC                    -----    -----      -----    -----      0978H    000CH
  +--> ?PR?_USARTINIT?DATATRANS
  +--> ?CO?PC
  +--> ?PR?_STRSTR?STRSTR
  +--> ?PR?_SENDSTRINGDATATOPC?PC
  +--> ?PR?_ATOI?ATOI
  +--> ?PR?_SENDINTDATASELECT?DATATRANS
  +--> ?PR?_SENDINTDATATOPC?PC

?PR?_ATOI?ATOI                                   0020H.5  0000H.1    -----    -----      098AH    0005H
  +--> ?PR?_ISSPACE?ISSPACE
  +--> ?PR?_ISDIGIT?ISDIGIT

?PR?_SENDINTDATASELECT?DATATRANS                 -----    -----      -----    -----      0984H    000DH
  +--> ?CO?DATATRANS
  +--> ?PR?PRINTF?PRINTF
  +--> ?PR?_SENDSTRINGDATA?DATATRANS

?PR?PRINTF?PRINTF                                0020H.5  0001H.1    0008H    0005H      09AEH    0030H
  +--> ?PR?PUTCHAR?PUTCHAR

?PR?_SENDINTDATATOPC?PC                          -----    -----      -----    -----      0984H    0005H
  +--> ?PR?_USARTINIT?DATATRANS
  +--> ?PR?_SENDINTDATA?DATATRANS

?PR?_SENDINTDATA?DATATRANS                       -----    -----      -----    -----      0989H    000BH
  +--> ?CO?DATATRANS
  +--> ?PR?PRINTF?PRINTF
  +--> ?PR?_SENDSTRINGDATA?DATATRANS

?PR?_SETCHAMBERON?CHAMBER                        -----    -----      -----    -----      0978H    0002H
  +--> ?PR?_SETUSARTTWOPOSIONANDBTR?DATATRANS
  +--> ?PR?_DELAY_MS?DELAYTIME
  +--> ?CO?CHAMBER
  +--> ?PR?_SENDSTRINGDATA?DATATRANS
  +--> ?PR?_CRC16_MODBUS?CRC16_MODBUS
  +--> ?PR?_SENDDATA?DATATRANS

?PR?_SETUSARTTWOPOSIONANDBTR?DATATRANS           -----    -----      -----    -----      0A86H    0001H
  +--> ?PR?_USARTINIT?DATATRANS
  +--> ?PR?_DELAY_MS?DELAYTIME

?PR?_CRC16_MODBUS?CRC16_MODBUS                   -----    -----      -----    -----      0A86H    000CH
  +--> ?PR?_INVERTUINT8?CRC16_MODBUS
  +--> ?PR?_INVERTUINT16?CRC16_MODBUS
BL51 BANKED LINKER/LOCATER V6.22.2.0                                                  05/05/2023  15:28:50  PAGE 6



?PR?_INVERTUINT8?CRC16_MODBUS                    -----    -----      -----    -----      0A92H    000CH

?PR?_INVERTUINT16?CRC16_MODBUS                   -----    -----      -----    -----      0A92H    0010H

?PR?_SENDDATA?DATATRANS                          -----    -----      -----    -----      0994H    0006H

?PR?_READCHAMBERTEMPERATURE?CHAMBER              -----    -----      -----    -----      0978H    001CH
  +--> ?PR?_SETUSARTTWOPOSIONANDBTR?DATATRANS
  +--> ?PR?_DELAY_MS?DELAYTIME
  +--> ?CO?CHAMBER
  +--> ?PR?_SENDSTRINGDATA?DATATRANS
  +--> ?PR?ATOF?ATOF
  +--> ?PR?_CRC16_MODBUS?CRC16_MODBUS
  +--> ?PR?_SENDDATA?DATATRANS

?PR?ATOF?ATOF                                    -----    -----      -----    -----      0994H    0003H
  +--> ?PR?_ISSPACE?ISSPACE
  +--> ?PR??C?ATOF??C?ATOF

?PR??C?ATOF??C?ATOF                              0020H.5  0000H.5    0008H    0002H      -----    -----

?PR?_SETVOLTAGE?NEWPOWER                         -----    -----      -----    -----      0978H    0008H
  +--> ?PR?_WRITEDATATOMAX5821?NEWPOWER

?PR?_WRITEDATATOMAX5821?NEWPOWER                 -----    -----      -----    -----      0980H    0004H
  +--> ?PR?_I2CWRITEDATATODEVICE?NEWPOWER

?PR?_I2CWRITEDATATODEVICE?NEWPOWER               -----    -----      -----    -----      0994H    0007H
  +--> ?PR?I2CSTART?NEWPOWER
  +--> ?CO?NEWPOWER
  +--> ?PR?DELAY_5US?DELAYTIME
  +--> ?PR?I2CDEVICEACK?NEWPOWER
  +--> ?PR?I2CSTOP?NEWPOWER

?PR?I2CSTART?NEWPOWER                            -----    -----      -----    -----      -----    -----
  +--> ?PR?RESETI2CPORT?NEWPOWER
  +--> ?PR?_DELAY_MS?DELAYTIME
  +--> ?PR?DELAY_5US?DELAYTIME

?PR?I2CDEVICEACK?NEWPOWER                        -----    -----      -----    -----      -----    -----
  +--> ?PR?DELAY_5US?DELAYTIME

?PR?I2CSTOP?NEWPOWER                             -----    -----      -----    -----      -----    -----
  +--> ?PR?DELAY_5US?DELAYTIME

?PR?_SEARCHTESTMAINBOARD?TSTBRDCONTRL            -----    -----      -----    -----      0978H    0003H
  +--> ?PR?_SETUSARTTWOPOSIONANDBTR?DATATRANS
  +--> ?CO?TSTBRDCONTRL
  +--> ?PR?_SENDSTRINGDATA?DATATRANS

?PR?_READTC18B20PACKAGEANDUSEPT100IND...         -----    -----      -----    -----      0978H    0012H
  +--> ?PR?_USARTINIT?DATATRANS
  +--> ?CO?PC
  +--> ?PR?_STRSTR?STRSTR
  +--> ?PR?_ATOI?ATOI

BL51 BANKED LINKER/LOCATER V6.22.2.0                                                  05/05/2023  15:28:50  PAGE 7


?PR?_SENDTC18B20PACKAGETYPETOBOARD?DA...         -----    -----      -----    -----      0978H    0016H
  +--> ?CO?DATATRANS
  +--> ?PR?PRINTF?PRINTF
  +--> ?PR?_SETUSARTTWOPOSIONANDBTR?DATATRANS
  +--> ?PR?_SENDSTRINGDATA?DATATRANS

?PR?_SENDTRIMMINGVBEANDROTATIONVALUES...         -----    -----      -----    -----      0978H    0036H
  +--> ?CO?DATATRANS
  +--> ?PR?PRINTF?PRINTF
  +--> ?PR?_SETUSARTTWOPOSIONANDBTR?DATATRANS
  +--> ?PR?_SENDSTRINGDATA?DATATRANS

?PR?_READOPA544OUTPUTCURRENT?NEWPOWER            -----    -----      -----    -----      0978H    001CH
  +--> ?PR?_I2CWRITEDATATODEVICE?NEWPOWER
  +--> ?PR?_DELAY_MS?DELAYTIME
  +--> ?PR?_READDATAFROMADS1100?NEWPOWER

?PR?_READDATAFROMADS1100?NEWPOWER                -----    -----      -----    -----      0994H    0005H
  +--> ?PR?I2CSTART?NEWPOWER
  +--> ?CO?NEWPOWER
  +--> ?PR?DELAY_5US?DELAYTIME
  +--> ?PR?I2CDEVICEACK?NEWPOWER

?PR?STARTPROCESS?SYSTEMINIT                      -----    -----      -----    -----      -----    -----
  +--> ?PR?_DELAY_MS?DELAYTIME

?PR?_WAITFORTRIMINGPROCESS?DATATRANS             -----    -----      -----    -----      0978H    0001H
  +--> ?PR?_SETUSARTTWOPOSIONANDBTR?DATATRANS

?PR?_REQUIRECFGUOALLCHANNELTEMPERATUR...         -----    -----      -----    -----      0978H    010EH
  +--> ?PR?_USARTINTERRUPT?DATATRANS
  +--> ?PR?_SETUSARTTWOPOSIONANDBTR?DATATRANS
  +--> ?PR?_DELAY_MS?DELAYTIME
  +--> ?CO?CFGUO
  +--> ?PR?_STRSTR?STRSTR
  +--> ?PR?_CRC16_MODBUS?CRC16_MODBUS

?PR?_SETCHAMBEROFF?CHAMBER                       -----    -----      -----    -----      0978H    0002H
  +--> ?PR?_SETUSARTTWOPOSIONANDBTR?DATATRANS
  +--> ?PR?_DELAY_MS?DELAYTIME
  +--> ?CO?CHAMBER
  +--> ?PR?_SENDSTRINGDATA?DATATRANS
  +--> ?PR?_CRC16_MODBUS?CRC16_MODBUS
  +--> ?PR?_SENDDATA?DATATRANS

?PR?TRIMINGBOARDCOLLECTOR?SYSTEMINIT             -----    -----      -----    -----      -----    -----
  +--> ?PR?_DELAY_MS?DELAYTIME

?PR?_READTEMPERATUREDATAFROMTRIMINGBO...         -----    -----      -----    -----      0978H    0006H
  +--> ?PR?_SETUSARTTWOPOSIONANDBTR?DATATRANS

?PR?_SENDFLOATDATATOPC?PC                        -----    -----      -----    -----      0978H    0004H
  +--> ?PR?_USARTINIT?DATATRANS
  +--> ?PR?_SENDFLOATDATA?DATATRANS

?PR?_SENDFLOATDATA?DATATRANS                     -----    -----      -----    -----      097CH    000BH
  +--> ?CO?DATATRANS
BL51 BANKED LINKER/LOCATER V6.22.2.0                                                  05/05/2023  15:28:50  PAGE 8


  +--> ?PR?PRINTF?PRINTF
  +--> ?PR?_SENDSTRINGDATA?DATATRANS

?PR?_SENDPT100DATATOTRIMINGBOARD?DATA...         -----    -----      -----    -----      0978H    0004H
  +--> ?CO?DATATRANS
  +--> ?PR?PRINTF?PRINTF
  +--> ?PR?_SETUSARTTWOPOSIONANDBTR?DATATRANS
  +--> ?PR?_SENDSTRINGDATA?DATATRANS

?PR?_ENDALLPROCESS?TSTBRDCONTRL                  -----    -----      -----    -----      0978H    0001H
  +--> ?PR?_SETUSARTTWOPOSIONANDBTR?DATATRANS
  +--> ?CO?TSTBRDCONTRL
  +--> ?PR?_SENDSTRINGDATA?DATATRANS



SYMBOL TABLE OF MODULE:  .\Objects\BackBrdDrv_Pro (DATATRANS)

  VALUE           TYPE          NAME
  ----------------------------------

  -------         MODULE        DATATRANS
  C:0000H         SYMBOL        _ICE_DUMMY_
  D:0080H         PUBLIC        P0
  X:1038H         PUBLIC        nTestBoardName
  D:0090H         PUBLIC        P1
  D:00A0H         PUBLIC        P2
  C:6AFBH         PUBLIC        _SendFloatData
  D:00B0H         PUBLIC        P3
  D:00C0H         PUBLIC        P4
  C:6F6BH         PUBLIC        _WaitForTrimingProcess
  C:6FE8H         PUBLIC        _SendStringData
  D:00C8H         PUBLIC        P5
  D:00E8H         PUBLIC        P6
  D:00F8H         PUBLIC        P7
  C:7063H         PUBLIC        _SendData
  D:00BAH         PUBLIC        P_SW2
  D:00A8H         PUBLIC        IE
  B:00A8H.4       PUBLIC        ES
  D:00B8H         PUBLIC        IP
  C:698BH         PUBLIC        _SendIntDataSelect
  B:0098H.1       PUBLIC        TI
  D:00D8H         PUBLIC        CCON
  C:5F05H         PUBLIC        _UsartInit
  D:0099H         PUBLIC        SBUF
  X:1040H         PUBLIC        nTempP6PortData
  X:1041H         PUBLIC        nRecieveData
  D:0098H         PUBLIC        SCON
  D:0089H         PUBLIC        TMOD
  D:0088H         PUBLIC        TCON
  C:6BADH         PUBLIC        _SendIntData
  C:604AH         PUBLIC        _SendTrimmingVBEandRotationValues
  C:6180H         PUBLIC        _SetUsartTwoPosionAndBtr
  C:6D09H         PUBLIC        _SendTC18B20PackageTypeToBoard
  X:1109H         PUBLIC        nDeviceIndex
  D:00AFH         PUBLIC        IE2
  D:008EH         PUBLIC        AUXR
BL51 BANKED LINKER/LOCATER V6.22.2.0                                                  05/05/2023  15:28:50  PAGE 9


  B:00A8H.3       PUBLIC        ET1
  X:110AH         PUBLIC        nOtherDeviceName
  D:008DH         PUBLIC        TH1
  D:00D6H         PUBLIC        T2H
  D:008BH         PUBLIC        TL1
  D:00D7H         PUBLIC        T2L
  X:1112H         PUBLIC        nRxDataCunt
  B:0088H.6       PUBLIC        TR1
  D:009BH         PUBLIC        S2BUF
  C:736FH         PUBLIC        _UsartInterrupt
  D:009AH         PUBLIC        S2CON
  C:6563H         PUBLIC        _SendPt100DataToTrimingBoard
  C:5BBAH         PUBLIC        _ReadTemperatureDataFromTrimingBoard
  X:1113H         PUBLIC        nSendData
  X:1127H         PUBLIC        nComTimeOutCunt
  D:00D0H         PUBLIC        PSW
  -------         PROC          _USARTINIT
  D:0007H         SYMBOL        nComPortIndex
  D:0005H         SYMBOL        nBtr
  C:5F05H         LINE#         22
  C:5F05H         LINE#         23
  C:5F05H         LINE#         24
  C:5F10H         LINE#         25
  C:5F13H         LINE#         26
  C:5F16H         LINE#         27
  C:5F19H         LINE#         28
  C:5F1CH         LINE#         30
  C:5F2EH         LINE#         31
  C:5F40H         LINE#         32
  C:5F52H         LINE#         33
  C:5F64H         LINE#         34
  C:5F76H         LINE#         35
  C:5F88H         LINE#         36
  C:5F99H         LINE#         37
  C:5FA6H         LINE#         39
  C:5FA8H         LINE#         40
  C:5FAAH         LINE#         41
  C:5FAAH         LINE#         43
  C:5FB8H         LINE#         44
  C:5FBBH         LINE#         45
  C:5FCDH         LINE#         46
  C:5FDFH         LINE#         47
  C:5FF1H         LINE#         48
  C:6003H         LINE#         49
  C:6015H         LINE#         50
  C:6027H         LINE#         51
  C:6038H         LINE#         52
  C:6046H         LINE#         54
  C:6049H         LINE#         55
  C:6049H         LINE#         56
  -------         ENDPROC       _USARTINIT
  -------         PROC          _USARTINTERRUPT
  D:0007H         SYMBOL        nComPortIndex
  D:0005H         SYMBOL        nEnbDisable
  C:736FH         LINE#         64
  C:736FH         LINE#         65
  C:736FH         LINE#         66
BL51 BANKED LINKER/LOCATER V6.22.2.0                                                  05/05/2023  15:28:50  PAGE 10


  C:7377H         LINE#         67
  C:7383H         LINE#         68
  C:7385H         LINE#         69
  C:7387H         LINE#         71
  C:7387H         LINE#         72
  C:7389H         LINE#         73
  C:7389H         LINE#         74
  C:7389H         LINE#         76
  C:7394H         LINE#         77
  C:73A1H         LINE#         78
  C:73A4H         LINE#         79
  C:73A5H         LINE#         81
  C:73A5H         LINE#         82
  C:73A8H         LINE#         83
  C:73A8H         LINE#         84
  C:73A8H         LINE#         85
  -------         ENDPROC       _USARTINTERRUPT
  -------         PROC          _SETUSARTTWOPOSIONANDBTR
  X:0A86H         SYMBOL        nSerialPortPosion
  D:0001H         SYMBOL        nDeviceName
  D:0003H         SYMBOL        nBtr
  C:6180H         LINE#         95
  C:6187H         LINE#         96
  C:6187H         LINE#         97
  C:6190H         LINE#         98
  C:6196H         LINE#         100
  C:61A5H         LINE#         101
  C:61A8H         LINE#         103
  C:61AFH         LINE#         104
  C:61C8H         LINE#         105
  C:61DBH         LINE#         106
  C:61FBH         LINE#         107
  C:61FDH         LINE#         108
  C:61FDH         LINE#         109
  C:6205H         LINE#         110
  C:6205H         LINE#         112
  C:6214H         LINE#         113
  C:6217H         LINE#         115
  C:621EH         LINE#         116
  C:6237H         LINE#         117
  C:624AH         LINE#         118
  C:626AH         LINE#         119
  C:626CH         LINE#         120
  C:626CH         LINE#         121
  C:6274H         LINE#         122
  C:6274H         LINE#         124
  C:627AH         LINE#         125
  C:6281H         LINE#         126
  -------         ENDPROC       _SETUSARTTWOPOSIONANDBTR
  -------         PROC          _SENDSTRINGDATA
  D:0007H         SYMBOL        nComPortIndex
  X:09AEH         SYMBOL        pData
  C:6FE8H         LINE#         134
  C:6FF3H         LINE#         135
  C:6FF3H         LINE#         136
  C:6FFBH         LINE#         137
  C:700BH         LINE#         138
BL51 BANKED LINKER/LOCATER V6.22.2.0                                                  05/05/2023  15:28:50  PAGE 11


  C:701FH         LINE#         139
  C:7022H         LINE#         140
  C:7024H         LINE#         141
  C:7026H         LINE#         142
  C:7026H         LINE#         144
  C:7031H         LINE#         145
  C:7041H         LINE#         146
  C:7055H         LINE#         147
  C:705DH         LINE#         148
  C:7060H         LINE#         149
  C:7062H         LINE#         150
  C:7062H         LINE#         151
  -------         ENDPROC       _SENDSTRINGDATA
  -------         PROC          _SENDFLOATDATA
  X:097CH         SYMBOL        nComPortIndex
  X:097DH         SYMBOL        pFloatData
  X:0980H         SYMBOL        nFloatDataCunt
  -------         DO            
  X:0982H         SYMBOL        nCunt
  X:0984H         SYMBOL        pData
  -------         ENDDO         
  C:6AFBH         LINE#         160
  C:6B09H         LINE#         161
  C:6B09H         LINE#         162
  C:6B10H         LINE#         165
  C:6B2EH         LINE#         166
  C:6B7AH         LINE#         167
  C:6B88H         LINE#         169
  C:6B9BH         LINE#         170
  C:6BACH         LINE#         171
  -------         ENDPROC       _SENDFLOATDATA
  -------         PROC          _SENDINTDATA
  X:0989H         SYMBOL        nComPortIndex
  X:098AH         SYMBOL        pIntData
  X:098DH         SYMBOL        nIntDataCunt
  -------         DO            
  X:098FH         SYMBOL        nCunt
  X:0991H         SYMBOL        pData
  -------         ENDDO         
  C:6BADH         LINE#         180
  C:6BBBH         LINE#         181
  C:6BBBH         LINE#         182
  C:6BC2H         LINE#         185
  C:6BE0H         LINE#         186
  C:6C2CH         LINE#         187
  C:6C3AH         LINE#         189
  C:6C4DH         LINE#         190
  C:6C5EH         LINE#         191
  -------         ENDPROC       _SENDINTDATA
  -------         PROC          _SENDINTDATASELECT
  X:0984H         SYMBOL        nComPortIndex
  X:0985H         SYMBOL        pIntData
  X:0988H         SYMBOL        nStartDataCunt
  X:098AH         SYMBOL        nStopDataCunt
  -------         DO            
  X:098CH         SYMBOL        nCunt
  X:098EH         SYMBOL        pData
BL51 BANKED LINKER/LOCATER V6.22.2.0                                                  05/05/2023  15:28:50  PAGE 12


  -------         ENDDO         
  C:698BH         LINE#         192
  C:6999H         LINE#         193
  C:6999H         LINE#         194
  C:69A0H         LINE#         197
  C:69C7H         LINE#         198
  C:6A13H         LINE#         199
  C:6A21H         LINE#         201
  C:6A34H         LINE#         202
  C:6A45H         LINE#         203
  -------         ENDPROC       _SENDINTDATASELECT
  -------         PROC          _SENDDATA
  X:0994H         SYMBOL        nComPortIndex
  X:0995H         SYMBOL        pData
  X:0998H         SYMBOL        nIntDataCunt
  -------         DO            
  D:0006H         SYMBOL        nCunt
  -------         ENDDO         
  C:7063H         LINE#         213
  C:7071H         LINE#         214
  C:7071H         LINE#         215
  C:7074H         LINE#         216
  C:7081H         LINE#         217
  C:708EH         LINE#         218
  C:70A0H         LINE#         219
  C:70A3H         LINE#         220
  C:70A5H         LINE#         221
  C:70A5H         LINE#         223
  C:70B4H         LINE#         224
  C:70C6H         LINE#         225
  C:70CEH         LINE#         226
  C:70D1H         LINE#         227
  C:70D1H         LINE#         228
  C:70D8H         LINE#         229
  -------         ENDPROC       _SENDDATA
  -------         PROC          _SENDTC18B20PACKAGETYPETOBOARD
  X:0978H         SYMBOL        nTrimingBoardIndex
  X:0979H         SYMBOL        nPkgType
  -------         DO            
  X:097AH         SYMBOL        nPkgData
  -------         ENDDO         
  C:6D09H         LINE#         239
  C:6D11H         LINE#         240
  C:6D11H         LINE#         243
  C:6D20H         LINE#         244
  C:6D46H         LINE#         245
  C:6D5FH         LINE#         246
  C:6D77H         LINE#         247
  C:6D93H         LINE#         248
  C:6D9EH         LINE#         249
  C:6D9EH         LINE#         250
  C:6DA6H         LINE#         251
  -------         ENDPROC       _SENDTC18B20PACKAGETYPETOBOARD
  -------         PROC          _WAITFORTRIMINGPROCESS
  X:0978H         SYMBOL        nTrimingBoardIndex
  C:6F6BH         LINE#         260
  C:6F70H         LINE#         261
BL51 BANKED LINKER/LOCATER V6.22.2.0                                                  05/05/2023  15:28:50  PAGE 13


  C:6F70H         LINE#         262
  C:6F89H         LINE#         263
  C:6FA1H         LINE#         264
  C:6FBDH         LINE#         265
  C:6FC0H         LINE#         266
  C:6FC0H         LINE#         267
  C:6FC3H         LINE#         268
  C:6FCBH         LINE#         269
  C:6FCEH         LINE#         271
  C:6FD3H         LINE#         272
  C:6FD6H         LINE#         273
  C:6FDBH         LINE#         274
  C:6FDDH         LINE#         275
  C:6FDDH         LINE#         276
  C:6FDFH         LINE#         277
  C:6FDFH         LINE#         278
  C:6FE7H         LINE#         279
  -------         ENDPROC       _WAITFORTRIMINGPROCESS
  -------         PROC          _READTEMPERATUREDATAFROMTRIMINGBOARD
  X:0978H         SYMBOL        nTrimingBoardIndex
  X:0979H         SYMBOL        pData
  -------         DO            
  X:097CH         SYMBOL        nTemperatureData
  -------         ENDDO         
  C:5BBAH         LINE#         289
  C:5BC8H         LINE#         290
  C:5BC8H         LINE#         293
  C:5BE1H         LINE#         294
  C:5C02H         LINE#         295
  C:5C0AH         LINE#         297
  C:5C23H         LINE#         298
  C:5C3BH         LINE#         299
  C:5C57H         LINE#         300
  C:5C59H         LINE#         301
  C:5C59H         LINE#         302
  C:5C61H         LINE#         304
  C:5C66H         LINE#         305
  C:5C69H         LINE#         306
  C:5C69H         LINE#         307
  C:5C6CH         LINE#         308
  C:5C74H         LINE#         309
  C:5C77H         LINE#         311
  C:5C7CH         LINE#         312
  C:5C7FH         LINE#         314
  C:5C95H         LINE#         315
  C:5C9BH         LINE#         316
  C:5C9BH         LINE#         317
  C:5C9BH         LINE#         318
  C:5C9BH         LINE#         320
  C:5C9BH         LINE#         321
  C:5CA0H         LINE#         322
  C:5CA3H         LINE#         323
  C:5CB9H         LINE#         324
  C:5CBFH         LINE#         325
  C:5CCBH         LINE#         326
  C:5CCDH         LINE#         327
  C:5CCDH         LINE#         328
BL51 BANKED LINKER/LOCATER V6.22.2.0                                                  05/05/2023  15:28:50  PAGE 14


  C:5CCFH         LINE#         330
  C:5CEBH         LINE#         331
  C:5D06H         LINE#         332
  C:5D0FH         LINE#         333
  C:5D30H         LINE#         335
  C:5D5EH         LINE#         336
  C:5D68H         LINE#         337
  -------         ENDPROC       _READTEMPERATUREDATAFROMTRIMINGBOARD
  -------         PROC          _SENDPT100DATATOTRIMINGBOARD
  X:0978H         SYMBOL        nTrimingBoardIndex
  X:0979H         SYMBOL        pData
  C:6563H         LINE#         347
  C:6571H         LINE#         348
  C:6571H         LINE#         349
  C:65EDH         LINE#         350
  C:6606H         LINE#         351
  C:661EH         LINE#         352
  C:663AH         LINE#         353
  C:663AH         LINE#         354
  C:6642H         LINE#         356
  C:664DH         LINE#         357
  -------         ENDPROC       _SENDPT100DATATOTRIMINGBOARD
  -------         PROC          _SENDTRIMMINGVBEANDROTATIONVALUES
  X:0978H         SYMBOL        nTrimingBoardIndex
  X:0979H         SYMBOL        pData
  -------         DO            
  X:097CH         SYMBOL        nVBEData
  -------         ENDDO         
  C:604AH         LINE#         358
  C:6058H         LINE#         359
  C:6058H         LINE#         362
  C:6067H         LINE#         363
  C:606FH         LINE#         364
  C:60C2H         LINE#         365
  C:60C4H         LINE#         366
  C:60CCH         LINE#         367
  C:611FH         LINE#         368
  C:611FH         LINE#         369
  C:6138H         LINE#         370
  C:6150H         LINE#         371
  C:616CH         LINE#         372
  C:6177H         LINE#         373
  C:6177H         LINE#         374
  C:617FH         LINE#         375
  -------         ENDPROC       _SENDTRIMMINGVBEANDROTATIONVALUES
  -------         ENDMOD        DATATRANS

  -------         MODULE        PC
  C:0000H         SYMBOL        _ICE_DUMMY_
  D:0080H         PUBLIC        P0
  D:0090H         PUBLIC        P1
  D:00A0H         PUBLIC        P2
  D:00B0H         PUBLIC        P3
  D:00C0H         PUBLIC        P4
  D:00C8H         PUBLIC        P5
  D:00E8H         PUBLIC        P6
  D:00F8H         PUBLIC        P7
BL51 BANKED LINKER/LOCATER V6.22.2.0                                                  05/05/2023  15:28:50  PAGE 15


  X:120EH         PUBLIC        nCunt
  D:00A8H         PUBLIC        IE
  C:73E3H         PUBLIC        _SendIntDataToPC
  D:00B8H         PUBLIC        IP
  B:0098H.0       PUBLIC        RI
  D:00D8H         PUBLIC        CCON
  D:0099H         PUBLIC        SBUF
  D:0098H         PUBLIC        SCON
  D:0088H         PUBLIC        TCON
  C:7419H         PUBLIC        _SendFloatDataToPC
  C:7524H         PUBLIC        _SendStringDataToPC
  X:120FH         PUBLIC        Version
  C:4A8AH         PUBLIC        _ReadTC18B20PackageAndUsePt100Index
  C:55DEH         PUBLIC        ReadTrimmingDataFromPC
  D:00D0H         PUBLIC        PSW
  -------         PROC          _SENDSTRINGDATATOPC
  X:0984H         SYMBOL        pData
  C:7524H         LINE#         11
  C:752FH         LINE#         12
  C:752FH         LINE#         14
  C:7536H         LINE#         15
  C:7546H         LINE#         16
  -------         ENDPROC       _SENDSTRINGDATATOPC
  -------         PROC          _SENDFLOATDATATOPC
  X:0978H         SYMBOL        pFloatData
  X:097BH         SYMBOL        nFloatDataCunt
  C:7419H         LINE#         18
  C:7427H         LINE#         19
  C:7427H         LINE#         21
  C:742EH         LINE#         22
  C:7449H         LINE#         23
  -------         ENDPROC       _SENDFLOATDATATOPC
  -------         PROC          _SENDINTDATATOPC
  X:0984H         SYMBOL        pIntData
  X:0987H         SYMBOL        nIntDataCunt
  C:73E3H         LINE#         25
  C:73F4H         LINE#         26
  C:73F4H         LINE#         28
  C:73FBH         LINE#         29
  C:7418H         LINE#         30
  -------         ENDPROC       _SENDINTDATATOPC
  -------         PROC          _READTC18B20PACKAGEANDUSEPT100INDEX
  X:0978H         SYMBOL        nPackageType
  X:097BH         SYMBOL        nPt100Index
  -------         DO            
  X:097EH         SYMBOL        nTempRxData
  X:0988H         SYMBOL        nPt100Cunt
  X:0989H         SYMBOL        nBitCunt
  -------         ENDDO         
  C:4A8AH         LINE#         32
  C:4A95H         LINE#         33
  C:4A95H         LINE#         35
  C:4A9CH         LINE#         37
  C:4AA2H         LINE#         39
  C:4AA7H         LINE#         40
  C:4AA9H         LINE#         41
  C:4AA9H         LINE#         42
BL51 BANKED LINKER/LOCATER V6.22.2.0                                                  05/05/2023  15:28:50  PAGE 16


  C:4AACH         LINE#         43
  C:4AAEH         LINE#         45
  C:4ABEH         LINE#         46
  C:4AD0H         LINE#         47
  C:4AD0H         LINE#         48
  C:4AD0H         LINE#         50
  C:4AD6H         LINE#         51
  C:4AD6H         LINE#         52
  C:4AD8H         LINE#         54
  C:4AE7H         LINE#         55
  C:4AFFH         LINE#         56
  C:4B1AH         LINE#         57
  C:4B22H         LINE#         59
  C:4B7AH         LINE#         60
  C:4B8DH         LINE#         61
  C:4B90H         LINE#         63
  C:4BE8H         LINE#         64
  C:4BFBH         LINE#         65
  C:4BFEH         LINE#         67
  C:4C56H         LINE#         68
  C:4C69H         LINE#         69
  C:4C6BH         LINE#         71
  C:4C6BH         LINE#         72
  C:4C7EH         LINE#         73
  C:4C7EH         LINE#         75
  C:4CAAH         LINE#         76
  C:4CBDH         LINE#         77
  C:4CC0H         LINE#         79
  C:4D18H         LINE#         80
  C:4D2BH         LINE#         81
  C:4D2DH         LINE#         83
  C:4D2DH         LINE#         84
  C:4D40H         LINE#         85
  C:4D40H         LINE#         88
  C:4D4FH         LINE#         89
  C:4D54H         LINE#         90
  C:4D54H         LINE#         91
  C:4D65H         LINE#         92
  C:4D6BH         LINE#         93
  C:4D6DH         LINE#         94
  C:4D6DH         LINE#         95
  C:4D73H         LINE#         96
  C:4D75H         LINE#         98
  C:4D75H         LINE#         99
  C:4D86H         LINE#         100
  C:4D8CH         LINE#         101
  C:4D8EH         LINE#         102
  C:4D8EH         LINE#         103
  C:4D94H         LINE#         104
  C:4D96H         LINE#         106
  C:4DB2H         LINE#         107
  C:4DC1H         LINE#         109
  C:4DC6H         LINE#         110
  C:4DC6H         LINE#         111
  C:4DEAH         LINE#         112
  C:4DEAH         LINE#         114
  C:4DEAH         LINE#         115
BL51 BANKED LINKER/LOCATER V6.22.2.0                                                  05/05/2023  15:28:50  PAGE 17


  C:4E0EH         LINE#         116
  C:4E14H         LINE#         117
  C:4E1AH         LINE#         118
  C:4E1AH         LINE#         119
  C:4E1CH         LINE#         121
  C:4E43H         LINE#         122
  C:4E55H         LINE#         123
  C:4E55H         LINE#         124
  C:4E55H         LINE#         126
  C:4E55H         LINE#         127
  C:4E5BH         LINE#         128
  C:4E5BH         LINE#         129
  C:4E64H         LINE#         130
  -------         ENDPROC       _READTC18B20PACKAGEANDUSEPT100INDEX
  -------         PROC          READTRIMMINGDATAFROMPC
  -------         DO            
  X:0978H         SYMBOL        nTempRxData
  X:0982H         SYMBOL        nCuntA
  X:0983H         SYMBOL        nBitCunt
  -------         ENDDO         
  C:55DEH         LINE#         132
  C:55DEH         LINE#         133
  C:55DEH         LINE#         135
  C:55E5H         LINE#         137
  C:55EBH         LINE#         139
  C:55F0H         LINE#         140
  C:55F2H         LINE#         141
  C:55F2H         LINE#         142
  C:55F5H         LINE#         143
  C:55F7H         LINE#         145
  C:5607H         LINE#         146
  C:5619H         LINE#         147
  C:5619H         LINE#         148
  C:5619H         LINE#         150
  C:561FH         LINE#         151
  C:561FH         LINE#         152
  C:5621H         LINE#         153
  C:564DH         LINE#         154
  C:5653H         LINE#         155
  C:565CH         LINE#         156
  C:565EH         LINE#         157
  C:568AH         LINE#         158
  C:5690H         LINE#         159
  C:5699H         LINE#         160
  C:5699H         LINE#         161
  C:56A8H         LINE#         162
  C:56ADH         LINE#         163
  C:56ADH         LINE#         164
  C:56BEH         LINE#         165
  C:56C4H         LINE#         166
  C:56C6H         LINE#         167
  C:56C6H         LINE#         168
  C:56CCH         LINE#         169
  C:56CEH         LINE#         171
  C:56EAH         LINE#         172
  C:56F9H         LINE#         174
  C:56FEH         LINE#         175
BL51 BANKED LINKER/LOCATER V6.22.2.0                                                  05/05/2023  15:28:50  PAGE 18


  C:56FEH         LINE#         176
  C:5722H         LINE#         177
  C:5722H         LINE#         179
  C:5722H         LINE#         180
  C:5746H         LINE#         181
  C:574CH         LINE#         182
  C:5752H         LINE#         183
  C:5752H         LINE#         184
  C:5754H         LINE#         186
  C:5780H         LINE#         188
  C:5792H         LINE#         189
  C:579BH         LINE#         190
  C:57A3H         LINE#         191
  C:57A9H         LINE#         192
  C:57B2H         LINE#         193
  C:57CCH         LINE#         194
  C:57CEH         LINE#         195
  C:57CEH         LINE#         196
  C:57D7H         LINE#         197
  C:57E4H         LINE#         198
  C:57E4H         LINE#         199
  C:57EDH         LINE#         200
  C:57EEH         LINE#         201
  C:57EEH         LINE#         203
  C:57EEH         LINE#         204
  C:57F4H         LINE#         205
  C:57F4H         LINE#         207
  C:57FDH         LINE#         208
  -------         ENDPROC       READTRIMMINGDATAFROMPC
  -------         ENDMOD        PC

  -------         MODULE        TSTBRDCONTRL
  C:0000H         SYMBOL        _ICE_DUMMY_
  C:760EH         PUBLIC        TstBrdPowerInit
  D:0080H         PUBLIC        P0
  D:0090H         PUBLIC        P1
  D:00A0H         PUBLIC        P2
  D:00B0H         PUBLIC        P3
  D:00C0H         PUBLIC        P4
  D:00C8H         PUBLIC        P5
  D:00E8H         PUBLIC        P6
  D:00F8H         PUBLIC        P7
  X:11F3H         PUBLIC        nPowerTestBoardIndex
  D:00A8H         PUBLIC        IE
  C:70D9H         PUBLIC        _EndAllProcess
  D:00B8H         PUBLIC        IP
  D:00D8H         PUBLIC        CCON
  X:11FBH         PUBLIC        nTempP7PortData
  D:0098H         PUBLIC        SCON
  D:0088H         PUBLIC        TCON
  C:71A1H         PUBLIC        _SetTstBrdPowerOn
  X:11FCH         PUBLIC        nBoardIndex
  X:11FDH         PUBLIC        nBoardIsHerePwr
  D:009BH         PUBLIC        S2BUF
  D:009AH         PUBLIC        S2CON
  C:68CEH         PUBLIC        _SearchTestMainBoard
  X:1205H         PUBLIC        nTestBoardIndex
BL51 BANKED LINKER/LOCATER V6.22.2.0                                                  05/05/2023  15:28:50  PAGE 19


  D:00D0H         PUBLIC        PSW
  -------         PROC          TSTBRDPOWERINIT
  C:760EH         LINE#         19
  C:760EH         LINE#         20
  C:760EH         LINE#         21
  C:7611H         LINE#         22
  -------         ENDPROC       TSTBRDPOWERINIT
  -------         PROC          _SETTSTBRDPOWERON
  D:0003H         SYMBOL        nBoardIndex
  C:71A1H         LINE#         24
  C:71A3H         LINE#         27
  C:71A3H         LINE#         28
  C:71A8H         LINE#         29
  C:71C0H         LINE#         30
  C:71D3H         LINE#         31
  C:71F2H         LINE#         32
  C:71F2H         LINE#         33
  C:71FAH         LINE#         35
  C:7201H         LINE#         36
  -------         ENDPROC       _SETTSTBRDPOWERON
  -------         PROC          _SEARCHTESTMAINBOARD
  X:0978H         SYMBOL        nTestMainBoardIndex
  C:68CEH         LINE#         45
  C:68D9H         LINE#         46
  C:68D9H         LINE#         47
  C:68E8H         LINE#         48
  C:6903H         LINE#         49
  C:690AH         LINE#         50
  C:6925H         LINE#         51
  C:6930H         LINE#         53
  C:6933H         LINE#         54
  C:6933H         LINE#         55
  C:6938H         LINE#         56
  C:693BH         LINE#         57
  C:6940H         LINE#         58
  C:6967H         LINE#         59
  C:6969H         LINE#         60
  C:6969H         LINE#         61
  C:6969H         LINE#         63
  C:697DH         LINE#         64
  C:697FH         LINE#         65
  C:6981H         LINE#         66
  C:698AH         LINE#         67
  -------         ENDPROC       _SEARCHTESTMAINBOARD
  -------         PROC          _ENDALLPROCESS
  X:0978H         SYMBOL        nTestMainBoardIndex
  C:70D9H         LINE#         76
  C:70DEH         LINE#         77
  C:70DEH         LINE#         78
  C:70F7H         LINE#         79
  C:710FH         LINE#         80
  C:712BH         LINE#         81
  C:7136H         LINE#         82
  C:7136H         LINE#         83
  C:713EH         LINE#         84
  -------         ENDPROC       _ENDALLPROCESS
  -------         ENDMOD        TSTBRDCONTRL
BL51 BANKED LINKER/LOCATER V6.22.2.0                                                  05/05/2023  15:28:50  PAGE 20



  -------         MODULE        DELAYTIME
  C:0000H         SYMBOL        _ICE_DUMMY_
  D:0080H         PUBLIC        P0
  D:0090H         PUBLIC        P1
  D:00A0H         PUBLIC        P2
  D:00B0H         PUBLIC        P3
  D:00C0H         PUBLIC        P4
  D:00C8H         PUBLIC        P5
  D:00E8H         PUBLIC        P6
  D:00F8H         PUBLIC        P7
  C:75A9H         PUBLIC        Timer0Interrupt
  D:00A8H         PUBLIC        IE
  D:00B8H         PUBLIC        IP
  D:00D8H         PUBLIC        CCON
  C:74FFH         PUBLIC        Delay_5US
  D:0098H         PUBLIC        SCON
  D:0089H         PUBLIC        TMOD
  D:0088H         PUBLIC        TCON
  X:1210H         PUBLIC        nTimer0Cunt
  D:008EH         PUBLIC        AUXR
  B:00A8H.1       PUBLIC        ET0
  B:0088H.5       PUBLIC        TF0
  D:008CH         PUBLIC        TH0
  D:008AH         PUBLIC        TL0
  B:0088H.4       PUBLIC        TR0
  X:1211H         PUBLIC        nRunStopCunt
  C:744AH         PUBLIC        _Delay_MS
  D:00D0H         PUBLIC        PSW
  -------         PROC          _DELAY_MS
  D:0006H         SYMBOL        nDelayMs
  -------         DO            
  D:0004H         SYMBOL        nDelayCunt
  -------         ENDDO         
  C:744AH         LINE#         7
  C:744AH         LINE#         8
  C:744AH         LINE#         9
  C:744DH         LINE#         11
  C:7450H         LINE#         12
  C:7453H         LINE#         14
  C:7456H         LINE#         15
  C:7459H         LINE#         16
  C:745BH         LINE#         18
  C:745DH         LINE#         19
  C:745FH         LINE#         21
  C:745FH         LINE#         22
  C:7467H         LINE#         23
  C:7468H         LINE#         24
  C:746DH         LINE#         25
  C:746DH         LINE#         27
  C:7475H         LINE#         28
  C:7475H         LINE#         29
  C:7477H         LINE#         30
  C:7479H         LINE#         31
  C:7479H         LINE#         32
  C:7479H         LINE#         33
  C:7479H         LINE#         34
BL51 BANKED LINKER/LOCATER V6.22.2.0                                                  05/05/2023  15:28:50  PAGE 21


  -------         ENDPROC       _DELAY_MS
  -------         PROC          DELAY_5US
  C:74FFH         LINE#         36
  C:74FFH         LINE#         37
  C:74FFH         LINE#         38
  C:7504H         LINE#         40
  C:7507H         LINE#         41
  C:750AH         LINE#         42
  C:750DH         LINE#         43
  C:7510H         LINE#         44
  C:7512H         LINE#         46
  C:7514H         LINE#         47
  C:7516H         LINE#         49
  C:7516H         LINE#         50
  C:7516H         LINE#         51
  C:751EH         LINE#         52
  C:751EH         LINE#         53
  C:7520H         LINE#         54
  C:7522H         LINE#         55
  C:7523H         LINE#         56
  C:7523H         LINE#         57
  C:7523H         LINE#         58
  C:7523H         LINE#         59
  -------         ENDPROC       DELAY_5US
  -------         PROC          TIMER0INTERRUPT
  C:75A9H         LINE#         86
  C:75AFH         LINE#         88
  C:75B5H         LINE#         89
  -------         ENDPROC       TIMER0INTERRUPT
  -------         ENDMOD        DELAYTIME

  -------         MODULE        SYSTEMINIT
  C:0000H         SYMBOL        _ICE_DUMMY_
  D:0092H         PUBLIC        P1M0
  D:0091H         PUBLIC        P1M1
  D:0080H         PUBLIC        P0
  D:0090H         PUBLIC        P1
  D:00A0H         PUBLIC        P2
  D:00B0H         PUBLIC        P3
  D:00CCH         PUBLIC        P6M0
  D:00C0H         PUBLIC        P4
  D:00E2H         PUBLIC        P7M0
  D:00CBH         PUBLIC        P6M1
  D:00C8H         PUBLIC        P5
  B:00A8H.7       PUBLIC        EA
  D:00E1H         PUBLIC        P7M1
  D:00E8H         PUBLIC        P6
  D:00F8H         PUBLIC        P7
  D:00BAH         PUBLIC        P_SW2
  D:00A8H         PUBLIC        IE
  B:00A0H.6       PUBLIC        START
  B:00A8H.4       PUBLIC        ES
  D:00B8H         PUBLIC        IP
  B:0098H.0       PUBLIC        RI
  B:0021H.6       PUBLIC        bRunModeFlag
  C:732EH         PUBLIC        SystemInit
  D:00D8H         PUBLIC        CCON
BL51 BANKED LINKER/LOCATER V6.22.2.0                                                  05/05/2023  15:28:50  PAGE 22


  C:74AAH         PUBLIC        Delay100MS
  B:00A0H.7       PUBLIC        COLLECTOR
  D:0099H         PUBLIC        SBUF
  D:0098H         PUBLIC        SCON
  D:0088H         PUBLIC        TCON
  B:00B0H.2       PUBLIC        P32
  C:757FH         PUBLIC        ScanPressKey
  D:00C7H         PUBLIC        IAP_CONTR
  B:0088H.0       PUBLIC        IT0
  B:00A8H.0       PUBLIC        EX0
  B:0088H.2       PUBLIC        IT1
  B:00A8H.2       PUBLIC        EX1
  B:0021H.7       PUBLIC        bStartFlag
  C:53A3H         PUBLIC        RecievePressKeyCommandFromPC
  B:0022H.0       PUBLIC        bInitFlag
  C:7547H         PUBLIC        StartProcess
  C:7563H         PUBLIC        TrimingBoardCollector
  D:00D0H         PUBLIC        PSW
  -------         PROC          SYSTEMINIT
  C:732EH         LINE#         10
  C:732EH         LINE#         11
  C:732EH         LINE#         12
  C:7331H         LINE#         13
  C:7337H         LINE#         14
  C:733EH         LINE#         15
  C:7343H         LINE#         16
  C:7348H         LINE#         17
  C:734BH         LINE#         19
  C:734EH         LINE#         20
  C:7350H         LINE#         21
  C:7352H         LINE#         22
  C:7354H         LINE#         24
  C:7356H         LINE#         25
  C:7358H         LINE#         27
  C:735AH         LINE#         28
  C:735CH         LINE#         29
  C:735EH         LINE#         31
  C:7361H         LINE#         32
  C:7363H         LINE#         34
  C:7366H         LINE#         35
  C:7368H         LINE#         37
  C:736BH         LINE#         38
  C:736EH         LINE#         39
  -------         ENDPROC       SYSTEMINIT
  -------         PROC          DELAY100MS
  -------         DO            
  D:0006H         SYMBOL        cunt1
  D:0004H         SYMBOL        cunt2
  -------         ENDDO         
  C:74AAH         LINE#         41
  C:74AAH         LINE#         42
  C:74AAH         LINE#         43
  C:74AFH         LINE#         44
  C:74BAH         LINE#         45
  C:74BAH         LINE#         46
  C:74C8H         LINE#         47
  C:74D0H         LINE#         48
BL51 BANKED LINKER/LOCATER V6.22.2.0                                                  05/05/2023  15:28:50  PAGE 23


  C:74D7H         LINE#         49
  -------         ENDPROC       DELAY100MS
  -------         PROC          SCANPRESSKEY
  C:757FH         LINE#         51
  C:7586H         LINE#         53
  C:7588H         LINE#         54
  C:7588H         LINE#         55
  C:758BH         LINE#         56
  C:758EH         LINE#         57
  C:7590H         LINE#         58
  C:7590H         LINE#         59
  C:7590H         LINE#         60
  C:7590H         LINE#         61
  -------         ENDPROC       SCANPRESSKEY
  -------         PROC          RECIEVEPRESSKEYCOMMANDFROMPC
  -------         DO            
  D:001FH         SYMBOL        nRxDataCunt
  -------         ENDDO         
  C:53A3H         LINE#         63
  C:53B0H         LINE#         65
  C:53B2H         LINE#         67
  C:53B4H         LINE#         68
  C:53B4H         LINE#         69
  C:53B7H         LINE#         70
  C:53B9H         LINE#         72
  C:53CCH         LINE#         73
  C:53E0H         LINE#         74
  C:53E0H         LINE#         76
  C:53E1H         LINE#         77
  C:53E1H         LINE#         78
  C:53E3H         LINE#         82
  C:5467H         LINE#         83
  C:5469H         LINE#         84
  C:5469H         LINE#         88
  C:54EDH         LINE#         89
  C:54EFH         LINE#         90
  C:54EFH         LINE#         91
  C:551BH         LINE#         92
  C:551DH         LINE#         93
  C:551DH         LINE#         96
  C:55A1H         LINE#         97
  C:55A4H         LINE#         98
  C:55A4H         LINE#         99
  C:55D0H         LINE#         100
  C:55D3H         LINE#         101
  C:55D3H         LINE#         102
  -------         ENDPROC       RECIEVEPRESSKEYCOMMANDFROMPC
  -------         PROC          STARTPROCESS
  C:7547H         LINE#         104
  C:7547H         LINE#         105
  C:7547H         LINE#         106
  C:7549H         LINE#         107
  C:7550H         LINE#         108
  C:7552H         LINE#         109
  C:7559H         LINE#         110
  C:755BH         LINE#         111
  C:7562H         LINE#         112
BL51 BANKED LINKER/LOCATER V6.22.2.0                                                  05/05/2023  15:28:50  PAGE 24


  -------         ENDPROC       STARTPROCESS
  -------         PROC          TRIMINGBOARDCOLLECTOR
  C:7563H         LINE#         114
  C:7563H         LINE#         115
  C:7563H         LINE#         116
  C:7565H         LINE#         117
  C:756CH         LINE#         118
  C:756EH         LINE#         119
  C:7575H         LINE#         120
  C:7577H         LINE#         121
  C:757EH         LINE#         122
  -------         ENDPROC       TRIMINGBOARDCOLLECTOR
  -------         ENDMOD        SYSTEMINIT

  -------         MODULE        MAINPRO
  C:0000H         SYMBOL        _ICE_DUMMY_
  D:0080H         PUBLIC        P0
  X:1129H         PUBLIC        DefaultPT100
  D:0090H         PUBLIC        P1
  B:0022H.1       PUBLIC        bTestFlag
  D:00A0H         PUBLIC        P2
  D:00B0H         PUBLIC        P3
  D:00C0H         PUBLIC        P4
  X:1131H         PUBLIC        nChamberStable
  D:00C8H         PUBLIC        P5
  D:00E8H         PUBLIC        P6
  D:00F8H         PUBLIC        P7
  X:1132H         PUBLIC        fLoOffset
  D:00A8H         PUBLIC        IE
  X:115EH         PUBLIC        fUpOffset
  B:00A8H.4       PUBLIC        ES
  D:00B8H         PUBLIC        IP
  X:118AH         PUBLIC        nTimeCunt
  C:3246H         PUBLIC        fLoOffset_1
  C:3232H         PUBLIC        fLoOffset_3
  C:3202H         PUBLIC        fLoOffset_6
  C:315AH         PUBLIC        fSetChamberTemperature_10
  D:00D8H         PUBLIC        CCON
  X:118BH         PUBLIC        LabChamTemp
  C:324AH         PUBLIC        fSetChamberTemperature_11
  C:0026H         PUBLIC        main
  C:3242H         PUBLIC        fUpOffset_1
  C:3226H         PUBLIC        fUpOffset_3
  C:31EAH         PUBLIC        fUpOffset_6
  D:0098H         PUBLIC        SCON
  D:0088H         PUBLIC        TCON
  X:118FH         PUBLIC        nTestTemperaturePoint
  X:1190H         PUBLIC        aa
  X:1191H         PUBLIC        bb
  X:1192H         PUBLIC        cc
  X:1193H         PUBLIC        dd
  X:1194H         PUBLIC        RotationValues
  B:00A8H.0       PUBLIC        EX0
  C:31AAH         PUBLIC        fLoOffset_10
  C:32A2H         PUBLIC        fLoOffset_11
  C:3182H         PUBLIC        fUpOffset_10
  C:3276H         PUBLIC        fUpOffset_11
BL51 BANKED LINKER/LOCATER V6.22.2.0                                                  05/05/2023  15:28:50  PAGE 25


  X:1195H         PUBLIC        fVccVoltage
  C:3152H         PUBLIC        fTrimingTemperature
  X:11A1H         PUBLIC        fSetChamberTemperature
  X:11CDH         PUBLIC        VBEandRotation
  C:323EH         PUBLIC        fSetChamberTemperature_1
  B:0022H.2       PUBLIC        bChamberStableFlag
  C:321AH         PUBLIC        fSetChamberTemperature_3
  C:31D2H         PUBLIC        fSetChamberTemperature_6
  D:00D0H         PUBLIC        PSW
  -------         PROC          MAIN
  -------         DO            
  X:000CH         SYMBOL        nTestMainBoardIndex
  X:000DH         SYMBOL        nTestBoardCunt
  X:000EH         SYMBOL        nChipCunt
  X:000FH         SYMBOL        nChipPackageType
  X:0010H         SYMBOL        nNeedPt100Number
  X:0011H         SYMBOL        nInputPt100NumberFromPc
  X:0012H         SYMBOL        nPt100Cunt
  X:0013H         SYMBOL        i
  D:0007H         SYMBOL        j
  X:0014H         SYMBOL        k
  X:0015H         SYMBOL        nPT100Index
  X:0035H         SYMBOL        nTemperaturePoint
  X:0036H         SYMBOL        nTempDataCunt
  X:0037H         SYMBOL        nBoardPt100
  X:0038H         SYMBOL        nUseBoardCunt
  X:0039H         SYMBOL        nMaxChipCuntOneBoard
  X:003AH         SYMBOL        nPassFailResult
  X:01BAH         SYMBOL        nVoltagePoint
  X:01BBH         SYMBOL        nTrimOrRead
  B:0020H.0       SYMBOL        bPackageIshere
  B:0020H.1       SYMBOL        bVoltageIsHere
  B:0020H.2       SYMBOL        bPt100IsHere
  B:0020H.3       SYMBOL        bRunMode
  B:0020H.4       SYMBOL        bDefaultFlag
  X:01BCH         SYMBOL        fXJYDataAverage
  X:023CH         SYMBOL        fTemperature
  X:02FCH         SYMBOL        fTemperatureAverage
  X:08FCH         SYMBOL        fBoardCfguoData
  X:090CH         SYMBOL        nTemperature
  X:096CH         SYMBOL        fPt100Offset
  X:0970H         SYMBOL        fVcc
  X:0974H         SYMBOL        fSupplyCurrent
  C:0078H         SYMBOL        SysInit
  -------         ENDDO         
  C:0026H         LINE#         85
  C:0026H         LINE#         86
  C:0026H         LINE#         88
  C:002CH         LINE#         89
  C:002EH         LINE#         94
  C:0038H         LINE#         95
  C:003BH         LINE#         96
  C:0042H         LINE#         97
  C:004BH         LINE#         98
  C:0054H         LINE#         99
  C:005DH         LINE#         100
  C:0066H         LINE#         101
BL51 BANKED LINKER/LOCATER V6.22.2.0                                                  05/05/2023  15:28:50  PAGE 26


  C:006FH         LINE#         102
  C:0078H         LINE#         103
  C:0078H         LINE#         104
  C:007AH         LINE#         105
  C:007CH         LINE#         106
  C:007CH         LINE#         107
  C:007CH         LINE#         108
  C:007FH         LINE#         109
  C:007FH         LINE#         112
  C:0103H         LINE#         113
  C:0103H         LINE#         114
  C:0105H         LINE#         115
  C:010EH         LINE#         116
  C:0111H         LINE#         118
  C:0111H         LINE#         119
  C:0113H         LINE#         123
  C:0197H         LINE#         124
  C:0197H         LINE#         126
  C:0199H         LINE#         128
  C:01ABH         LINE#         129
  C:01ABH         LINE#         130
  C:01C6H         LINE#         131
  C:01CEH         LINE#         132
  C:01D4H         LINE#         133
  C:01DDH         LINE#         134
  C:01DFH         LINE#         136
  C:01DFH         LINE#         137
  C:01E8H         LINE#         138
  C:01E8H         LINE#         139
  C:01E8H         LINE#         142
  C:026CH         LINE#         143
  C:026CH         LINE#         144
  C:0271H         LINE#         145
  C:0276H         LINE#         146
  C:027FH         LINE#         147
  C:027FH         LINE#         148
  C:0285H         LINE#         149
  C:0285H         LINE#         152
  C:0309H         LINE#         153
  C:0309H         LINE#         154
  C:030FH         LINE#         155
  C:0316H         LINE#         156
  C:031FH         LINE#         157
  C:031FH         LINE#         158
  C:031FH         LINE#         161
  C:034BH         LINE#         162
  C:034BH         LINE#         163
  C:0351H         LINE#         164
  C:035AH         LINE#         165
  C:035DH         LINE#         166
  C:0389H         LINE#         167
  C:0389H         LINE#         168
  C:038FH         LINE#         169
  C:0398H         LINE#         170
  C:039BH         LINE#         171
  C:03C7H         LINE#         172
  C:03C7H         LINE#         173
BL51 BANKED LINKER/LOCATER V6.22.2.0                                                  05/05/2023  15:28:50  PAGE 27


  C:03CDH         LINE#         174
  C:03D6H         LINE#         175
  C:03D8H         LINE#         176
  C:0404H         LINE#         177
  C:0404H         LINE#         178
  C:040AH         LINE#         179
  C:0413H         LINE#         180
  C:0415H         LINE#         181
  C:0441H         LINE#         182
  C:0441H         LINE#         183
  C:0447H         LINE#         184
  C:0450H         LINE#         185
  C:0450H         LINE#         186
  C:0465H         LINE#         187
  C:0465H         LINE#         188
  C:046DH         LINE#         189
  C:046DH         LINE#         190
  C:0495H         LINE#         191
  C:04BDH         LINE#         192
  C:04E5H         LINE#         193
  C:04E8H         LINE#         194
  C:04F0H         LINE#         195
  C:04F0H         LINE#         196
  C:0518H         LINE#         197
  C:0540H         LINE#         198
  C:0568H         LINE#         199
  C:056BH         LINE#         200
  C:0573H         LINE#         201
  C:0573H         LINE#         202
  C:059BH         LINE#         203
  C:05C3H         LINE#         204
  C:05EBH         LINE#         205
  C:05EEH         LINE#         206
  C:05F6H         LINE#         207
  C:05F6H         LINE#         208
  C:061EH         LINE#         209
  C:0646H         LINE#         210
  C:066EH         LINE#         211
  C:0671H         LINE#         212
  C:0679H         LINE#         213
  C:0679H         LINE#         214
  C:06A1H         LINE#         215
  C:06C9H         LINE#         216
  C:06F1H         LINE#         217
  C:06F1H         LINE#         218
  C:06FAH         LINE#         219
  C:0709H         LINE#         220
  C:0709H         LINE#         222
  C:0712H         LINE#         223
  C:071BH         LINE#         224
  C:0724H         LINE#         225
  C:0727H         LINE#         226
  C:0727H         LINE#         228
  C:0727H         LINE#         229
  C:0727H         LINE#         230
  C:0727H         LINE#         232
  C:072AH         LINE#         233
BL51 BANKED LINKER/LOCATER V6.22.2.0                                                  05/05/2023  15:28:50  PAGE 28


  C:072AH         LINE#         235
  C:0733H         LINE#         236
  C:0739H         LINE#         237
  C:0749H         LINE#         238
  C:0750H         LINE#         239
  C:0750H         LINE#         241
  C:075BH         LINE#         242
  C:075EH         LINE#         249
  C:0760H         LINE#         250
  C:0760H         LINE#         251
  C:0760H         LINE#         252
  C:0763H         LINE#         253
  C:0763H         LINE#         254
  C:0765H         LINE#         256
  C:076CH         LINE#         257
  C:0771H         LINE#         259
  C:0778H         LINE#         260
  C:0781H         LINE#         261
  C:078EH         LINE#         262
  C:078EH         LINE#         263
  C:0791H         LINE#         264
  C:079AH         LINE#         266
  C:079DH         LINE#         267
  C:079DH         LINE#         269
  C:07A6H         LINE#         270
  C:07AFH         LINE#         271
  C:07B8H         LINE#         272
  C:07C1H         LINE#         273
  C:07CAH         LINE#         274
  C:07CFH         LINE#         275
  C:07E7H         LINE#         276
  C:07E7H         LINE#         277
  C:07FFH         LINE#         278
  C:07FFH         LINE#         279
  C:0808H         LINE#         280
  C:080FH         LINE#         281
  C:0811H         LINE#         284
  C:0811H         LINE#         285
  C:081AH         LINE#         286
  C:081AH         LINE#         287
  C:0822H         LINE#         288
  C:082BH         LINE#         289
  C:0834H         LINE#         291
  C:083CH         LINE#         292
  C:0845H         LINE#         293
  C:0845H         LINE#         294
  C:0845H         LINE#         295
  C:0845H         LINE#         298
  C:084BH         LINE#         299
  C:084BH         LINE#         300
  C:0851H         LINE#         301
  C:0851H         LINE#         302
  C:085AH         LINE#         303
  C:085AH         LINE#         304
  C:085AH         LINE#         306
  C:0874H         LINE#         307
  C:087DH         LINE#         308
BL51 BANKED LINKER/LOCATER V6.22.2.0                                                  05/05/2023  15:28:50  PAGE 29


  C:0886H         LINE#         309
  C:0895H         LINE#         311
  C:0897H         LINE#         312
  C:0899H         LINE#         314
  C:08AAH         LINE#         315
  C:08AAH         LINE#         316
  C:08ACH         LINE#         317
  C:08B6H         LINE#         318
  C:08B8H         LINE#         320
  C:08C9H         LINE#         321
  C:08C9H         LINE#         322
  C:08CBH         LINE#         323
  C:08D5H         LINE#         324
  C:08D7H         LINE#         326
  C:08E8H         LINE#         327
  C:08E8H         LINE#         328
  C:08EAH         LINE#         329
  C:08F4H         LINE#         330
  C:08F4H         LINE#         332
  C:0905H         LINE#         333
  C:0905H         LINE#         334
  C:0907H         LINE#         335
  C:0911H         LINE#         341
  C:091BH         LINE#         342
  C:0925H         LINE#         343
  C:092FH         LINE#         344
  C:0931H         LINE#         346
  C:0942H         LINE#         347
  C:0942H         LINE#         348
  C:0944H         LINE#         349
  C:094EH         LINE#         351
  C:0958H         LINE#         352
  C:0962H         LINE#         353
  C:096CH         LINE#         354
  C:096CH         LINE#         356
  C:0972H         LINE#         357
  C:0972H         LINE#         358
  C:097BH         LINE#         359
  C:097EH         LINE#         362
  C:097EH         LINE#         363
  C:0980H         LINE#         364
  C:0986H         LINE#         365
  C:0986H         LINE#         366
  C:098BH         LINE#         367
  C:09A1H         LINE#         368
  C:09A1H         LINE#         369
  C:09C1H         LINE#         370
  C:09C1H         LINE#         371
  C:09C7H         LINE#         372
  C:09C7H         LINE#         373
  C:09CFH         LINE#         375
  C:09D9H         LINE#         376
  C:09D9H         LINE#         377
  C:0A0DH         LINE#         378
  C:0A16H         LINE#         379
  C:0A19H         LINE#         382
  C:0A19H         LINE#         383
BL51 BANKED LINKER/LOCATER V6.22.2.0                                                  05/05/2023  15:28:50  PAGE 30


  C:0A34H         LINE#         384
  C:0A34H         LINE#         385
  C:0A45H         LINE#         386
  C:0A45H         LINE#         387
  C:0A6EH         LINE#         388
  C:0A6EH         LINE#         389
  C:0A70H         LINE#         390
  C:0A72H         LINE#         391
  C:0A72H         LINE#         392
  C:0A75H         LINE#         394
  C:0A78H         LINE#         395
  C:0A78H         LINE#         396
  C:0A80H         LINE#         398
  C:0A83H         LINE#         399
  C:0A83H         LINE#         402
  C:0A83H         LINE#         403
  C:0A8CH         LINE#         404
  C:0A8CH         LINE#         405
  C:0A8CH         LINE#         406
  C:0A8FH         LINE#         408
  C:0A8FH         LINE#         409
  C:0A8FH         LINE#         410
  C:0A92H         LINE#         411
  C:0A92H         LINE#         413
  C:0A92H         LINE#         414
  C:0A9CH         LINE#         415
  C:0AA6H         LINE#         417
  C:0AADH         LINE#         419
  C:0AB7H         LINE#         420
  C:0AC1H         LINE#         421
  C:0ACBH         LINE#         422
  C:0ACBH         LINE#         423
  C:0ACBH         LINE#         426
  C:0ADAH         LINE#         427
  C:0ADCH         LINE#         428
  C:0ADEH         LINE#         429
  C:0ADEH         LINE#         430
  C:0ADEH         LINE#         431
  C:0AE1H         LINE#         432
  C:0AE1H         LINE#         433
  C:0AE3H         LINE#         435
  C:0AF2H         LINE#         436
  C:0AF9H         LINE#         437
  C:0B08H         LINE#         438
  C:0B08H         LINE#         439
  C:0B16H         LINE#         440
  C:0B16H         LINE#         443
  C:0B27H         LINE#         444
  C:0B2EH         LINE#         445
  C:0B3BH         LINE#         446
  C:0B46H         LINE#         447
  C:0B71H         LINE#         448
  C:0B7AH         LINE#         449
  C:0B95H         LINE#         450
  C:0B95H         LINE#         451
  C:0B9EH         LINE#         452
  C:0BA0H         LINE#         454
BL51 BANKED LINKER/LOCATER V6.22.2.0                                                  05/05/2023  15:28:50  PAGE 31


  C:0BA0H         LINE#         457
  C:0BA9H         LINE#         458
  C:0BC5H         LINE#         459
  C:0BC5H         LINE#         460
  C:0BDDH         LINE#         461
  C:0BDDH         LINE#         462
  C:0BF7H         LINE#         463
  C:0BF7H         LINE#         464
  C:0C31H         LINE#         465
  C:0C3AH         LINE#         466
  C:0C42H         LINE#         467
  C:0C42H         LINE#         468
  C:0C4BH         LINE#         469
  C:0C4EH         LINE#         470
  C:0C4EH         LINE#         471
  C:0C68H         LINE#         472
  C:0C68H         LINE#         473
  C:0CA5H         LINE#         474
  C:0CAEH         LINE#         475
  C:0CB6H         LINE#         476
  C:0CB6H         LINE#         477
  C:0CBFH         LINE#         480
  C:0CC6H         LINE#         482
  C:0CC6H         LINE#         483
  C:0CC6H         LINE#         484
  C:0CC6H         LINE#         485
  C:0CC6H         LINE#         487
  C:0CC6H         LINE#         488
  C:0CC6H         LINE#         490
  C:0CCDH         LINE#         492
  C:0CDFH         LINE#         493
  C:0CDFH         LINE#         497
  C:0CE8H         LINE#         498
  C:0CEBH         LINE#         499
  C:0CEBH         LINE#         501
  C:0D0AH         LINE#         502
  C:0D13H         LINE#         509
  C:0D2CH         LINE#         510
  C:0D2CH         LINE#         511
  C:0D33H         LINE#         512
  C:0D3BH         LINE#         515
  C:0D3BH         LINE#         517
  C:0D42H         LINE#         518
  C:0D53H         LINE#         519
  C:0D7EH         LINE#         520
  C:0D87H         LINE#         522
  C:0DA0H         LINE#         523
  C:0DA0H         LINE#         524
  C:0DBFH         LINE#         525
  C:0DC7H         LINE#         527
  C:0DE0H         LINE#         528
  C:0DE0H         LINE#         529
  C:0DF7H         LINE#         530
  C:0DF7H         LINE#         531
  C:0E34H         LINE#         532
  C:0E3CH         LINE#         533
  C:0E44H         LINE#         535
BL51 BANKED LINKER/LOCATER V6.22.2.0                                                  05/05/2023  15:28:50  PAGE 32


  C:0E4BH         LINE#         536
  C:0E54H         LINE#         537
  C:0E61H         LINE#         538
  C:0E6AH         LINE#         540
  C:0E6DH         LINE#         541
  C:0E75H         LINE#         543
  C:0E91H         LINE#         544
  C:0E91H         LINE#         545
  C:0E9AH         LINE#         547
  C:0EA9H         LINE#         548
  C:0EA9H         LINE#         549
  C:0EC5H         LINE#         550
  C:0EC5H         LINE#         551
  C:0F37H         LINE#         552
  C:0F40H         LINE#         553
  C:0F40H         LINE#         556
  C:0F40H         LINE#         557
  C:0F46H         LINE#         558
  C:0F51H         LINE#         560
  C:0F5AH         LINE#         561
  C:0F5CH         LINE#         563
  C:0F5CH         LINE#         566
  C:0F5FH         LINE#         567
  C:0F66H         LINE#         568
  C:0F73H         LINE#         570
  C:0F8FH         LINE#         571
  C:0F8FH         LINE#         572
  C:0FAAH         LINE#         573
  C:0FAAH         LINE#         574
  C:0FB9H         LINE#         575
  C:0FDDH         LINE#         576
  C:0FFAH         LINE#         577
  C:0FFAH         LINE#         578
  C:1053H         LINE#         579
  C:10E7H         LINE#         580
  C:10F0H         LINE#         582
  C:10FEH         LINE#         583
  C:10FEH         LINE#         584
  C:1107H         LINE#         586
  C:111FH         LINE#         587
  C:111FH         LINE#         588
  C:114DH         LINE#         589
  C:1155H         LINE#         591
  C:1180H         LINE#         592
  C:1189H         LINE#         593
  C:1192H         LINE#         595
  C:119BH         LINE#         596
  C:11B4H         LINE#         597
  C:11B4H         LINE#         598
  C:11CCH         LINE#         599
  C:11CCH         LINE#         600
  C:11ECH         LINE#         601
  C:11ECH         LINE#         602
  C:11F4H         LINE#         604
  C:120CH         LINE#         605
  C:120CH         LINE#         606
  C:123AH         LINE#         607
BL51 BANKED LINKER/LOCATER V6.22.2.0                                                  05/05/2023  15:28:50  PAGE 33


  C:1242H         LINE#         609
  C:124BH         LINE#         610
  C:1252H         LINE#         612
  C:1257H         LINE#         613
  C:1272H         LINE#         614
  C:1272H         LINE#         615
  C:1281H         LINE#         616
  C:12A0H         LINE#         617
  C:12A0H         LINE#         618
  C:12A6H         LINE#         619
  C:12BFH         LINE#         620
  C:12BFH         LINE#         621
  C:132DH         LINE#         622
  C:1336H         LINE#         624
  C:135AH         LINE#         625
  C:135AH         LINE#         626
  C:1363H         LINE#         628
  C:136AH         LINE#         630
  C:1373H         LINE#         631
  C:138CH         LINE#         632
  C:138CH         LINE#         633
  C:13A4H         LINE#         634
  C:13A4H         LINE#         635
  C:13B3H         LINE#         636
  C:13D7H         LINE#         638
  C:13E9H         LINE#         639
  C:13E9H         LINE#         640
  C:13F1H         LINE#         642
  C:1402H         LINE#         643
  C:1402H         LINE#         644
  C:140DH         LINE#         645
  C:140DH         LINE#         647
  C:1414H         LINE#         648
  C:1417H         LINE#         649
  C:141EH         LINE#         650
  C:1421H         LINE#         651
  C:1429H         LINE#         653
  C:1432H         LINE#         654
  C:144BH         LINE#         655
  C:144BH         LINE#         656
  C:1463H         LINE#         657
  C:1463H         LINE#         658
  C:1472H         LINE#         659
  C:1496H         LINE#         661
  C:14A8H         LINE#         662
  C:14A8H         LINE#         663
  C:14B0H         LINE#         665
  C:14B9H         LINE#         666
  C:14D2H         LINE#         667
  C:14D2H         LINE#         668
  C:14EAH         LINE#         669
  C:14EAH         LINE#         670
  C:14F9H         LINE#         671
  C:151DH         LINE#         673
  C:152FH         LINE#         674
  C:152FH         LINE#         675
  C:1537H         LINE#         677
BL51 BANKED LINKER/LOCATER V6.22.2.0                                                  05/05/2023  15:28:50  PAGE 34


  C:1540H         LINE#         678
  C:1559H         LINE#         679
  C:1559H         LINE#         680
  C:1571H         LINE#         681
  C:1571H         LINE#         682
  C:1580H         LINE#         683
  C:15A4H         LINE#         685
  C:15B6H         LINE#         686
  C:15B6H         LINE#         687
  C:15BEH         LINE#         688
  C:15C5H         LINE#         690
  C:15DEH         LINE#         691
  C:15DEH         LINE#         692
  C:15FDH         LINE#         693
[...]
  -------         ENDPROC       I2CSTART
  -------         PROC          I2CDEVICEACK
  C:75DBH         LINE#         22
BL51 BANKED LINKER/LOCATER V6.22.2.0                                                  05/05/2023  15:28:50  PAGE 48


  C:75DBH         LINE#         23
  C:75DBH         LINE#         24
  C:75DDH         LINE#         25
  C:75E0H         LINE#         26
  C:75E2H         LINE#         27
  C:75E5H         LINE#         28
  C:75E7H         LINE#         29
  -------         ENDPROC       I2CDEVICEACK
  -------         PROC          I2CSTOP
  C:75BCH         LINE#         31
  C:75BCH         LINE#         32
  C:75BCH         LINE#         33
  C:75BEH         LINE#         34
  C:75C1H         LINE#         35
  C:75C3H         LINE#         36
  C:75C6H         LINE#         37
  C:75C8H         LINE#         38
  C:75CBH         LINE#         39
  -------         ENDPROC       I2CSTOP
  -------         PROC          _I2CWRITEDATATODEVICE
  X:0994H         SYMBOL        nDeviceAddr
  X:0995H         SYMBOL        nData
  X:0998H         SYMBOL        nDataCunt
  -------         DO            
  X:0999H         SYMBOL        nCunt
  X:099AH         SYMBOL        nBitCunt
  -------         ENDDO         
  C:6A46H         LINE#         41
  C:6A54H         LINE#         42
  C:6A54H         LINE#         45
  C:6A57H         LINE#         46
  C:6A69H         LINE#         47
  C:6A76H         LINE#         48
  C:6A78H         LINE#         49
  C:6A7AH         LINE#         51
  C:6A7AH         LINE#         52
  C:6A7CH         LINE#         53
  C:6A7CH         LINE#         55
  C:6A7FH         LINE#         56
  C:6A81H         LINE#         57
  C:6A84H         LINE#         58
  C:6A86H         LINE#         59
  C:6A8EH         LINE#         61
  C:6A91H         LINE#         62
  C:6AA1H         LINE#         63
  C:6AB1H         LINE#         64
  C:6AD4H         LINE#         65
  C:6AD6H         LINE#         66
  C:6AD8H         LINE#         68
  C:6AD8H         LINE#         69
  C:6ADAH         LINE#         70
  C:6ADAH         LINE#         72
  C:6ADDH         LINE#         73
  C:6ADFH         LINE#         74
  C:6AE2H         LINE#         75
  C:6AE4H         LINE#         76
  C:6AECH         LINE#         78
BL51 BANKED LINKER/LOCATER V6.22.2.0                                                  05/05/2023  15:28:50  PAGE 49


  C:6AEFH         LINE#         79
  C:6AF7H         LINE#         81
  C:6AFAH         LINE#         82
  -------         ENDPROC       _I2CWRITEDATATODEVICE
  -------         PROC          _READDATAFROMADS1100
  X:0994H         SYMBOL        nReadData
  -------         DO            
  X:0997H         SYMBOL        nAds100Addr
  D:0007H         SYMBOL        nDataCunt
  X:0998H         SYMBOL        nBitCunt
  -------         ENDDO         
  C:59EAH         LINE#         84
  C:59F5H         LINE#         85
  C:59F5H         LINE#         88
  C:5A01H         LINE#         89
  C:5A15H         LINE#         90
  C:5A18H         LINE#         92
  C:5A1EH         LINE#         93
  C:5A21H         LINE#         94
  C:5A33H         LINE#         95
  C:5A40H         LINE#         96
  C:5A42H         LINE#         97
  C:5A44H         LINE#         99
  C:5A44H         LINE#         100
  C:5A46H         LINE#         101
  C:5A46H         LINE#         103
  C:5A49H         LINE#         104
  C:5A4BH         LINE#         105
  C:5A4EH         LINE#         106
  C:5A50H         LINE#         107
  C:5A58H         LINE#         109
  C:5A5BH         LINE#         110
  C:5A6DH         LINE#         111
  C:5A70H         LINE#         112
  C:5A72H         LINE#         113
  C:5A75H         LINE#         114
  C:5A78H         LINE#         115
  C:5A93H         LINE#         116
  C:5A95H         LINE#         118
  C:5A95H         LINE#         119
  C:5AA6H         LINE#         120
  C:5AA6H         LINE#         122
  C:5AA8H         LINE#         123
  C:5AB0H         LINE#         125
  C:5AB2H         LINE#         126
  C:5AB5H         LINE#         127
  C:5AB7H         LINE#         128
  C:5ABAH         LINE#         130
  C:5ABCH         LINE#         131
  C:5ABEH         LINE#         132
  C:5AC1H         LINE#         133
  C:5AD3H         LINE#         134
  C:5AD5H         LINE#         135
  C:5AD8H         LINE#         136
  C:5ADBH         LINE#         137
  C:5AFBH         LINE#         138
  C:5AFDH         LINE#         140
BL51 BANKED LINKER/LOCATER V6.22.2.0                                                  05/05/2023  15:28:50  PAGE 50


  C:5AFDH         LINE#         141
  C:5B13H         LINE#         142
  C:5B13H         LINE#         144
  C:5B15H         LINE#         145
  C:5B1DH         LINE#         146
  C:5B20H         LINE#         147
  C:5B20H         LINE#         148
  C:5B28H         LINE#         150
  C:5B2AH         LINE#         151
  C:5B2DH         LINE#         152
  C:5B2FH         LINE#         153
  C:5B32H         LINE#         155
  C:5B34H         LINE#         156
  C:5B36H         LINE#         157
  C:5B39H         LINE#         158
  C:5B4BH         LINE#         159
  C:5B4DH         LINE#         160
  C:5B50H         LINE#         161
  C:5B53H         LINE#         162
  C:5B73H         LINE#         163
  C:5B75H         LINE#         165
  C:5B75H         LINE#         166
  C:5B8BH         LINE#         167
  C:5B8BH         LINE#         169
  C:5B8DH         LINE#         170
  C:5B95H         LINE#         171
  C:5B98H         LINE#         172
  C:5B98H         LINE#         173
  C:5BA0H         LINE#         175
  C:5BA2H         LINE#         176
  C:5BA5H         LINE#         177
  C:5BA7H         LINE#         178
  C:5BAAH         LINE#         180
  C:5BACH         LINE#         181
  C:5BAFH         LINE#         182
  C:5BB1H         LINE#         183
  C:5BB4H         LINE#         184
  C:5BB6H         LINE#         185
  C:5BB9H         LINE#         186
  -------         ENDPROC       _READDATAFROMADS1100
  -------         PROC          _WRITEDATATOMAX5821
  X:0980H         SYMBOL        nDeviceAddr
  D:0004H         SYMBOL        nData
  X:0981H         SYMBOL        nCommand
  -------         DO            
  X:0982H         SYMBOL        nWriteData
  -------         ENDDO         
  C:72ECH         LINE#         188
  C:72F4H         LINE#         189
  C:72F4H         LINE#         192
  C:72F9H         LINE#         193
  C:7305H         LINE#         195
  C:7319H         LINE#         196
  C:732DH         LINE#         197
  -------         ENDPROC       _WRITEDATATOMAX5821
  -------         PROC          _SETVOLTAGE
  X:0978H         SYMBOL        fVoltage
BL51 BANKED LINKER/LOCATER V6.22.2.0                                                  05/05/2023  15:28:50  PAGE 51


  -------         DO            
  D:0006H         SYMBOL        nDigtal
  X:097CH         SYMBOL        fVref
  -------         ENDDO         
  C:713FH         LINE#         199
  C:7145H         LINE#         200
  C:7145H         LINE#         202
  C:714FH         LINE#         205
  C:7195H         LINE#         206
  C:71A0H         LINE#         207
  -------         ENDPROC       _SETVOLTAGE
  -------         PROC          _READOPA544OUTPUTCURRENT
  X:0978H         SYMBOL        nAds1100Gain
  X:0979H         SYMBOL        nSampleCunt
  X:097AH         SYMBOL        fIccurent
  -------         DO            
  X:097DH         SYMBOL        nConfigureData
  X:097EH         SYMBOL        nReadDataCunt
  X:097FH         SYMBOL        nReadData
  X:0982H         SYMBOL        nAds100OutData
  X:0984H         SYMBOL        fIcc
  X:0988H         SYMBOL        fIccGain
  X:098CH         SYMBOL        fVref
  X:0990H         SYMBOL        fRSample
  -------         ENDDO         
  C:57FEH         LINE#         209
  C:580FH         LINE#         210
  C:580FH         LINE#         212
  C:5816H         LINE#         213
  C:5832H         LINE#         215
  C:5844H         LINE#         216
  C:584AH         LINE#         217
  C:5854H         LINE#         218
  C:5854H         LINE#         220
  C:585CH         LINE#         221
  C:5866H         LINE#         222
  C:5866H         LINE#         224
  C:586EH         LINE#         225
  C:5878H         LINE#         226
  C:5878H         LINE#         228
  C:5880H         LINE#         229
  C:588AH         LINE#         230
  C:588AH         LINE#         232
  C:5894H         LINE#         233
  C:58A5H         LINE#         234
  C:58ACH         LINE#         235
  C:58B6H         LINE#         236
  C:58C9H         LINE#         237
  C:58DAH         LINE#         238
  C:58DAH         LINE#         239
  C:58E3H         LINE#         240
  C:58EAH         LINE#         241
  C:58EAH         LINE#         242
  C:58EAH         LINE#         244
  C:58EAH         LINE#         245
  C:58F1H         LINE#         246
  C:58F1H         LINE#         247
BL51 BANKED LINKER/LOCATER V6.22.2.0                                                  05/05/2023  15:28:50  PAGE 52


  C:58F3H         LINE#         249
  C:58FCH         LINE#         251
  C:5909H         LINE#         252
  C:5912H         LINE#         253
  C:5920H         LINE#         255
  C:5986H         LINE#         256
  C:59E0H         LINE#         257
  C:59E9H         LINE#         258
  -------         ENDPROC       _READOPA544OUTPUTCURRENT
  -------         ENDMOD        NEWPOWER

  -------         MODULE        CRC16_MODBUS
  C:0000H         SYMBOL        _ICE_DUMMY_
  C:6C5FH         PUBLIC        _InvertUint16
  C:6DA7H         PUBLIC        _InvertUint8
  C:6282H         PUBLIC        _CRC16_MODBUS
  -------         PROC          _INVERTUINT8
  X:0A92H         SYMBOL        dBuf
  X:0A95H         SYMBOL        srcBuf
  -------         DO            
  X:0A98H         SYMBOL        i
  X:0A9AH         SYMBOL        tmp
  -------         ENDDO         
  C:6DA7H         LINE#         3
  C:6DB2H         LINE#         4
  C:6DB2H         LINE#         7
  C:6DB7H         LINE#         8
  C:6DCEH         LINE#         9
  C:6DCEH         LINE#         10
  C:6DFFH         LINE#         11
  C:6E1FH         LINE#         12
  C:6E2FH         LINE#         13
  C:6E43H         LINE#         14
  -------         ENDPROC       _INVERTUINT8
  -------         PROC          _INVERTUINT16
  X:0A92H         SYMBOL        dBuf
  X:0A95H         SYMBOL        srcBuf
  -------         DO            
  X:0A98H         SYMBOL        i
  X:0A9AH         SYMBOL        tmp
  -------         ENDDO         
  C:6C5FH         LINE#         16
  C:6C6AH         LINE#         17
  C:6C6AH         LINE#         20
  C:6C71H         LINE#         21
  C:6C88H         LINE#         22
  C:6C88H         LINE#         23
  C:6CB9H         LINE#         24
  C:6CE0H         LINE#         25
  C:6CF0H         LINE#         26
  C:6D08H         LINE#         27
  -------         ENDPROC       _INVERTUINT16
  -------         PROC          _CRC16_MODBUS
  X:0A86H         SYMBOL        puchMsg
  X:0A89H         SYMBOL        usDataLen
  -------         DO            
  X:0A8BH         SYMBOL        wCRCin
BL51 BANKED LINKER/LOCATER V6.22.2.0                                                  05/05/2023  15:28:50  PAGE 53


  X:0A8DH         SYMBOL        wCPoly
  X:0A8FH         SYMBOL        wChar
  X:0A90H         SYMBOL        i
  -------         ENDDO         
  C:6282H         LINE#         29
  C:6293H         LINE#         30
  C:6293H         LINE#         31
  C:6299H         LINE#         32
  C:62A1H         LINE#         33
  C:62A4H         LINE#         36
  C:62B5H         LINE#         37
  C:62B5H         LINE#         38
  C:62CCH         LINE#         39
  C:62ECH         LINE#         40
  C:62FAH         LINE#         41
  C:6312H         LINE#         42
  C:6312H         LINE#         43
  C:631AH         LINE#         44
  C:6338H         LINE#         46
  C:6345H         LINE#         47
  C:6355H         LINE#         48
  C:6355H         LINE#         50
  C:6375H         LINE#         51
  C:637DH         LINE#         52
  -------         ENDPROC       _CRC16_MODBUS
  -------         ENDMOD        CRC16_MODBUS

  -------         MODULE        ?C?FPADD
  C:3CFDH         PUBLIC        ?C?FPADD
  C:3CF9H         PUBLIC        ?C?FPSUB
  -------         ENDMOD        ?C?FPADD

  -------         MODULE        ?C?FPMUL
  C:3DEEH         PUBLIC        ?C?FPMUL
  -------         ENDMOD        ?C?FPMUL

  -------         MODULE        ?C?FPDIV
  C:3EF7H         PUBLIC        ?C?FPDIV
  -------         ENDMOD        ?C?FPDIV

  -------         MODULE        ?C?FPCMP
  C:3F96H         PUBLIC        ?C?FPCMP
  C:3F94H         PUBLIC        ?C?FPCMP3
  -------         ENDMOD        ?C?FPCMP

  -------         MODULE        ?C?FPNEG
  C:400DH         PUBLIC        ?C?FPNEG
  -------         ENDMOD        ?C?FPNEG

  -------         MODULE        ?C?FCAST
  C:4028H         PUBLIC        ?C?FCASTC
  C:4023H         PUBLIC        ?C?FCASTI
  C:401EH         PUBLIC        ?C?FCASTL
  -------         ENDMOD        ?C?FCAST

  -------         MODULE        ?C?CASTF
  C:405CH         PUBLIC        ?C?CASTF
BL51 BANKED LINKER/LOCATER V6.22.2.0                                                  05/05/2023  15:28:50  PAGE 54


  -------         ENDMOD        ?C?CASTF

  -------         MODULE        PRINTF
  X:09AEH         PUBLIC        ?_PRINTF?BYTE
  X:09AEH         PUBLIC        ?_SPRINTF?BYTE
  C:4672H         PUBLIC        _PRINTF
  C:466CH         PUBLIC        _SPRINTF
  -------         ENDMOD        PRINTF

  -------         MODULE        FABS
  C:75E8H         PUBLIC        _FABS
  -------         ENDMOD        FABS

  -------         MODULE        ATOF
  C:7261H         PUBLIC        _ATOF
  -------         ENDMOD        ATOF

  -------         MODULE        ?C?FPROUND
  C:40DDH         PUBLIC        ?C?FPROUND
  -------         ENDMOD        ?C?FPROUND

  -------         MODULE        ?C?FPCONVERT
  C:411AH         PUBLIC        ?C?FPCONVERT
  -------         ENDMOD        ?C?FPCONVERT

  -------         MODULE        ?C?FTNPWR
  C:424FH         PUBLIC        ?C?FTNPWR
  -------         ENDMOD        ?C?FTNPWR

  -------         MODULE        ?C?SCDIV
  C:428FH         PUBLIC        ?C?SCDIV
  -------         ENDMOD        ?C?SCDIV

  -------         MODULE        ?C?CLDPTR
  C:42B1H         PUBLIC        ?C?CLDPTR
  -------         ENDMOD        ?C?CLDPTR

  -------         MODULE        ?C?CLDOPTR
  C:42CAH         PUBLIC        ?C?CLDOPTR
  -------         ENDMOD        ?C?CLDOPTR

  -------         MODULE        ?C?CSTPTR
  C:42F7H         PUBLIC        ?C?CSTPTR
  -------         ENDMOD        ?C?CSTPTR

  -------         MODULE        ?C?CSTOPTR
  C:4309H         PUBLIC        ?C?CSTOPTR
  -------         ENDMOD        ?C?CSTOPTR

  -------         MODULE        ?C?IMUL
  C:432BH         PUBLIC        ?C?IMUL
  -------         ENDMOD        ?C?IMUL

  -------         MODULE        ?C?IILDX
  C:433DH         PUBLIC        ?C?IILDX
  -------         ENDMOD        ?C?IILDX

BL51 BANKED LINKER/LOCATER V6.22.2.0                                                  05/05/2023  15:28:50  PAGE 55


  -------         MODULE        ?C?ILDIX
  C:4353H         PUBLIC        ?C?ILDIX
  -------         ENDMOD        ?C?ILDIX

  -------         MODULE        ?C?ILDPTR
  C:4369H         PUBLIC        ?C?ILDPTR
  -------         ENDMOD        ?C?ILDPTR

  -------         MODULE        ?C?ILDOPTR
  C:4394H         PUBLIC        ?C?ILDOPTR
  -------         ENDMOD        ?C?ILDOPTR

  -------         MODULE        ?C?ISTPTR
  C:43CCH         PUBLIC        ?C?ISTPTR
  -------         ENDMOD        ?C?ISTPTR

  -------         MODULE        ?C?ISTOPTR
  C:43EBH         PUBLIC        ?C?ISTOPTR
  -------         ENDMOD        ?C?ISTOPTR

  -------         MODULE        ?C?LNEG
  C:4418H         PUBLIC        ?C?LNEG
  -------         ENDMOD        ?C?LNEG

  -------         MODULE        ?C?LLDPTR
  C:4426H         PUBLIC        ?C?LLDPTR
  -------         ENDMOD        ?C?LLDPTR

  -------         MODULE        ?C?LLDOPTR
  C:4446H         PUBLIC        ?C?LLDOPTR
  -------         ENDMOD        ?C?LLDOPTR

  -------         MODULE        ?C?LSTPTR
  C:4476H         PUBLIC        ?C?LSTPTR
  -------         ENDMOD        ?C?LSTPTR

  -------         MODULE        ?C?LSTOPTR
  C:4490H         PUBLIC        ?C?LSTOPTR
  -------         ENDMOD        ?C?LSTOPTR

  -------         MODULE        ?C?LLDCODE
  C:44B4H         PUBLIC        ?C?LLDCODE
  -------         ENDMOD        ?C?LLDCODE

  -------         MODULE        ?C?LSTXDATA
  C:44C4H         PUBLIC        ?C?LSTXDATA
  -------         ENDMOD        ?C?LSTXDATA

  -------         MODULE        ?C?LSTKXDATA
  C:44D0H         PUBLIC        ?C?LSTKXDATA
  -------         ENDMOD        ?C?LSTKXDATA

  -------         MODULE        ?C?LSTKPTR
  C:4501H         PUBLIC        ?C?LSTKPTR
  -------         ENDMOD        ?C?LSTKPTR

  -------         MODULE        ?C?OFFXADD
BL51 BANKED LINKER/LOCATER V6.22.2.0                                                  05/05/2023  15:28:50  PAGE 56


  C:451BH         PUBLIC        ?C?OFFXADD
  -------         ENDMOD        ?C?OFFXADD

  -------         MODULE        ?C?PLDIXDATA
  C:4527H         PUBLIC        ?C?PLDIXDATA
  -------         ENDMOD        ?C?PLDIXDATA

  -------         MODULE        ?C?PSTXDATA
  C:453EH         PUBLIC        ?C?PSTXDATA
  -------         ENDMOD        ?C?PSTXDATA

  -------         MODULE        ?C?CCASE
  C:4547H         PUBLIC        ?C?CCASE
  -------         ENDMOD        ?C?CCASE

  -------         MODULE        PUTCHAR
  C:74D8H         PUBLIC        _PUTCHAR
  -------         ENDMOD        PUTCHAR

  -------         MODULE        ISSPACE
  C:7595H         PUBLIC        _isspace
  -------         ENDMOD        ISSPACE

  -------         MODULE        STRSTR
  X:0A86H         PUBLIC        ?_strstr?BYTE
  C:680FH         PUBLIC        _strstr
  -------         ENDMOD        STRSTR

  -------         MODULE        ATOI
  C:6734H         PUBLIC        _atoi
  -------         ENDMOD        ATOI

  -------         MODULE        ?C?MEMSET
  C:456DH         PUBLIC        ?C?MEMSET
  -------         ENDMOD        ?C?MEMSET

  -------         MODULE        ?C?LLDIDATA
  C:4599H         PUBLIC        ?C?LLDIDATA
  -------         ENDMOD        ?C?LLDIDATA

  -------         MODULE        ?C?LLDXDATA
  C:45A5H         PUBLIC        ?C?LLDXDATA
  -------         ENDMOD        ?C?LLDXDATA

  -------         MODULE        ?C?LLDPDATA
  C:45B1H         PUBLIC        ?C?LLDPDATA
  -------         ENDMOD        ?C?LLDPDATA

  -------         MODULE        ?C?LSTIDATA
  C:45BDH         PUBLIC        ?C?LSTIDATA
  -------         ENDMOD        ?C?LSTIDATA

  -------         MODULE        ?C?LSTPDATA
  C:45C9H         PUBLIC        ?C?LSTPDATA
  -------         ENDMOD        ?C?LSTPDATA

  -------         MODULE        ?C?LSTKIDATA
BL51 BANKED LINKER/LOCATER V6.22.2.0                                                  05/05/2023  15:28:50  PAGE 57


  C:45D5H         PUBLIC        ?C?LSTKIDATA
  -------         ENDMOD        ?C?LSTKIDATA

  -------         MODULE        ?C?LSTKPDATA
  C:45EEH         PUBLIC        ?C?LSTKPDATA
  -------         ENDMOD        ?C?LSTKPDATA

  -------         MODULE        ISDIGIT
  C:75CCH         PUBLIC        _isdigit
  -------         ENDMOD        ISDIGIT

*** WARNING L16: UNCALLED SEGMENT, IGNORED FOR OVERLAY PROCESS
    SEGMENT: ?PR?_WAITCHAMBERSTABLE?CHAMBER

*** WARNING L15: MULTIPLE CALL TO SEGMENT
    SEGMENT: ?PR?_STRSTR?STRSTR
    CALLER1: ?PR?RECIEVEPRESSKEYCOMMANDFROMPC?SYSTEMINIT
    CALLER2: ?C_C51STARTUP

Program Size: data=24.3 xdata=4626 code=30226
LINK/LOCATE RUN COMPLETE.  2 WARNING(S),  0 ERROR(S)
