BL51 BANKED LINKER/LOCATER V6.22.2.0                                                    04/03/2021  15:36:38  PAGE 1


BL51 BANKED LINKER/LOCATER V6.22.2.0, INVOKED BY:
D:\WORKSOFTWARE\KEIL\C51\BIN\BL51.EXE .\Objects\DataTrans.obj, .\Objects\pc.obj, .\Objects\TstBrdContrl.obj, .\Objects\D
>> elayTime.obj, .\Objects\SystemInit.obj, .\Objects\MainPro.obj, .\Objects\Chamber.obj, .\Objects\cfguo.obj, .\Objects\
>> NewPower.obj, .\Objects\Crc16_MODBUS.obj, .\Objects\CH395CMD.obj TO .\Objects\BackBrdDrv_1 point PRINT (.\Listings\Ba
>> ckBrdDrv_1 point.m51) RAMSIZE (256)


MEMORY MODEL: LARGE WITH FLOATING POINT ARITHMETIC


INPUT MODULES INCLUDED:
  .\Objects\DataTrans.obj (DATATRANS)
  .\Objects\pc.obj (PC)
  .\Objects\TstBrdContrl.obj (TSTBRDCONTRL)
  .\Objects\DelayTime.obj (DELAYTIME)
  .\Objects\SystemInit.obj (SYSTEMINIT)
  .\Objects\MainPro.obj (MAINPRO)
  .\Objects\Chamber.obj (CHAMBER)
  .\Objects\cfguo.obj (CFGUO)
  .\Objects\NewPower.obj (NEWPOWER)
  .\Objects\Crc16_MODBUS.obj (CRC16_MODBUS)
  .\Objects\CH395CMD.obj (CH395CMD)
  D:\WORKSOFTWARE\KEIL\C51\LIB\C51FPL.LIB (?C?FPADD)
  D:\WORKSOFTWARE\KEIL\C51\LIB\C51FPL.LIB (?C?FPMUL)
  D:\WORKSOFTWARE\KEIL\C51\LIB\C51FPL.LIB (?C?FPDIV)
  D:\WORKSOFTWARE\KEIL\C51\LIB\C51FPL.LIB (?C?FPCMP)
  D:\WORKSOFTWARE\KEIL\C51\LIB\C51FPL.LIB (?C?FCAST)
  D:\WORKSOFTWARE\KEIL\C51\LIB\C51FPL.LIB (?C?CASTF)
  D:\WORKSOFTWARE\KEIL\C51\LIB\C51FPL.LIB (PRINTF)
  D:\WORKSOFTWARE\KEIL\C51\LIB\C51FPL.LIB (ATOF)
  D:\WORKSOFTWARE\KEIL\C51\LIB\C51FPL.LIB (?C?FPGETOPN)
  D:\WORKSOFTWARE\KEIL\C51\LIB\C51FPL.LIB (?C?FPROUND)
  D:\WORKSOFTWARE\KEIL\C51\LIB\C51FPL.LIB (?C?FPCONVERT)
  D:\WORKSOFTWARE\KEIL\C51\LIB\C51FPL.LIB (?C?ATOF)
  D:\WORKSOFTWARE\KEIL\C51\LIB\C51FPL.LIB (?C?FPNEG)
  D:\WORKSOFTWARE\KEIL\C51\LIB\C51FPL.LIB (?C?FTNPWR)
  D:\WORKSOFTWARE\KEIL\C51\LIB\C51L.LIB (?C_STARTUP)
  D:\WORKSOFTWARE\KEIL\C51\LIB\C51L.LIB (?C?COPY)
  D:\WORKSOFTWARE\KEIL\C51\LIB\C51L.LIB (?C?SCDIV)
  D:\WORKSOFTWARE\KEIL\C51\LIB\C51L.LIB (?C?CLDPTR)
  D:\WORKSOFTWARE\KEIL\C51\LIB\C51L.LIB (?C?CLDOPTR)
  D:\WORKSOFTWARE\KEIL\C51\LIB\C51L.LIB (?C?CSTPTR)
  D:\WORKSOFTWARE\KEIL\C51\LIB\C51L.LIB (?C?CSTOPTR)
  D:\WORKSOFTWARE\KEIL\C51\LIB\C51L.LIB (?C?IMUL)
  D:\WORKSOFTWARE\KEIL\C51\LIB\C51L.LIB (?C?IILDX)
  D:\WORKSOFTWARE\KEIL\C51\LIB\C51L.LIB (?C?ILDIX)
  D:\WORKSOFTWARE\KEIL\C51\LIB\C51L.LIB (?C?ILDPTR)
  D:\WORKSOFTWARE\KEIL\C51\LIB\C51L.LIB (?C?ILDOPTR)
  D:\WORKSOFTWARE\KEIL\C51\LIB\C51L.LIB (?C?ISTPTR)
  D:\WORKSOFTWARE\KEIL\C51\LIB\C51L.LIB (?C?ISTOPTR)
  D:\WORKSOFTWARE\KEIL\C51\LIB\C51L.LIB (?C?LNEG)
  D:\WORKSOFTWARE\KEIL\C51\LIB\C51L.LIB (?C?ULSHR)
  D:\WORKSOFTWARE\KEIL\C51\LIB\C51L.LIB (?C?LLDPTR)
  D:\WORKSOFTWARE\KEIL\C51\LIB\C51L.LIB (?C?LLDOPTR)
  D:\WORKSOFTWARE\KEIL\C51\LIB\C51L.LIB (?C?LSTPTR)
  D:\WORKSOFTWARE\KEIL\C51\LIB\C51L.LIB (?C?LSTOPTR)
  D:\WORKSOFTWARE\KEIL\C51\LIB\C51L.LIB (?C?LLDCODE)
  D:\WORKSOFTWARE\KEIL\C51\LIB\C51L.LIB (?C?LSTXDATA)
BL51 BANKED LINKER/LOCATER V6.22.2.0                                                  04/03/2021  15:36:38  PAGE 2


  D:\WORKSOFTWARE\KEIL\C51\LIB\C51L.LIB (?C?LSTKXDATA)
  D:\WORKSOFTWARE\KEIL\C51\LIB\C51L.LIB (?C?LSTKPTR)
  D:\WORKSOFTWARE\KEIL\C51\LIB\C51L.LIB (?C?OFFXADD)
  D:\WORKSOFTWARE\KEIL\C51\LIB\C51L.LIB (?C?PLDIXDATA)
  D:\WORKSOFTWARE\KEIL\C51\LIB\C51L.LIB (?C?PSTXDATA)
  D:\WORKSOFTWARE\KEIL\C51\LIB\C51L.LIB (?C?CCASE)
  D:\WORKSOFTWARE\KEIL\C51\LIB\C51L.LIB (PUTCHAR)
  D:\WORKSOFTWARE\KEIL\C51\LIB\C51L.LIB (ISSPACE)
  D:\WORKSOFTWARE\KEIL\C51\LIB\C51L.LIB (STRLEN)
  D:\WORKSOFTWARE\KEIL\C51\LIB\C51L.LIB (STRSTR)
  D:\WORKSOFTWARE\KEIL\C51\LIB\C51L.LIB (ATOI)
  D:\WORKSOFTWARE\KEIL\C51\LIB\C51L.LIB (?C?MEMSET)
  D:\WORKSOFTWARE\KEIL\C51\LIB\C51L.LIB (?C_INIT)
  D:\WORKSOFTWARE\KEIL\C51\LIB\C51L.LIB (?C?LLDIDATA)
  D:\WORKSOFTWARE\KEIL\C51\LIB\C51L.LIB (?C?LLDXDATA)
  D:\WORKSOFTWARE\KEIL\C51\LIB\C51L.LIB (?C?LLDPDATA)
  D:\WORKSOFTWARE\KEIL\C51\LIB\C51L.LIB (?C?LSTIDATA)
  D:\WORKSOFTWARE\KEIL\C51\LIB\C51L.LIB (?C?LSTPDATA)
  D:\WORKSOFTWARE\KEIL\C51\LIB\C51L.LIB (?C?LSTKIDATA)
  D:\WORKSOFTWARE\KEIL\C51\LIB\C51L.LIB (?C?LSTKPDATA)
  D:\WORKSOFTWARE\KEIL\C51\LIB\C51L.LIB (ISDIGIT)


LINK MAP OF MODULE:  .\Objects\BackBrdDrv_1 point (DATATRANS)


            TYPE    BASE      LENGTH    RELOCATION   SEGMENT NAME
            -----------------------------------------------------

            * * * * * * *   D A T A   M E M O R Y   * * * * * * *
            REG     0000H     0008H     ABSOLUTE     "REG BANK 0"
            DATA    0008H     0005H     UNIT         _DATA_GROUP_
                    000DH     000BH                  *** GAP ***
            REG     0018H     0008H     ABSOLUTE     "REG BANK 3"
            BIT     0020H.0   0001H.5   UNIT         _BIT_GROUP_
            BIT     0021H.5   0000H.4   UNIT         ?BI?SYSTEMINIT
                    0022H.1   0000H.7                *** GAP ***
            IDATA   0023H     0001H     UNIT         ?STACK

            * * * * * * *  X D A T A   M E M O R Y  * * * * * * *
            XDATA   0000H     0BBBH     UNIT         _XDATA_GROUP_
            XDATA   0BBBH     059AH     UNIT         ?XD?CHAMBER
            XDATA   1155H     00F1H     UNIT         ?XD?DATATRANS
            XDATA   1246H     00AEH     UNIT         ?XD?CH395CMD
            XDATA   12F4H     0098H     UNIT         ?XD?MAINPRO
            XDATA   138CH     0054H     UNIT         ?XD?CFGUO
            XDATA   13E0H     0013H     UNIT         ?XD?TSTBRDCONTRL
            XDATA   13F3H     0002H     UNIT         ?XD?DELAYTIME
            XDATA   13F5H     0002H     UNIT         ?XD?SYSTEMINIT
            XDATA   13F7H     0001H     UNIT         ?XD?PC

            * * * * * * *   C O D E   M E M O R Y   * * * * * * *
            CODE    0000H     0003H     ABSOLUTE     
            CODE    0003H     0003H     ABSOLUTE     
            CODE    0006H     0005H     UNIT         ?PR?RESETI2CPORT?NEWPOWER
            CODE    000BH     0003H     ABSOLUTE     
            CODE    000EH     0015H     UNIT         ?PR?I2CSTART?NEWPOWER
BL51 BANKED LINKER/LOCATER V6.22.2.0                                                  04/03/2021  15:36:38  PAGE 3


            CODE    0023H     0003H     ABSOLUTE     
            CODE    0026H     26F4H     UNIT         ?PR?MAIN?MAINPRO
            CODE    271AH     0A49H     UNIT         ?CO?MAINPRO
            CODE    3163H     0A1AH     UNIT         ?C?LIB_CODE
            CODE    3B7DH     0483H     UNIT         ?PR?PRINTF?PRINTF
            CODE    4000H     0406H     UNIT         ?CO?CH395CMD
            CODE    4406H     03CEH     UNIT         ?PR?_READTC18B20PACKAGEANDUSEPT100INDEX?PC
            CODE    47D4H     033FH     UNIT         ?PR?RECIEVEPRESSKEYCOMMANDFROMPC?SYSTEMINIT
            CODE    4B13H     02AFH     UNIT         ?PR?_READCHAMBERTEMPERATURE?CHAMBER
            CODE    4DC2H     0214H     UNIT         ?CO?CFGUO
            CODE    4FD6H     01F0H     UNIT         ?PR?_SETCHAMBERTEMPERATURE?CHAMBER
            CODE    51C6H     01ECH     UNIT         ?PR?_READOPA544OUTPUTCURRENT?NEWPOWER
            CODE    53B2H     01D0H     UNIT         ?PR?_READDATAFROMADS1100?NEWPOWER
            CODE    5582H     01AFH     UNIT         ?PR?_READTEMPERATUREDATAFROMTRIMINGBOARD?DATATRANS
            CODE    5731H     01A1H     UNIT         ?PR?_SET_LABCMD_FORMAT?CH395CMD
            CODE    58D2H     0180H     UNIT         ?PR?_REV_DATA_FROM_CH375?CFGUO
            CODE    5A52H     015DH     UNIT         ?PR?_CH395SOCKETINTERRUPT?CH395CMD
            CODE    5BAFH     0145H     UNIT         ?PR?_USARTINIT?DATATRANS
            CODE    5CF4H     0136H     UNIT         ?PR?_REQUIRECFGUOALLCHANNELTEMPERATURE?CFGUO
            CODE    5E2AH     010FH     UNIT         ?PR?_SETCHAMBERON?CHAMBER
            CODE    5F39H     010DH     UNIT         ?PR?_SETCHAMBEROFF?CHAMBER
            CODE    6046H     0102H     UNIT         ?PR?_SETUSARTTWOPOSIONANDBTR?DATATRANS
            CODE    6148H     00FCH     UNIT         ?PR?_CRC16_MODBUS?CRC16_MODBUS
            CODE    6244H     00EBH     UNIT         ?PR?_SENDPT100DATATOTRIMINGBOARD?DATATRANS
            CODE    632FH     00E6H     UNIT         ?PR??C?ATOF??C?ATOF
            CODE    6415H     00DFH     UNIT         ?PR?CONFIG_FLUKE_MODE?CFGUO
            CODE    64F4H     00DBH     UNIT         ?PR?_ATOI?ATOI
            CODE    65CFH     00D5H     UNIT         ?PR?_REV_DATA_FROM_FLUKE?CFGUO
            CODE    66A4H     00BFH     UNIT         ?PR?_STRSTR?STRSTR
            CODE    6763H     00BEH     UNIT         ?PR?_SENDTRIMMINGROTATIONVALUES?TSTBRDCONTRL
            CODE    6821H     00BDH     UNIT         ?PR?_SEARCHTESTMAINBOARD?TSTBRDCONTRL
            CODE    68DEH     00B6H     UNIT         ?CO?SYSTEMINIT
            CODE    6994H     00B5H     UNIT         ?PR?_I2CWRITEDATATODEVICE?NEWPOWER
            CODE    6A49H     00B2H     UNIT         ?PR?_SENDFLOATDATA?DATATRANS
            CODE    6AFBH     00B2H     UNIT         ?PR?_SENDINTDATA?DATATRANS
            CODE    6BADH     00AAH     UNIT         ?PR?_INVERTUINT16?CRC16_MODBUS
            CODE    6C57H     009EH     UNIT         ?PR?_SENDTC18B20PACKAGETYPETOBOARD?DATATRANS
            CODE    6CF5H     009DH     UNIT         ?PR?_INVERTUINT8?CRC16_MODBUS
            CODE    6D92H     009DH     UNIT         ?PR?CH395GLOBALINTERRUPT?CH395CMD
            CODE    6E2FH     0093H     UNIT         ?CO?CHAMBER
            CODE    6EC2H     008CH     UNIT         ?PR?SET_LABCHAMBER_OFF?CH395CMD
            CODE    6F4EH     008CH     UNIT         ?C_C51STARTUP
            CODE    6FDAH     008BH     UNIT         ?PR?_CH395GETRECVDATA?CH395CMD
            CODE    7065H     0085H     UNIT         ?PR?REQUEST_LABCHAMBER_STATE?CH395CMD
            CODE    70EAH     0080H     UNIT         ?PR?_SET_LABCHAMBER_TEMP?CH395CMD
            CODE    716AH     007DH     UNIT         ?PR?_WAITFORTRIMINGPROCESS?DATATRANS
            CODE    71E7H     007BH     UNIT         ?PR?_SENDSTRINGDATA?DATATRANS
            CODE    7262H     007AH     UNIT         ?PR?GET_OPER_STATUS?CFGUO
            CODE    72DCH     007AH     UNIT         ?PR?_CH395SETSOCKETDESIP?CH395CMD
            CODE    7356H     0076H     UNIT         ?PR?_SENDDATA?DATATRANS
            CODE    73CCH     0073H     UNIT         ?PR?SYSTEMINIT?SYSTEMINIT
            CODE    743FH     0073H     UNIT         ?PR?_CH395SENDDATA?CH395CMD
            CODE    74B2H     006BH     UNIT         ?PR?GET_INT_STATUS?CFGUO
            CODE    751DH     0066H     UNIT         ?PR?_ENDALLPROCESS?TSTBRDCONTRL
            CODE    7583H     0062H     UNIT         ?PR?_SETVOLTAGE?NEWPOWER
            CODE    75E5H     0061H     UNIT         ?PR?_SETTSTBRDPOWERON?TSTBRDCONTRL
            CODE    7646H     0061H     UNIT         ?PR?_UART4_SENDFLUKECMD?CFGUO
BL51 BANKED LINKER/LOCATER V6.22.2.0                                                  04/03/2021  15:36:38  PAGE 4


            CODE    76A7H     005EH     UNIT         ?PR?CONFIG_CH375?CFGUO
            CODE    7705H     005DH     UNIT         ?PR?CH395SOCKETINITOPEN?CH395CMD
            CODE    7762H     005BH     UNIT         ?PR?INIT_CH395_LABCHAM_CONNECT?CH395CMD
            CODE    77BDH     0056H     UNIT         ?PR?_CH395KEEPLIVEIDLE?CH395CMD
            CODE    7813H     0056H     UNIT         ?PR?_CH395KEEPLIVEINTVL?CH395CMD
            CODE    7869H     0054H     UNIT         ?C_INITSEG
            CODE    78BDH     0050H     UNIT         ?PR?INITSOCKETPARAM?CH395CMD
            CODE    790DH     004DH     UNIT         ?PR?_ACQURIE_LABCHAM_ACTUALTEMP?CH395CMD
            CODE    795AH     004AH     UNIT         ?PR?_ISSUE_TOKEN?CFGUO
            CODE    79A4H     0049H     UNIT         ?PR?INITCH395INFPARAM?CH395CMD
            CODE    79EDH     0049H     UNIT         ?PR?ATOF?ATOF
            CODE    7A36H     0047H     UNIT         ?PR?_CH395OPENSOCKET?CH395CMD
            CODE    7A7DH     0047H     UNIT         ?PR?_CH395TCPCONNECT?CH395CMD
            CODE    7AC4H     0044H     UNIT         ?PR?_CH395CMDSETIPADDR?CH395CMD
            CODE    7B08H     0044H     UNIT         ?PR?_CH395CMDSETGWIPADDR?CH395CMD
            CODE    7B4CH     0044H     UNIT         ?PR?_CH395CMDSETMASKADDR?CH395CMD
            CODE    7B90H     0044H     UNIT         ?PR?_CH395CMDGETUNREACHIPPT?CH395CMD
            CODE    7BD4H     0042H     UNIT         ?PR?_WRITEDATATOMAX5821?NEWPOWER
            CODE    7C16H     0041H     UNIT         ?PR?CH395INIT?CH395CMD
            CODE    7C57H     003CH     UNIT         ?PR?CH395CMDINITCH395?CH395CMD
            CODE    7C93H     0037H     UNIT         ?PR?_CH395GETRECVLENGTH?CH395CMD
            CODE    7CCAH     0036H     UNIT         ?PR?_SENDINTDATATOPC?PC
            CODE    7D00H     0036H     UNIT         ?PR?CH395_LABCHAM_VARI_INIT?CH395CMD
            CODE    7D36H     0033H     UNIT         ?PR?_MSTOPIFERROR?CH395CMD
            CODE    7D69H     0032H     UNIT         ?PR?_SENDCMDTOLABCHAMBER?CH395CMD
            CODE    7D9BH     0031H     UNIT         ?PR?_SENDFLOATDATATOPC?PC
            CODE    7DCCH     0030H     UNIT         ?PR?_DELAY_MS?DELAYTIME
            CODE    7DFCH     002EH     UNIT         ?PR?DELAY100MS?SYSTEMINIT
            CODE    7E2AH     002DH     UNIT         ?CO?PC
            CODE    7E57H     002DH     UNIT         ?PR?_CH395SETSOCKETDESPORT?CH395CMD
            CODE    7E84H     002DH     UNIT         ?PR?_CH395SETSOCKETSOURPORT?CH395CMD
            CODE    7EB1H     0028H     UNIT         ?CO?DATATRANS
            CODE    7ED9H     0027H     UNIT         ?PR?_CH375_USB_MODE?CFGUO
            CODE    7F00H     0027H     UNIT         ?PR?PUTCHAR?PUTCHAR
            CODE    7F27H     0025H     UNIT         ?PR?DELAY_5US?DELAYTIME
            CODE    7F4CH     0023H     UNIT         ?PR?_SENDSTRINGDATATOPC?PC
            CODE    7F6FH     0023H     UNIT         ?PR?KEEPLIVE_SET?CH395CMD
            CODE    7F92H     0020H     UNIT         ?PR?_CH395SETSOCKETPROTTYPE?CH395CMD
            CODE    7FB2H     001FH     UNIT         ?PR?_WR_HOST_OUT_BUF?CFGUO
            CODE    7FD1H     001EH     UNIT         ?PR?_CH395SETKEEPLIVE?CH395CMD
            CODE    7FEFH     001CH     UNIT         ?PR?STARTPROCESS?SYSTEMINIT
            CODE    800BH     001CH     UNIT         ?PR?TRIMINGBOARDCOLLECTOR?SYSTEMINIT
            CODE    8027H     001BH     UNIT         ?PR?_CH395GETSOCKETINT?CH395CMD
            CODE    8042H     0018H     UNIT         ?PR?USB_DEV_AUTOSET?CFGUO
            CODE    805AH     0018H     UNIT         ?PR?SET_HOST_POINT_REV?CFGUO
            CODE    8072H     0018H     UNIT         ?PR?SET_HOST_POINT_SEND?CFGUO
            CODE    808AH     0018H     UNIT         ?PR?_CH395CMDCHECKEXIST?CH395CMD
            CODE    80A2H     0016H     UNIT         ?PR?UART4_INIT?SYSTEMINIT
            CODE    80B8H     0016H     UNIT         ?PR?SCANPRESSKEY?SYSTEMINIT
            CODE    80CEH     0015H     UNIT         ?PR?_STRLEN?STRLEN
            CODE    80E3H     0014H     UNIT         ?PR?_ISSPACE?ISSPACE
            CODE    80F7H     0013H     UNIT         ?PR?TIMER0INTERRUPT?DELAYTIME
            CODE    810AH     0013H     UNIT         ?PR?_CH395KEEPLIVECNT?CH395CMD
            CODE    811DH     0012H     UNIT         ?CO?TSTBRDCONTRL
            CODE    812FH     0010H     UNIT         ?PR?I2CSTOP?NEWPOWER
            CODE    813FH     000FH     UNIT         ?PR?_XWRITECH395CMD?SYSTEMINIT
            CODE    814EH     000FH     UNIT         ?PR?_ISDIGIT?ISDIGIT
BL51 BANKED LINKER/LOCATER V6.22.2.0                                                  04/03/2021  15:36:38  PAGE 5


            CODE    815DH     000EH     UNIT         ?PR?_UART4_SEND375CMD?CFGUO
            CODE    816BH     000EH     UNIT         ?PR?_UART4_SEND375DATA?CFGUO
            CODE    8179H     000DH     UNIT         ?PR?_SPI395EXCHANGE?SYSTEMINIT
            CODE    8186H     000DH     UNIT         ?PR?CH375_RESET?CFGUO
            CODE    8193H     000DH     UNIT         ?PR?I2CDEVICEACK?NEWPOWER
            CODE    81A0H     000CH     UNIT         ?PR?_SEND_CMD_TO_FLUKE?CFGUO
            CODE    81ACH     000BH     UNIT         ?PR?CH395CMDGETPHYSTATUS?CH395CMD
            CODE    81B7H     000BH     UNIT         ?PR?CH395CMDGETGLOBINTSTATUS?CH395CMD
            CODE    81C2H     000BH     UNIT         ?PR?CH395GETCMDSTATUS?CH395CMD
            CODE    81CDH     000AH     UNIT         ?PR?SPI_INIT?SYSTEMINIT
            CODE    81D7H     0008H     UNIT         ?CO?NEWPOWER
            CODE    81DFH     0008H     UNIT         ?PR?CH395CMDRESET?CH395CMD
            CODE    81E7H     0006H     UNIT         ?PR?XREADCH395DATA?SYSTEMINIT
            CODE    81EDH     0004H     UNIT         ?PR?TSTBRDPOWERINIT?TSTBRDCONTRL
            CODE    81F1H     0004H     UNIT         ?PR?_XWRITECH395DATA?SYSTEMINIT



OVERLAY MAP OF MODULE:   .\Objects\BackBrdDrv_1 point (DATATRANS)


SEGMENT                                             BIT_GROUP          DATA_GROUP          XDATA_GROUP
  +--> CALLED SEGMENT                            START    LENGTH     START    LENGTH     START    LENGTH
--------------------------------------------------------------------------------------------------------
?PR?SCANPRESSKEY?SYSTEMINIT                      -----    -----      -----    -----      -----    -----
  +--> ?PR?DELAY100MS?SYSTEMINIT

*** NEW ROOT ***************************************************

?PR?RECIEVEPRESSKEYCOMMANDFROMPC?SYST...         -----    -----      -----    -----      -----    -----
  +--> ?CO?SYSTEMINIT
  +--> ?PR?_STRSTR?STRSTR
  +--> ?PR?_SENDSTRINGDATATOPC?PC

?PR?_STRSTR?STRSTR                               -----    -----      -----    -----      0989H    000CH

?PR?_SENDSTRINGDATATOPC?PC                       -----    -----      -----    -----      0B8BH    0003H
  +--> ?PR?_USARTINIT?DATATRANS
  +--> ?PR?_SENDSTRINGDATA?DATATRANS

?PR?_SENDSTRINGDATA?DATATRANS                    -----    -----      -----    -----      0B8EH    0003H

*** NEW ROOT ***************************************************

?C_C51STARTUP                                    -----    -----      -----    -----      -----    -----
  +--> ?PR?MAIN?MAINPRO
  +--> ?C_INITSEG

?PR?MAIN?MAINPRO                                 0020H.0  0000H.4    -----    -----      000CH    096BH
  +--> ?PR?SYSTEMINIT?SYSTEMINIT
  +--> ?PR?_DELAY_MS?DELAYTIME
  +--> ?CO?MAINPRO
  +--> ?PR?_SENDSTRINGDATATOPC?PC
  +--> ?PR?_STRSTR?STRSTR
  +--> ?PR?_SETCHAMBERON?CHAMBER
  +--> ?PR?_READCHAMBERTEMPERATURE?CHAMBER
  +--> ?PR?CONFIG_CH375?CFGUO
BL51 BANKED LINKER/LOCATER V6.22.2.0                                                  04/03/2021  15:36:38  PAGE 6


  +--> ?PR?CONFIG_FLUKE_MODE?CFGUO
  +--> ?PR?_REQUIRECFGUOALLCHANNELTEMPERATUR...
  +--> ?PR?PRINTF?PRINTF
  +--> ?PR?_SETVOLTAGE?NEWPOWER
  +--> ?PR?TSTBRDPOWERINIT?TSTBRDCONTRL
  +--> ?PR?_SETTSTBRDPOWERON?TSTBRDCONTRL
  +--> ?PR?_SEARCHTESTMAINBOARD?TSTBRDCONTRL
  +--> ?PR?_READTC18B20PACKAGEANDUSEPT100IND...
  +--> ?PR?_SENDTC18B20PACKAGETYPETOBOARD?DA...
  +--> ?PR?_READOPA544OUTPUTCURRENT?NEWPOWER
  +--> ?PR?_SENDTRIMMINGROTATIONVALUES?TSTBR...
  +--> ?PR?STARTPROCESS?SYSTEMINIT
  +--> ?PR?_WAITFORTRIMINGPROCESS?DATATRANS
  +--> ?PR?_SETCHAMBEROFF?CHAMBER
  +--> ?PR?TRIMINGBOARDCOLLECTOR?SYSTEMINIT
  +--> ?PR?_READTEMPERATUREDATAFROMTRIMINGBO...
  +--> ?PR?_SENDFLOATDATATOPC?PC
  +--> ?PR?_SENDPT100DATATOTRIMINGBOARD?DATA...
  +--> ?PR?_SENDINTDATATOPC?PC
  +--> ?PR?_SETCHAMBERTEMPERATURE?CHAMBER
  +--> ?PR?_ENDALLPROCESS?TSTBRDCONTRL

?PR?SYSTEMINIT?SYSTEMINIT                        -----    -----      -----    -----      -----    -----
  +--> ?PR?UART4_INIT?SYSTEMINIT
  +--> ?PR?SPI_INIT?SYSTEMINIT

?PR?_SETCHAMBERON?CHAMBER                        -----    -----      -----    -----      0977H    0002H
  +--> ?PR?CH395_LABCHAM_VARI_INIT?CH395CMD
  +--> ?PR?INIT_CH395_LABCHAM_CONNECT?CH395CMD
  +--> ?PR?_DELAY_MS?DELAYTIME
  +--> ?PR?_SETUSARTTWOPOSIONANDBTR?DATATRANS
  +--> ?CO?CHAMBER
  +--> ?PR?_SENDSTRINGDATA?DATATRANS
  +--> ?PR?_CRC16_MODBUS?CRC16_MODBUS
  +--> ?PR?_SENDDATA?DATATRANS

?PR?INIT_CH395_LABCHAM_CONNECT?CH395CMD          -----    -----      -----    -----      -----    -----
  +--> ?PR?CH395CMDRESET?CH395CMD
  +--> ?PR?_DELAY_MS?DELAYTIME
  +--> ?PR?INITCH395INFPARAM?CH395CMD
  +--> ?PR?CH395INIT?CH395CMD
  +--> ?PR?_MSTOPIFERROR?CH395CMD
  +--> ?PR?CH395CMDGETPHYSTATUS?CH395CMD
  +--> ?PR?CH395GLOBALINTERRUPT?CH395CMD
  +--> ?PR?INITSOCKETPARAM?CH395CMD
  +--> ?PR?CH395SOCKETINITOPEN?CH395CMD
  +--> ?CO?CH395CMD
  +--> ?PR?_SENDSTRINGDATATOPC?PC
  +--> ?PR?KEEPLIVE_SET?CH395CMD

?PR?CH395CMDRESET?CH395CMD                       -----    -----      -----    -----      -----    -----
  +--> ?PR?_XWRITECH395CMD?SYSTEMINIT

?PR?_XWRITECH395CMD?SYSTEMINIT                   -----    -----      -----    -----      -----    -----
  +--> ?PR?_SPI395EXCHANGE?SYSTEMINIT
  +--> ?PR?DELAY_5US?DELAYTIME

BL51 BANKED LINKER/LOCATER V6.22.2.0                                                  04/03/2021  15:36:38  PAGE 7


?PR?INITCH395INFPARAM?CH395CMD                   -----    -----      -----    -----      -----    -----
  +--> ?CO?CH395CMD

?PR?CH395INIT?CH395CMD                           -----    -----      -----    -----      0979H    0001H
  +--> ?PR?_CH395CMDCHECKEXIST?CH395CMD
  +--> ?CO?CH395CMD
  +--> ?PR?_SENDSTRINGDATATOPC?PC
  +--> ?PR?_CH395CMDSETIPADDR?CH395CMD
  +--> ?PR?_CH395CMDSETGWIPADDR?CH395CMD
  +--> ?PR?_CH395CMDSETMASKADDR?CH395CMD
  +--> ?PR?CH395CMDINITCH395?CH395CMD

?PR?_CH395CMDCHECKEXIST?CH395CMD                 -----    -----      -----    -----      097AH    0001H
  +--> ?PR?_XWRITECH395CMD?SYSTEMINIT
  +--> ?PR?_XWRITECH395DATA?SYSTEMINIT
  +--> ?PR?XREADCH395DATA?SYSTEMINIT

?PR?_XWRITECH395DATA?SYSTEMINIT                  -----    -----      -----    -----      -----    -----
  +--> ?PR?_SPI395EXCHANGE?SYSTEMINIT

?PR?XREADCH395DATA?SYSTEMINIT                    -----    -----      -----    -----      -----    -----
  +--> ?PR?_SPI395EXCHANGE?SYSTEMINIT

?PR?_CH395CMDSETIPADDR?CH395CMD                  -----    -----      -----    -----      097AH    0004H
  +--> ?PR?_XWRITECH395CMD?SYSTEMINIT
  +--> ?PR?_XWRITECH395DATA?SYSTEMINIT

?PR?_CH395CMDSETGWIPADDR?CH395CMD                -----    -----      -----    -----      097AH    0004H
  +--> ?PR?_XWRITECH395CMD?SYSTEMINIT
  +--> ?PR?_XWRITECH395DATA?SYSTEMINIT

?PR?_CH395CMDSETMASKADDR?CH395CMD                -----    -----      -----    -----      097AH    0004H
  +--> ?PR?_XWRITECH395CMD?SYSTEMINIT
  +--> ?PR?_XWRITECH395DATA?SYSTEMINIT

?PR?CH395CMDINITCH395?CH395CMD                   -----    -----      -----    -----      097AH    0002H
  +--> ?PR?_XWRITECH395CMD?SYSTEMINIT
  +--> ?PR?_DELAY_MS?DELAYTIME
  +--> ?PR?CH395GETCMDSTATUS?CH395CMD

?PR?CH395GETCMDSTATUS?CH395CMD                   -----    -----      -----    -----      -----    -----
  +--> ?PR?_XWRITECH395CMD?SYSTEMINIT
  +--> ?PR?XREADCH395DATA?SYSTEMINIT

?PR?_MSTOPIFERROR?CH395CMD                       -----    -----      -----    -----      -----    -----
  +--> ?CO?CH395CMD
  +--> ?PR?PRINTF?PRINTF
  +--> ?PR?_SENDSTRINGDATATOPC?PC
  +--> ?PR?_DELAY_MS?DELAYTIME

?PR?PRINTF?PRINTF                                0020H.4  0001H.1    0008H    0005H      0B8BH    0030H
  +--> ?PR?PUTCHAR?PUTCHAR

?PR?CH395CMDGETPHYSTATUS?CH395CMD                -----    -----      -----    -----      -----    -----
  +--> ?PR?_XWRITECH395CMD?SYSTEMINIT
  +--> ?PR?XREADCH395DATA?SYSTEMINIT

BL51 BANKED LINKER/LOCATER V6.22.2.0                                                  04/03/2021  15:36:38  PAGE 8


?PR?CH395GLOBALINTERRUPT?CH395CMD                -----    -----      -----    -----      09A0H    000DH
  +--> ?PR?CH395CMDGETGLOBINTSTATUS?CH395CMD
  +--> ?CO?CH395CMD
  +--> ?PR?_SENDSTRINGDATATOPC?PC
  +--> ?PR?_CH395CMDGETUNREACHIPPT?CH395CMD
  +--> ?PR?CH395CMDGETPHYSTATUS?CH395CMD
  +--> ?PR?_CH395SOCKETINTERRUPT?CH395CMD

?PR?CH395CMDGETGLOBINTSTATUS?CH395CMD            -----    -----      -----    -----      -----    -----
  +--> ?PR?_XWRITECH395CMD?SYSTEMINIT
  +--> ?PR?XREADCH395DATA?SYSTEMINIT

?PR?_CH395CMDGETUNREACHIPPT?CH395CMD             -----    -----      -----    -----      09ADH    0004H
  +--> ?PR?_XWRITECH395CMD?SYSTEMINIT
  +--> ?PR?XREADCH395DATA?SYSTEMINIT

?PR?_CH395SOCKETINTERRUPT?CH395CMD               -----    -----      -----    -----      09ADH    0005H
  +--> ?PR?_CH395GETSOCKETINT?CH395CMD
  +--> ?CO?CH395CMD
  +--> ?PR?_SENDSTRINGDATATOPC?PC
  +--> ?PR?_CH395GETRECVLENGTH?CH395CMD
  +--> ?PR?_CH395GETRECVDATA?CH395CMD
  +--> ?PR?PRINTF?PRINTF
  +--> ?PR?_DELAY_MS?DELAYTIME
  +--> ?PR?_CH395OPENSOCKET?CH395CMD
  +--> ?PR?_MSTOPIFERROR?CH395CMD
  +--> ?PR?_CH395TCPCONNECT?CH395CMD

?PR?_CH395GETSOCKETINT?CH395CMD                  -----    -----      -----    -----      09B2H    0001H
  +--> ?PR?_XWRITECH395CMD?SYSTEMINIT
  +--> ?PR?_XWRITECH395DATA?SYSTEMINIT
  +--> ?PR?DELAY_5US?DELAYTIME
  +--> ?PR?XREADCH395DATA?SYSTEMINIT

?PR?_CH395GETRECVLENGTH?CH395CMD                 -----    -----      -----    -----      09B2H    0003H
  +--> ?PR?_XWRITECH395CMD?SYSTEMINIT
  +--> ?PR?_XWRITECH395DATA?SYSTEMINIT
  +--> ?PR?XREADCH395DATA?SYSTEMINIT

?PR?_CH395GETRECVDATA?CH395CMD                   -----    -----      -----    -----      09B2H    0008H
  +--> ?PR?_XWRITECH395CMD?SYSTEMINIT
  +--> ?PR?_XWRITECH395DATA?SYSTEMINIT
  +--> ?PR?DELAY_5US?DELAYTIME
  +--> ?PR?XREADCH395DATA?SYSTEMINIT

?PR?_CH395OPENSOCKET?CH395CMD                    -----    -----      -----    -----      09B2H    0003H
  +--> ?PR?_XWRITECH395CMD?SYSTEMINIT
  +--> ?PR?_XWRITECH395DATA?SYSTEMINIT
  +--> ?PR?_DELAY_MS?DELAYTIME
  +--> ?PR?CH395GETCMDSTATUS?CH395CMD

?PR?_CH395TCPCONNECT?CH395CMD                    -----    -----      -----    -----      09B2H    0003H
  +--> ?PR?_XWRITECH395CMD?SYSTEMINIT
  +--> ?PR?_XWRITECH395DATA?SYSTEMINIT
  +--> ?PR?_DELAY_MS?DELAYTIME
  +--> ?PR?CH395GETCMDSTATUS?CH395CMD

BL51 BANKED LINKER/LOCATER V6.22.2.0                                                  04/03/2021  15:36:38  PAGE 9


?PR?INITSOCKETPARAM?CH395CMD                     -----    -----      -----    -----      -----    -----
  +--> ?CO?CH395CMD

?PR?CH395SOCKETINITOPEN?CH395CMD                 -----    -----      -----    -----      0979H    0001H
  +--> ?PR?_CH395SETSOCKETPROTTYPE?CH395CMD
  +--> ?PR?_CH395SETSOCKETDESIP?CH395CMD
  +--> ?PR?_CH395SETSOCKETDESPORT?CH395CMD
  +--> ?PR?_CH395SETSOCKETSOURPORT?CH395CMD
  +--> ?CO?CH395CMD
  +--> ?PR?_SENDSTRINGDATATOPC?PC
  +--> ?PR?_CH395OPENSOCKET?CH395CMD
  +--> ?PR?_MSTOPIFERROR?CH395CMD
  +--> ?PR?_CH395TCPCONNECT?CH395CMD

?PR?_CH395SETSOCKETPROTTYPE?CH395CMD             -----    -----      -----    -----      097AH    0002H
  +--> ?PR?_XWRITECH395CMD?SYSTEMINIT
  +--> ?PR?_XWRITECH395DATA?SYSTEMINIT

?PR?_CH395SETSOCKETDESIP?CH395CMD                -----    -----      -----    -----      097AH    0004H
  +--> ?PR?_XWRITECH395CMD?SYSTEMINIT
  +--> ?PR?_XWRITECH395DATA?SYSTEMINIT

?PR?_CH395SETSOCKETDESPORT?CH395CMD              -----    -----      -----    -----      097AH    0003H
  +--> ?PR?_XWRITECH395CMD?SYSTEMINIT
  +--> ?PR?_XWRITECH395DATA?SYSTEMINIT

?PR?_CH395SETSOCKETSOURPORT?CH395CMD             -----    -----      -----    -----      097AH    0003H
  +--> ?PR?_XWRITECH395CMD?SYSTEMINIT
  +--> ?PR?_XWRITECH395DATA?SYSTEMINIT

?PR?KEEPLIVE_SET?CH395CMD                        -----    -----      -----    -----      -----    -----
  +--> ?PR?_CH395SETKEEPLIVE?CH395CMD
  +--> ?PR?_CH395KEEPLIVECNT?CH395CMD
  +--> ?PR?_CH395KEEPLIVEIDLE?CH395CMD
  +--> ?PR?_CH395KEEPLIVEINTVL?CH395CMD

?PR?_CH395SETKEEPLIVE?CH395CMD                   -----    -----      -----    -----      0979H    0002H
  +--> ?PR?_XWRITECH395CMD?SYSTEMINIT
  +--> ?PR?_XWRITECH395DATA?SYSTEMINIT

?PR?_CH395KEEPLIVECNT?CH395CMD                   -----    -----      -----    -----      0979H    0001H
  +--> ?PR?_XWRITECH395CMD?SYSTEMINIT
  +--> ?PR?_XWRITECH395DATA?SYSTEMINIT

?PR?_CH395KEEPLIVEIDLE?CH395CMD                  -----    -----      -----    -----      0979H    0004H
  +--> ?PR?_XWRITECH395CMD?SYSTEMINIT
  +--> ?PR?_XWRITECH395DATA?SYSTEMINIT

?PR?_CH395KEEPLIVEINTVL?CH395CMD                 -----    -----      -----    -----      0979H    0004H
  +--> ?PR?_XWRITECH395CMD?SYSTEMINIT
  +--> ?PR?_XWRITECH395DATA?SYSTEMINIT

?PR?_SETUSARTTWOPOSIONANDBTR?DATATRANS           -----    -----      -----    -----      0993H    0001H
  +--> ?PR?_USARTINIT?DATATRANS
  +--> ?PR?_DELAY_MS?DELAYTIME

?PR?_CRC16_MODBUS?CRC16_MODBUS                   -----    -----      -----    -----      0993H    000CH
BL51 BANKED LINKER/LOCATER V6.22.2.0                                                  04/03/2021  15:36:38  PAGE 10


  +--> ?PR?_INVERTUINT8?CRC16_MODBUS
  +--> ?PR?_INVERTUINT16?CRC16_MODBUS

?PR?_INVERTUINT8?CRC16_MODBUS                    -----    -----      -----    -----      099FH    000CH

?PR?_INVERTUINT16?CRC16_MODBUS                   -----    -----      -----    -----      099FH    0010H

?PR?_SENDDATA?DATATRANS                          -----    -----      -----    -----      0993H    0006H

?PR?_READCHAMBERTEMPERATURE?CHAMBER              -----    -----      -----    -----      0977H    001CH
  +--> ?PR?_ACQURIE_LABCHAM_ACTUALTEMP?CH395CMD
  +--> ?CO?CHAMBER
  +--> ?PR?PRINTF?PRINTF
  +--> ?PR?_SENDSTRINGDATATOPC?PC
  +--> ?PR?_SETUSARTTWOPOSIONANDBTR?DATATRANS
  +--> ?PR?_DELAY_MS?DELAYTIME
  +--> ?PR?_SENDSTRINGDATA?DATATRANS
  +--> ?PR?ATOF?ATOF
  +--> ?PR?_CRC16_MODBUS?CRC16_MODBUS
  +--> ?PR?_SENDDATA?DATATRANS

?PR?_ACQURIE_LABCHAM_ACTUALTEMP?CH395CMD         -----    -----      -----    -----      0993H    0009H
  +--> ?PR?REQUEST_LABCHAMBER_STATE?CH395CMD
  +--> ?PR?ATOF?ATOF

?PR?REQUEST_LABCHAMBER_STATE?CH395CMD            -----    -----      -----    -----      099CH    0004H
  +--> ?CO?CH395CMD
  +--> ?PR?PRINTF?PRINTF
  +--> ?PR?_SENDCMDTOLABCHAMBER?CH395CMD
  +--> ?PR?CH395GLOBALINTERRUPT?CH395CMD
  +--> ?PR?_SENDSTRINGDATATOPC?PC

?PR?_SENDCMDTOLABCHAMBER?CH395CMD                -----    -----      -----    -----      09A0H    0003H
  +--> ?PR?_STRLEN?STRLEN
  +--> ?PR?_CH395SENDDATA?CH395CMD

?PR?_CH395SENDDATA?CH395CMD                      -----    -----      -----    -----      09A3H    0008H
  +--> ?PR?_XWRITECH395CMD?SYSTEMINIT
  +--> ?PR?_XWRITECH395DATA?SYSTEMINIT

?PR?ATOF?ATOF                                    -----    -----      -----    -----      0B79H    0003H
  +--> ?PR?_ISSPACE?ISSPACE
  +--> ?PR??C?ATOF??C?ATOF

?PR??C?ATOF??C?ATOF                              0020H.4  0000H.5    0008H    0002H      -----    -----

?PR?CONFIG_CH375?CFGUO                           -----    -----      -----    -----      0977H    0001H
  +--> ?PR?_DELAY_MS?DELAYTIME
  +--> ?PR?CH375_RESET?CFGUO
  +--> ?PR?_CH375_USB_MODE?CFGUO
  +--> ?CO?CFGUO
  +--> ?PR?_SENDSTRINGDATATOPC?PC
  +--> ?PR?USB_DEV_AUTOSET?CFGUO

?PR?CH375_RESET?CFGUO                            -----    -----      -----    -----      -----    -----
  +--> ?PR?_UART4_SEND375CMD?CFGUO
  +--> ?PR?_DELAY_MS?DELAYTIME
BL51 BANKED LINKER/LOCATER V6.22.2.0                                                  04/03/2021  15:36:38  PAGE 11



?PR?_CH375_USB_MODE?CFGUO                        -----    -----      -----    -----      0978H    0002H
  +--> ?PR?_UART4_SEND375CMD?CFGUO
  +--> ?PR?_UART4_SEND375DATA?CFGUO
  +--> ?PR?GET_OPER_STATUS?CFGUO
  +--> ?PR?_DELAY_MS?DELAYTIME

?PR?GET_OPER_STATUS?CFGUO                        -----    -----      -----    -----      097AH    0005H
  +--> ?PR?DELAY_5US?DELAYTIME

?PR?USB_DEV_AUTOSET?CFGUO                        -----    -----      -----    -----      -----    -----
  +--> ?PR?_UART4_SEND375CMD?CFGUO
  +--> ?PR?_DELAY_MS?DELAYTIME
  +--> ?PR?GET_INT_STATUS?CFGUO

?PR?GET_INT_STATUS?CFGUO                         -----    -----      -----    -----      0B8DH    0005H
  +--> ?PR?DELAY_5US?DELAYTIME

?PR?CONFIG_FLUKE_MODE?CFGUO                      -----    -----      -----    -----      0977H    0001H
  +--> ?CO?CFGUO
  +--> ?PR?_SEND_CMD_TO_FLUKE?CFGUO
  +--> ?PR?PRINTF?PRINTF
  +--> ?PR?_SENDSTRINGDATATOPC?PC
  +--> ?PR?_DELAY_MS?DELAYTIME

?PR?_SEND_CMD_TO_FLUKE?CFGUO                     -----    -----      -----    -----      -----    -----
  +--> ?PR?_WR_HOST_OUT_BUF?CFGUO
  +--> ?PR?SET_HOST_POINT_SEND?CFGUO
  +--> ?PR?_ISSUE_TOKEN?CFGUO

?PR?_WR_HOST_OUT_BUF?CFGUO                       -----    -----      -----    -----      0B79H    0003H
  +--> ?PR?_UART4_SEND375CMD?CFGUO
  +--> ?PR?_UART4_SENDFLUKECMD?CFGUO

?PR?_UART4_SENDFLUKECMD?CFGUO                    -----    -----      -----    -----      0B7CH    0003H
  +--> ?PR?_STRLEN?STRLEN

?PR?SET_HOST_POINT_SEND?CFGUO                    -----    -----      -----    -----      -----    -----
  +--> ?PR?_UART4_SEND375CMD?CFGUO
  +--> ?PR?_UART4_SEND375DATA?CFGUO
  +--> ?PR?DELAY_5US?DELAYTIME

?PR?_ISSUE_TOKEN?CFGUO                           -----    -----      -----    -----      0B8BH    0002H
  +--> ?PR?_UART4_SEND375CMD?CFGUO
  +--> ?PR?_UART4_SEND375DATA?CFGUO
  +--> ?PR?GET_INT_STATUS?CFGUO

?PR?_REQUIRECFGUOALLCHANNELTEMPERATUR...         -----    -----      -----    -----      0977H    0202H
  +--> ?CO?CFGUO
  +--> ?PR?_SEND_CMD_TO_FLUKE?CFGUO
  +--> ?PR?PRINTF?PRINTF
  +--> ?PR?_SENDSTRINGDATATOPC?PC
  +--> ?PR?_REV_DATA_FROM_FLUKE?CFGUO
  +--> ?PR?ATOF?ATOF
  +--> ?PR?_DELAY_MS?DELAYTIME

?PR?_REV_DATA_FROM_FLUKE?CFGUO                   -----    -----      -----    -----      0B79H    0009H
BL51 BANKED LINKER/LOCATER V6.22.2.0                                                  04/03/2021  15:36:38  PAGE 12


  +--> ?PR?_REV_DATA_FROM_CH375?CFGUO
  +--> ?CO?CFGUO
  +--> ?PR?PRINTF?PRINTF
  +--> ?PR?_SENDSTRINGDATATOPC?PC

?PR?_REV_DATA_FROM_CH375?CFGUO                   -----    -----      -----    -----      0B82H    0009H
  +--> ?PR?SET_HOST_POINT_REV?CFGUO
  +--> ?PR?_ISSUE_TOKEN?CFGUO
  +--> ?PR?_UART4_SEND375CMD?CFGUO
  +--> ?CO?CFGUO
  +--> ?PR?PRINTF?PRINTF
  +--> ?PR?_SENDSTRINGDATATOPC?PC

?PR?SET_HOST_POINT_REV?CFGUO                     -----    -----      -----    -----      -----    -----
  +--> ?PR?_UART4_SEND375CMD?CFGUO
  +--> ?PR?_UART4_SEND375DATA?CFGUO
  +--> ?PR?DELAY_5US?DELAYTIME

?PR?_SETVOLTAGE?NEWPOWER                         -----    -----      -----    -----      0977H    0008H
  +--> ?PR?_WRITEDATATOMAX5821?NEWPOWER

?PR?_WRITEDATATOMAX5821?NEWPOWER                 -----    -----      -----    -----      097FH    0004H
  +--> ?PR?_I2CWRITEDATATODEVICE?NEWPOWER

?PR?_I2CWRITEDATATODEVICE?NEWPOWER               -----    -----      -----    -----      0993H    0007H
  +--> ?PR?I2CSTART?NEWPOWER
  +--> ?CO?NEWPOWER
  +--> ?PR?DELAY_5US?DELAYTIME
  +--> ?PR?I2CDEVICEACK?NEWPOWER
  +--> ?PR?I2CSTOP?NEWPOWER

?PR?I2CSTART?NEWPOWER                            -----    -----      -----    -----      -----    -----
  +--> ?PR?RESETI2CPORT?NEWPOWER
  +--> ?PR?_DELAY_MS?DELAYTIME
  +--> ?PR?DELAY_5US?DELAYTIME

?PR?I2CDEVICEACK?NEWPOWER                        -----    -----      -----    -----      -----    -----
  +--> ?PR?DELAY_5US?DELAYTIME

?PR?I2CSTOP?NEWPOWER                             -----    -----      -----    -----      -----    -----
  +--> ?PR?DELAY_5US?DELAYTIME

?PR?_SEARCHTESTMAINBOARD?TSTBRDCONTRL            -----    -----      -----    -----      0977H    0003H
  +--> ?PR?_SETUSARTTWOPOSIONANDBTR?DATATRANS
  +--> ?CO?TSTBRDCONTRL
  +--> ?PR?_SENDSTRINGDATA?DATATRANS

?PR?_READTC18B20PACKAGEANDUSEPT100IND...         -----    -----      -----    -----      0977H    0012H
  +--> ?PR?_USARTINIT?DATATRANS
  +--> ?CO?PC
  +--> ?PR?_STRSTR?STRSTR
  +--> ?PR?_ATOI?ATOI

?PR?_ATOI?ATOI                                   0020H.4  0000H.1    -----    -----      0989H    0005H
  +--> ?PR?_ISSPACE?ISSPACE
  +--> ?PR?_ISDIGIT?ISDIGIT

BL51 BANKED LINKER/LOCATER V6.22.2.0                                                  04/03/2021  15:36:38  PAGE 13


?PR?_SENDTC18B20PACKAGETYPETOBOARD?DA...         -----    -----      -----    -----      0977H    0016H
  +--> ?CO?DATATRANS
  +--> ?PR?PRINTF?PRINTF
  +--> ?PR?_SETUSARTTWOPOSIONANDBTR?DATATRANS
  +--> ?PR?_SENDSTRINGDATA?DATATRANS

?PR?_READOPA544OUTPUTCURRENT?NEWPOWER            -----    -----      -----    -----      0977H    001CH
  +--> ?PR?_I2CWRITEDATATODEVICE?NEWPOWER
  +--> ?PR?_DELAY_MS?DELAYTIME
  +--> ?PR?_READDATAFROMADS1100?NEWPOWER

?PR?_READDATAFROMADS1100?NEWPOWER                -----    -----      -----    -----      0993H    0005H
  +--> ?PR?I2CSTART?NEWPOWER
  +--> ?CO?NEWPOWER
  +--> ?PR?DELAY_5US?DELAYTIME
  +--> ?PR?I2CDEVICEACK?NEWPOWER

?PR?_SENDTRIMMINGROTATIONVALUES?TSTBR...         -----    -----      -----    -----      0977H    0001H
  +--> ?PR?_SETUSARTTWOPOSIONANDBTR?DATATRANS
  +--> ?CO?TSTBRDCONTRL
  +--> ?PR?_SENDSTRINGDATA?DATATRANS

?PR?STARTPROCESS?SYSTEMINIT                      -----    -----      -----    -----      -----    -----
  +--> ?PR?_DELAY_MS?DELAYTIME

?PR?_WAITFORTRIMINGPROCESS?DATATRANS             -----    -----      -----    -----      0977H    0001H
  +--> ?PR?_SETUSARTTWOPOSIONANDBTR?DATATRANS

?PR?_SETCHAMBEROFF?CHAMBER                       -----    -----      -----    -----      0977H    0002H
  +--> ?CO?CHAMBER
  +--> ?PR?_SENDSTRINGDATATOPC?PC
  +--> ?PR?SET_LABCHAMBER_OFF?CH395CMD
  +--> ?PR?_SETUSARTTWOPOSIONANDBTR?DATATRANS
  +--> ?PR?_DELAY_MS?DELAYTIME
  +--> ?PR?_SENDSTRINGDATA?DATATRANS
  +--> ?PR?_CRC16_MODBUS?CRC16_MODBUS
  +--> ?PR?_SENDDATA?DATATRANS

?PR?SET_LABCHAMBER_OFF?CH395CMD                  -----    -----      -----    -----      0979H    0004H
  +--> ?CO?CH395CMD
  +--> ?PR?PRINTF?PRINTF
  +--> ?PR?_SENDCMDTOLABCHAMBER?CH395CMD
  +--> ?PR?CH395GLOBALINTERRUPT?CH395CMD
  +--> ?PR?_SENDSTRINGDATATOPC?PC

?PR?TRIMINGBOARDCOLLECTOR?SYSTEMINIT             -----    -----      -----    -----      -----    -----
  +--> ?PR?_DELAY_MS?DELAYTIME

?PR?_READTEMPERATUREDATAFROMTRIMINGBO...         -----    -----      -----    -----      0977H    0006H
  +--> ?PR?_SETUSARTTWOPOSIONANDBTR?DATATRANS

?PR?_SENDFLOATDATATOPC?PC                        -----    -----      -----    -----      0977H    0004H
  +--> ?PR?_USARTINIT?DATATRANS
  +--> ?PR?_SENDFLOATDATA?DATATRANS

?PR?_SENDFLOATDATA?DATATRANS                     -----    -----      -----    -----      097BH    000BH
  +--> ?CO?DATATRANS
BL51 BANKED LINKER/LOCATER V6.22.2.0                                                  04/03/2021  15:36:38  PAGE 14


  +--> ?PR?PRINTF?PRINTF
  +--> ?PR?_SENDSTRINGDATA?DATATRANS

?PR?_SENDPT100DATATOTRIMINGBOARD?DATA...         -----    -----      -----    -----      0977H    0004H
  +--> ?CO?DATATRANS
  +--> ?PR?PRINTF?PRINTF
  +--> ?PR?_SETUSARTTWOPOSIONANDBTR?DATATRANS
  +--> ?PR?_SENDSTRINGDATA?DATATRANS

?PR?_SENDINTDATATOPC?PC                          -----    -----      -----    -----      0977H    0005H
  +--> ?PR?_USARTINIT?DATATRANS
  +--> ?PR?_SENDINTDATA?DATATRANS

?PR?_SENDINTDATA?DATATRANS                       -----    -----      -----    -----      097CH    000BH
  +--> ?CO?DATATRANS
  +--> ?PR?PRINTF?PRINTF
  +--> ?PR?_SENDSTRINGDATA?DATATRANS

?PR?_SETCHAMBERTEMPERATURE?CHAMBER               -----    -----      -----    -----      0977H    0008H
  +--> ?CO?CHAMBER
  +--> ?PR?PRINTF?PRINTF
  +--> ?PR?_SENDSTRINGDATATOPC?PC
  +--> ?PR?_SET_LABCHAMBER_TEMP?CH395CMD
  +--> ?PR?_SETUSARTTWOPOSIONANDBTR?DATATRANS
  +--> ?PR?_DELAY_MS?DELAYTIME
  +--> ?PR?_SENDSTRINGDATA?DATATRANS
  +--> ?PR?_CRC16_MODBUS?CRC16_MODBUS
  +--> ?PR?_SENDDATA?DATATRANS

?PR?_SET_LABCHAMBER_TEMP?CH395CMD                -----    -----      -----    -----      097FH    0004H
  +--> ?PR?_SET_LABCMD_FORMAT?CH395CMD
  +--> ?PR?_SENDCMDTOLABCHAMBER?CH395CMD
  +--> ?PR?CH395GLOBALINTERRUPT?CH395CMD
  +--> ?CO?CH395CMD
  +--> ?PR?_SENDSTRINGDATATOPC?PC
  +--> ?PR?_DELAY_MS?DELAYTIME

?PR?_SET_LABCMD_FORMAT?CH395CMD                  -----    -----      -----    -----      0983H    000AH
  +--> ?CO?CH395CMD
  +--> ?PR?PRINTF?PRINTF

?PR?_ENDALLPROCESS?TSTBRDCONTRL                  -----    -----      -----    -----      0977H    0001H
  +--> ?PR?_SETUSARTTWOPOSIONANDBTR?DATATRANS
  +--> ?CO?TSTBRDCONTRL
  +--> ?PR?_SENDSTRINGDATA?DATATRANS



SYMBOL TABLE OF MODULE:  .\Objects\BackBrdDrv_1 point (DATATRANS)

  VALUE           TYPE          NAME
  ----------------------------------

  -------         MODULE        DATATRANS
  C:0000H         SYMBOL        _ICE_DUMMY_
  D:0080H         PUBLIC        P0
  X:1155H         PUBLIC        nTestBoardName
BL51 BANKED LINKER/LOCATER V6.22.2.0                                                  04/03/2021  15:36:38  PAGE 15


  D:0090H         PUBLIC        P1
  D:00A0H         PUBLIC        P2
  C:6A49H         PUBLIC        _SendFloatData
  D:00B0H         PUBLIC        P3
  D:00C0H         PUBLIC        P4
  C:716AH         PUBLIC        _WaitForTrimingProcess
  C:71E7H         PUBLIC        _SendStringData
  D:00C8H         PUBLIC        P5
  D:00E8H         PUBLIC        P6
  D:00F8H         PUBLIC        P7
  C:7356H         PUBLIC        _SendData
  D:00BAH         PUBLIC        P_SW2
  D:00A8H         PUBLIC        IE
  D:00B8H         PUBLIC        IP
  B:0098H.1       PUBLIC        TI
  D:00D8H         PUBLIC        CCON
  C:5BAFH         PUBLIC        _UsartInit
  D:0099H         PUBLIC        SBUF
  X:115DH         PUBLIC        nTempP6PortData
  X:115EH         PUBLIC        nRecieveData
  D:0098H         PUBLIC        SCON
  D:0089H         PUBLIC        TMOD
  D:0088H         PUBLIC        TCON
  C:6AFBH         PUBLIC        _SendIntData
  C:6046H         PUBLIC        _SetUsartTwoPosionAndBtr
  C:6C57H         PUBLIC        _SendTC18B20PackageTypeToBoard
  X:1226H         PUBLIC        nDeviceIndex
  D:008EH         PUBLIC        AUXR
  B:00A8H.3       PUBLIC        ET1
  X:1227H         PUBLIC        nOtherDeviceName
  D:008DH         PUBLIC        TH1
  D:00D6H         PUBLIC        T2H
  D:008BH         PUBLIC        TL1
  D:00D7H         PUBLIC        T2L
  X:122FH         PUBLIC        nRxDataCunt
  B:0088H.6       PUBLIC        TR1
  D:009BH         PUBLIC        S2BUF
  D:009AH         PUBLIC        S2CON
  C:6244H         PUBLIC        _SendPt100DataToTrimingBoard
  C:5582H         PUBLIC        _ReadTemperatureDataFromTrimingBoard
  X:1230H         PUBLIC        nSendData
  X:1244H         PUBLIC        nComTimeOutCunt
  D:00D0H         PUBLIC        PSW
  -------         PROC          _USARTINIT
  D:0007H         SYMBOL        nComPortIndex
  D:0005H         SYMBOL        nBtr
  C:5BAFH         LINE#         19
  C:5BAFH         LINE#         20
  C:5BAFH         LINE#         21
  C:5BBAH         LINE#         22
  C:5BBDH         LINE#         23
  C:5BC0H         LINE#         24
  C:5BC3H         LINE#         25
  C:5BC6H         LINE#         27
  C:5BD8H         LINE#         28
  C:5BEAH         LINE#         29
  C:5BFCH         LINE#         30
BL51 BANKED LINKER/LOCATER V6.22.2.0                                                  04/03/2021  15:36:38  PAGE 16


  C:5C0EH         LINE#         31
  C:5C20H         LINE#         32
  C:5C32H         LINE#         33
  C:5C43H         LINE#         34
  C:5C50H         LINE#         36
  C:5C52H         LINE#         37
  C:5C54H         LINE#         38
  C:5C54H         LINE#         40
  C:5C62H         LINE#         41
  C:5C65H         LINE#         42
  C:5C77H         LINE#         43
  C:5C89H         LINE#         44
  C:5C9BH         LINE#         45
  C:5CADH         LINE#         46
  C:5CBFH         LINE#         47
  C:5CD1H         LINE#         48
  C:5CE2H         LINE#         49
  C:5CF0H         LINE#         51
  C:5CF3H         LINE#         52
  C:5CF3H         LINE#         53
  -------         ENDPROC       _USARTINIT
  -------         PROC          _SETUSARTTWOPOSIONANDBTR
  X:0993H         SYMBOL        nSerialPortPosion
  D:0001H         SYMBOL        nDeviceName
  D:0003H         SYMBOL        nBtr
  C:6046H         LINE#         92
  C:604DH         LINE#         93
  C:604DH         LINE#         94
  C:6056H         LINE#         95
  C:605CH         LINE#         97
  C:606BH         LINE#         98
  C:606EH         LINE#         100
  C:6075H         LINE#         101
  C:608EH         LINE#         102
  C:60A1H         LINE#         103
  C:60C1H         LINE#         104
  C:60C3H         LINE#         105
  C:60C3H         LINE#         106
  C:60CBH         LINE#         107
  C:60CBH         LINE#         109
  C:60DAH         LINE#         110
  C:60DDH         LINE#         112
  C:60E4H         LINE#         113
  C:60FDH         LINE#         114
  C:6110H         LINE#         115
  C:6130H         LINE#         116
  C:6132H         LINE#         117
  C:6132H         LINE#         118
  C:613AH         LINE#         119
  C:613AH         LINE#         121
  C:6140H         LINE#         122
  C:6147H         LINE#         123
  -------         ENDPROC       _SETUSARTTWOPOSIONANDBTR
  -------         PROC          _SENDSTRINGDATA
  D:0007H         SYMBOL        nComPortIndex
  X:0B8EH         SYMBOL        pData
  C:71E7H         LINE#         131
BL51 BANKED LINKER/LOCATER V6.22.2.0                                                  04/03/2021  15:36:38  PAGE 17


  C:71F2H         LINE#         132
  C:71F2H         LINE#         133
  C:71FAH         LINE#         134
  C:720AH         LINE#         135
  C:721EH         LINE#         136
  C:7221H         LINE#         137
  C:7223H         LINE#         138
  C:7225H         LINE#         139
  C:7225H         LINE#         141
  C:7230H         LINE#         142
  C:7240H         LINE#         143
  C:7254H         LINE#         144
  C:725CH         LINE#         145
  C:725FH         LINE#         146
  C:7261H         LINE#         147
  C:7261H         LINE#         148
  -------         ENDPROC       _SENDSTRINGDATA
  -------         PROC          _SENDFLOATDATA
  X:097BH         SYMBOL        nComPortIndex
  X:097CH         SYMBOL        pFloatData
  X:097FH         SYMBOL        nFloatDataCunt
  -------         DO            
  X:0981H         SYMBOL        nCunt
  X:0983H         SYMBOL        pData
  -------         ENDDO         
  C:6A49H         LINE#         157
  C:6A57H         LINE#         158
  C:6A57H         LINE#         159
  C:6A5EH         LINE#         162
  C:6A7CH         LINE#         163
  C:6AC8H         LINE#         164
  C:6AD6H         LINE#         166
  C:6AE9H         LINE#         167
  C:6AFAH         LINE#         168
  -------         ENDPROC       _SENDFLOATDATA
  -------         PROC          _SENDINTDATA
  X:097CH         SYMBOL        nComPortIndex
  X:097DH         SYMBOL        pIntData
  X:0980H         SYMBOL        nIntDataCunt
  -------         DO            
  X:0982H         SYMBOL        nCunt
  X:0984H         SYMBOL        pData
  -------         ENDDO         
  C:6AFBH         LINE#         177
  C:6B09H         LINE#         178
  C:6B09H         LINE#         179
  C:6B10H         LINE#         182
  C:6B2EH         LINE#         183
  C:6B7AH         LINE#         184
  C:6B88H         LINE#         186
  C:6B9BH         LINE#         187
  C:6BACH         LINE#         188
  -------         ENDPROC       _SENDINTDATA
  -------         PROC          _SENDDATA
  X:0993H         SYMBOL        nComPortIndex
  X:0994H         SYMBOL        pData
  X:0997H         SYMBOL        nIntDataCunt
BL51 BANKED LINKER/LOCATER V6.22.2.0                                                  04/03/2021  15:36:38  PAGE 18


  -------         DO            
  D:0006H         SYMBOL        nCunt
  -------         ENDDO         
  C:7356H         LINE#         199
  C:7364H         LINE#         200
  C:7364H         LINE#         201
  C:7367H         LINE#         202
  C:7374H         LINE#         203
  C:7381H         LINE#         204
  C:7393H         LINE#         205
  C:7396H         LINE#         206
  C:7398H         LINE#         207
  C:7398H         LINE#         209
  C:73A7H         LINE#         210
  C:73B9H         LINE#         211
  C:73C1H         LINE#         212
  C:73C4H         LINE#         213
  C:73C4H         LINE#         214
  C:73CBH         LINE#         215
  -------         ENDPROC       _SENDDATA
  -------         PROC          _SENDTC18B20PACKAGETYPETOBOARD
  X:0977H         SYMBOL        nTrimingBoardIndex
  X:0978H         SYMBOL        nPkgType
  -------         DO            
  X:0979H         SYMBOL        nPkgData
  -------         ENDDO         
  C:6C57H         LINE#         225
  C:6C5FH         LINE#         226
  C:6C5FH         LINE#         229
  C:6C6EH         LINE#         230
  C:6C94H         LINE#         231
  C:6CADH         LINE#         232
  C:6CC5H         LINE#         233
  C:6CE1H         LINE#         234
  C:6CECH         LINE#         235
  C:6CECH         LINE#         236
  C:6CF4H         LINE#         237
  -------         ENDPROC       _SENDTC18B20PACKAGETYPETOBOARD
  -------         PROC          _WAITFORTRIMINGPROCESS
  X:0977H         SYMBOL        nTrimingBoardIndex
  C:716AH         LINE#         246
  C:716FH         LINE#         247
  C:716FH         LINE#         248
  C:7188H         LINE#         249
  C:71A0H         LINE#         250
  C:71BCH         LINE#         251
  C:71BFH         LINE#         252
  C:71BFH         LINE#         253
  C:71C2H         LINE#         254
  C:71CAH         LINE#         255
  C:71CDH         LINE#         257
  C:71D2H         LINE#         258
  C:71D5H         LINE#         259
  C:71DAH         LINE#         260
  C:71DCH         LINE#         261
  C:71DCH         LINE#         262
  C:71DEH         LINE#         263
BL51 BANKED LINKER/LOCATER V6.22.2.0                                                  04/03/2021  15:36:38  PAGE 19


  C:71DEH         LINE#         264
  C:71E6H         LINE#         265
  -------         ENDPROC       _WAITFORTRIMINGPROCESS
  -------         PROC          _READTEMPERATUREDATAFROMTRIMINGBOARD
  X:0977H         SYMBOL        nTrimingBoardIndex
  X:0978H         SYMBOL        pData
  -------         DO            
  X:097BH         SYMBOL        nTemperatureData
  -------         ENDDO         
  C:5582H         LINE#         275
  C:5590H         LINE#         276
  C:5590H         LINE#         279
  C:55A9H         LINE#         280
  C:55CAH         LINE#         281
  C:55D2H         LINE#         283
  C:55EBH         LINE#         284
  C:5603H         LINE#         285
  C:561FH         LINE#         286
  C:5621H         LINE#         287
  C:5621H         LINE#         288
  C:5629H         LINE#         290
  C:562EH         LINE#         291
  C:5631H         LINE#         292
  C:5631H         LINE#         293
  C:5634H         LINE#         294
  C:563CH         LINE#         295
  C:563FH         LINE#         297
  C:5644H         LINE#         298
  C:5647H         LINE#         300
  C:565DH         LINE#         301
  C:5663H         LINE#         302
  C:5663H         LINE#         303
  C:5663H         LINE#         304
  C:5663H         LINE#         306
  C:5663H         LINE#         307
  C:5668H         LINE#         308
  C:566BH         LINE#         309
  C:5681H         LINE#         310
  C:5687H         LINE#         311
  C:5693H         LINE#         312
  C:5695H         LINE#         313
  C:5695H         LINE#         314
  C:5697H         LINE#         316
  C:56B3H         LINE#         317
  C:56CEH         LINE#         318
  C:56D7H         LINE#         319
  C:56F8H         LINE#         321
  C:5726H         LINE#         322
  C:5730H         LINE#         323
  -------         ENDPROC       _READTEMPERATUREDATAFROMTRIMINGBOARD
  -------         PROC          _SENDPT100DATATOTRIMINGBOARD
  X:0977H         SYMBOL        nTrimingBoardIndex
  X:0978H         SYMBOL        pData
  C:6244H         LINE#         333
  C:6252H         LINE#         334
  C:6252H         LINE#         335
  C:62CEH         LINE#         336
BL51 BANKED LINKER/LOCATER V6.22.2.0                                                  04/03/2021  15:36:38  PAGE 20


  C:62E7H         LINE#         337
  C:62FFH         LINE#         338
  C:631BH         LINE#         339
  C:631BH         LINE#         340
  C:6323H         LINE#         342
  C:632EH         LINE#         343
  -------         ENDPROC       _SENDPT100DATATOTRIMINGBOARD
  -------         ENDMOD        DATATRANS

  -------         MODULE        PC
  C:0000H         SYMBOL        _ICE_DUMMY_
  D:0080H         PUBLIC        P0
  D:0090H         PUBLIC        P1
  D:00A0H         PUBLIC        P2
  D:00B0H         PUBLIC        P3
  D:00C0H         PUBLIC        P4
  D:00C8H         PUBLIC        P5
  D:00E8H         PUBLIC        P6
  D:00F8H         PUBLIC        P7
  X:13F7H         PUBLIC        nCunt
  D:00A8H         PUBLIC        IE
  C:7CCAH         PUBLIC        _SendIntDataToPC
  D:00B8H         PUBLIC        IP
  B:0098H.0       PUBLIC        RI
  D:00D8H         PUBLIC        CCON
  D:0099H         PUBLIC        SBUF
  D:0098H         PUBLIC        SCON
  D:0088H         PUBLIC        TCON
  C:7D9BH         PUBLIC        _SendFloatDataToPC
  C:7F4CH         PUBLIC        _SendStringDataToPC
  C:4406H         PUBLIC        _ReadTC18B20PackageAndUsePt100Index
  D:00D0H         PUBLIC        PSW
  -------         PROC          _SENDSTRINGDATATOPC
  X:0B8BH         SYMBOL        pData
  C:7F4CH         LINE#         9
  C:7F57H         LINE#         10
  C:7F57H         LINE#         12
  C:7F5EH         LINE#         13
  C:7F6EH         LINE#         14
  -------         ENDPROC       _SENDSTRINGDATATOPC
  -------         PROC          _SENDFLOATDATATOPC
  X:0977H         SYMBOL        pFloatData
  X:097AH         SYMBOL        nFloatDataCunt
  C:7D9BH         LINE#         16
  C:7DA9H         LINE#         17
  C:7DA9H         LINE#         19
  C:7DB0H         LINE#         20
  C:7DCBH         LINE#         21
  -------         ENDPROC       _SENDFLOATDATATOPC
  -------         PROC          _SENDINTDATATOPC
  X:0977H         SYMBOL        pIntData
  X:097AH         SYMBOL        nIntDataCunt
  C:7CCAH         LINE#         23
  C:7CDBH         LINE#         24
  C:7CDBH         LINE#         26
  C:7CE2H         LINE#         27
  C:7CFFH         LINE#         28
BL51 BANKED LINKER/LOCATER V6.22.2.0                                                  04/03/2021  15:36:38  PAGE 21


  -------         ENDPROC       _SENDINTDATATOPC
  -------         PROC          _READTC18B20PACKAGEANDUSEPT100INDEX
  X:0977H         SYMBOL        nPackageType
  X:097AH         SYMBOL        nPt100Index
  -------         DO            
  X:097DH         SYMBOL        nTempRxData
  X:0987H         SYMBOL        nPt100Cunt
  X:0988H         SYMBOL        nBitCunt
  -------         ENDDO         
  C:4406H         LINE#         30
  C:4411H         LINE#         31
  C:4411H         LINE#         33
  C:4418H         LINE#         35
  C:441EH         LINE#         37
  C:4423H         LINE#         38
  C:4425H         LINE#         39
  C:4425H         LINE#         40
  C:4428H         LINE#         41
  C:442AH         LINE#         43
  C:443AH         LINE#         44
  C:444CH         LINE#         45
  C:444CH         LINE#         46
  C:444CH         LINE#         48
  C:4452H         LINE#         49
  C:4452H         LINE#         50
  C:4454H         LINE#         52
  C:4463H         LINE#         53
  C:447BH         LINE#         54
  C:4496H         LINE#         55
  C:449EH         LINE#         57
  C:44F6H         LINE#         58
  C:4506H         LINE#         59
  C:4509H         LINE#         61
  C:4561H         LINE#         62
  C:4571H         LINE#         63
  C:4573H         LINE#         65
  C:45CBH         LINE#         66
  C:45DBH         LINE#         67
  C:45DDH         LINE#         69
  C:45DDH         LINE#         70
  C:45EDH         LINE#         71
  C:45EDH         LINE#         73
  C:4619H         LINE#         74
  C:462CH         LINE#         75
  C:462FH         LINE#         77
  C:4687H         LINE#         78
  C:469AH         LINE#         79
  C:469CH         LINE#         81
  C:469CH         LINE#         82
  C:46AFH         LINE#         83
  C:46AFH         LINE#         86
  C:46BEH         LINE#         87
  C:46C3H         LINE#         88
  C:46C3H         LINE#         89
  C:46D4H         LINE#         90
  C:46DAH         LINE#         91
  C:46DCH         LINE#         92
BL51 BANKED LINKER/LOCATER V6.22.2.0                                                  04/03/2021  15:36:38  PAGE 22


  C:46DCH         LINE#         93
  C:46E2H         LINE#         94
  C:46E4H         LINE#         96
  C:46E4H         LINE#         97
  C:46F5H         LINE#         98
  C:46FBH         LINE#         99
  C:46FDH         LINE#         100
  C:46FDH         LINE#         101
  C:4703H         LINE#         102
  C:4705H         LINE#         104
  C:4721H         LINE#         105
  C:4730H         LINE#         107
  C:4735H         LINE#         108
  C:4735H         LINE#         109
  C:4759H         LINE#         110
  C:4759H         LINE#         112
  C:4759H         LINE#         113
  C:477DH         LINE#         114
  C:4783H         LINE#         115
  C:4789H         LINE#         116
  C:4789H         LINE#         117
  C:478BH         LINE#         119
  C:47B2H         LINE#         120
  C:47C4H         LINE#         121
  C:47C4H         LINE#         122
  C:47C4H         LINE#         124
  C:47C4H         LINE#         125
  C:47CAH         LINE#         126
  C:47CAH         LINE#         127
  C:47D3H         LINE#         128
  -------         ENDPROC       _READTC18B20PACKAGEANDUSEPT100INDEX
  -------         ENDMOD        PC

  -------         MODULE        TSTBRDCONTRL
  C:0000H         SYMBOL        _ICE_DUMMY_
  C:81EDH         PUBLIC        TstBrdPowerInit
  D:0080H         PUBLIC        P0
  D:0090H         PUBLIC        P1
  D:00A0H         PUBLIC        P2
  D:00B0H         PUBLIC        P3
  D:00C0H         PUBLIC        P4
  D:00C8H         PUBLIC        P5
  D:00E8H         PUBLIC        P6
  D:00F8H         PUBLIC        P7
  X:13E0H         PUBLIC        nPowerTestBoardIndex
  D:00A8H         PUBLIC        IE
  C:751DH         PUBLIC        _EndAllProcess
  D:00B8H         PUBLIC        IP
  D:00D8H         PUBLIC        CCON
  C:6763H         PUBLIC        _SendTrimmingRotationValues
  X:13E8H         PUBLIC        nTempP7PortData
  D:0098H         PUBLIC        SCON
  D:0088H         PUBLIC        TCON
  C:75E5H         PUBLIC        _SetTstBrdPowerOn
  X:13E9H         PUBLIC        nBoardIndex
  X:13EAH         PUBLIC        nBoardIsHerePwr
  D:009BH         PUBLIC        S2BUF
BL51 BANKED LINKER/LOCATER V6.22.2.0                                                  04/03/2021  15:36:38  PAGE 23


  D:009AH         PUBLIC        S2CON
  C:6821H         PUBLIC        _SearchTestMainBoard
  X:13F2H         PUBLIC        nTestBoardIndex
  D:00D0H         PUBLIC        PSW
  -------         PROC          TSTBRDPOWERINIT
  C:81EDH         LINE#         19
  C:81EDH         LINE#         20
  C:81EDH         LINE#         21
  C:81F0H         LINE#         22
  -------         ENDPROC       TSTBRDPOWERINIT
  -------         PROC          _SETTSTBRDPOWERON
  D:0003H         SYMBOL        nBoardIndex
  C:75E5H         LINE#         24
  C:75E7H         LINE#         27
  C:75E7H         LINE#         28
  C:75ECH         LINE#         29
  C:7604H         LINE#         30
  C:7617H         LINE#         31
  C:7636H         LINE#         32
  C:7636H         LINE#         33
  C:763EH         LINE#         35
  C:7645H         LINE#         36
  -------         ENDPROC       _SETTSTBRDPOWERON
  -------         PROC          _SEARCHTESTMAINBOARD
  X:0977H         SYMBOL        nTestMainBoardIndex
  C:6821H         LINE#         45
  C:682CH         LINE#         46
  C:682CH         LINE#         47
  C:683BH         LINE#         48
  C:6856H         LINE#         49
  C:685DH         LINE#         50
  C:6878H         LINE#         51
  C:6883H         LINE#         53
  C:6886H         LINE#         54
  C:6886H         LINE#         55
  C:688BH         LINE#         56
  C:688EH         LINE#         57
  C:6893H         LINE#         58
  C:68BAH         LINE#         59
  C:68BCH         LINE#         60
  C:68BCH         LINE#         61
  C:68BCH         LINE#         63
  C:68D0H         LINE#         64
  C:68D2H         LINE#         65
  C:68D4H         LINE#         66
  C:68DDH         LINE#         67
  -------         ENDPROC       _SEARCHTESTMAINBOARD
  -------         PROC          _ENDALLPROCESS
  X:0977H         SYMBOL        nTestMainBoardIndex
  C:751DH         LINE#         76
  C:7522H         LINE#         77
  C:7522H         LINE#         78
  C:753BH         LINE#         79
  C:7553H         LINE#         80
  C:756FH         LINE#         81
  C:757AH         LINE#         82
  C:757AH         LINE#         83
BL51 BANKED LINKER/LOCATER V6.22.2.0                                                  04/03/2021  15:36:38  PAGE 24


  C:7582H         LINE#         84
  -------         ENDPROC       _ENDALLPROCESS
  -------         PROC          _SENDTRIMMINGROTATIONVALUES
  X:0977H         SYMBOL        nTestMainBoardIndex
  C:6763H         LINE#         85
  C:6768H         LINE#         86
  C:6768H         LINE#         87
  C:6784H         LINE#         88
  C:679CH         LINE#         89
  C:67B8H         LINE#         90
  C:67C7H         LINE#         91
  C:67D2H         LINE#         92
  C:67D4H         LINE#         93
  C:67E3H         LINE#         94
  C:67EEH         LINE#         95
  C:67F0H         LINE#         96
  C:67FFH         LINE#         97
  C:680AH         LINE#         98
  C:680CH         LINE#         99
  C:680CH         LINE#         100
  C:6817H         LINE#         101
  C:6817H         LINE#         102
  C:6817H         LINE#         103
  C:6820H         LINE#         104
  -------         ENDPROC       _SENDTRIMMINGROTATIONVALUES
  -------         ENDMOD        TSTBRDCONTRL

  -------         MODULE        DELAYTIME
  C:0000H         SYMBOL        _ICE_DUMMY_
  D:0080H         PUBLIC        P0
  D:0090H         PUBLIC        P1
  D:00A0H         PUBLIC        P2
  D:00B0H         PUBLIC        P3
  D:00C0H         PUBLIC        P4
  D:00C8H         PUBLIC        P5
  D:00E8H         PUBLIC        P6
  D:00F8H         PUBLIC        P7
  C:80F7H         PUBLIC        Timer0Interrupt
  D:00A8H         PUBLIC        IE
  D:00B8H         PUBLIC        IP
  D:00D8H         PUBLIC        CCON
  C:7F27H         PUBLIC        Delay_5US
  D:0098H         PUBLIC        SCON
  D:0089H         PUBLIC        TMOD
  D:0088H         PUBLIC        TCON
  X:13F3H         PUBLIC        nTimer0Cunt
  D:008EH         PUBLIC        AUXR
  B:00A8H.1       PUBLIC        ET0
  B:0088H.5       PUBLIC        TF0
  D:008CH         PUBLIC        TH0
  D:008AH         PUBLIC        TL0
  B:0088H.4       PUBLIC        TR0
  X:13F4H         PUBLIC        nRunStopCunt
  C:7DCCH         PUBLIC        _Delay_MS
  D:00D0H         PUBLIC        PSW
  -------         PROC          _DELAY_MS
  D:0006H         SYMBOL        nDelayMs
BL51 BANKED LINKER/LOCATER V6.22.2.0                                                  04/03/2021  15:36:38  PAGE 25


  -------         DO            
  D:0004H         SYMBOL        nDelayCunt
  -------         ENDDO         
  C:7DCCH         LINE#         7
  C:7DCCH         LINE#         8
  C:7DCCH         LINE#         9
  C:7DCFH         LINE#         11
  C:7DD2H         LINE#         12
  C:7DD5H         LINE#         14
  C:7DD8H         LINE#         15
  C:7DDBH         LINE#         16
  C:7DDDH         LINE#         18
  C:7DDFH         LINE#         19
  C:7DE1H         LINE#         21
  C:7DE1H         LINE#         22
  C:7DE9H         LINE#         23
  C:7DEAH         LINE#         24
  C:7DEFH         LINE#         25
  C:7DEFH         LINE#         27
  C:7DF7H         LINE#         28
  C:7DF7H         LINE#         29
  C:7DF9H         LINE#         30
  C:7DFBH         LINE#         31
  C:7DFBH         LINE#         32
  C:7DFBH         LINE#         33
  C:7DFBH         LINE#         34
  -------         ENDPROC       _DELAY_MS
  -------         PROC          DELAY_5US
  C:7F27H         LINE#         36
  C:7F27H         LINE#         37
  C:7F27H         LINE#         38
  C:7F2CH         LINE#         40
  C:7F2FH         LINE#         41
  C:7F32H         LINE#         42
  C:7F35H         LINE#         43
  C:7F38H         LINE#         44
  C:7F3AH         LINE#         46
  C:7F3CH         LINE#         47
  C:7F3EH         LINE#         49
  C:7F3EH         LINE#         50
  C:7F3EH         LINE#         51
  C:7F46H         LINE#         52
  C:7F46H         LINE#         53
  C:7F48H         LINE#         54
  C:7F4AH         LINE#         55
  C:7F4BH         LINE#         56
  C:7F4BH         LINE#         57
  C:7F4BH         LINE#         58
  C:7F4BH         LINE#         59
  -------         ENDPROC       DELAY_5US
  -------         PROC          TIMER0INTERRUPT
  C:80F7H         LINE#         86
  C:80FDH         LINE#         88
  C:8103H         LINE#         89
  -------         ENDPROC       TIMER0INTERRUPT
  -------         ENDMOD        DELAYTIME

BL51 BANKED LINKER/LOCATER V6.22.2.0                                                  04/03/2021  15:36:38  PAGE 26


  -------         MODULE        SYSTEMINIT
  C:0000H         SYMBOL        _ICE_DUMMY_
  D:0092H         PUBLIC        P1M0
  D:0093H         PUBLIC        P0M1
  D:0096H         PUBLIC        P2M0
  D:0091H         PUBLIC        P1M1
  D:0080H         PUBLIC        P0
  D:00B2H         PUBLIC        P3M0
  D:0095H         PUBLIC        P2M1
  D:0090H         PUBLIC        P1
  D:00B1H         PUBLIC        P3M1
  D:00A0H         PUBLIC        P2
  D:00CAH         PUBLIC        P5M0
  D:00B0H         PUBLIC        P3
  D:00CCH         PUBLIC        P6M0
  D:00C9H         PUBLIC        P5M1
  D:00C0H         PUBLIC        P4
  D:00E2H         PUBLIC        P7M0
  D:00CBH         PUBLIC        P6M1
  D:00C8H         PUBLIC        P5
  B:00A8H.7       PUBLIC        EA
  D:00E1H         PUBLIC        P7M1
  D:00E8H         PUBLIC        P6
  D:00F8H         PUBLIC        P7
  D:00CEH         PUBLIC        SPCTL
  D:00A2H         PUBLIC        P_SW1
  D:00BAH         PUBLIC        P_SW2
  D:00A8H         PUBLIC        IE
  B:00A0H.6       PUBLIC        START
  B:0021H.5       PUBLIC        bNextStartFlag
  B:00A8H.4       PUBLIC        ES
  D:00B8H         PUBLIC        IP
  B:0098H.0       PUBLIC        RI
  B:0021H.6       PUBLIC        bRunModeFlag
  C:73CCH         PUBLIC        SystemInit
  C:81E7H         PUBLIC        xReadCH395Data
  D:00D8H         PUBLIC        CCON
  C:7DFCH         PUBLIC        Delay100MS
  B:00A0H.7       PUBLIC        COLLECTOR
  D:0099H         PUBLIC        SBUF
  C:81F1H         PUBLIC        _xWriteCH395Data
  D:0098H         PUBLIC        SCON
  D:0088H         PUBLIC        TCON
  B:00B0H.2       PUBLIC        P32
  X:13F5H         PUBLIC        nTestTemperaturePoint
  D:00AFH         PUBLIC        IE2
  B:00C8H.5       PUBLIC        test
  C:80B8H         PUBLIC        ScanPressKey
  D:00C7H         PUBLIC        IAP_CONTR
  X:13F6H         PUBLIC        RotationValues
  C:813FH         PUBLIC        _xWriteCH395Cmd
  B:0088H.0       PUBLIC        IT0
  B:00A8H.0       PUBLIC        EX0
  B:0088H.2       PUBLIC        IT1
  B:00A8H.2       PUBLIC        EX1
  D:00D2H         PUBLIC        TH4
  D:00D3H         PUBLIC        TL4
BL51 BANKED LINKER/LOCATER V6.22.2.0                                                  04/03/2021  15:36:38  PAGE 27


  D:00D1H         PUBLIC        T4T3M
  D:00CDH         PUBLIC        SPSTAT
  C:81CDH         PUBLIC        SPI_Init
  B:00A0H.2       PUBLIC        SPI_CS
  B:00C8H.4       PUBLIC        CH375_rst
  C:80A2H         PUBLIC        UART4_Init
  D:0084H         PUBLIC        S4CON
  B:0021H.7       PUBLIC        bStartFlag
  C:47D4H         PUBLIC        RecievePressKeyCommandFromPC
  B:0022H.0       PUBLIC        bInitFlag
  C:7FEFH         PUBLIC        StartProcess
  C:8179H         PUBLIC        _Spi395Exchange
  C:800BH         PUBLIC        TrimingBoardCollector
  D:00D0H         PUBLIC        PSW
  D:00CFH         PUBLIC        SPDAT
  D:0094H         PUBLIC        P0M0
  -------         PROC          SYSTEMINIT
  C:73CCH         LINE#         12
  C:73CCH         LINE#         13
  C:73CCH         LINE#         14
  C:73CFH         LINE#         15
  C:73D5H         LINE#         16
  C:73DCH         LINE#         17
  C:73E1H         LINE#         18
  C:73E6H         LINE#         19
  C:73E9H         LINE#         21
  C:73ECH         LINE#         22
  C:73EEH         LINE#         23
  C:73F0H         LINE#         24
  C:73F2H         LINE#         25
  C:73F4H         LINE#         27
  C:73F6H         LINE#         28
  C:73F8H         LINE#         30
  C:73FAH         LINE#         31
  C:73FCH         LINE#         32
  C:73FEH         LINE#         34
  C:7401H         LINE#         35
  C:7403H         LINE#         37
  C:7406H         LINE#         38
  C:7408H         LINE#         40
  C:740BH         LINE#         41
  C:740EH         LINE#         45
  C:7411H         LINE#         47
  C:7414H         LINE#         48
  C:7417H         LINE#         50
  C:741AH         LINE#         51
  C:741DH         LINE#         52
  C:741FH         LINE#         56
  C:7422H         LINE#         57
  C:7425H         LINE#         59
  C:7428H         LINE#         61
  C:742BH         LINE#         62
  C:742EH         LINE#         64
  C:7431H         LINE#         65
  C:7434H         LINE#         69
  C:7437H         LINE#         70
  C:743AH         LINE#         71
BL51 BANKED LINKER/LOCATER V6.22.2.0                                                  04/03/2021  15:36:38  PAGE 28


  C:743CH         LINE#         73
  C:743EH         LINE#         74
  -------         ENDPROC       SYSTEMINIT
  -------         PROC          SPI_INIT
  C:81CDH         LINE#         76
  C:81CDH         LINE#         77
  C:81CDH         LINE#         78
  C:81D0H         LINE#         79
  C:81D3H         LINE#         81
  C:81D6H         LINE#         82
  -------         ENDPROC       SPI_INIT
  -------         PROC          _SPI395EXCHANGE
  D:0007H         SYMBOL        d
  C:8179H         LINE#         90
  C:8179H         LINE#         91
  C:8179H         LINE#         92
  C:817BH         LINE#         93
  C:8180H         LINE#         94
  C:8183H         LINE#         95
  C:8185H         LINE#         96
  -------         ENDPROC       _SPI395EXCHANGE
  -------         PROC          _XWRITECH395CMD
  D:0007H         SYMBOL        cmd
  C:813FH         LINE#         105
  C:813FH         LINE#         106
  C:813FH         LINE#         107
  C:8141H         LINE#         108
  C:8143H         LINE#         109
  C:8147H         LINE#         110
  C:814AH         LINE#         111
  C:814DH         LINE#         112
  -------         ENDPROC       _XWRITECH395CMD
  -------         PROC          _XWRITECH395DATA
  D:0007H         SYMBOL        mdata
  C:81F1H         LINE#         121
  C:81F1H         LINE#         122
  C:81F1H         LINE#         123
  C:81F4H         LINE#         124
  -------         ENDPROC       _XWRITECH395DATA
  -------         PROC          XREADCH395DATA
  -------         DO            
  D:0007H         SYMBOL        i
  -------         ENDDO         
  C:81E7H         LINE#         133
  C:81E7H         LINE#         134
  C:81E7H         LINE#         136
  C:81ECH         LINE#         137
  C:81ECH         LINE#         138
  -------         ENDPROC       XREADCH395DATA
  -------         PROC          UART4_INIT
  C:80A2H         LINE#         141
  C:80A2H         LINE#         142
  C:80A2H         LINE#         143
  C:80A5H         LINE#         145
  C:80A8H         LINE#         146
  C:80ABH         LINE#         148
  C:80AEH         LINE#         149
BL51 BANKED LINKER/LOCATER V6.22.2.0                                                  04/03/2021  15:36:38  PAGE 29


  C:80B1H         LINE#         151
  C:80B4H         LINE#         152
  C:80B7H         LINE#         154
  -------         ENDPROC       UART4_INIT
  -------         PROC          DELAY100MS
  -------         DO            
  D:0006H         SYMBOL        cunt1
  D:0004H         SYMBOL        cunt2
  -------         ENDDO         
  C:7DFCH         LINE#         156
  C:7DFCH         LINE#         157
  C:7DFCH         LINE#         158
  C:7E01H         LINE#         159
  C:7E0CH         LINE#         160
  C:7E0CH         LINE#         161
  C:7E1AH         LINE#         162
  C:7E22H         LINE#         163
  C:7E29H         LINE#         164
  -------         ENDPROC       DELAY100MS
  -------         PROC          SCANPRESSKEY
  C:80B8H         LINE#         166
  C:80BFH         LINE#         168
  C:80C1H         LINE#         169
  C:80C1H         LINE#         170
  C:80C1H         LINE#         171
  C:80C4H         LINE#         172
  C:80C7H         LINE#         173
  C:80C7H         LINE#         174
  C:80C9H         LINE#         175
  C:80C9H         LINE#         176
  C:80C9H         LINE#         177
  C:80C9H         LINE#         178
  -------         ENDPROC       SCANPRESSKEY
  -------         PROC          RECIEVEPRESSKEYCOMMANDFROMPC
  -------         DO            
  D:001FH         SYMBOL        nRxDataCunt
  -------         ENDDO         
  C:47D4H         LINE#         180
  C:47E1H         LINE#         182
  C:47E3H         LINE#         184
  C:47E5H         LINE#         185
  C:47E5H         LINE#         186
  C:47E8H         LINE#         187
  C:47EAH         LINE#         189
  C:47FDH         LINE#         190
  C:4811H         LINE#         191
  C:4811H         LINE#         193
  C:4812H         LINE#         194
  C:4812H         LINE#         195
  C:4814H         LINE#         199
  C:4898H         LINE#         200
  C:489AH         LINE#         201
  C:489AH         LINE#         205
  C:491EH         LINE#         206
  C:4920H         LINE#         207
  C:4920H         LINE#         208
  C:494CH         LINE#         209
BL51 BANKED LINKER/LOCATER V6.22.2.0                                                  04/03/2021  15:36:38  PAGE 30


  C:494EH         LINE#         210
  C:494EH         LINE#         212
  C:497AH         LINE#         213
  C:4980H         LINE#         214
  C:4989H         LINE#         215
  C:498CH         LINE#         216
  C:49B8H         LINE#         217
  C:49BEH         LINE#         218
  C:49C7H         LINE#         219
  C:49CAH         LINE#         220
  C:49F6H         LINE#         221
  C:49FCH         LINE#         222
  C:4A05H         LINE#         223
  C:4A07H         LINE#         224
  C:4A33H         LINE#         225
  C:4A39H         LINE#         226
  C:4A42H         LINE#         227
  C:4A44H         LINE#         228
  C:4A44H         LINE#         229
  C:4A4AH         LINE#         230
  C:4A53H         LINE#         231
  C:4A53H         LINE#         233
  C:4A7FH         LINE#         234
  C:4A81H         LINE#         235
  C:4A81H         LINE#         238
  C:4B05H         LINE#         239
  C:4B08H         LINE#         240
  C:4B08H         LINE#         241
  -------         ENDPROC       RECIEVEPRESSKEYCOMMANDFROMPC
  -------         PROC          STARTPROCESS
  C:7FEFH         LINE#         243
  C:7FEFH         LINE#         244
  C:7FEFH         LINE#         245
  C:7FF1H         LINE#         246
  C:7FF8H         LINE#         247
  C:7FFAH         LINE#         248
  C:8001H         LINE#         249
  C:8003H         LINE#         250
  C:800AH         LINE#         251
  -------         ENDPROC       STARTPROCESS
  -------         PROC          TRIMINGBOARDCOLLECTOR
  C:800BH         LINE#         253
  C:800BH         LINE#         254
  C:800BH         LINE#         255
  C:800DH         LINE#         256
  C:8014H         LINE#         257
  C:8016H         LINE#         258
  C:801DH         LINE#         259
  C:801FH         LINE#         260
  C:8026H         LINE#         261
  -------         ENDPROC       TRIMINGBOARDCOLLECTOR
  -------         ENDMOD        SYSTEMINIT

  -------         MODULE        MAINPRO
  C:0000H         SYMBOL        _ICE_DUMMY_
  D:0080H         PUBLIC        P0
  D:0090H         PUBLIC        P1
BL51 BANKED LINKER/LOCATER V6.22.2.0                                                  04/03/2021  15:36:38  PAGE 31


  D:00A0H         PUBLIC        P2
  D:00B0H         PUBLIC        P3
  D:00C0H         PUBLIC        P4
  D:00C8H         PUBLIC        P5
  D:00E8H         PUBLIC        P6
  D:00F8H         PUBLIC        P7
  X:12F4H         PUBLIC        fLoOffset
  D:00A8H         PUBLIC        IE
  X:1320H         PUBLIC        fUpOffset
  B:00A8H.4       PUBLIC        ES
  D:00B8H         PUBLIC        IP
  C:30DBH         PUBLIC        fLoOffset_1
  C:30C3H         PUBLIC        fLoOffset_4
  C:308BH         PUBLIC        fLoOffset_6
  C:2FE3H         PUBLIC        fSetChamberTemperature_10
  D:00D8H         PUBLIC        CCON
  X:134CH         PUBLIC        LabChamTemp
  C:30DFH         PUBLIC        fSetChamberTemperature_11
  C:0026H         PUBLIC        main
  C:30D7H         PUBLIC        fUpOffset_1
  C:30B3H         PUBLIC        fUpOffset_4
  C:3073H         PUBLIC        fUpOffset_6
  D:0098H         PUBLIC        SCON
  D:0088H         PUBLIC        TCON
  X:1350H         PUBLIC        aa
  X:1351H         PUBLIC        bb
  X:1352H         PUBLIC        cc
  X:1353H         PUBLIC        dd
  B:00A8H.0       PUBLIC        EX0
  C:3033H         PUBLIC        fLoOffset_10
  C:3137H         PUBLIC        fLoOffset_11
  C:300BH         PUBLIC        fUpOffset_10
  C:310BH         PUBLIC        fUpOffset_11
  X:1354H         PUBLIC        fVccVoltage
  C:2FDBH         PUBLIC        fTrimingTemperature
  X:1360H         PUBLIC        fSetChamberTemperature
  C:30D3H         PUBLIC        fSetChamberTemperature_1
  C:30A3H         PUBLIC        fSetChamberTemperature_4
  C:305BH         PUBLIC        fSetChamberTemperature_6
  D:00D0H         PUBLIC        PSW
  -------         PROC          MAIN
  -------         DO            
  X:000CH         SYMBOL        nTestMainBoardIndex
  X:000DH         SYMBOL        nTestBoardCunt
  X:000EH         SYMBOL        nChipCunt
  X:000FH         SYMBOL        nChipPackageType
  X:0010H         SYMBOL        nNeedPt100Number
  X:0011H         SYMBOL        nInputPt100NumberFromPc
  X:0012H         SYMBOL        nPt100Cunt
  X:0013H         SYMBOL        i
  D:0007H         SYMBOL        j
  X:0014H         SYMBOL        nPT100Index
  X:0034H         SYMBOL        nTemperaturePoint
  X:0035H         SYMBOL        nTempDataCunt
  X:0036H         SYMBOL        nBoardPt100
  X:0037H         SYMBOL        nUseBoardCunt
  X:0038H         SYMBOL        nMaxChipCuntOneBoard
BL51 BANKED LINKER/LOCATER V6.22.2.0                                                  04/03/2021  15:36:38  PAGE 32


  X:0039H         SYMBOL        nPassFailResult
  X:01B9H         SYMBOL        nVoltagePoint
  X:01BAH         SYMBOL        nTrimOrRead
  B:0020H.0       SYMBOL        bPackageIshere
  B:0020H.1       SYMBOL        bVoltageIsHere
  B:0020H.2       SYMBOL        bPt100IsHere
  B:0020H.3       SYMBOL        bRunMode
[...]
  -------         DO            
  X:097AH         SYMBOL        i
  X:097BH         SYMBOL        s
  -------         ENDDO         
  C:7C57H         LINE#         609
  C:7C57H         LINE#         610
  C:7C57H         LINE#         611
  C:7C5CH         LINE#         612
  C:7C5EH         LINE#         614
  C:7C63H         LINE#         615
  C:7C65H         LINE#         616
  C:7C65H         LINE#         617
  C:7C65H         LINE#         618
  C:7C6CH         LINE#         619
  C:7C74H         LINE#         620
  C:7C79H         LINE#         621
  C:7C8DH         LINE#         622
  C:7C8DH         LINE#         623
  C:7C92H         LINE#         624
  -------         ENDPROC       CH395CMDINITCH395
  -------         PROC          CH395GETCMDSTATUS
  -------         DO            
  D:0007H         SYMBOL        i
  -------         ENDDO         
  C:81C2H         LINE#         651
  C:81C2H         LINE#         652
  C:81C2H         LINE#         655
  C:81C7H         LINE#         656
  C:81CAH         LINE#         657
  C:81CCH         LINE#         658
BL51 BANKED LINKER/LOCATER V6.22.2.0                                                  04/03/2021  15:36:38  PAGE 72


  C:81CCH         LINE#         659
  -------         ENDPROC       CH395GETCMDSTATUS
  -------         PROC          _CH395CMDSETIPADDR
  X:097AH         SYMBOL        ipaddr
  -------         DO            
  X:097DH         SYMBOL        i
  -------         ENDDO         
  C:7AC4H         LINE#         668
  C:7ACFH         LINE#         669
  C:7ACFH         LINE#         672
  C:7AD4H         LINE#         673
  C:7B05H         LINE#         674
  C:7B07H         LINE#         675
  -------         ENDPROC       _CH395CMDSETIPADDR
  -------         PROC          _CH395CMDSETGWIPADDR
  X:097AH         SYMBOL        gwipaddr
  -------         DO            
  X:097DH         SYMBOL        i
  -------         ENDDO         
  C:7B08H         LINE#         684
  C:7B13H         LINE#         685
  C:7B13H         LINE#         688
  C:7B18H         LINE#         689
  C:7B49H         LINE#         690
  C:7B4BH         LINE#         691
  -------         ENDPROC       _CH395CMDSETGWIPADDR
  -------         PROC          _CH395CMDSETMASKADDR
  X:097AH         SYMBOL        maskaddr
  -------         DO            
  X:097DH         SYMBOL        i
  -------         ENDDO         
  C:7B4CH         LINE#         700
  C:7B57H         LINE#         701
  C:7B57H         LINE#         704
  C:7B5CH         LINE#         705
  C:7B8DH         LINE#         706
  C:7B8FH         LINE#         707
  -------         ENDPROC       _CH395CMDSETMASKADDR
  -------         PROC          _CH395CMDGETUNREACHIPPT
  X:09ADH         SYMBOL        list
  -------         DO            
  X:09B0H         SYMBOL        i
  -------         ENDDO         
  C:7B90H         LINE#         778
  C:7B9BH         LINE#         779
  C:7B9BH         LINE#         782
  C:7BA0H         LINE#         783
  C:7BB2H         LINE#         784
  C:7BB2H         LINE#         785
  C:7BC9H         LINE#         786
  C:7BD1H         LINE#         787
  C:7BD3H         LINE#         788
  -------         ENDPROC       _CH395CMDGETUNREACHIPPT
  -------         PROC          _CH395SETSOCKETDESIP
  X:097AH         SYMBOL        sockindex
  X:097BH         SYMBOL        ipaddr
  C:72DCH         LINE#         819
BL51 BANKED LINKER/LOCATER V6.22.2.0                                                  04/03/2021  15:36:38  PAGE 73


  C:72EAH         LINE#         820
  C:72EAH         LINE#         821
  C:72EFH         LINE#         822
  C:72F7H         LINE#         823
  C:730EH         LINE#         824
  C:7325H         LINE#         825
  C:733CH         LINE#         826
  C:7353H         LINE#         827
  C:7355H         LINE#         828
  -------         ENDPROC       _CH395SETSOCKETDESIP
  -------         PROC          _CH395SETSOCKETPROTTYPE
  X:097AH         SYMBOL        sockindex
  X:097BH         SYMBOL        prottype
  C:7F92H         LINE#         838
  C:7F9AH         LINE#         839
  C:7F9AH         LINE#         840
  C:7F9FH         LINE#         841
  C:7FA7H         LINE#         842
  C:7FAFH         LINE#         843
  C:7FB1H         LINE#         844
  -------         ENDPROC       _CH395SETSOCKETPROTTYPE
  -------         PROC          _CH395SETSOCKETDESPORT
  X:097AH         SYMBOL        sockindex
  X:097BH         SYMBOL        desprot
  C:7E57H         LINE#         855
  C:7E62H         LINE#         856
  C:7E62H         LINE#         857
  C:7E67H         LINE#         858
  C:7E6FH         LINE#         859
  C:7E79H         LINE#         860
  C:7E81H         LINE#         861
  C:7E83H         LINE#         862
  -------         ENDPROC       _CH395SETSOCKETDESPORT
  -------         PROC          _CH395SETSOCKETSOURPORT
  X:097AH         SYMBOL        sockindex
  X:097BH         SYMBOL        surprot
  C:7E84H         LINE#         872
  C:7E8FH         LINE#         873
  C:7E8FH         LINE#         874
  C:7E94H         LINE#         875
  C:7E9CH         LINE#         876
  C:7EA6H         LINE#         877
  C:7EAEH         LINE#         878
  C:7EB0H         LINE#         879
  -------         ENDPROC       _CH395SETSOCKETSOURPORT
  -------         PROC          _CH395SENDDATA
  X:09A3H         SYMBOL        sockindex
  X:09A4H         SYMBOL        databuf
  X:09A7H         SYMBOL        len
  -------         DO            
  X:09A9H         SYMBOL        i
  -------         ENDDO         
  C:743FH         LINE#         921
  C:744DH         LINE#         922
  C:744DH         LINE#         925
  C:7452H         LINE#         926
  C:745AH         LINE#         927
BL51 BANKED LINKER/LOCATER V6.22.2.0                                                  04/03/2021  15:36:38  PAGE 74


  C:7464H         LINE#         928
  C:746CH         LINE#         930
  C:7488H         LINE#         931
  C:7488H         LINE#         932
  C:749FH         LINE#         933
  C:74AFH         LINE#         934
  C:74B1H         LINE#         935
  -------         ENDPROC       _CH395SENDDATA
  -------         PROC          _CH395GETRECVLENGTH
  X:09B2H         SYMBOL        sockindex
  -------         DO            
  X:09B3H         SYMBOL        i
  -------         ENDDO         
  C:7C93H         LINE#         944
  C:7C98H         LINE#         945
  C:7C98H         LINE#         948
  C:7C9DH         LINE#         949
  C:7CA5H         LINE#         950
  C:7CB0H         LINE#         951
  C:7CC2H         LINE#         952
  C:7CC4H         LINE#         953
  C:7CC9H         LINE#         954
  -------         ENDPROC       _CH395GETRECVLENGTH
  -------         PROC          _CH395GETRECVDATA
  X:09B2H         SYMBOL        sockindex
  X:09B3H         SYMBOL        len
  X:09B5H         SYMBOL        pbuf
  -------         DO            
  X:09B8H         SYMBOL        i
  -------         ENDDO         
  C:6FDAH         LINE#         979
  C:6FEEH         LINE#         980
  C:6FEEH         LINE#         982
  C:6FF8H         LINE#         983
  C:6FFDH         LINE#         984
  C:7005H         LINE#         985
  C:700FH         LINE#         986
  C:7017H         LINE#         987
  C:701AH         LINE#         988
  C:7036H         LINE#         989
  C:7036H         LINE#         990
  C:7048H         LINE#         991
  C:7052H         LINE#         992
  C:7062H         LINE#         993
  C:7064H         LINE#         994
  -------         ENDPROC       _CH395GETRECVDATA
  -------         PROC          _CH395OPENSOCKET
  X:09B2H         SYMBOL        sockindex
  -------         DO            
  X:09B3H         SYMBOL        i
  X:09B4H         SYMBOL        s
  -------         ENDDO         
  C:7A36H         LINE#         1049
  C:7A3BH         LINE#         1050
  C:7A3BH         LINE#         1051
  C:7A3EH         LINE#         1052
  C:7A40H         LINE#         1053
BL51 BANKED LINKER/LOCATER V6.22.2.0                                                  04/03/2021  15:36:38  PAGE 75


  C:7A45H         LINE#         1054
  C:7A4DH         LINE#         1055
  C:7A4FH         LINE#         1056
  C:7A4FH         LINE#         1057
  C:7A4FH         LINE#         1058
  C:7A56H         LINE#         1059
  C:7A5EH         LINE#         1060
  C:7A63H         LINE#         1061
  C:7A77H         LINE#         1062
  C:7A77H         LINE#         1063
  C:7A7CH         LINE#         1064
  -------         ENDPROC       _CH395OPENSOCKET
  -------         PROC          _CH395TCPCONNECT
  X:09B2H         SYMBOL        sockindex
  -------         DO            
  X:09B3H         SYMBOL        i
  X:09B4H         SYMBOL        s
  -------         ENDDO         
  C:7A7DH         LINE#         1097
  C:7A82H         LINE#         1098
  C:7A82H         LINE#         1099
  C:7A85H         LINE#         1100
  C:7A87H         LINE#         1101
  C:7A8CH         LINE#         1102
  C:7A94H         LINE#         1103
  C:7A96H         LINE#         1104
  C:7A96H         LINE#         1105
  C:7A96H         LINE#         1106
  C:7A9DH         LINE#         1107
  C:7AA5H         LINE#         1108
  C:7AAAH         LINE#         1109
  C:7ABEH         LINE#         1110
  C:7ABEH         LINE#         1111
  C:7AC3H         LINE#         1112
  -------         ENDPROC       _CH395TCPCONNECT
  -------         PROC          _CH395GETSOCKETINT
  X:09B2H         SYMBOL        sockindex
  -------         DO            
  D:0007H         SYMBOL        intstatus
  -------         ENDDO         
  C:8027H         LINE#         1169
  C:802CH         LINE#         1170
  C:802CH         LINE#         1172
  C:8031H         LINE#         1173
  C:8039H         LINE#         1174
  C:803CH         LINE#         1175
  C:803FH         LINE#         1176
  C:8041H         LINE#         1177
  C:8041H         LINE#         1178
  -------         ENDPROC       _CH395GETSOCKETINT
  -------         PROC          _CH395SETKEEPLIVE
  X:0979H         SYMBOL        sockindex
  X:097AH         SYMBOL        cmd
  C:7FD1H         LINE#         1472
  C:7FD9H         LINE#         1473
  C:7FD9H         LINE#         1474
  C:7FDEH         LINE#         1475
BL51 BANKED LINKER/LOCATER V6.22.2.0                                                  04/03/2021  15:36:38  PAGE 76


  C:7FE6H         LINE#         1476
  C:7FEEH         LINE#         1477
  -------         ENDPROC       _CH395SETKEEPLIVE
  -------         PROC          _CH395KEEPLIVECNT
  X:0979H         SYMBOL        cnt
  C:810AH         LINE#         1486
  C:810FH         LINE#         1487
  C:810FH         LINE#         1488
  C:8114H         LINE#         1489
  C:811CH         LINE#         1490
  -------         ENDPROC       _CH395KEEPLIVECNT
  -------         PROC          _CH395KEEPLIVEIDLE
  X:0979H         SYMBOL        idle
  C:77BDH         LINE#         1499
  C:77C3H         LINE#         1500
  C:77C3H         LINE#         1501
  C:77C8H         LINE#         1502
  C:77D6H         LINE#         1503
  C:77E6H         LINE#         1504
  C:77FCH         LINE#         1505
  C:7812H         LINE#         1506
  -------         ENDPROC       _CH395KEEPLIVEIDLE
  -------         PROC          _CH395KEEPLIVEINTVL
  X:0979H         SYMBOL        intvl
  C:7813H         LINE#         1515
  C:7819H         LINE#         1516
  C:7819H         LINE#         1517
  C:781EH         LINE#         1518
  C:782CH         LINE#         1519
  C:783CH         LINE#         1520
  C:7852H         LINE#         1521
  C:7868H         LINE#         1522
  -------         ENDPROC       _CH395KEEPLIVEINTVL
  -------         ENDMOD        CH395CMD

  -------         MODULE        ?C?FPADD
  C:316AH         PUBLIC        ?C?FPADD
  C:3166H         PUBLIC        ?C?FPSUB
  -------         ENDMOD        ?C?FPADD

  -------         MODULE        ?C?FPMUL
  C:325BH         PUBLIC        ?C?FPMUL
  -------         ENDMOD        ?C?FPMUL

  -------         MODULE        ?C?FPDIV
  C:3364H         PUBLIC        ?C?FPDIV
  -------         ENDMOD        ?C?FPDIV

  -------         MODULE        ?C?FPCMP
  C:3403H         PUBLIC        ?C?FPCMP
  C:3401H         PUBLIC        ?C?FPCMP3
  -------         ENDMOD        ?C?FPCMP

  -------         MODULE        ?C?FCAST
  C:3484H         PUBLIC        ?C?FCASTC
  C:347FH         PUBLIC        ?C?FCASTI
  C:347AH         PUBLIC        ?C?FCASTL
BL51 BANKED LINKER/LOCATER V6.22.2.0                                                  04/03/2021  15:36:38  PAGE 77


  -------         ENDMOD        ?C?FCAST

  -------         MODULE        ?C?CASTF
  C:34B8H         PUBLIC        ?C?CASTF
  -------         ENDMOD        ?C?CASTF

  -------         MODULE        PRINTF
  X:0B8BH         PUBLIC        ?_PRINTF?BYTE
  X:0B8BH         PUBLIC        ?_SPRINTF?BYTE
  C:3BE8H         PUBLIC        _PRINTF
  C:3BE2H         PUBLIC        _SPRINTF
  -------         ENDMOD        PRINTF

  -------         MODULE        ATOF
  C:79EDH         PUBLIC        _ATOF
  -------         ENDMOD        ATOF

  -------         MODULE        ?C?FPROUND
  C:3539H         PUBLIC        ?C?FPROUND
  -------         ENDMOD        ?C?FPROUND

  -------         MODULE        ?C?FPCONVERT
  C:3576H         PUBLIC        ?C?FPCONVERT
  -------         ENDMOD        ?C?FPCONVERT

  -------         MODULE        ?C?FPNEG
  C:367BH         PUBLIC        ?C?FPNEG
  -------         ENDMOD        ?C?FPNEG

  -------         MODULE        ?C?FTNPWR
  C:36BCH         PUBLIC        ?C?FTNPWR
  -------         ENDMOD        ?C?FTNPWR

  -------         MODULE        ?C?COPY
  C:37CCH         PUBLIC        ?C?COPY
  -------         ENDMOD        ?C?COPY

  -------         MODULE        ?C?SCDIV
  C:37F2H         PUBLIC        ?C?SCDIV
  -------         ENDMOD        ?C?SCDIV

  -------         MODULE        ?C?CLDPTR
  C:3814H         PUBLIC        ?C?CLDPTR
  -------         ENDMOD        ?C?CLDPTR

  -------         MODULE        ?C?CLDOPTR
  C:382DH         PUBLIC        ?C?CLDOPTR
  -------         ENDMOD        ?C?CLDOPTR

  -------         MODULE        ?C?CSTPTR
  C:385AH         PUBLIC        ?C?CSTPTR
  -------         ENDMOD        ?C?CSTPTR

  -------         MODULE        ?C?CSTOPTR
  C:386CH         PUBLIC        ?C?CSTOPTR
  -------         ENDMOD        ?C?CSTOPTR

BL51 BANKED LINKER/LOCATER V6.22.2.0                                                  04/03/2021  15:36:38  PAGE 78


  -------         MODULE        ?C?IMUL
  C:388EH         PUBLIC        ?C?IMUL
  -------         ENDMOD        ?C?IMUL

  -------         MODULE        ?C?IILDX
  C:38A0H         PUBLIC        ?C?IILDX
  -------         ENDMOD        ?C?IILDX

  -------         MODULE        ?C?ILDIX
  C:38B6H         PUBLIC        ?C?ILDIX
  -------         ENDMOD        ?C?ILDIX

  -------         MODULE        ?C?ILDPTR
  C:38CCH         PUBLIC        ?C?ILDPTR
  -------         ENDMOD        ?C?ILDPTR

  -------         MODULE        ?C?ILDOPTR
  C:38F7H         PUBLIC        ?C?ILDOPTR
  -------         ENDMOD        ?C?ILDOPTR

  -------         MODULE        ?C?ISTPTR
  C:392FH         PUBLIC        ?C?ISTPTR
  -------         ENDMOD        ?C?ISTPTR

  -------         MODULE        ?C?ISTOPTR
  C:394EH         PUBLIC        ?C?ISTOPTR
  -------         ENDMOD        ?C?ISTOPTR

  -------         MODULE        ?C?LNEG
  C:397BH         PUBLIC        ?C?LNEG
  -------         ENDMOD        ?C?LNEG

  -------         MODULE        ?C?ULSHR
  C:3989H         PUBLIC        ?C?ULSHR
  -------         ENDMOD        ?C?ULSHR

  -------         MODULE        ?C?LLDPTR
  C:399CH         PUBLIC        ?C?LLDPTR
  -------         ENDMOD        ?C?LLDPTR

  -------         MODULE        ?C?LLDOPTR
  C:39BCH         PUBLIC        ?C?LLDOPTR
  -------         ENDMOD        ?C?LLDOPTR

  -------         MODULE        ?C?LSTPTR
  C:39ECH         PUBLIC        ?C?LSTPTR
  -------         ENDMOD        ?C?LSTPTR

  -------         MODULE        ?C?LSTOPTR
  C:3A06H         PUBLIC        ?C?LSTOPTR
  -------         ENDMOD        ?C?LSTOPTR

  -------         MODULE        ?C?LLDCODE
  C:3A2AH         PUBLIC        ?C?LLDCODE
  -------         ENDMOD        ?C?LLDCODE

  -------         MODULE        ?C?LSTXDATA
BL51 BANKED LINKER/LOCATER V6.22.2.0                                                  04/03/2021  15:36:38  PAGE 79


  C:3A3AH         PUBLIC        ?C?LSTXDATA
  -------         ENDMOD        ?C?LSTXDATA

  -------         MODULE        ?C?LSTKXDATA
  C:3A46H         PUBLIC        ?C?LSTKXDATA
  -------         ENDMOD        ?C?LSTKXDATA

  -------         MODULE        ?C?LSTKPTR
  C:3A77H         PUBLIC        ?C?LSTKPTR
  -------         ENDMOD        ?C?LSTKPTR

  -------         MODULE        ?C?OFFXADD
  C:3A91H         PUBLIC        ?C?OFFXADD
  -------         ENDMOD        ?C?OFFXADD

  -------         MODULE        ?C?PLDIXDATA
  C:3A9DH         PUBLIC        ?C?PLDIXDATA
  -------         ENDMOD        ?C?PLDIXDATA

  -------         MODULE        ?C?PSTXDATA
  C:3AB4H         PUBLIC        ?C?PSTXDATA
  -------         ENDMOD        ?C?PSTXDATA

  -------         MODULE        ?C?CCASE
  C:3ABDH         PUBLIC        ?C?CCASE
  -------         ENDMOD        ?C?CCASE

  -------         MODULE        PUTCHAR
  C:7F00H         PUBLIC        _PUTCHAR
  -------         ENDMOD        PUTCHAR

  -------         MODULE        ISSPACE
  C:80E3H         PUBLIC        _isspace
  -------         ENDMOD        ISSPACE

  -------         MODULE        STRLEN
  C:80CEH         PUBLIC        _STRLEN
  -------         ENDMOD        STRLEN

  -------         MODULE        STRSTR
  X:0989H         PUBLIC        ?_strstr?BYTE
  C:66A4H         PUBLIC        _strstr
  -------         ENDMOD        STRSTR

  -------         MODULE        ATOI
  C:64F4H         PUBLIC        _atoi
  -------         ENDMOD        ATOI

  -------         MODULE        ?C?MEMSET
  C:3AE3H         PUBLIC        ?C?MEMSET
  -------         ENDMOD        ?C?MEMSET

  -------         MODULE        ?C?LLDIDATA
  C:3B0FH         PUBLIC        ?C?LLDIDATA
  -------         ENDMOD        ?C?LLDIDATA

  -------         MODULE        ?C?LLDXDATA
BL51 BANKED LINKER/LOCATER V6.22.2.0                                                  04/03/2021  15:36:38  PAGE 80


  C:3B1BH         PUBLIC        ?C?LLDXDATA
  -------         ENDMOD        ?C?LLDXDATA

  -------         MODULE        ?C?LLDPDATA
  C:3B27H         PUBLIC        ?C?LLDPDATA
  -------         ENDMOD        ?C?LLDPDATA

  -------         MODULE        ?C?LSTIDATA
  C:3B33H         PUBLIC        ?C?LSTIDATA
  -------         ENDMOD        ?C?LSTIDATA

  -------         MODULE        ?C?LSTPDATA
  C:3B3FH         PUBLIC        ?C?LSTPDATA
  -------         ENDMOD        ?C?LSTPDATA

  -------         MODULE        ?C?LSTKIDATA
  C:3B4BH         PUBLIC        ?C?LSTKIDATA
  -------         ENDMOD        ?C?LSTKIDATA

  -------         MODULE        ?C?LSTKPDATA
  C:3B64H         PUBLIC        ?C?LSTKPDATA
  -------         ENDMOD        ?C?LSTKPDATA

  -------         MODULE        ISDIGIT
  C:814EH         PUBLIC        _isdigit
  -------         ENDMOD        ISDIGIT

*** WARNING L15: MULTIPLE CALL TO SEGMENT
    SEGMENT: ?PR?_SENDSTRINGDATATOPC?PC
    CALLER1: ?PR?RECIEVEPRESSKEYCOMMANDFROMPC?SYSTEMINIT
    CALLER2: ?C_C51STARTUP

*** WARNING L15: MULTIPLE CALL TO SEGMENT
    SEGMENT: ?PR?_SENDSTRINGDATA?DATATRANS
    CALLER1: ?PR?RECIEVEPRESSKEYCOMMANDFROMPC?SYSTEMINIT
    CALLER2: ?C_C51STARTUP

*** WARNING L15: MULTIPLE CALL TO SEGMENT
    SEGMENT: ?PR?_STRSTR?STRSTR
    CALLER1: ?PR?RECIEVEPRESSKEYCOMMANDFROMPC?SYSTEMINIT
    CALLER2: ?C_C51STARTUP

Program Size: data=24.1 xdata=5112 code=33269
LINK/LOCATE RUN COMPLETE.  3 WARNING(S),  0 ERROR(S)
