BL51 BANKED LINKER/LOCATER V6.22.2.0                                                    01/20/2021  15:24:04  PAGE 1


BL51 BANKED LINKER/LOCATER V6.22.2.0, INVOKED BY:
C:\KEIL_V5\C51\BIN\BL51.EXE .\Objects\DataTrans.obj, .\Objects\pc.obj, .\Objects\TstBrdContrl.obj, .\Objects\DelayTime.o
>> bj, .\Objects\SystemInit.obj, .\Objects\MainPro.obj, .\Objects\Chamber.obj, .\Objects\cfguo.obj, .\Objects\NewPower.o
>> bj, .\Objects\Crc16_MODBUS.obj, .\Objects\CH395CMD.obj TO .\Objects\BackBrdDrv 6point PRINT (.\Listings\BackBrdDrv 6p
>> oint.m51) RAMSIZE (256)


MEMORY MODEL: LARGE WITH FLOATING POINT ARITHMETIC


INPUT MODULES INCLUDED:
  .\Objects\DataTrans.obj (DATATRANS)
  .\Objects\pc.obj (PC)
  .\Objects\TstBrdContrl.obj (TSTBRDCONTRL)
  .\Objects\DelayTime.obj (DELAYTIME)
  .\Objects\SystemInit.obj (SYSTEMINIT)
  .\Objects\MainPro.obj (MAINPRO)
  .\Objects\Chamber.obj (CHAMBER)
  .\Objects\cfguo.obj (CFGUO)
  .\Objects\NewPower.obj (NEWPOWER)
  .\Objects\Crc16_MODBUS.obj (CRC16_MODBUS)
  .\Objects\CH395CMD.obj (CH395CMD)
  C:\KEIL_V5\C51\LIB\C51FPL.LIB (?C?FPADD)
  C:\KEIL_V5\C51\LIB\C51FPL.LIB (?C?FPMUL)
  C:\KEIL_V5\C51\LIB\C51FPL.LIB (?C?FPDIV)
  C:\KEIL_V5\C51\LIB\C51FPL.LIB (?C?FPCMP)
  C:\KEIL_V5\C51\LIB\C51FPL.LIB (?C?FCAST)
  C:\KEIL_V5\C51\LIB\C51FPL.LIB (?C?CASTF)
  C:\KEIL_V5\C51\LIB\C51FPL.LIB (PRINTF)
  C:\KEIL_V5\C51\LIB\C51FPL.LIB (FABS)
  C:\KEIL_V5\C51\LIB\C51FPL.LIB (ATOF)
  C:\KEIL_V5\C51\LIB\C51FPL.LIB (?C?FPGETOPN)
  C:\KEIL_V5\C51\LIB\C51FPL.LIB (?C?FPROUND)
  C:\KEIL_V5\C51\LIB\C51FPL.LIB (?C?FPCONVERT)
  C:\KEIL_V5\C51\LIB\C51FPL.LIB (?C?ATOF)
  C:\KEIL_V5\C51\LIB\C51FPL.LIB (?C?FPNEG)
  C:\KEIL_V5\C51\LIB\C51FPL.LIB (?C?FTNPWR)
  C:\KEIL_V5\C51\LIB\C51L.LIB (?C_STARTUP)
  C:\KEIL_V5\C51\LIB\C51L.LIB (?C?COPY)
  C:\KEIL_V5\C51\LIB\C51L.LIB (?C?SCDIV)
  C:\KEIL_V5\C51\LIB\C51L.LIB (?C?CLDPTR)
  C:\KEIL_V5\C51\LIB\C51L.LIB (?C?CLDOPTR)
  C:\KEIL_V5\C51\LIB\C51L.LIB (?C?CSTPTR)
  C:\KEIL_V5\C51\LIB\C51L.LIB (?C?CSTOPTR)
  C:\KEIL_V5\C51\LIB\C51L.LIB (?C?IMUL)
  C:\KEIL_V5\C51\LIB\C51L.LIB (?C?IILDX)
  C:\KEIL_V5\C51\LIB\C51L.LIB (?C?ILDIX)
  C:\KEIL_V5\C51\LIB\C51L.LIB (?C?ILDPTR)
  C:\KEIL_V5\C51\LIB\C51L.LIB (?C?ILDOPTR)
  C:\KEIL_V5\C51\LIB\C51L.LIB (?C?ISTPTR)
  C:\KEIL_V5\C51\LIB\C51L.LIB (?C?ISTOPTR)
  C:\KEIL_V5\C51\LIB\C51L.LIB (?C?LNEG)
  C:\KEIL_V5\C51\LIB\C51L.LIB (?C?ULSHR)
  C:\KEIL_V5\C51\LIB\C51L.LIB (?C?LLDPTR)
  C:\KEIL_V5\C51\LIB\C51L.LIB (?C?LLDOPTR)
  C:\KEIL_V5\C51\LIB\C51L.LIB (?C?LSTPTR)
  C:\KEIL_V5\C51\LIB\C51L.LIB (?C?LSTOPTR)
  C:\KEIL_V5\C51\LIB\C51L.LIB (?C?LLDCODE)
BL51 BANKED LINKER/LOCATER V6.22.2.0                                                  01/20/2021  15:24:04  PAGE 2


  C:\KEIL_V5\C51\LIB\C51L.LIB (?C?LLDCODE0)
  C:\KEIL_V5\C51\LIB\C51L.LIB (?C?LSTXDATA)
  C:\KEIL_V5\C51\LIB\C51L.LIB (?C?LSTKXDATA)
  C:\KEIL_V5\C51\LIB\C51L.LIB (?C?LSTKPTR)
  C:\KEIL_V5\C51\LIB\C51L.LIB (?C?OFFXADD)
  C:\KEIL_V5\C51\LIB\C51L.LIB (?C?PLDIXDATA)
  C:\KEIL_V5\C51\LIB\C51L.LIB (?C?PSTXDATA)
  C:\KEIL_V5\C51\LIB\C51L.LIB (?C?CCASE)
  C:\KEIL_V5\C51\LIB\C51L.LIB (PUTCHAR)
  C:\KEIL_V5\C51\LIB\C51L.LIB (ISSPACE)
  C:\KEIL_V5\C51\LIB\C51L.LIB (STRLEN)
  C:\KEIL_V5\C51\LIB\C51L.LIB (STRSTR)
  C:\KEIL_V5\C51\LIB\C51L.LIB (ATOI)
  C:\KEIL_V5\C51\LIB\C51L.LIB (?C?MEMSET)
  C:\KEIL_V5\C51\LIB\C51L.LIB (?C_INIT)
  C:\KEIL_V5\C51\LIB\C51L.LIB (?C?LLDIDATA)
  C:\KEIL_V5\C51\LIB\C51L.LIB (?C?LLDXDATA)
  C:\KEIL_V5\C51\LIB\C51L.LIB (?C?LLDPDATA)
  C:\KEIL_V5\C51\LIB\C51L.LIB (?C?LSTIDATA)
  C:\KEIL_V5\C51\LIB\C51L.LIB (?C?LSTPDATA)
  C:\KEIL_V5\C51\LIB\C51L.LIB (?C?LSTKIDATA)
  C:\KEIL_V5\C51\LIB\C51L.LIB (?C?LSTKPDATA)
  C:\KEIL_V5\C51\LIB\C51L.LIB (ISDIGIT)


LINK MAP OF MODULE:  .\Objects\BackBrdDrv 6point (DATATRANS)


            TYPE    BASE      LENGTH    RELOCATION   SEGMENT NAME
            -----------------------------------------------------

            * * * * * * *   D A T A   M E M O R Y   * * * * * * *
            REG     0000H     0008H     ABSOLUTE     "REG BANK 0"
            DATA    0008H     0005H     UNIT         _DATA_GROUP_
                    000DH     000BH                  *** GAP ***
            REG     0018H     0008H     ABSOLUTE     "REG BANK 3"
            BIT     0020H.0   0001H.5   UNIT         _BIT_GROUP_
            BIT     0021H.5   0000H.2   UNIT         ?BI?SYSTEMINIT
                    0021H.7   0000H.1                *** GAP ***
            IDATA   0022H     0001H     UNIT         ?STACK

            * * * * * * *  X D A T A   M E M O R Y  * * * * * * *
            XDATA   0000H     0BBBH     UNIT         _XDATA_GROUP_
            XDATA   0BBBH     059AH     UNIT         ?XD?CHAMBER
            XDATA   1155H     00F1H     UNIT         ?XD?DATATRANS
            XDATA   1246H     00AEH     UNIT         ?XD?CH395CMD
            XDATA   12F4H     0054H     UNIT         ?XD?CFGUO
            XDATA   1348H     0022H     UNIT         ?XD?_WAITCHAMBERSTABLE?CHAMBER
            XDATA   136AH     0013H     UNIT         ?XD?TSTBRDCONTRL
            XDATA   137DH     0012H     UNIT         ?XD?MAINPRO
            XDATA   138FH     0004H     UNIT         ?XD?_CH395SETSTARTPARA?CH395CMD
            XDATA   1393H     0002H     UNIT         ?XD?DELAYTIME
            XDATA   1395H     0001H     UNIT         ?XD?PC

            * * * * * * *   C O D E   M E M O R Y   * * * * * * *
            CODE    0000H     0003H     ABSOLUTE     
            CODE    0003H     0003H     ABSOLUTE     
BL51 BANKED LINKER/LOCATER V6.22.2.0                                                  01/20/2021  15:24:04  PAGE 3


            CODE    0006H     0005H     UNIT         ?PR?RESETI2CPORT?NEWPOWER
            CODE    000BH     0003H     ABSOLUTE     
            CODE    000EH     0015H     UNIT         ?PR?I2CSTART?NEWPOWER
            CODE    0023H     0003H     ABSOLUTE     
            CODE    0026H     210BH     UNIT         ?PR?MAIN?MAINPRO
            CODE    2131H     0A2AH     UNIT         ?C?LIB_CODE
            CODE    2B5BH     0A28H     UNIT         ?PR?_WAITCHAMBERSTABLE?CHAMBER
            CODE    3583H     07D2H     UNIT         ?CO?MAINPRO
            CODE    3D55H     0483H     UNIT         ?PR?PRINTF?PRINTF
            CODE    41D8H     0406H     UNIT         ?CO?CH395CMD
            CODE    45DEH     03CEH     UNIT         ?PR?_READTC18B20PACKAGEANDUSEPT100INDEX?PC
            CODE    49ACH     02AFH     UNIT         ?PR?_READCHAMBERTEMPERATURE?CHAMBER
            CODE    4C5BH     0214H     UNIT         ?CO?CFGUO
            CODE    4E6FH     01F0H     UNIT         ?PR?_SETCHAMBERTEMPERATURE?CHAMBER
            CODE    505FH     01ECH     UNIT         ?PR?_READOPA544OUTPUTCURRENT?NEWPOWER
            CODE    524BH     01DEH     UNIT         ?PR?RECIEVEPRESSKEYCOMMANDFROMPC?SYSTEMINIT
            CODE    5429H     01D0H     UNIT         ?PR?_READDATAFROMADS1100?NEWPOWER
            CODE    55F9H     01AFH     UNIT         ?PR?_READTEMPERATUREDATAFROMTRIMINGBOARD?DATATRANS
            CODE    57A8H     01A1H     UNIT         ?PR?_SET_LABCMD_FORMAT?CH395CMD
            CODE    5949H     0180H     UNIT         ?PR?_REV_DATA_FROM_CH375?CFGUO
            CODE    5AC9H     015DH     UNIT         ?PR?_CH395SOCKETINTERRUPT?CH395CMD
            CODE    5C26H     0145H     UNIT         ?PR?_USARTINIT?DATATRANS
            CODE    5D6BH     0136H     UNIT         ?PR?_REQUIRECFGUOALLCHANNELTEMPERATURE?CFGUO
            CODE    5EA1H     010FH     UNIT         ?PR?_SETCHAMBERON?CHAMBER
            CODE    5FB0H     010DH     UNIT         ?PR?_SETCHAMBEROFF?CHAMBER
            CODE    60BDH     0102H     UNIT         ?PR?_SETUSARTTWOPOSIONANDBTR?DATATRANS
            CODE    61BFH     00FCH     UNIT         ?PR?_CRC16_MODBUS?CRC16_MODBUS
            CODE    62BBH     00EBH     UNIT         ?PR?_SENDPT100DATATOTRIMINGBOARD?DATATRANS
            CODE    63A6H     00E6H     UNIT         ?PR??C?ATOF??C?ATOF
            CODE    648CH     00DFH     UNIT         ?PR?CONFIG_FLUKE_MODE?CFGUO
            CODE    656BH     00DBH     UNIT         ?PR?_ATOI?ATOI
            CODE    6646H     00D5H     UNIT         ?PR?_REV_DATA_FROM_FLUKE?CFGUO
            CODE    671BH     00BFH     UNIT         ?PR?_STRSTR?STRSTR
            CODE    67DAH     00BDH     UNIT         ?PR?_SEARCHTESTMAINBOARD?TSTBRDCONTRL
            CODE    6897H     00B5H     UNIT         ?PR?_I2CWRITEDATATODEVICE?NEWPOWER
            CODE    694CH     00B2H     UNIT         ?PR?_SENDFLOATDATA?DATATRANS
            CODE    69FEH     00B2H     UNIT         ?PR?_SENDINTDATA?DATATRANS
            CODE    6AB0H     00AAH     UNIT         ?PR?_INVERTUINT16?CRC16_MODBUS
            CODE    6B5AH     009EH     UNIT         ?PR?_SENDTC18B20PACKAGETYPETOBOARD?DATATRANS
            CODE    6BF8H     009DH     UNIT         ?PR?_INVERTUINT8?CRC16_MODBUS
            CODE    6C95H     009DH     UNIT         ?PR?CH395GLOBALINTERRUPT?CH395CMD
            CODE    6D32H     0093H     UNIT         ?CO?CHAMBER
            CODE    6DC5H     008CH     UNIT         ?PR?SET_LABCHAMBER_OFF?CH395CMD
            CODE    6E51H     008CH     UNIT         ?C_C51STARTUP
            CODE    6EDDH     008BH     UNIT         ?PR?_CH395GETRECVDATA?CH395CMD
            CODE    6F68H     0085H     UNIT         ?PR?REQUEST_LABCHAMBER_STATE?CH395CMD
            CODE    6FEDH     0080H     UNIT         ?PR?_SET_LABCHAMBER_TEMP?CH395CMD
            CODE    706DH     007DH     UNIT         ?PR?_WAITFORTRIMINGPROCESS?DATATRANS
            CODE    70EAH     007BH     UNIT         ?PR?_SENDSTRINGDATA?DATATRANS
            CODE    7165H     007AH     UNIT         ?PR?GET_OPER_STATUS?CFGUO
            CODE    71DFH     007AH     UNIT         ?PR?_CH395SETSOCKETDESIP?CH395CMD
            CODE    7259H     0076H     UNIT         ?PR?_SENDDATA?DATATRANS
            CODE    72CFH     0073H     UNIT         ?PR?_CH395SENDDATA?CH395CMD
            CODE    7342H     006FH     UNIT         ?PR?SYSTEMINIT?SYSTEMINIT
            CODE    73B1H     006BH     UNIT         ?PR?GET_INT_STATUS?CFGUO
            CODE    741CH     0066H     UNIT         ?PR?_ENDALLPROCESS?TSTBRDCONTRL
            CODE    7482H     0062H     UNIT         ?PR?_SETVOLTAGE?NEWPOWER
BL51 BANKED LINKER/LOCATER V6.22.2.0                                                  01/20/2021  15:24:04  PAGE 4


            CODE    74E4H     0061H     UNIT         ?PR?_SETTSTBRDPOWERON?TSTBRDCONTRL
            CODE    7545H     0061H     UNIT         ?PR?_UART4_SENDFLUKECMD?CFGUO
            CODE    75A6H     005EH     UNIT         ?PR?CONFIG_CH375?CFGUO
            CODE    7604H     005DH     UNIT         ?PR?CH395SOCKETINITOPEN?CH395CMD
            CODE    7661H     005BH     UNIT         ?PR?INIT_CH395_LABCHAM_CONNECT?CH395CMD
            CODE    76BCH     0056H     UNIT         ?PR?_CH395SETSTARTPARA?CH395CMD
            CODE    7712H     0056H     UNIT         ?PR?_CH395KEEPLIVEIDLE?CH395CMD
            CODE    7768H     0056H     UNIT         ?PR?_CH395KEEPLIVEINTVL?CH395CMD
            CODE    77BEH     0050H     UNIT         ?C_INITSEG
            CODE    780EH     0050H     UNIT         ?PR?INITSOCKETPARAM?CH395CMD
            CODE    785EH     004DH     UNIT         ?PR?_ACQURIE_LABCHAM_ACTUALTEMP?CH395CMD
            CODE    78ABH     004AH     UNIT         ?PR?_ISSUE_TOKEN?CFGUO
            CODE    78F5H     0049H     UNIT         ?PR?INITCH395INFPARAM?CH395CMD
            CODE    793EH     0049H     UNIT         ?PR?ATOF?ATOF
            CODE    7987H     0047H     UNIT         ?PR?_CH395OPENSOCKET?CH395CMD
            CODE    79CEH     0047H     UNIT         ?PR?_CH395TCPCONNECT?CH395CMD
            CODE    7A15H     0044H     UNIT         ?PR?_CH395CMDSETIPADDR?CH395CMD
            CODE    7A59H     0044H     UNIT         ?PR?_CH395CMDSETGWIPADDR?CH395CMD
            CODE    7A9DH     0044H     UNIT         ?PR?_CH395CMDSETMASKADDR?CH395CMD
            CODE    7AE1H     0044H     UNIT         ?PR?_CH395CMDGETUNREACHIPPT?CH395CMD
            CODE    7B25H     0042H     UNIT         ?PR?_WRITEDATATOMAX5821?NEWPOWER
            CODE    7B67H     0041H     UNIT         ?PR?CH395INIT?CH395CMD
            CODE    7BA8H     003CH     UNIT         ?PR?CH395CMDINITCH395?CH395CMD
            CODE    7BE4H     003AH     UNIT         ?PR?_USARTINTERRUPT?DATATRANS
            CODE    7C1EH     0037H     UNIT         ?PR?_CH395GETRECVLENGTH?CH395CMD
            CODE    7C55H     0036H     UNIT         ?PR?_SENDINTDATATOPC?PC
            CODE    7C8BH     0036H     UNIT         ?PR?CH395_LABCHAM_VARI_INIT?CH395CMD
            CODE    7CC1H     0033H     UNIT         ?PR?_MSTOPIFERROR?CH395CMD
            CODE    7CF4H     0032H     UNIT         ?PR?_SENDCMDTOLABCHAMBER?CH395CMD
            CODE    7D26H     0031H     UNIT         ?PR?_SENDFLOATDATATOPC?PC
            CODE    7D57H     0030H     UNIT         ?PR?_DELAY_MS?DELAYTIME
            CODE    7D87H     0030H     UNIT         ?CO?SYSTEMINIT
            CODE    7DB7H     002EH     UNIT         ?PR?DELAY100MS?SYSTEMINIT
            CODE    7DE5H     002DH     UNIT         ?CO?PC
            CODE    7E12H     002DH     UNIT         ?PR?_CH395SETSOCKETDESPORT?CH395CMD
            CODE    7E3FH     002DH     UNIT         ?PR?_CH395SETSOCKETSOURPORT?CH395CMD
            CODE    7E6CH     0028H     UNIT         ?CO?DATATRANS
            CODE    7E94H     0027H     UNIT         ?PR?_CH375_USB_MODE?CFGUO
            CODE    7EBBH     0027H     UNIT         ?PR?PUTCHAR?PUTCHAR
            CODE    7EE2H     0025H     UNIT         ?PR?DELAY_5US?DELAYTIME
            CODE    7F07H     0025H     UNIT         ?PR?DELAY_60US?DELAYTIME
            CODE    7F2CH     0023H     UNIT         ?PR?_SENDSTRINGDATATOPC?PC
            CODE    7F4FH     0023H     UNIT         ?PR?KEEPLIVE_SET?CH395CMD
            CODE    7F72H     0020H     UNIT         ?PR?_CH395SETSOCKETPROTTYPE?CH395CMD
            CODE    7F92H     001FH     UNIT         ?PR?_WR_HOST_OUT_BUF?CFGUO
            CODE    7FB1H     001EH     UNIT         ?PR?_CH395SETKEEPLIVE?CH395CMD
            CODE    7FCFH     001CH     UNIT         ?PR?STARTPROCESS?SYSTEMINIT
            CODE    7FEBH     001CH     UNIT         ?PR?TRIMINGBOARDCOLLECTOR?SYSTEMINIT
            CODE    8007H     001BH     UNIT         ?PR?_CH395GETSOCKETINT?CH395CMD
            CODE    8022H     0018H     UNIT         ?PR?USB_DEV_AUTOSET?CFGUO
            CODE    803AH     0018H     UNIT         ?PR?SET_HOST_POINT_REV?CFGUO
            CODE    8052H     0018H     UNIT         ?PR?SET_HOST_POINT_SEND?CFGUO
            CODE    806AH     0018H     UNIT         ?PR?_CH395CMDCHECKEXIST?CH395CMD
            CODE    8082H     0016H     UNIT         ?PR?UART4_INIT?SYSTEMINIT
            CODE    8098H     0016H     UNIT         ?PR?SCANPRESSKEY?SYSTEMINIT
            CODE    80AEH     0015H     UNIT         ?PR?_STRLEN?STRLEN
            CODE    80C3H     0014H     UNIT         ?PR?_ISSPACE?ISSPACE
BL51 BANKED LINKER/LOCATER V6.22.2.0                                                  01/20/2021  15:24:04  PAGE 5


            CODE    80D7H     0013H     UNIT         ?PR?TIMER0INTERRUPT?DELAYTIME
            CODE    80EAH     0013H     UNIT         ?PR?_CH395KEEPLIVECNT?CH395CMD
            CODE    80FDH     0010H     UNIT         ?PR?I2CSTOP?NEWPOWER
            CODE    810DH     000FH     UNIT         ?PR?_XWRITECH395CMD?SYSTEMINIT
            CODE    811CH     000FH     UNIT         ?PR?_ISDIGIT?ISDIGIT
            CODE    812BH     000EH     UNIT         ?PR?_UART4_SEND375CMD?CFGUO
            CODE    8139H     000EH     UNIT         ?PR?_UART4_SEND375DATA?CFGUO
            CODE    8147H     000DH     UNIT         ?PR?_SPI395EXCHANGE?SYSTEMINIT
            CODE    8154H     000DH     UNIT         ?PR?CH375_RESET?CFGUO
            CODE    8161H     000DH     UNIT         ?PR?I2CDEVICEACK?NEWPOWER
            CODE    816EH     000DH     UNIT         ?PR?_FABS?FABS
            CODE    817BH     000CH     UNIT         ?PR?_SEND_CMD_TO_FLUKE?CFGUO
            CODE    8187H     000BH     UNIT         ?PR?CH395CMDGETPHYSTATUS?CH395CMD
            CODE    8192H     000BH     UNIT         ?PR?CH395CMDGETGLOBINTSTATUS?CH395CMD
            CODE    819DH     000BH     UNIT         ?PR?CH395GETCMDSTATUS?CH395CMD
            CODE    81A8H     000AH     UNIT         ?CO?TSTBRDCONTRL
            CODE    81B2H     000AH     UNIT         ?PR?SPI_INIT?SYSTEMINIT
            CODE    81BCH     0008H     UNIT         ?CO?NEWPOWER
            CODE    81C4H     0008H     UNIT         ?PR?CH395CMDRESET?CH395CMD
            CODE    81CCH     0006H     UNIT         ?PR?XREADCH395DATA?SYSTEMINIT
            CODE    81D2H     0004H     UNIT         ?PR?TSTBRDPOWERINIT?TSTBRDCONTRL
            CODE    81D6H     0004H     UNIT         ?PR?_XWRITECH395DATA?SYSTEMINIT



OVERLAY MAP OF MODULE:   .\Objects\BackBrdDrv 6point (DATATRANS)


SEGMENT                                             BIT_GROUP          DATA_GROUP          XDATA_GROUP
  +--> CALLED SEGMENT                            START    LENGTH     START    LENGTH     START    LENGTH
--------------------------------------------------------------------------------------------------------
?PR?SCANPRESSKEY?SYSTEMINIT                      -----    -----      -----    -----      -----    -----
  +--> ?PR?DELAY100MS?SYSTEMINIT

*** NEW ROOT ***************************************************

?PR?RECIEVEPRESSKEYCOMMANDFROMPC?SYST...         -----    -----      -----    -----      -----    -----
  +--> ?CO?SYSTEMINIT
  +--> ?PR?_STRSTR?STRSTR

?PR?_STRSTR?STRSTR                               -----    -----      -----    -----      0989H    000CH

*** NEW ROOT ***************************************************

?C_C51STARTUP                                    -----    -----      -----    -----      -----    -----
  +--> ?PR?MAIN?MAINPRO
  +--> ?C_INITSEG

?PR?MAIN?MAINPRO                                 0020H.0  0000H.4    -----    -----      000CH    096BH
  +--> ?PR?SYSTEMINIT?SYSTEMINIT
  +--> ?PR?_DELAY_MS?DELAYTIME
  +--> ?CO?MAINPRO
  +--> ?PR?_SENDSTRINGDATATOPC?PC
  +--> ?PR?CONFIG_CH375?CFGUO
  +--> ?PR?_SETCHAMBERON?CHAMBER
  +--> ?PR?_READCHAMBERTEMPERATURE?CHAMBER
  +--> ?PR?CONFIG_FLUKE_MODE?CFGUO
BL51 BANKED LINKER/LOCATER V6.22.2.0                                                  01/20/2021  15:24:04  PAGE 6


  +--> ?PR?_REQUIRECFGUOALLCHANNELTEMPERATUR...
  +--> ?PR?PRINTF?PRINTF
  +--> ?PR?_SETVOLTAGE?NEWPOWER
  +--> ?PR?TSTBRDPOWERINIT?TSTBRDCONTRL
  +--> ?PR?_SETTSTBRDPOWERON?TSTBRDCONTRL
  +--> ?PR?_SEARCHTESTMAINBOARD?TSTBRDCONTRL
  +--> ?PR?_READTC18B20PACKAGEANDUSEPT100IND...
  +--> ?PR?_STRSTR?STRSTR
  +--> ?PR?_SENDTC18B20PACKAGETYPETOBOARD?DA...
  +--> ?PR?_READOPA544OUTPUTCURRENT?NEWPOWER
  +--> ?PR?STARTPROCESS?SYSTEMINIT
  +--> ?PR?_WAITFORTRIMINGPROCESS?DATATRANS
  +--> ?PR?_SETCHAMBEROFF?CHAMBER
  +--> ?PR?TRIMINGBOARDCOLLECTOR?SYSTEMINIT
  +--> ?PR?_READTEMPERATUREDATAFROMTRIMINGBO...
  +--> ?PR?_SENDFLOATDATATOPC?PC
  +--> ?PR?_SENDPT100DATATOTRIMINGBOARD?DATA...
  +--> ?PR?_SENDINTDATATOPC?PC
  +--> ?PR?_SETCHAMBERTEMPERATURE?CHAMBER
  +--> ?PR?_ENDALLPROCESS?TSTBRDCONTRL

?PR?SYSTEMINIT?SYSTEMINIT                        -----    -----      -----    -----      -----    -----
  +--> ?PR?UART4_INIT?SYSTEMINIT
  +--> ?PR?SPI_INIT?SYSTEMINIT

?PR?_SENDSTRINGDATATOPC?PC                       -----    -----      -----    -----      0B8BH    0003H
  +--> ?PR?_USARTINIT?DATATRANS
  +--> ?PR?_SENDSTRINGDATA?DATATRANS

?PR?_SENDSTRINGDATA?DATATRANS                    -----    -----      -----    -----      0B8EH    0003H

?PR?CONFIG_CH375?CFGUO                           -----    -----      -----    -----      0977H    0001H
  +--> ?PR?_DELAY_MS?DELAYTIME
  +--> ?PR?CH375_RESET?CFGUO
  +--> ?PR?_CH375_USB_MODE?CFGUO
  +--> ?CO?CFGUO
  +--> ?PR?_SENDSTRINGDATATOPC?PC
  +--> ?PR?USB_DEV_AUTOSET?CFGUO

?PR?CH375_RESET?CFGUO                            -----    -----      -----    -----      -----    -----
  +--> ?PR?_UART4_SEND375CMD?CFGUO
  +--> ?PR?_DELAY_MS?DELAYTIME

?PR?_CH375_USB_MODE?CFGUO                        -----    -----      -----    -----      0978H    0002H
  +--> ?PR?_UART4_SEND375CMD?CFGUO
  +--> ?PR?_UART4_SEND375DATA?CFGUO
  +--> ?PR?GET_OPER_STATUS?CFGUO
  +--> ?PR?_DELAY_MS?DELAYTIME

?PR?GET_OPER_STATUS?CFGUO                        -----    -----      -----    -----      097AH    0005H
  +--> ?PR?DELAY_5US?DELAYTIME

?PR?USB_DEV_AUTOSET?CFGUO                        -----    -----      -----    -----      -----    -----
  +--> ?PR?_UART4_SEND375CMD?CFGUO
  +--> ?PR?_DELAY_MS?DELAYTIME
  +--> ?PR?GET_INT_STATUS?CFGUO

BL51 BANKED LINKER/LOCATER V6.22.2.0                                                  01/20/2021  15:24:04  PAGE 7


?PR?GET_INT_STATUS?CFGUO                         -----    -----      -----    -----      0B8DH    0005H
  +--> ?PR?DELAY_5US?DELAYTIME

?PR?_SETCHAMBERON?CHAMBER                        -----    -----      -----    -----      0977H    0002H
  +--> ?PR?CH395_LABCHAM_VARI_INIT?CH395CMD
  +--> ?PR?INIT_CH395_LABCHAM_CONNECT?CH395CMD
  +--> ?PR?_DELAY_MS?DELAYTIME
  +--> ?PR?_SETUSARTTWOPOSIONANDBTR?DATATRANS
  +--> ?CO?CHAMBER
  +--> ?PR?_SENDSTRINGDATA?DATATRANS
  +--> ?PR?_CRC16_MODBUS?CRC16_MODBUS
  +--> ?PR?_SENDDATA?DATATRANS

?PR?INIT_CH395_LABCHAM_CONNECT?CH395CMD          -----    -----      -----    -----      -----    -----
  +--> ?PR?CH395CMDRESET?CH395CMD
  +--> ?PR?_DELAY_MS?DELAYTIME
  +--> ?PR?INITCH395INFPARAM?CH395CMD
  +--> ?PR?CH395INIT?CH395CMD
  +--> ?PR?_MSTOPIFERROR?CH395CMD
  +--> ?PR?CH395CMDGETPHYSTATUS?CH395CMD
  +--> ?PR?CH395GLOBALINTERRUPT?CH395CMD
  +--> ?PR?INITSOCKETPARAM?CH395CMD
  +--> ?PR?CH395SOCKETINITOPEN?CH395CMD
  +--> ?CO?CH395CMD
  +--> ?PR?_SENDSTRINGDATATOPC?PC
  +--> ?PR?KEEPLIVE_SET?CH395CMD

?PR?CH395CMDRESET?CH395CMD                       -----    -----      -----    -----      -----    -----
  +--> ?PR?_XWRITECH395CMD?SYSTEMINIT

?PR?_XWRITECH395CMD?SYSTEMINIT                   -----    -----      -----    -----      -----    -----
  +--> ?PR?_SPI395EXCHANGE?SYSTEMINIT
  +--> ?PR?DELAY_5US?DELAYTIME

?PR?INITCH395INFPARAM?CH395CMD                   -----    -----      -----    -----      -----    -----
  +--> ?CO?CH395CMD

?PR?CH395INIT?CH395CMD                           -----    -----      -----    -----      0979H    0001H
  +--> ?PR?_CH395CMDCHECKEXIST?CH395CMD
  +--> ?CO?CH395CMD
  +--> ?PR?_SENDSTRINGDATATOPC?PC
  +--> ?PR?_CH395CMDSETIPADDR?CH395CMD
  +--> ?PR?_CH395CMDSETGWIPADDR?CH395CMD
  +--> ?PR?_CH395CMDSETMASKADDR?CH395CMD
  +--> ?PR?CH395CMDINITCH395?CH395CMD

?PR?_CH395CMDCHECKEXIST?CH395CMD                 -----    -----      -----    -----      097AH    0001H
  +--> ?PR?_XWRITECH395CMD?SYSTEMINIT
  +--> ?PR?_XWRITECH395DATA?SYSTEMINIT
  +--> ?PR?XREADCH395DATA?SYSTEMINIT

?PR?_XWRITECH395DATA?SYSTEMINIT                  -----    -----      -----    -----      -----    -----
  +--> ?PR?_SPI395EXCHANGE?SYSTEMINIT

?PR?XREADCH395DATA?SYSTEMINIT                    -----    -----      -----    -----      -----    -----
  +--> ?PR?_SPI395EXCHANGE?SYSTEMINIT

BL51 BANKED LINKER/LOCATER V6.22.2.0                                                  01/20/2021  15:24:04  PAGE 8


?PR?_CH395CMDSETIPADDR?CH395CMD                  -----    -----      -----    -----      097AH    0004H
  +--> ?PR?_XWRITECH395CMD?SYSTEMINIT
  +--> ?PR?_XWRITECH395DATA?SYSTEMINIT

?PR?_CH395CMDSETGWIPADDR?CH395CMD                -----    -----      -----    -----      097AH    0004H
  +--> ?PR?_XWRITECH395CMD?SYSTEMINIT
  +--> ?PR?_XWRITECH395DATA?SYSTEMINIT

?PR?_CH395CMDSETMASKADDR?CH395CMD                -----    -----      -----    -----      097AH    0004H
  +--> ?PR?_XWRITECH395CMD?SYSTEMINIT
  +--> ?PR?_XWRITECH395DATA?SYSTEMINIT

?PR?CH395CMDINITCH395?CH395CMD                   -----    -----      -----    -----      097AH    0002H
  +--> ?PR?_XWRITECH395CMD?SYSTEMINIT
  +--> ?PR?_DELAY_MS?DELAYTIME
  +--> ?PR?CH395GETCMDSTATUS?CH395CMD

?PR?CH395GETCMDSTATUS?CH395CMD                   -----    -----      -----    -----      -----    -----
  +--> ?PR?_XWRITECH395CMD?SYSTEMINIT
  +--> ?PR?XREADCH395DATA?SYSTEMINIT

?PR?_MSTOPIFERROR?CH395CMD                       -----    -----      -----    -----      -----    -----
  +--> ?CO?CH395CMD
  +--> ?PR?PRINTF?PRINTF
  +--> ?PR?_SENDSTRINGDATATOPC?PC
  +--> ?PR?_DELAY_MS?DELAYTIME

?PR?PRINTF?PRINTF                                0020H.4  0001H.1    0008H    0005H      0B8BH    0030H
  +--> ?PR?PUTCHAR?PUTCHAR

?PR?CH395CMDGETPHYSTATUS?CH395CMD                -----    -----      -----    -----      -----    -----
  +--> ?PR?_XWRITECH395CMD?SYSTEMINIT
  +--> ?PR?XREADCH395DATA?SYSTEMINIT

?PR?CH395GLOBALINTERRUPT?CH395CMD                -----    -----      -----    -----      09A0H    000DH
  +--> ?PR?CH395CMDGETGLOBINTSTATUS?CH395CMD
  +--> ?CO?CH395CMD
  +--> ?PR?_SENDSTRINGDATATOPC?PC
  +--> ?PR?_CH395CMDGETUNREACHIPPT?CH395CMD
  +--> ?PR?CH395CMDGETPHYSTATUS?CH395CMD
  +--> ?PR?_CH395SOCKETINTERRUPT?CH395CMD

?PR?CH395CMDGETGLOBINTSTATUS?CH395CMD            -----    -----      -----    -----      -----    -----
  +--> ?PR?_XWRITECH395CMD?SYSTEMINIT
  +--> ?PR?XREADCH395DATA?SYSTEMINIT

?PR?_CH395CMDGETUNREACHIPPT?CH395CMD             -----    -----      -----    -----      09ADH    0004H
  +--> ?PR?_XWRITECH395CMD?SYSTEMINIT
  +--> ?PR?XREADCH395DATA?SYSTEMINIT

?PR?_CH395SOCKETINTERRUPT?CH395CMD               -----    -----      -----    -----      09ADH    0005H
  +--> ?PR?_CH395GETSOCKETINT?CH395CMD
  +--> ?CO?CH395CMD
  +--> ?PR?_SENDSTRINGDATATOPC?PC
  +--> ?PR?_CH395GETRECVLENGTH?CH395CMD
  +--> ?PR?_CH395GETRECVDATA?CH395CMD
  +--> ?PR?PRINTF?PRINTF
BL51 BANKED LINKER/LOCATER V6.22.2.0                                                  01/20/2021  15:24:04  PAGE 9


  +--> ?PR?_DELAY_MS?DELAYTIME
  +--> ?PR?_CH395OPENSOCKET?CH395CMD
  +--> ?PR?_MSTOPIFERROR?CH395CMD
  +--> ?PR?_CH395TCPCONNECT?CH395CMD

?PR?_CH395GETSOCKETINT?CH395CMD                  -----    -----      -----    -----      09B2H    0001H
  +--> ?PR?_XWRITECH395CMD?SYSTEMINIT
  +--> ?PR?_XWRITECH395DATA?SYSTEMINIT
  +--> ?PR?DELAY_5US?DELAYTIME
  +--> ?PR?XREADCH395DATA?SYSTEMINIT

?PR?_CH395GETRECVLENGTH?CH395CMD                 -----    -----      -----    -----      09B2H    0003H
  +--> ?PR?_XWRITECH395CMD?SYSTEMINIT
  +--> ?PR?_XWRITECH395DATA?SYSTEMINIT
  +--> ?PR?XREADCH395DATA?SYSTEMINIT

?PR?_CH395GETRECVDATA?CH395CMD                   -----    -----      -----    -----      09B2H    0008H
  +--> ?PR?_XWRITECH395CMD?SYSTEMINIT
  +--> ?PR?_XWRITECH395DATA?SYSTEMINIT
  +--> ?PR?DELAY_5US?DELAYTIME
  +--> ?PR?XREADCH395DATA?SYSTEMINIT

?PR?_CH395OPENSOCKET?CH395CMD                    -----    -----      -----    -----      09B2H    0003H
  +--> ?PR?_XWRITECH395CMD?SYSTEMINIT
  +--> ?PR?_XWRITECH395DATA?SYSTEMINIT
  +--> ?PR?_DELAY_MS?DELAYTIME
  +--> ?PR?CH395GETCMDSTATUS?CH395CMD

?PR?_CH395TCPCONNECT?CH395CMD                    -----    -----      -----    -----      09B2H    0003H
  +--> ?PR?_XWRITECH395CMD?SYSTEMINIT
  +--> ?PR?_XWRITECH395DATA?SYSTEMINIT
  +--> ?PR?_DELAY_MS?DELAYTIME
  +--> ?PR?CH395GETCMDSTATUS?CH395CMD

?PR?INITSOCKETPARAM?CH395CMD                     -----    -----      -----    -----      -----    -----
  +--> ?CO?CH395CMD

?PR?CH395SOCKETINITOPEN?CH395CMD                 -----    -----      -----    -----      0979H    0001H
  +--> ?PR?_CH395SETSOCKETPROTTYPE?CH395CMD
  +--> ?PR?_CH395SETSOCKETDESIP?CH395CMD
  +--> ?PR?_CH395SETSOCKETDESPORT?CH395CMD
  +--> ?PR?_CH395SETSOCKETSOURPORT?CH395CMD
  +--> ?CO?CH395CMD
  +--> ?PR?_SENDSTRINGDATATOPC?PC
  +--> ?PR?_CH395OPENSOCKET?CH395CMD
  +--> ?PR?_MSTOPIFERROR?CH395CMD
  +--> ?PR?_CH395TCPCONNECT?CH395CMD

?PR?_CH395SETSOCKETPROTTYPE?CH395CMD             -----    -----      -----    -----      097AH    0002H
  +--> ?PR?_XWRITECH395CMD?SYSTEMINIT
  +--> ?PR?_XWRITECH395DATA?SYSTEMINIT

?PR?_CH395SETSOCKETDESIP?CH395CMD                -----    -----      -----    -----      097AH    0004H
  +--> ?PR?_XWRITECH395CMD?SYSTEMINIT
  +--> ?PR?_XWRITECH395DATA?SYSTEMINIT

?PR?_CH395SETSOCKETDESPORT?CH395CMD              -----    -----      -----    -----      097AH    0003H
BL51 BANKED LINKER/LOCATER V6.22.2.0                                                  01/20/2021  15:24:04  PAGE 10


  +--> ?PR?_XWRITECH395CMD?SYSTEMINIT
  +--> ?PR?_XWRITECH395DATA?SYSTEMINIT

?PR?_CH395SETSOCKETSOURPORT?CH395CMD             -----    -----      -----    -----      097AH    0003H
  +--> ?PR?_XWRITECH395CMD?SYSTEMINIT
  +--> ?PR?_XWRITECH395DATA?SYSTEMINIT

?PR?KEEPLIVE_SET?CH395CMD                        -----    -----      -----    -----      -----    -----
  +--> ?PR?_CH395SETKEEPLIVE?CH395CMD
  +--> ?PR?_CH395KEEPLIVECNT?CH395CMD
  +--> ?PR?_CH395KEEPLIVEIDLE?CH395CMD
  +--> ?PR?_CH395KEEPLIVEINTVL?CH395CMD

?PR?_CH395SETKEEPLIVE?CH395CMD                   -----    -----      -----    -----      0979H    0002H
  +--> ?PR?_XWRITECH395CMD?SYSTEMINIT
  +--> ?PR?_XWRITECH395DATA?SYSTEMINIT

?PR?_CH395KEEPLIVECNT?CH395CMD                   -----    -----      -----    -----      0979H    0001H
  +--> ?PR?_XWRITECH395CMD?SYSTEMINIT
  +--> ?PR?_XWRITECH395DATA?SYSTEMINIT

?PR?_CH395KEEPLIVEIDLE?CH395CMD                  -----    -----      -----    -----      0979H    0004H
  +--> ?PR?_XWRITECH395CMD?SYSTEMINIT
  +--> ?PR?_XWRITECH395DATA?SYSTEMINIT

?PR?_CH395KEEPLIVEINTVL?CH395CMD                 -----    -----      -----    -----      0979H    0004H
  +--> ?PR?_XWRITECH395CMD?SYSTEMINIT
  +--> ?PR?_XWRITECH395DATA?SYSTEMINIT

?PR?_SETUSARTTWOPOSIONANDBTR?DATATRANS           -----    -----      -----    -----      0993H    0001H
  +--> ?PR?_USARTINIT?DATATRANS
  +--> ?PR?_DELAY_MS?DELAYTIME

?PR?_CRC16_MODBUS?CRC16_MODBUS                   -----    -----      -----    -----      0993H    000CH
  +--> ?PR?_INVERTUINT8?CRC16_MODBUS
  +--> ?PR?_INVERTUINT16?CRC16_MODBUS

?PR?_INVERTUINT8?CRC16_MODBUS                    -----    -----      -----    -----      099FH    000CH

?PR?_INVERTUINT16?CRC16_MODBUS                   -----    -----      -----    -----      099FH    0010H

?PR?_SENDDATA?DATATRANS                          -----    -----      -----    -----      0993H    0006H

?PR?_READCHAMBERTEMPERATURE?CHAMBER              -----    -----      -----    -----      0977H    001CH
  +--> ?PR?_ACQURIE_LABCHAM_ACTUALTEMP?CH395CMD
  +--> ?CO?CHAMBER
  +--> ?PR?PRINTF?PRINTF
  +--> ?PR?_SENDSTRINGDATATOPC?PC
  +--> ?PR?_SETUSARTTWOPOSIONANDBTR?DATATRANS
  +--> ?PR?_DELAY_MS?DELAYTIME
  +--> ?PR?_SENDSTRINGDATA?DATATRANS
  +--> ?PR?ATOF?ATOF
  +--> ?PR?_CRC16_MODBUS?CRC16_MODBUS
  +--> ?PR?_SENDDATA?DATATRANS

?PR?_ACQURIE_LABCHAM_ACTUALTEMP?CH395CMD         -----    -----      -----    -----      0993H    0009H
  +--> ?PR?REQUEST_LABCHAMBER_STATE?CH395CMD
BL51 BANKED LINKER/LOCATER V6.22.2.0                                                  01/20/2021  15:24:04  PAGE 11


  +--> ?PR?ATOF?ATOF

?PR?REQUEST_LABCHAMBER_STATE?CH395CMD            -----    -----      -----    -----      099CH    0004H
  +--> ?CO?CH395CMD
  +--> ?PR?PRINTF?PRINTF
  +--> ?PR?_SENDCMDTOLABCHAMBER?CH395CMD
  +--> ?PR?CH395GLOBALINTERRUPT?CH395CMD
  +--> ?PR?_SENDSTRINGDATATOPC?PC

?PR?_SENDCMDTOLABCHAMBER?CH395CMD                -----    -----      -----    -----      09A0H    0003H
  +--> ?PR?_STRLEN?STRLEN
  +--> ?PR?_CH395SENDDATA?CH395CMD

?PR?_CH395SENDDATA?CH395CMD                      -----    -----      -----    -----      09A3H    0008H
  +--> ?PR?_XWRITECH395CMD?SYSTEMINIT
  +--> ?PR?_XWRITECH395DATA?SYSTEMINIT

?PR?ATOF?ATOF                                    -----    -----      -----    -----      0B79H    0003H
  +--> ?PR?_ISSPACE?ISSPACE
  +--> ?PR??C?ATOF??C?ATOF

?PR??C?ATOF??C?ATOF                              0020H.4  0000H.5    0008H    0002H      -----    -----

?PR?CONFIG_FLUKE_MODE?CFGUO                      -----    -----      -----    -----      0977H    0001H
  +--> ?CO?CFGUO
  +--> ?PR?_SEND_CMD_TO_FLUKE?CFGUO
  +--> ?PR?PRINTF?PRINTF
  +--> ?PR?_SENDSTRINGDATATOPC?PC
  +--> ?PR?_DELAY_MS?DELAYTIME

?PR?_SEND_CMD_TO_FLUKE?CFGUO                     -----    -----      -----    -----      -----    -----
  +--> ?PR?_WR_HOST_OUT_BUF?CFGUO
  +--> ?PR?SET_HOST_POINT_SEND?CFGUO
  +--> ?PR?_ISSUE_TOKEN?CFGUO

?PR?_WR_HOST_OUT_BUF?CFGUO                       -----    -----      -----    -----      0B79H    0003H
  +--> ?PR?_UART4_SEND375CMD?CFGUO
  +--> ?PR?_UART4_SENDFLUKECMD?CFGUO

?PR?_UART4_SENDFLUKECMD?CFGUO                    -----    -----      -----    -----      0B7CH    0003H
  +--> ?PR?_STRLEN?STRLEN

?PR?SET_HOST_POINT_SEND?CFGUO                    -----    -----      -----    -----      -----    -----
  +--> ?PR?_UART4_SEND375CMD?CFGUO
  +--> ?PR?_UART4_SEND375DATA?CFGUO
  +--> ?PR?DELAY_5US?DELAYTIME

?PR?_ISSUE_TOKEN?CFGUO                           -----    -----      -----    -----      0B8BH    0002H
  +--> ?PR?_UART4_SEND375CMD?CFGUO
  +--> ?PR?_UART4_SEND375DATA?CFGUO
  +--> ?PR?GET_INT_STATUS?CFGUO

?PR?_REQUIRECFGUOALLCHANNELTEMPERATUR...         -----    -----      -----    -----      0977H    0202H
  +--> ?CO?CFGUO
  +--> ?PR?_SEND_CMD_TO_FLUKE?CFGUO
  +--> ?PR?PRINTF?PRINTF
  +--> ?PR?_SENDSTRINGDATATOPC?PC
BL51 BANKED LINKER/LOCATER V6.22.2.0                                                  01/20/2021  15:24:04  PAGE 12


  +--> ?PR?_REV_DATA_FROM_FLUKE?CFGUO
  +--> ?PR?ATOF?ATOF
  +--> ?PR?_DELAY_MS?DELAYTIME

?PR?_REV_DATA_FROM_FLUKE?CFGUO                   -----    -----      -----    -----      0B79H    0009H
  +--> ?PR?_REV_DATA_FROM_CH375?CFGUO
  +--> ?CO?CFGUO
  +--> ?PR?PRINTF?PRINTF
  +--> ?PR?_SENDSTRINGDATATOPC?PC

?PR?_REV_DATA_FROM_CH375?CFGUO                   -----    -----      -----    -----      0B82H    0009H
  +--> ?PR?SET_HOST_POINT_REV?CFGUO
  +--> ?PR?_ISSUE_TOKEN?CFGUO
  +--> ?PR?_UART4_SEND375CMD?CFGUO
  +--> ?CO?CFGUO
  +--> ?PR?PRINTF?PRINTF
  +--> ?PR?_SENDSTRINGDATATOPC?PC

?PR?SET_HOST_POINT_REV?CFGUO                     -----    -----      -----    -----      -----    -----
  +--> ?PR?_UART4_SEND375CMD?CFGUO
  +--> ?PR?_UART4_SEND375DATA?CFGUO
  +--> ?PR?DELAY_5US?DELAYTIME

?PR?_SETVOLTAGE?NEWPOWER                         -----    -----      -----    -----      0977H    0008H
  +--> ?PR?_WRITEDATATOMAX5821?NEWPOWER

?PR?_WRITEDATATOMAX5821?NEWPOWER                 -----    -----      -----    -----      097FH    0004H
  +--> ?PR?_I2CWRITEDATATODEVICE?NEWPOWER

?PR?_I2CWRITEDATATODEVICE?NEWPOWER               -----    -----      -----    -----      0993H    0007H
  +--> ?PR?I2CSTART?NEWPOWER
  +--> ?CO?NEWPOWER
  +--> ?PR?DELAY_5US?DELAYTIME
  +--> ?PR?I2CDEVICEACK?NEWPOWER
  +--> ?PR?I2CSTOP?NEWPOWER

?PR?I2CSTART?NEWPOWER                            -----    -----      -----    -----      -----    -----
  +--> ?PR?RESETI2CPORT?NEWPOWER
  +--> ?PR?_DELAY_MS?DELAYTIME
  +--> ?PR?DELAY_5US?DELAYTIME

?PR?I2CDEVICEACK?NEWPOWER                        -----    -----      -----    -----      -----    -----
  +--> ?PR?DELAY_5US?DELAYTIME

?PR?I2CSTOP?NEWPOWER                             -----    -----      -----    -----      -----    -----
  +--> ?PR?DELAY_5US?DELAYTIME

?PR?_SEARCHTESTMAINBOARD?TSTBRDCONTRL            -----    -----      -----    -----      0977H    0003H
  +--> ?PR?_SETUSARTTWOPOSIONANDBTR?DATATRANS
  +--> ?CO?TSTBRDCONTRL
  +--> ?PR?_SENDSTRINGDATA?DATATRANS

?PR?_READTC18B20PACKAGEANDUSEPT100IND...         -----    -----      -----    -----      0977H    0012H
  +--> ?PR?_USARTINIT?DATATRANS
  +--> ?CO?PC
  +--> ?PR?_STRSTR?STRSTR
  +--> ?PR?_ATOI?ATOI
BL51 BANKED LINKER/LOCATER V6.22.2.0                                                  01/20/2021  15:24:04  PAGE 13



?PR?_ATOI?ATOI                                   0020H.4  0000H.1    -----    -----      0989H    0005H
  +--> ?PR?_ISSPACE?ISSPACE
  +--> ?PR?_ISDIGIT?ISDIGIT

?PR?_SENDTC18B20PACKAGETYPETOBOARD?DA...         -----    -----      -----    -----      0977H    0016H
  +--> ?CO?DATATRANS
  +--> ?PR?PRINTF?PRINTF
  +--> ?PR?_SETUSARTTWOPOSIONANDBTR?DATATRANS
  +--> ?PR?_SENDSTRINGDATA?DATATRANS

?PR?_READOPA544OUTPUTCURRENT?NEWPOWER            -----    -----      -----    -----      0977H    001CH
  +--> ?PR?_I2CWRITEDATATODEVICE?NEWPOWER
  +--> ?PR?_DELAY_MS?DELAYTIME
  +--> ?PR?_READDATAFROMADS1100?NEWPOWER

?PR?_READDATAFROMADS1100?NEWPOWER                -----    -----      -----    -----      0993H    0005H
  +--> ?PR?I2CSTART?NEWPOWER
  +--> ?CO?NEWPOWER
  +--> ?PR?DELAY_5US?DELAYTIME
  +--> ?PR?I2CDEVICEACK?NEWPOWER

?PR?STARTPROCESS?SYSTEMINIT                      -----    -----      -----    -----      -----    -----
  +--> ?PR?_DELAY_MS?DELAYTIME

?PR?_WAITFORTRIMINGPROCESS?DATATRANS             -----    -----      -----    -----      0977H    0001H
  +--> ?PR?_SETUSARTTWOPOSIONANDBTR?DATATRANS

?PR?_SETCHAMBEROFF?CHAMBER                       -----    -----      -----    -----      0977H    0002H
  +--> ?CO?CHAMBER
  +--> ?PR?_SENDSTRINGDATATOPC?PC
  +--> ?PR?SET_LABCHAMBER_OFF?CH395CMD
  +--> ?PR?_SETUSARTTWOPOSIONANDBTR?DATATRANS
  +--> ?PR?_DELAY_MS?DELAYTIME
  +--> ?PR?_SENDSTRINGDATA?DATATRANS
  +--> ?PR?_CRC16_MODBUS?CRC16_MODBUS
  +--> ?PR?_SENDDATA?DATATRANS

?PR?SET_LABCHAMBER_OFF?CH395CMD                  -----    -----      -----    -----      0979H    0004H
  +--> ?CO?CH395CMD
  +--> ?PR?PRINTF?PRINTF
  +--> ?PR?_SENDCMDTOLABCHAMBER?CH395CMD
  +--> ?PR?CH395GLOBALINTERRUPT?CH395CMD
  +--> ?PR?_SENDSTRINGDATATOPC?PC

?PR?TRIMINGBOARDCOLLECTOR?SYSTEMINIT             -----    -----      -----    -----      -----    -----
  +--> ?PR?_DELAY_MS?DELAYTIME

?PR?_READTEMPERATUREDATAFROMTRIMINGBO...         -----    -----      -----    -----      0977H    0006H
  +--> ?PR?_SETUSARTTWOPOSIONANDBTR?DATATRANS

?PR?_SENDFLOATDATATOPC?PC                        -----    -----      -----    -----      0977H    0004H
  +--> ?PR?_USARTINIT?DATATRANS
  +--> ?PR?_SENDFLOATDATA?DATATRANS

?PR?_SENDFLOATDATA?DATATRANS                     -----    -----      -----    -----      097BH    000BH
  +--> ?CO?DATATRANS
BL51 BANKED LINKER/LOCATER V6.22.2.0                                                  01/20/2021  15:24:04  PAGE 14


  +--> ?PR?PRINTF?PRINTF
  +--> ?PR?_SENDSTRINGDATA?DATATRANS

?PR?_SENDPT100DATATOTRIMINGBOARD?DATA...         -----    -----      -----    -----      0977H    0004H
  +--> ?CO?DATATRANS
  +--> ?PR?PRINTF?PRINTF
  +--> ?PR?_SETUSARTTWOPOSIONANDBTR?DATATRANS
  +--> ?PR?_SENDSTRINGDATA?DATATRANS

?PR?_SENDINTDATATOPC?PC                          -----    -----      -----    -----      0977H    0005H
  +--> ?PR?_USARTINIT?DATATRANS
  +--> ?PR?_SENDINTDATA?DATATRANS

?PR?_SENDINTDATA?DATATRANS                       -----    -----      -----    -----      097CH    000BH
  +--> ?CO?DATATRANS
  +--> ?PR?PRINTF?PRINTF
  +--> ?PR?_SENDSTRINGDATA?DATATRANS

?PR?_SETCHAMBERTEMPERATURE?CHAMBER               -----    -----      -----    -----      0977H    0008H
  +--> ?CO?CHAMBER
  +--> ?PR?PRINTF?PRINTF
  +--> ?PR?_SENDSTRINGDATATOPC?PC
  +--> ?PR?_SET_LABCHAMBER_TEMP?CH395CMD
  +--> ?PR?_SETUSARTTWOPOSIONANDBTR?DATATRANS
  +--> ?PR?_DELAY_MS?DELAYTIME
  +--> ?PR?_SENDSTRINGDATA?DATATRANS
  +--> ?PR?_CRC16_MODBUS?CRC16_MODBUS
  +--> ?PR?_SENDDATA?DATATRANS

?PR?_SET_LABCHAMBER_TEMP?CH395CMD                -----    -----      -----    -----      097FH    0004H
  +--> ?PR?_SET_LABCMD_FORMAT?CH395CMD
  +--> ?PR?_SENDCMDTOLABCHAMBER?CH395CMD
  +--> ?PR?CH395GLOBALINTERRUPT?CH395CMD
  +--> ?CO?CH395CMD
  +--> ?PR?_SENDSTRINGDATATOPC?PC
  +--> ?PR?_DELAY_MS?DELAYTIME

?PR?_SET_LABCMD_FORMAT?CH395CMD                  -----    -----      -----    -----      0983H    000AH
  +--> ?CO?CH395CMD
  +--> ?PR?PRINTF?PRINTF

?PR?_ENDALLPROCESS?TSTBRDCONTRL                  -----    -----      -----    -----      0977H    0001H
  +--> ?PR?_SETUSARTTWOPOSIONANDBTR?DATATRANS
  +--> ?CO?TSTBRDCONTRL
  +--> ?PR?_SENDSTRINGDATA?DATATRANS



SYMBOL TABLE OF MODULE:  .\Objects\BackBrdDrv 6point (DATATRANS)

  VALUE           TYPE          NAME
  ----------------------------------

  -------         MODULE        DATATRANS
  C:0000H         SYMBOL        _ICE_DUMMY_
  D:0080H         PUBLIC        P0
  X:1155H         PUBLIC        nTestBoardName
BL51 BANKED LINKER/LOCATER V6.22.2.0                                                  01/20/2021  15:24:04  PAGE 15


  D:0090H         PUBLIC        P1
  D:00A0H         PUBLIC        P2
  C:694CH         PUBLIC        _SendFloatData
  D:00B0H         PUBLIC        P3
  D:00C0H         PUBLIC        P4
  C:706DH         PUBLIC        _WaitForTrimingProcess
  C:70EAH         PUBLIC        _SendStringData
  D:00C8H         PUBLIC        P5
  D:00E8H         PUBLIC        P6
  D:00F8H         PUBLIC        P7
  C:7259H         PUBLIC        _SendData
  D:00BAH         PUBLIC        P_SW2
  D:00A8H         PUBLIC        IE
  B:00A8H.4       PUBLIC        ES
  D:00B8H         PUBLIC        IP
  B:0098H.1       PUBLIC        TI
  D:00D8H         PUBLIC        CCON
  C:5C26H         PUBLIC        _UsartInit
  D:0099H         PUBLIC        SBUF
  X:115DH         PUBLIC        nTempP6PortData
  X:115EH         PUBLIC        nRecieveData
  D:0098H         PUBLIC        SCON
  D:0089H         PUBLIC        TMOD
  D:0088H         PUBLIC        TCON
  C:69FEH         PUBLIC        _SendIntData
  C:60BDH         PUBLIC        _SetUsartTwoPosionAndBtr
  C:6B5AH         PUBLIC        _SendTC18B20PackageTypeToBoard
  X:1226H         PUBLIC        nDeviceIndex
  D:00AFH         PUBLIC        IE2
  D:008EH         PUBLIC        AUXR
  B:00A8H.3       PUBLIC        ET1
  X:1227H         PUBLIC        nOtherDeviceName
  D:008DH         PUBLIC        TH1
  D:00D6H         PUBLIC        T2H
  D:008BH         PUBLIC        TL1
  D:00D7H         PUBLIC        T2L
  X:122FH         PUBLIC        nRxDataCunt
  B:0088H.6       PUBLIC        TR1
  D:009BH         PUBLIC        S2BUF
  C:7BE4H         PUBLIC        _UsartInterrupt
  D:009AH         PUBLIC        S2CON
  C:62BBH         PUBLIC        _SendPt100DataToTrimingBoard
  C:55F9H         PUBLIC        _ReadTemperatureDataFromTrimingBoard
  X:1230H         PUBLIC        nSendData
  X:1244H         PUBLIC        nComTimeOutCunt
  D:00D0H         PUBLIC        PSW
  -------         PROC          _USARTINIT
  D:0007H         SYMBOL        nComPortIndex
  D:0005H         SYMBOL        nBtr
  C:5C26H         LINE#         19
  C:5C26H         LINE#         20
  C:5C26H         LINE#         21
  C:5C31H         LINE#         22
  C:5C34H         LINE#         23
  C:5C37H         LINE#         24
  C:5C3AH         LINE#         25
  C:5C3DH         LINE#         27
BL51 BANKED LINKER/LOCATER V6.22.2.0                                                  01/20/2021  15:24:04  PAGE 16


  C:5C4FH         LINE#         28
  C:5C61H         LINE#         29
  C:5C73H         LINE#         30
  C:5C85H         LINE#         31
  C:5C97H         LINE#         32
  C:5CA9H         LINE#         33
  C:5CBAH         LINE#         34
  C:5CC7H         LINE#         36
  C:5CC9H         LINE#         37
  C:5CCBH         LINE#         38
  C:5CCBH         LINE#         40
  C:5CD9H         LINE#         41
  C:5CDCH         LINE#         42
  C:5CEEH         LINE#         43
  C:5D00H         LINE#         44
  C:5D12H         LINE#         45
  C:5D24H         LINE#         46
  C:5D36H         LINE#         47
  C:5D48H         LINE#         48
  C:5D59H         LINE#         49
  C:5D67H         LINE#         51
  C:5D6AH         LINE#         52
  C:5D6AH         LINE#         53
  -------         ENDPROC       _USARTINIT
  -------         PROC          _USARTINTERRUPT
  D:0007H         SYMBOL        nComPortIndex
  D:0005H         SYMBOL        nEnbDisable
  C:7BE4H         LINE#         61
  C:7BE4H         LINE#         62
  C:7BE4H         LINE#         63
  C:7BECH         LINE#         64
  C:7BF8H         LINE#         65
  C:7BFAH         LINE#         66
  C:7BFCH         LINE#         68
  C:7BFCH         LINE#         69
  C:7BFEH         LINE#         70
  C:7BFEH         LINE#         71
  C:7BFEH         LINE#         73
  C:7C09H         LINE#         74
  C:7C16H         LINE#         75
  C:7C19H         LINE#         76
  C:7C1AH         LINE#         78
  C:7C1AH         LINE#         79
  C:7C1DH         LINE#         80
  C:7C1DH         LINE#         81
  C:7C1DH         LINE#         82
  -------         ENDPROC       _USARTINTERRUPT
  -------         PROC          _SETUSARTTWOPOSIONANDBTR
  X:0993H         SYMBOL        nSerialPortPosion
  D:0001H         SYMBOL        nDeviceName
  D:0003H         SYMBOL        nBtr
  C:60BDH         LINE#         92
  C:60C4H         LINE#         93
  C:60C4H         LINE#         94
  C:60CDH         LINE#         95
  C:60D3H         LINE#         97
  C:60E2H         LINE#         98
BL51 BANKED LINKER/LOCATER V6.22.2.0                                                  01/20/2021  15:24:04  PAGE 17


  C:60E5H         LINE#         100
  C:60ECH         LINE#         101
  C:6105H         LINE#         102
  C:6118H         LINE#         103
  C:6138H         LINE#         104
  C:613AH         LINE#         105
  C:613AH         LINE#         106
  C:6142H         LINE#         107
  C:6142H         LINE#         109
  C:6151H         LINE#         110
  C:6154H         LINE#         112
  C:615BH         LINE#         113
  C:6174H         LINE#         114
  C:6187H         LINE#         115
  C:61A7H         LINE#         116
  C:61A9H         LINE#         117
  C:61A9H         LINE#         118
  C:61B1H         LINE#         119
  C:61B1H         LINE#         121
  C:61B7H         LINE#         122
  C:61BEH         LINE#         123
  -------         ENDPROC       _SETUSARTTWOPOSIONANDBTR
  -------         PROC          _SENDSTRINGDATA
  D:0007H         SYMBOL        nComPortIndex
  X:0B8EH         SYMBOL        pData
  C:70EAH         LINE#         131
  C:70F5H         LINE#         132
  C:70F5H         LINE#         133
  C:70FDH         LINE#         134
  C:710DH         LINE#         135
  C:7121H         LINE#         136
  C:7124H         LINE#         137
  C:7126H         LINE#         138
  C:7128H         LINE#         139
  C:7128H         LINE#         141
  C:7133H         LINE#         142
  C:7143H         LINE#         143
  C:7157H         LINE#         144
  C:715FH         LINE#         145
  C:7162H         LINE#         146
  C:7164H         LINE#         147
  C:7164H         LINE#         148
  -------         ENDPROC       _SENDSTRINGDATA
  -------         PROC          _SENDFLOATDATA
  X:097BH         SYMBOL        nComPortIndex
  X:097CH         SYMBOL        pFloatData
  X:097FH         SYMBOL        nFloatDataCunt
  -------         DO            
  X:0981H         SYMBOL        nCunt
  X:0983H         SYMBOL        pData
  -------         ENDDO         
  C:694CH         LINE#         157
  C:695AH         LINE#         158
  C:695AH         LINE#         159
  C:6961H         LINE#         162
  C:697FH         LINE#         163
  C:69CBH         LINE#         164
BL51 BANKED LINKER/LOCATER V6.22.2.0                                                  01/20/2021  15:24:04  PAGE 18


  C:69D9H         LINE#         166
  C:69ECH         LINE#         167
  C:69FDH         LINE#         168
  -------         ENDPROC       _SENDFLOATDATA
  -------         PROC          _SENDINTDATA
  X:097CH         SYMBOL        nComPortIndex
  X:097DH         SYMBOL        pIntData
  X:0980H         SYMBOL        nIntDataCunt
  -------         DO            
  X:0982H         SYMBOL        nCunt
  X:0984H         SYMBOL        pData
  -------         ENDDO         
  C:69FEH         LINE#         177
  C:6A0CH         LINE#         178
  C:6A0CH         LINE#         179
  C:6A13H         LINE#         182
  C:6A31H         LINE#         183
  C:6A7DH         LINE#         184
  C:6A8BH         LINE#         186
  C:6A9EH         LINE#         187
  C:6AAFH         LINE#         188
  -------         ENDPROC       _SENDINTDATA
  -------         PROC          _SENDDATA
  X:0993H         SYMBOL        nComPortIndex
  X:0994H         SYMBOL        pData
  X:0997H         SYMBOL        nIntDataCunt
  -------         DO            
  D:0006H         SYMBOL        nCunt
  -------         ENDDO         
  C:7259H         LINE#         199
  C:7267H         LINE#         200
  C:7267H         LINE#         201
  C:726AH         LINE#         202
  C:7277H         LINE#         203
  C:7284H         LINE#         204
  C:7296H         LINE#         205
  C:7299H         LINE#         206
  C:729BH         LINE#         207
  C:729BH         LINE#         209
  C:72AAH         LINE#         210
  C:72BCH         LINE#         211
  C:72C4H         LINE#         212
  C:72C7H         LINE#         213
  C:72C7H         LINE#         214
  C:72CEH         LINE#         215
  -------         ENDPROC       _SENDDATA
  -------         PROC          _SENDTC18B20PACKAGETYPETOBOARD
  X:0977H         SYMBOL        nTrimingBoardIndex
  X:0978H         SYMBOL        nPkgType
  -------         DO            
  X:0979H         SYMBOL        nPkgData
  -------         ENDDO         
  C:6B5AH         LINE#         225
  C:6B62H         LINE#         226
  C:6B62H         LINE#         229
  C:6B71H         LINE#         230
  C:6B97H         LINE#         231
BL51 BANKED LINKER/LOCATER V6.22.2.0                                                  01/20/2021  15:24:04  PAGE 19


  C:6BB0H         LINE#         232
  C:6BC8H         LINE#         233
  C:6BE4H         LINE#         234
  C:6BEFH         LINE#         235
  C:6BEFH         LINE#         236
  C:6BF7H         LINE#         237
  -------         ENDPROC       _SENDTC18B20PACKAGETYPETOBOARD
  -------         PROC          _WAITFORTRIMINGPROCESS
  X:0977H         SYMBOL        nTrimingBoardIndex
  C:706DH         LINE#         246
  C:7072H         LINE#         247
  C:7072H         LINE#         248
  C:708BH         LINE#         249
  C:70A3H         LINE#         250
  C:70BFH         LINE#         251
  C:70C2H         LINE#         252
  C:70C2H         LINE#         253
  C:70C5H         LINE#         254
  C:70CDH         LINE#         255
  C:70D0H         LINE#         257
  C:70D5H         LINE#         258
  C:70D8H         LINE#         259
  C:70DDH         LINE#         260
  C:70DFH         LINE#         261
  C:70DFH         LINE#         262
  C:70E1H         LINE#         263
  C:70E1H         LINE#         264
  C:70E9H         LINE#         265
  -------         ENDPROC       _WAITFORTRIMINGPROCESS
  -------         PROC          _READTEMPERATUREDATAFROMTRIMINGBOARD
  X:0977H         SYMBOL        nTrimingBoardIndex
  X:0978H         SYMBOL        pData
  -------         DO            
  X:097BH         SYMBOL        nTemperatureData
  -------         ENDDO         
  C:55F9H         LINE#         275
  C:5607H         LINE#         276
  C:5607H         LINE#         279
  C:5620H         LINE#         280
  C:5641H         LINE#         281
  C:5649H         LINE#         283
  C:5662H         LINE#         284
  C:567AH         LINE#         285
  C:5696H         LINE#         286
  C:5698H         LINE#         287
  C:5698H         LINE#         288
  C:56A0H         LINE#         290
  C:56A5H         LINE#         291
  C:56A8H         LINE#         292
  C:56A8H         LINE#         293
  C:56ABH         LINE#         294
  C:56B3H         LINE#         295
  C:56B6H         LINE#         297
  C:56BBH         LINE#         298
  C:56BEH         LINE#         300
  C:56D4H         LINE#         301
  C:56DAH         LINE#         302
BL51 BANKED LINKER/LOCATER V6.22.2.0                                                  01/20/2021  15:24:04  PAGE 20


  C:56DAH         LINE#         303
  C:56DAH         LINE#         304
  C:56DAH         LINE#         306
  C:56DAH         LINE#         307
  C:56DFH         LINE#         308
  C:56E2H         LINE#         309
  C:56F8H         LINE#         310
  C:56FEH         LINE#         311
  C:570AH         LINE#         312
  C:570CH         LINE#         313
  C:570CH         LINE#         314
  C:570EH         LINE#         316
  C:572AH         LINE#         317
  C:5745H         LINE#         318
  C:574EH         LINE#         319
  C:576FH         LINE#         321
  C:579DH         LINE#         322
  C:57A7H         LINE#         323
  -------         ENDPROC       _READTEMPERATUREDATAFROMTRIMINGBOARD
  -------         PROC          _SENDPT100DATATOTRIMINGBOARD
  X:0977H         SYMBOL        nTrimingBoardIndex
  X:0978H         SYMBOL        pData
  C:62BBH         LINE#         333
  C:62C9H         LINE#         334
  C:62C9H         LINE#         335
  C:6345H         LINE#         336
  C:635EH         LINE#         337
  C:6376H         LINE#         338
  C:6392H         LINE#         339
  C:6392H         LINE#         340
  C:639AH         LINE#         342
  C:63A5H         LINE#         343
  -------         ENDPROC       _SENDPT100DATATOTRIMINGBOARD
  -------         ENDMOD        DATATRANS

  -------         MODULE        PC
  C:0000H         SYMBOL        _ICE_DUMMY_
  D:0080H         PUBLIC        P0
  D:0090H         PUBLIC        P1
  D:00A0H         PUBLIC        P2
  D:00B0H         PUBLIC        P3
  D:00C0H         PUBLIC        P4
  D:00C8H         PUBLIC        P5
  D:00E8H         PUBLIC        P6
  D:00F8H         PUBLIC        P7
  X:1395H         PUBLIC        nCunt
  D:00A8H         PUBLIC        IE
  C:7C55H         PUBLIC        _SendIntDataToPC
  D:00B8H         PUBLIC        IP
  B:0098H.0       PUBLIC        RI
  D:00D8H         PUBLIC        CCON
  D:0099H         PUBLIC        SBUF
  D:0098H         PUBLIC        SCON
  D:0088H         PUBLIC        TCON
  C:7D26H         PUBLIC        _SendFloatDataToPC
  C:7F2CH         PUBLIC        _SendStringDataToPC
  C:45DEH         PUBLIC        _ReadTC18B20PackageAndUsePt100Index
BL51 BANKED LINKER/LOCATER V6.22.2.0                                                  01/20/2021  15:24:04  PAGE 21


  D:00D0H         PUBLIC        PSW
  -------         PROC          _SENDSTRINGDATATOPC
  X:0B8BH         SYMBOL        pData
  C:7F2CH         LINE#         9
  C:7F37H         LINE#         10
  C:7F37H         LINE#         12
  C:7F3EH         LINE#         13
  C:7F4EH         LINE#         14
  -------         ENDPROC       _SENDSTRINGDATATOPC
  -------         PROC          _SENDFLOATDATATOPC
  X:0977H         SYMBOL        pFloatData
  X:097AH         SYMBOL        nFloatDataCunt
  C:7D26H         LINE#         16
  C:7D34H         LINE#         17
  C:7D34H         LINE#         19
  C:7D3BH         LINE#         20
  C:7D56H         LINE#         21
  -------         ENDPROC       _SENDFLOATDATATOPC
  -------         PROC          _SENDINTDATATOPC
  X:0977H         SYMBOL        pIntData
  X:097AH         SYMBOL        nIntDataCunt
  C:7C55H         LINE#         23
  C:7C66H         LINE#         24
  C:7C66H         LINE#         26
  C:7C6DH         LINE#         27
  C:7C8AH         LINE#         28
  -------         ENDPROC       _SENDINTDATATOPC
  -------         PROC          _READTC18B20PACKAGEANDUSEPT100INDEX
  X:0977H         SYMBOL        nPackageType
  X:097AH         SYMBOL        nPt100Index
  -------         DO            
  X:097DH         SYMBOL        nTempRxData
  X:0987H         SYMBOL        nPt100Cunt
  X:0988H         SYMBOL        nBitCunt
  -------         ENDDO         
  C:45DEH         LINE#         30
  C:45E9H         LINE#         31
  C:45E9H         LINE#         33
  C:45F0H         LINE#         35
  C:45F6H         LINE#         37
  C:45FBH         LINE#         38
  C:45FDH         LINE#         39
  C:45FDH         LINE#         40
  C:4600H         LINE#         41
  C:4602H         LINE#         43
  C:4612H         LINE#         44
  C:4624H         LINE#         45
  C:4624H         LINE#         46
  C:4624H         LINE#         48
  C:462AH         LINE#         49
  C:462AH         LINE#         50
  C:462CH         LINE#         52
  C:463BH         LINE#         53
  C:4653H         LINE#         54
  C:466EH         LINE#         55
  C:4676H         LINE#         57
  C:46CEH         LINE#         58
BL51 BANKED LINKER/LOCATER V6.22.2.0                                                  01/20/2021  15:24:04  PAGE 22


  C:46DEH         LINE#         59
  C:46E1H         LINE#         61
  C:4739H         LINE#         62
  C:4749H         LINE#         63
  C:474BH         LINE#         65
  C:47A3H         LINE#         66
  C:47B3H         LINE#         67
  C:47B5H         LINE#         69
  C:47B5H         LINE#         70
  C:47C5H         LINE#         71
  C:47C5H         LINE#         73
  C:47F1H         LINE#         74
  C:4804H         LINE#         75
  C:4807H         LINE#         77
  C:485FH         LINE#         78
  C:4872H         LINE#         79
  C:4874H         LINE#         81
  C:4874H         LINE#         82
  C:4887H         LINE#         83
  C:4887H         LINE#         86
  C:4896H         LINE#         87
  C:489BH         LINE#         88
  C:489BH         LINE#         89
  C:48ACH         LINE#         90
  C:48B2H         LINE#         91
  C:48B4H         LINE#         92
  C:48B4H         LINE#         93
  C:48BAH         LINE#         94
  C:48BCH         LINE#         96
  C:48BCH         LINE#         97
  C:48CDH         LINE#         98
  C:48D3H         LINE#         99
  C:48D5H         LINE#         100
  C:48D5H         LINE#         101
  C:48DBH         LINE#         102
  C:48DDH         LINE#         104
  C:48F9H         LINE#         105
  C:4908H         LINE#         107
  C:490DH         LINE#         108
  C:490DH         LINE#         109
  C:4931H         LINE#         110
  C:4931H         LINE#         112
  C:4931H         LINE#         113
  C:4955H         LINE#         114
  C:495BH         LINE#         115
  C:4961H         LINE#         116
  C:4961H         LINE#         117
  C:4963H         LINE#         119
  C:498AH         LINE#         120
  C:499CH         LINE#         121
  C:499CH         LINE#         122
  C:499CH         LINE#         124
  C:499CH         LINE#         125
  C:49A2H         LINE#         126
  C:49A2H         LINE#         127
  C:49ABH         LINE#         128
  -------         ENDPROC       _READTC18B20PACKAGEANDUSEPT100INDEX
BL51 BANKED LINKER/LOCATER V6.22.2.0                                                  01/20/2021  15:24:04  PAGE 23


  -------         ENDMOD        PC

  -------         MODULE        TSTBRDCONTRL
  C:0000H         SYMBOL        _ICE_DUMMY_
  C:81D2H         PUBLIC        TstBrdPowerInit
  D:0080H         PUBLIC        P0
  D:0090H         PUBLIC        P1
  D:00A0H         PUBLIC        P2
  D:00B0H         PUBLIC        P3
  D:00C0H         PUBLIC        P4
  D:00C8H         PUBLIC        P5
  D:00E8H         PUBLIC        P6
  D:00F8H         PUBLIC        P7
  X:136AH         PUBLIC        nPowerTestBoardIndex
  D:00A8H         PUBLIC        IE
  C:741CH         PUBLIC        _EndAllProcess
  D:00B8H         PUBLIC        IP
  D:00D8H         PUBLIC        CCON
  X:1372H         PUBLIC        nTempP7PortData
  D:0098H         PUBLIC        SCON
  D:0088H         PUBLIC        TCON
  C:74E4H         PUBLIC        _SetTstBrdPowerOn
  X:1373H         PUBLIC        nBoardIndex
  X:1374H         PUBLIC        nBoardIsHerePwr
  D:009BH         PUBLIC        S2BUF
  D:009AH         PUBLIC        S2CON
  C:67DAH         PUBLIC        _SearchTestMainBoard
  X:137CH         PUBLIC        nTestBoardIndex
  D:00D0H         PUBLIC        PSW
  -------         PROC          TSTBRDPOWERINIT
  C:81D2H         LINE#         19
  C:81D2H         LINE#         20
  C:81D2H         LINE#         21
  C:81D5H         LINE#         22
  -------         ENDPROC       TSTBRDPOWERINIT
  -------         PROC          _SETTSTBRDPOWERON
  D:0003H         SYMBOL        nBoardIndex
  C:74E4H         LINE#         24
  C:74E6H         LINE#         27
  C:74E6H         LINE#         28
  C:74EBH         LINE#         29
  C:7503H         LINE#         30
  C:7516H         LINE#         31
  C:7535H         LINE#         32
  C:7535H         LINE#         33
  C:753DH         LINE#         35
  C:7544H         LINE#         36
  -------         ENDPROC       _SETTSTBRDPOWERON
  -------         PROC          _SEARCHTESTMAINBOARD
  X:0977H         SYMBOL        nTestMainBoardIndex
  C:67DAH         LINE#         45
  C:67E5H         LINE#         46
  C:67E5H         LINE#         47
  C:67F4H         LINE#         48
  C:680FH         LINE#         49
  C:6816H         LINE#         50
  C:6831H         LINE#         51
BL51 BANKED LINKER/LOCATER V6.22.2.0                                                  01/20/2021  15:24:04  PAGE 24


  C:683CH         LINE#         53
  C:683FH         LINE#         54
  C:683FH         LINE#         55
  C:6844H         LINE#         56
  C:6847H         LINE#         57
  C:684CH         LINE#         58
  C:6873H         LINE#         59
  C:6875H         LINE#         60
  C:6875H         LINE#         61
  C:6875H         LINE#         63
  C:6889H         LINE#         64
  C:688BH         LINE#         65
  C:688DH         LINE#         66
  C:6896H         LINE#         67
  -------         ENDPROC       _SEARCHTESTMAINBOARD
  -------         PROC          _ENDALLPROCESS
  X:0977H         SYMBOL        nTestMainBoardIndex
  C:741CH         LINE#         76
  C:7421H         LINE#         77
  C:7421H         LINE#         78
  C:743AH         LINE#         79
  C:7452H         LINE#         80
  C:746EH         LINE#         81
  C:7479H         LINE#         82
  C:7479H         LINE#         83
  C:7481H         LINE#         84
  -------         ENDPROC       _ENDALLPROCESS
  -------         ENDMOD        TSTBRDCONTRL

  -------         MODULE        DELAYTIME
  C:0000H         SYMBOL        _ICE_DUMMY_
  D:0080H         PUBLIC        P0
  D:0090H         PUBLIC        P1
  D:00A0H         PUBLIC        P2
  D:00B0H         PUBLIC        P3
  D:00C0H         PUBLIC        P4
  D:00C8H         PUBLIC        P5
  D:00E8H         PUBLIC        P6
  D:00F8H         PUBLIC        P7
  C:80D7H         PUBLIC        Timer0Interrupt
  D:00A8H         PUBLIC        IE
  D:00B8H         PUBLIC        IP
  D:00D8H         PUBLIC        CCON
  C:7EE2H         PUBLIC        Delay_5US
  D:0098H         PUBLIC        SCON
  D:0089H         PUBLIC        TMOD
  D:0088H         PUBLIC        TCON
  X:1393H         PUBLIC        nTimer0Cunt
  D:008EH         PUBLIC        AUXR
  B:00A8H.1       PUBLIC        ET0
  B:0088H.5       PUBLIC        TF0
  D:008CH         PUBLIC        TH0
  D:008AH         PUBLIC        TL0
  B:0088H.4       PUBLIC        TR0
  C:7F07H         PUBLIC        Delay_60US
  X:1394H         PUBLIC        nRunStopCunt
  C:7D57H         PUBLIC        _Delay_MS
BL51 BANKED LINKER/LOCATER V6.22.2.0                                                  01/20/2021  15:24:04  PAGE 25


  D:00D0H         PUBLIC        PSW
  -------         PROC          _DELAY_MS
  D:0006H         SYMBOL        nDelayMs
  -------         DO            
  D:0004H         SYMBOL        nDelayCunt
  -------         ENDDO         
  C:7D57H         LINE#         7
  C:7D57H         LINE#         8
  C:7D57H         LINE#         9
  C:7D5AH         LINE#         11
  C:7D5DH         LINE#         12
  C:7D60H         LINE#         14
  C:7D63H         LINE#         15
  C:7D66H         LINE#         16
  C:7D68H         LINE#         18
  C:7D6AH         LINE#         19
  C:7D6CH         LINE#         21
  C:7D6CH         LINE#         22
  C:7D74H         LINE#         23
  C:7D75H         LINE#         24
  C:7D7AH         LINE#         25
  C:7D7AH         LINE#         27
  C:7D82H         LINE#         28
  C:7D82H         LINE#         29
  C:7D84H         LINE#         30
  C:7D86H         LINE#         31
  C:7D86H         LINE#         32
  C:7D86H         LINE#         33
  C:7D86H         LINE#         34
  -------         ENDPROC       _DELAY_MS
  -------         PROC          DELAY_5US
  C:7EE2H         LINE#         36
  C:7EE2H         LINE#         37
  C:7EE2H         LINE#         38
  C:7EE7H         LINE#         40
  C:7EEAH         LINE#         41
  C:7EEDH         LINE#         42
  C:7EF0H         LINE#         43
  C:7EF3H         LINE#         44
  C:7EF5H         LINE#         46
  C:7EF7H         LINE#         47
  C:7EF9H         LINE#         49
  C:7EF9H         LINE#         50
  C:7EF9H         LINE#         51
  C:7F01H         LINE#         52
  C:7F01H         LINE#         53
  C:7F03H         LINE#         54
  C:7F05H         LINE#         55
  C:7F06H         LINE#         56
  C:7F06H         LINE#         57
  C:7F06H         LINE#         58
  C:7F06H         LINE#         59
  -------         ENDPROC       DELAY_5US
  -------         PROC          DELAY_60US
  C:7F07H         LINE#         61
  C:7F07H         LINE#         62
  C:7F07H         LINE#         63
BL51 BANKED LINKER/LOCATER V6.22.2.0                                                  01/20/2021  15:24:04  PAGE 26


  C:7F0CH         LINE#         65
  C:7F0FH         LINE#         66
  C:7F12H         LINE#         67
  C:7F15H         LINE#         68
  C:7F18H         LINE#         69
  C:7F1AH         LINE#         71
  C:7F1CH         LINE#         72
  C:7F1EH         LINE#         74
  C:7F1EH         LINE#         75
  C:7F1EH         LINE#         76
  C:7F26H         LINE#         77
  C:7F26H         LINE#         78
  C:7F28H         LINE#         79
  C:7F2AH         LINE#         80
  C:7F2BH         LINE#         81
  C:7F2BH         LINE#         82
  C:7F2BH         LINE#         83
  C:7F2BH         LINE#         84
  -------         ENDPROC       DELAY_60US
  -------         PROC          TIMER0INTERRUPT
  C:80D7H         LINE#         86
  C:80DDH         LINE#         88
  C:80E3H         LINE#         89
  -------         ENDPROC       TIMER0INTERRUPT
  -------         ENDMOD        DELAYTIME

  -------         MODULE        SYSTEMINIT
  C:0000H         SYMBOL        _ICE_DUMMY_
  D:0092H         PUBLIC        P1M0
  D:0093H         PUBLIC        P0M1
  D:0096H         PUBLIC        P2M0
  D:0091H         PUBLIC        P1M1
  D:0080H         PUBLIC        P0
  D:00B2H         PUBLIC        P3M0
  D:0095H         PUBLIC        P2M1
  D:0090H         PUBLIC        P1
  D:00B1H         PUBLIC        P3M1
  D:00A0H         PUBLIC        P2
  D:00CAH         PUBLIC        P5M0
  D:00B0H         PUBLIC        P3
  D:00CCH         PUBLIC        P6M0
  D:00C9H         PUBLIC        P5M1
  D:00C0H         PUBLIC        P4
  D:00E2H         PUBLIC        P7M0
  D:00CBH         PUBLIC        P6M1
  D:00C8H         PUBLIC        P5
  B:00A8H.7       PUBLIC        EA
  D:00E1H         PUBLIC        P7M1
  D:00E8H         PUBLIC        P6
  D:00F8H         PUBLIC        P7
  D:00CEH         PUBLIC        SPCTL
  D:00A2H         PUBLIC        P_SW1
  D:00BAH         PUBLIC        P_SW2
  D:00A8H         PUBLIC        IE
  B:00A0H.6       PUBLIC        START
  B:00A8H.4       PUBLIC        ES
  D:00B8H         PUBLIC        IP
BL51 BANKED LINKER/LOCATER V6.22.2.0                                                  01/20/2021  15:24:04  PAGE 27


  B:0098H.0       PUBLIC        RI
  C:7342H         PUBLIC        SystemInit
  C:81CCH         PUBLIC        xReadCH395Data
  D:00D8H         PUBLIC        CCON
  C:7DB7H         PUBLIC        Delay100MS
  B:00A0H.7       PUBLIC        COLLECTOR
  D:0099H         PUBLIC        SBUF
  C:81D6H         PUBLIC        _xWriteCH395Data
  D:0098H         PUBLIC        SCON
  D:0088H         PUBLIC        TCON
  B:00B0H.2       PUBLIC        P32
  D:00AFH         PUBLIC        IE2
  B:00C8H.5       PUBLIC        test
  C:8098H         PUBLIC        ScanPressKey
  D:00C7H         PUBLIC        IAP_CONTR
  C:810DH         PUBLIC        _xWriteCH395Cmd
  B:0088H.0       PUBLIC        IT0
  B:00A8H.0       PUBLIC        EX0
  B:0088H.2       PUBLIC        IT1
  B:00A8H.2       PUBLIC        EX1
  D:00D2H         PUBLIC        TH4
  D:00D3H         PUBLIC        TL4
  D:00D1H         PUBLIC        T4T3M
  D:00CDH         PUBLIC        SPSTAT
  C:81B2H         PUBLIC        SPI_Init
  B:00A0H.2       PUBLIC        SPI_CS
  B:00C8H.4       PUBLIC        CH375_rst
  C:8082H         PUBLIC        UART4_Init
  D:0084H         PUBLIC        S4CON
  B:0021H.5       PUBLIC        bStartFlag
  C:524BH         PUBLIC        RecievePressKeyCommandFromPC
  B:0021H.6       PUBLIC        bInitFlag
  C:7FCFH         PUBLIC        StartProcess
  C:8147H         PUBLIC        _Spi395Exchange
  C:7FEBH         PUBLIC        TrimingBoardCollector
  D:00D0H         PUBLIC        PSW
  D:00CFH         PUBLIC        SPDAT
  D:0094H         PUBLIC        P0M0
  -------         PROC          SYSTEMINIT
  C:7342H         LINE#         10
  C:7342H         LINE#         11
  C:7342H         LINE#         12
  C:7345H         LINE#         13
  C:734BH         LINE#         14
  C:7352H         LINE#         15
  C:7357H         LINE#         16
  C:735CH         LINE#         17
  C:735FH         LINE#         19
  C:7362H         LINE#         20
  C:7364H         LINE#         21
  C:7366H         LINE#         23
  C:7368H         LINE#         24
  C:736AH         LINE#         26
  C:736CH         LINE#         27
  C:736EH         LINE#         28
  C:7370H         LINE#         30
  C:7373H         LINE#         31
BL51 BANKED LINKER/LOCATER V6.22.2.0                                                  01/20/2021  15:24:04  PAGE 28


  C:7375H         LINE#         33
  C:7378H         LINE#         34
  C:737AH         LINE#         36
  C:737DH         LINE#         37
  C:7380H         LINE#         41
  C:7383H         LINE#         43
  C:7386H         LINE#         44
  C:7389H         LINE#         46
  C:738CH         LINE#         47
  C:738FH         LINE#         48
  C:7391H         LINE#         52
  C:7394H         LINE#         53
  C:7397H         LINE#         55
  C:739AH         LINE#         57
  C:739DH         LINE#         58
  C:73A0H         LINE#         60
  C:73A3H         LINE#         61
  C:73A6H         LINE#         65
  C:73A9H         LINE#         66
  C:73ACH         LINE#         67
  C:73AEH         LINE#         69
  C:73B0H         LINE#         70
  -------         ENDPROC       SYSTEMINIT
  -------         PROC          SPI_INIT
  C:81B2H         LINE#         72
  C:81B2H         LINE#         73
  C:81B2H         LINE#         74
  C:81B5H         LINE#         75
  C:81B8H         LINE#         77
  C:81BBH         LINE#         78
  -------         ENDPROC       SPI_INIT
  -------         PROC          _SPI395EXCHANGE
  D:0007H         SYMBOL        d
  C:8147H         LINE#         86
  C:8147H         LINE#         87
  C:8147H         LINE#         88
  C:8149H         LINE#         89
  C:814EH         LINE#         90
  C:8151H         LINE#         91
  C:8153H         LINE#         92
  -------         ENDPROC       _SPI395EXCHANGE
  -------         PROC          _XWRITECH395CMD
  D:0007H         SYMBOL        cmd
  C:810DH         LINE#         101
  C:810DH         LINE#         102
  C:810DH         LINE#         103
  C:810FH         LINE#         104
  C:8111H         LINE#         105
  C:8115H         LINE#         106
  C:8118H         LINE#         107
  C:811BH         LINE#         108
  -------         ENDPROC       _XWRITECH395CMD
  -------         PROC          _XWRITECH395DATA
  D:0007H         SYMBOL        mdata
  C:81D6H         LINE#         117
  C:81D6H         LINE#         118
  C:81D6H         LINE#         119
BL51 BANKED LINKER/LOCATER V6.22.2.0                                                  01/20/2021  15:24:04  PAGE 29


  C:81D9H         LINE#         120
  -------         ENDPROC       _XWRITECH395DATA
  -------         PROC          XREADCH395DATA
  -------         DO            
  D:0007H         SYMBOL        i
  -------         ENDDO         
  C:81CCH         LINE#         129
  C:81CCH         LINE#         130
  C:81CCH         LINE#         132
  C:81D1H         LINE#         133
  C:81D1H         LINE#         134
  -------         ENDPROC       XREADCH395DATA
  -------         PROC          UART4_INIT
  C:8082H         LINE#         137
  C:8082H         LINE#         138
  C:8082H         LINE#         139
  C:8085H         LINE#         141
  C:8088H         LINE#         142
  C:808BH         LINE#         144
  C:808EH         LINE#         145
  C:8091H         LINE#         147
  C:8094H         LINE#         148
  C:8097H         LINE#         150
  -------         ENDPROC       UART4_INIT
  -------         PROC          DELAY100MS
  -------         DO            
  D:0006H         SYMBOL        cunt1
  D:0004H         SYMBOL        cunt2
  -------         ENDDO         
  C:7DB7H         LINE#         152
  C:7DB7H         LINE#         153
  C:7DB7H         LINE#         154
  C:7DBCH         LINE#         155
  C:7DC7H         LINE#         156
  C:7DC7H         LINE#         157
  C:7DD5H         LINE#         158
  C:7DDDH         LINE#         159
  C:7DE4H         LINE#         160
  -------         ENDPROC       DELAY100MS
  -------         PROC          SCANPRESSKEY
  C:8098H         LINE#         162
  C:809FH         LINE#         164
  C:80A1H         LINE#         165
  C:80A1H         LINE#         166
  C:80A1H         LINE#         167
  C:80A4H         LINE#         168
  C:80A7H         LINE#         169
  C:80A7H         LINE#         170
  C:80A9H         LINE#         171
  C:80A9H         LINE#         172
  C:80A9H         LINE#         173
  C:80A9H         LINE#         174
  -------         ENDPROC       SCANPRESSKEY
  -------         PROC          RECIEVEPRESSKEYCOMMANDFROMPC
  -------         DO            
  D:001FH         SYMBOL        nRxDataCunt
  -------         ENDDO         
BL51 BANKED LINKER/LOCATER V6.22.2.0                                                  01/20/2021  15:24:04  PAGE 30


  C:524BH         LINE#         176
  C:5258H         LINE#         178
  C:525AH         LINE#         180
  C:525CH         LINE#         181
  C:525CH         LINE#         182
  C:525FH         LINE#         183
  C:5261H         LINE#         185
  C:5274H         LINE#         186
  C:5288H         LINE#         187
  C:5288H         LINE#         189
  C:5289H         LINE#         190
  C:5289H         LINE#         191
  C:528BH         LINE#         195
  C:530FH         LINE#         196
  C:5311H         LINE#         197
  C:5311H         LINE#         201
  C:5395H         LINE#         202
  C:5397H         LINE#         203
  C:5397H         LINE#         207
  C:541BH         LINE#         208
  C:541EH         LINE#         209
  C:541EH         LINE#         210
  -------         ENDPROC       RECIEVEPRESSKEYCOMMANDFROMPC
  -------         PROC          STARTPROCESS
  C:7FCFH         LINE#         212
  C:7FCFH         LINE#         213
  C:7FCFH         LINE#         214
  C:7FD1H         LINE#         215
  C:7FD8H         LINE#         216
  C:7FDAH         LINE#         217
  C:7FE1H         LINE#         218
  C:7FE3H         LINE#         219
  C:7FEAH         LINE#         220
  -------         ENDPROC       STARTPROCESS
  -------         PROC          TRIMINGBOARDCOLLECTOR
  C:7FEBH         LINE#         222
  C:7FEBH         LINE#         223
  C:7FEBH         LINE#         224
  C:7FEDH         LINE#         225
  C:7FF4H         LINE#         226
  C:7FF6H         LINE#         227
  C:7FFDH         LINE#         228
  C:7FFFH         LINE#         229
  C:8006H         LINE#         230
  -------         ENDPROC       TRIMINGBOARDCOLLECTOR
  -------         ENDMOD        SYSTEMINIT

  -------         MODULE        MAINPRO
  C:0000H         SYMBOL        _ICE_DUMMY_
  D:0080H         PUBLIC        P0
  D:0090H         PUBLIC        P1
  D:00A0H         PUBLIC        P2
  D:00B0H         PUBLIC        P3
  D:00C0H         PUBLIC        P4
  D:00C8H         PUBLIC        P5
  D:00E8H         PUBLIC        P6
  D:00F8H         PUBLIC        P7
BL51 BANKED LINKER/LOCATER V6.22.2.0                                                  01/20/2021  15:24:04  PAGE 31


  C:3D3DH         PUBLIC        fLoOffset
  D:00A8H         PUBLIC        IE
  C:3D25H         PUBLIC        fUpOffset
  B:00A8H.4       PUBLIC        ES
  D:00B8H         PUBLIC        IP
  D:00D8H         PUBLIC        CCON
  X:137DH         PUBLIC        LabChamTemp
  C:0026H         PUBLIC        main
  D:0098H         PUBLIC        SCON
  D:0088H         PUBLIC        TCON
  X:1381H         PUBLIC        aa
  X:1382H         PUBLIC        bb
  B:00A8H.0       PUBLIC        EX0
  X:1383H         PUBLIC        fVccVoltage
  C:3D05H         PUBLIC        fTrimingTemperature
  C:3D0DH         PUBLIC        fSetChamberTemperature
  D:00D0H         PUBLIC        PSW
  -------         PROC          MAIN
  -------         DO            
  X:000CH         SYMBOL        nTestMainBoardIndex
  X:000DH         SYMBOL        nTestBoardCunt
  X:000EH         SYMBOL        nChipCunt
  X:000FH         SYMBOL        nChipPackageType
  X:0010H         SYMBOL        nNeedPt100Number
  X:0011H         SYMBOL        nInputPt100NumberFromPc
  X:0012H         SYMBOL        nPt100Cunt
  X:0013H         SYMBOL        i
  D:0007H         SYMBOL        j
  X:0014H         SYMBOL        nPT100Index
  X:0034H         SYMBOL        nTemperaturePoint
  X:0035H         SYMBOL        nTempDataCunt
  X:0036H         SYMBOL        nBoardPt100
  X:0037H         SYMBOL        nUseBoardCunt
  X:0038H         SYMBOL        nMaxChipCuntOneBoard
  X:0039H         SYMBOL        nPassFailResult
  X:01B9H         SYMBOL        nVoltagePoint
  X:01BAH         SYMBOL        nTrimOrRead
  B:0020H.0       SYMBOL        bPackageIshere
  B:0020H.1       SYMBOL        bVoltageIsHere
  B:0020H.2       SYMBOL        bPt100IsHere
  B:0020H.3       SYMBOL        bRunMode
  X:01BBH         SYMBOL        fXJYDataAverage
  X:023BH         SYMBOL        fTemperature
  X:02FBH         SYMBOL        fTemperatureAverage
  X:08FBH         SYMBOL        fBoardCfguoData
  X:090BH         SYMBOL        nTemperature
  X:096BH         SYMBOL        fPt100Offset
  X:096FH         SYMBOL        fVcc
  X:0973H         SYMBOL        fSupplyCurrent
  C:01B6H         SYMBOL        SysInit
  -------         ENDDO         
  C:0026H         LINE#         58
  C:0026H         LINE#         59
  C:0026H         LINE#         61
  C:002CH         LINE#         67
  C:0036H         LINE#         70
  C:0039H         LINE#         71
BL51 BANKED LINKER/LOCATER V6.22.2.0                                                  01/20/2021  15:24:04  PAGE 32


  C:0040H         LINE#         72
  C:0049H         LINE#         73
  C:004CH         LINE#         75
  C:0055H         LINE#         76
  C:005CH         LINE#         77
  C:006DH         LINE#         78
  C:0074H         LINE#         84
  C:007DH         LINE#         86
  C:0080H         LINE#         87
  C:0087H         LINE#         88
  C:0090H         LINE#         89
  C:00A5H         LINE#         90
  C:00A5H         LINE#         91
  C:00B3H         LINE#         92
  C:00B9H         LINE#         93
  C:00B9H         LINE#         94
  C:00BBH         LINE#         95
  C:017EH         LINE#         96
  C:0187H         LINE#         97
  C:0187H         LINE#         98
  C:0190H         LINE#         100
  C:019BH         LINE#         101
  C:019EH         LINE#         103
  C:01ADH         LINE#         104
  C:01B6H         LINE#         106
[...]
  -------         PROC          CH395GETCMDSTATUS
  -------         DO            
  D:0007H         SYMBOL        i
  -------         ENDDO         
  C:819DH         LINE#         651
  C:819DH         LINE#         652
  C:819DH         LINE#         655
  C:81A2H         LINE#         656
  C:81A5H         LINE#         657
  C:81A7H         LINE#         658
  C:81A7H         LINE#         659
  -------         ENDPROC       CH395GETCMDSTATUS
  -------         PROC          _CH395CMDSETIPADDR
  X:097AH         SYMBOL        ipaddr
  -------         DO            
  X:097DH         SYMBOL        i
  -------         ENDDO         
  C:7A15H         LINE#         668
  C:7A20H         LINE#         669
  C:7A20H         LINE#         672
  C:7A25H         LINE#         673
BL51 BANKED LINKER/LOCATER V6.22.2.0                                                  01/20/2021  15:24:04  PAGE 72


  C:7A56H         LINE#         674
  C:7A58H         LINE#         675
  -------         ENDPROC       _CH395CMDSETIPADDR
  -------         PROC          _CH395CMDSETGWIPADDR
  X:097AH         SYMBOL        gwipaddr
  -------         DO            
  X:097DH         SYMBOL        i
  -------         ENDDO         
  C:7A59H         LINE#         684
  C:7A64H         LINE#         685
  C:7A64H         LINE#         688
  C:7A69H         LINE#         689
  C:7A9AH         LINE#         690
  C:7A9CH         LINE#         691
  -------         ENDPROC       _CH395CMDSETGWIPADDR
  -------         PROC          _CH395CMDSETMASKADDR
  X:097AH         SYMBOL        maskaddr
  -------         DO            
  X:097DH         SYMBOL        i
  -------         ENDDO         
  C:7A9DH         LINE#         700
  C:7AA8H         LINE#         701
  C:7AA8H         LINE#         704
  C:7AADH         LINE#         705
  C:7ADEH         LINE#         706
  C:7AE0H         LINE#         707
  -------         ENDPROC       _CH395CMDSETMASKADDR
  -------         PROC          _CH395CMDGETUNREACHIPPT
  X:09ADH         SYMBOL        list
  -------         DO            
  X:09B0H         SYMBOL        i
  -------         ENDDO         
  C:7AE1H         LINE#         778
  C:7AECH         LINE#         779
  C:7AECH         LINE#         782
  C:7AF1H         LINE#         783
  C:7B03H         LINE#         784
  C:7B03H         LINE#         785
  C:7B1AH         LINE#         786
  C:7B22H         LINE#         787
  C:7B24H         LINE#         788
  -------         ENDPROC       _CH395CMDGETUNREACHIPPT
  -------         PROC          _CH395SETSOCKETDESIP
  X:097AH         SYMBOL        sockindex
  X:097BH         SYMBOL        ipaddr
  C:71DFH         LINE#         819
  C:71EDH         LINE#         820
  C:71EDH         LINE#         821
  C:71F2H         LINE#         822
  C:71FAH         LINE#         823
  C:7211H         LINE#         824
  C:7228H         LINE#         825
  C:723FH         LINE#         826
  C:7256H         LINE#         827
  C:7258H         LINE#         828
  -------         ENDPROC       _CH395SETSOCKETDESIP
  -------         PROC          _CH395SETSOCKETPROTTYPE
BL51 BANKED LINKER/LOCATER V6.22.2.0                                                  01/20/2021  15:24:04  PAGE 73


  X:097AH         SYMBOL        sockindex
  X:097BH         SYMBOL        prottype
  C:7F72H         LINE#         838
  C:7F7AH         LINE#         839
  C:7F7AH         LINE#         840
  C:7F7FH         LINE#         841
  C:7F87H         LINE#         842
  C:7F8FH         LINE#         843
  C:7F91H         LINE#         844
  -------         ENDPROC       _CH395SETSOCKETPROTTYPE
  -------         PROC          _CH395SETSOCKETDESPORT
  X:097AH         SYMBOL        sockindex
  X:097BH         SYMBOL        desprot
  C:7E12H         LINE#         855
  C:7E1DH         LINE#         856
  C:7E1DH         LINE#         857
  C:7E22H         LINE#         858
  C:7E2AH         LINE#         859
  C:7E34H         LINE#         860
  C:7E3CH         LINE#         861
  C:7E3EH         LINE#         862
  -------         ENDPROC       _CH395SETSOCKETDESPORT
  -------         PROC          _CH395SETSOCKETSOURPORT
  X:097AH         SYMBOL        sockindex
  X:097BH         SYMBOL        surprot
  C:7E3FH         LINE#         872
  C:7E4AH         LINE#         873
  C:7E4AH         LINE#         874
  C:7E4FH         LINE#         875
  C:7E57H         LINE#         876
  C:7E61H         LINE#         877
  C:7E69H         LINE#         878
  C:7E6BH         LINE#         879
  -------         ENDPROC       _CH395SETSOCKETSOURPORT
  -------         PROC          _CH395SENDDATA
  X:09A3H         SYMBOL        sockindex
  X:09A4H         SYMBOL        databuf
  X:09A7H         SYMBOL        len
  -------         DO            
  X:09A9H         SYMBOL        i
  -------         ENDDO         
  C:72CFH         LINE#         921
  C:72DDH         LINE#         922
  C:72DDH         LINE#         925
  C:72E2H         LINE#         926
  C:72EAH         LINE#         927
  C:72F4H         LINE#         928
  C:72FCH         LINE#         930
  C:7318H         LINE#         931
  C:7318H         LINE#         932
  C:732FH         LINE#         933
  C:733FH         LINE#         934
  C:7341H         LINE#         935
  -------         ENDPROC       _CH395SENDDATA
  -------         PROC          _CH395GETRECVLENGTH
  X:09B2H         SYMBOL        sockindex
  -------         DO            
BL51 BANKED LINKER/LOCATER V6.22.2.0                                                  01/20/2021  15:24:04  PAGE 74


  X:09B3H         SYMBOL        i
  -------         ENDDO         
  C:7C1EH         LINE#         944
  C:7C23H         LINE#         945
  C:7C23H         LINE#         948
  C:7C28H         LINE#         949
  C:7C30H         LINE#         950
  C:7C3BH         LINE#         951
  C:7C4DH         LINE#         952
  C:7C4FH         LINE#         953
  C:7C54H         LINE#         954
  -------         ENDPROC       _CH395GETRECVLENGTH
  -------         PROC          _CH395GETRECVDATA
  X:09B2H         SYMBOL        sockindex
  X:09B3H         SYMBOL        len
  X:09B5H         SYMBOL        pbuf
  -------         DO            
  X:09B8H         SYMBOL        i
  -------         ENDDO         
  C:6EDDH         LINE#         979
  C:6EF1H         LINE#         980
  C:6EF1H         LINE#         982
  C:6EFBH         LINE#         983
  C:6F00H         LINE#         984
  C:6F08H         LINE#         985
  C:6F12H         LINE#         986
  C:6F1AH         LINE#         987
  C:6F1DH         LINE#         988
  C:6F39H         LINE#         989
  C:6F39H         LINE#         990
  C:6F4BH         LINE#         991
  C:6F55H         LINE#         992
  C:6F65H         LINE#         993
  C:6F67H         LINE#         994
  -------         ENDPROC       _CH395GETRECVDATA
  -------         PROC          _CH395OPENSOCKET
  X:09B2H         SYMBOL        sockindex
  -------         DO            
  X:09B3H         SYMBOL        i
  X:09B4H         SYMBOL        s
  -------         ENDDO         
  C:7987H         LINE#         1049
  C:798CH         LINE#         1050
  C:798CH         LINE#         1051
  C:798FH         LINE#         1052
  C:7991H         LINE#         1053
  C:7996H         LINE#         1054
  C:799EH         LINE#         1055
  C:79A0H         LINE#         1056
  C:79A0H         LINE#         1057
  C:79A0H         LINE#         1058
  C:79A7H         LINE#         1059
  C:79AFH         LINE#         1060
  C:79B4H         LINE#         1061
  C:79C8H         LINE#         1062
  C:79C8H         LINE#         1063
  C:79CDH         LINE#         1064
BL51 BANKED LINKER/LOCATER V6.22.2.0                                                  01/20/2021  15:24:04  PAGE 75


  -------         ENDPROC       _CH395OPENSOCKET
  -------         PROC          _CH395TCPCONNECT
  X:09B2H         SYMBOL        sockindex
  -------         DO            
  X:09B3H         SYMBOL        i
  X:09B4H         SYMBOL        s
  -------         ENDDO         
  C:79CEH         LINE#         1097
  C:79D3H         LINE#         1098
  C:79D3H         LINE#         1099
  C:79D6H         LINE#         1100
  C:79D8H         LINE#         1101
  C:79DDH         LINE#         1102
  C:79E5H         LINE#         1103
  C:79E7H         LINE#         1104
  C:79E7H         LINE#         1105
  C:79E7H         LINE#         1106
  C:79EEH         LINE#         1107
  C:79F6H         LINE#         1108
  C:79FBH         LINE#         1109
  C:7A0FH         LINE#         1110
  C:7A0FH         LINE#         1111
  C:7A14H         LINE#         1112
  -------         ENDPROC       _CH395TCPCONNECT
  -------         PROC          _CH395GETSOCKETINT
  X:09B2H         SYMBOL        sockindex
  -------         DO            
  D:0007H         SYMBOL        intstatus
  -------         ENDDO         
  C:8007H         LINE#         1169
  C:800CH         LINE#         1170
  C:800CH         LINE#         1172
  C:8011H         LINE#         1173
  C:8019H         LINE#         1174
  C:801CH         LINE#         1175
  C:801FH         LINE#         1176
  C:8021H         LINE#         1177
  C:8021H         LINE#         1178
  -------         ENDPROC       _CH395GETSOCKETINT
  -------         PROC          _CH395SETSTARTPARA
  X:138FH         SYMBOL        mdata
  C:76BCH         LINE#         1437
  C:76C2H         LINE#         1438
  C:76C2H         LINE#         1439
  C:76C7H         LINE#         1440
  C:76D5H         LINE#         1441
  C:76E5H         LINE#         1442
  C:76FBH         LINE#         1443
  C:7711H         LINE#         1444
  -------         ENDPROC       _CH395SETSTARTPARA
  -------         PROC          _CH395SETKEEPLIVE
  X:0979H         SYMBOL        sockindex
  X:097AH         SYMBOL        cmd
  C:7FB1H         LINE#         1472
  C:7FB9H         LINE#         1473
  C:7FB9H         LINE#         1474
  C:7FBEH         LINE#         1475
BL51 BANKED LINKER/LOCATER V6.22.2.0                                                  01/20/2021  15:24:04  PAGE 76


  C:7FC6H         LINE#         1476
  C:7FCEH         LINE#         1477
  -------         ENDPROC       _CH395SETKEEPLIVE
  -------         PROC          _CH395KEEPLIVECNT
  X:0979H         SYMBOL        cnt
  C:80EAH         LINE#         1486
  C:80EFH         LINE#         1487
  C:80EFH         LINE#         1488
  C:80F4H         LINE#         1489
  C:80FCH         LINE#         1490
  -------         ENDPROC       _CH395KEEPLIVECNT
  -------         PROC          _CH395KEEPLIVEIDLE
  X:0979H         SYMBOL        idle
  C:7712H         LINE#         1499
  C:7718H         LINE#         1500
  C:7718H         LINE#         1501
  C:771DH         LINE#         1502
  C:772BH         LINE#         1503
  C:773BH         LINE#         1504
  C:7751H         LINE#         1505
  C:7767H         LINE#         1506
  -------         ENDPROC       _CH395KEEPLIVEIDLE
  -------         PROC          _CH395KEEPLIVEINTVL
  X:0979H         SYMBOL        intvl
  C:7768H         LINE#         1515
  C:776EH         LINE#         1516
  C:776EH         LINE#         1517
  C:7773H         LINE#         1518
  C:7781H         LINE#         1519
  C:7791H         LINE#         1520
  C:77A7H         LINE#         1521
  C:77BDH         LINE#         1522
  -------         ENDPROC       _CH395KEEPLIVEINTVL
  -------         ENDMOD        CH395CMD

  -------         MODULE        ?C?FPADD
  C:2138H         PUBLIC        ?C?FPADD
  C:2134H         PUBLIC        ?C?FPSUB
  -------         ENDMOD        ?C?FPADD

  -------         MODULE        ?C?FPMUL
  C:2229H         PUBLIC        ?C?FPMUL
  -------         ENDMOD        ?C?FPMUL

  -------         MODULE        ?C?FPDIV
  C:2332H         PUBLIC        ?C?FPDIV
  -------         ENDMOD        ?C?FPDIV

  -------         MODULE        ?C?FPCMP
  C:23D1H         PUBLIC        ?C?FPCMP
  C:23CFH         PUBLIC        ?C?FPCMP3
  -------         ENDMOD        ?C?FPCMP

  -------         MODULE        ?C?FCAST
  C:2452H         PUBLIC        ?C?FCASTC
  C:244DH         PUBLIC        ?C?FCASTI
  C:2448H         PUBLIC        ?C?FCASTL
BL51 BANKED LINKER/LOCATER V6.22.2.0                                                  01/20/2021  15:24:04  PAGE 77


  -------         ENDMOD        ?C?FCAST

  -------         MODULE        ?C?CASTF
  C:2486H         PUBLIC        ?C?CASTF
  -------         ENDMOD        ?C?CASTF

  -------         MODULE        PRINTF
  X:0B8BH         PUBLIC        ?_PRINTF?BYTE
  X:0B8BH         PUBLIC        ?_SPRINTF?BYTE
  C:3DC0H         PUBLIC        _PRINTF
  C:3DBAH         PUBLIC        _SPRINTF
  -------         ENDMOD        PRINTF

  -------         MODULE        FABS
  C:816EH         PUBLIC        _FABS
  -------         ENDMOD        FABS

  -------         MODULE        ATOF
  C:793EH         PUBLIC        _ATOF
  -------         ENDMOD        ATOF

  -------         MODULE        ?C?FPROUND
  C:2507H         PUBLIC        ?C?FPROUND
  -------         ENDMOD        ?C?FPROUND

  -------         MODULE        ?C?FPCONVERT
  C:2544H         PUBLIC        ?C?FPCONVERT
  -------         ENDMOD        ?C?FPCONVERT

  -------         MODULE        ?C?FPNEG
  C:2649H         PUBLIC        ?C?FPNEG
  -------         ENDMOD        ?C?FPNEG

  -------         MODULE        ?C?FTNPWR
  C:268AH         PUBLIC        ?C?FTNPWR
  -------         ENDMOD        ?C?FTNPWR

  -------         MODULE        ?C?COPY
  C:279AH         PUBLIC        ?C?COPY
  -------         ENDMOD        ?C?COPY

  -------         MODULE        ?C?SCDIV
  C:27C0H         PUBLIC        ?C?SCDIV
  -------         ENDMOD        ?C?SCDIV

  -------         MODULE        ?C?CLDPTR
  C:27E2H         PUBLIC        ?C?CLDPTR
  -------         ENDMOD        ?C?CLDPTR

  -------         MODULE        ?C?CLDOPTR
  C:27FBH         PUBLIC        ?C?CLDOPTR
  -------         ENDMOD        ?C?CLDOPTR

  -------         MODULE        ?C?CSTPTR
  C:2828H         PUBLIC        ?C?CSTPTR
  -------         ENDMOD        ?C?CSTPTR

BL51 BANKED LINKER/LOCATER V6.22.2.0                                                  01/20/2021  15:24:04  PAGE 78


  -------         MODULE        ?C?CSTOPTR
  C:283AH         PUBLIC        ?C?CSTOPTR
  -------         ENDMOD        ?C?CSTOPTR

  -------         MODULE        ?C?IMUL
  C:285CH         PUBLIC        ?C?IMUL
  -------         ENDMOD        ?C?IMUL

  -------         MODULE        ?C?IILDX
  C:286EH         PUBLIC        ?C?IILDX
  -------         ENDMOD        ?C?IILDX

  -------         MODULE        ?C?ILDIX
  C:2884H         PUBLIC        ?C?ILDIX
  -------         ENDMOD        ?C?ILDIX

  -------         MODULE        ?C?ILDPTR
  C:289AH         PUBLIC        ?C?ILDPTR
  -------         ENDMOD        ?C?ILDPTR

  -------         MODULE        ?C?ILDOPTR
  C:28C5H         PUBLIC        ?C?ILDOPTR
  -------         ENDMOD        ?C?ILDOPTR

  -------         MODULE        ?C?ISTPTR
  C:28FDH         PUBLIC        ?C?ISTPTR
  -------         ENDMOD        ?C?ISTPTR

  -------         MODULE        ?C?ISTOPTR
  C:291CH         PUBLIC        ?C?ISTOPTR
  -------         ENDMOD        ?C?ISTOPTR

  -------         MODULE        ?C?LNEG
  C:2949H         PUBLIC        ?C?LNEG
  -------         ENDMOD        ?C?LNEG

  -------         MODULE        ?C?ULSHR
  C:2957H         PUBLIC        ?C?ULSHR
  -------         ENDMOD        ?C?ULSHR

  -------         MODULE        ?C?LLDPTR
  C:296AH         PUBLIC        ?C?LLDPTR
  -------         ENDMOD        ?C?LLDPTR

  -------         MODULE        ?C?LLDOPTR
  C:298AH         PUBLIC        ?C?LLDOPTR
  -------         ENDMOD        ?C?LLDOPTR

  -------         MODULE        ?C?LSTPTR
  C:29BAH         PUBLIC        ?C?LSTPTR
  -------         ENDMOD        ?C?LSTPTR

  -------         MODULE        ?C?LSTOPTR
  C:29D4H         PUBLIC        ?C?LSTOPTR
  -------         ENDMOD        ?C?LSTOPTR

  -------         MODULE        ?C?LLDCODE
BL51 BANKED LINKER/LOCATER V6.22.2.0                                                  01/20/2021  15:24:04  PAGE 79


  C:29F8H         PUBLIC        ?C?LLDCODE
  -------         ENDMOD        ?C?LLDCODE

  -------         MODULE        ?C?LLDCODE0
  C:2A08H         PUBLIC        ?C?LLDCODE0
  -------         ENDMOD        ?C?LLDCODE0

  -------         MODULE        ?C?LSTXDATA
  C:2A18H         PUBLIC        ?C?LSTXDATA
  -------         ENDMOD        ?C?LSTXDATA

  -------         MODULE        ?C?LSTKXDATA
  C:2A24H         PUBLIC        ?C?LSTKXDATA
  -------         ENDMOD        ?C?LSTKXDATA

  -------         MODULE        ?C?LSTKPTR
  C:2A55H         PUBLIC        ?C?LSTKPTR
  -------         ENDMOD        ?C?LSTKPTR

  -------         MODULE        ?C?OFFXADD
  C:2A6FH         PUBLIC        ?C?OFFXADD
  -------         ENDMOD        ?C?OFFXADD

  -------         MODULE        ?C?PLDIXDATA
  C:2A7BH         PUBLIC        ?C?PLDIXDATA
  -------         ENDMOD        ?C?PLDIXDATA

  -------         MODULE        ?C?PSTXDATA
  C:2A92H         PUBLIC        ?C?PSTXDATA
  -------         ENDMOD        ?C?PSTXDATA

  -------         MODULE        ?C?CCASE
  C:2A9BH         PUBLIC        ?C?CCASE
  -------         ENDMOD        ?C?CCASE

  -------         MODULE        PUTCHAR
  C:7EBBH         PUBLIC        _PUTCHAR
  -------         ENDMOD        PUTCHAR

  -------         MODULE        ISSPACE
  C:80C3H         PUBLIC        _isspace
  -------         ENDMOD        ISSPACE

  -------         MODULE        STRLEN
  C:80AEH         PUBLIC        _STRLEN
  -------         ENDMOD        STRLEN

  -------         MODULE        STRSTR
  X:0989H         PUBLIC        ?_strstr?BYTE
  C:671BH         PUBLIC        _strstr
  -------         ENDMOD        STRSTR

  -------         MODULE        ATOI
  C:656BH         PUBLIC        _atoi
  -------         ENDMOD        ATOI

  -------         MODULE        ?C?MEMSET
BL51 BANKED LINKER/LOCATER V6.22.2.0                                                  01/20/2021  15:24:04  PAGE 80


  C:2AC1H         PUBLIC        ?C?MEMSET
  -------         ENDMOD        ?C?MEMSET

  -------         MODULE        ?C?LLDIDATA
  C:2AEDH         PUBLIC        ?C?LLDIDATA
  -------         ENDMOD        ?C?LLDIDATA

  -------         MODULE        ?C?LLDXDATA
  C:2AF9H         PUBLIC        ?C?LLDXDATA
  -------         ENDMOD        ?C?LLDXDATA

  -------         MODULE        ?C?LLDPDATA
  C:2B05H         PUBLIC        ?C?LLDPDATA
  -------         ENDMOD        ?C?LLDPDATA

  -------         MODULE        ?C?LSTIDATA
  C:2B11H         PUBLIC        ?C?LSTIDATA
  -------         ENDMOD        ?C?LSTIDATA

  -------         MODULE        ?C?LSTPDATA
  C:2B1DH         PUBLIC        ?C?LSTPDATA
  -------         ENDMOD        ?C?LSTPDATA

  -------         MODULE        ?C?LSTKIDATA
  C:2B29H         PUBLIC        ?C?LSTKIDATA
  -------         ENDMOD        ?C?LSTKIDATA

  -------         MODULE        ?C?LSTKPDATA
  C:2B42H         PUBLIC        ?C?LSTKPDATA
  -------         ENDMOD        ?C?LSTKPDATA

  -------         MODULE        ISDIGIT
  C:811CH         PUBLIC        _isdigit
  -------         ENDMOD        ISDIGIT

*** WARNING L16: UNCALLED SEGMENT, IGNORED FOR OVERLAY PROCESS
    SEGMENT: ?PR?_USARTINTERRUPT?DATATRANS

*** WARNING L16: UNCALLED SEGMENT, IGNORED FOR OVERLAY PROCESS
    SEGMENT: ?PR?DELAY_60US?DELAYTIME

*** WARNING L16: UNCALLED SEGMENT, IGNORED FOR OVERLAY PROCESS
    SEGMENT: ?PR?_WAITCHAMBERSTABLE?CHAMBER

*** WARNING L16: UNCALLED SEGMENT, IGNORED FOR OVERLAY PROCESS
    SEGMENT: ?PR?_CH395SETSTARTPARA?CH395CMD

*** WARNING L15: MULTIPLE CALL TO SEGMENT
    SEGMENT: ?PR?_STRSTR?STRSTR
    CALLER1: ?PR?RECIEVEPRESSKEYCOMMANDFROMPC?SYSTEMINIT
    CALLER2: ?C_C51STARTUP

Program Size: data=23.7 xdata=5014 code=33242
LINK/LOCATE RUN COMPLETE.  5 WARNING(S),  0 ERROR(S)
