BL51 BANKED LINKER/LOCATER V6.22.2.0                                                    01/20/2021  15:22:28  PAGE 1


BL51 BANKED LINKER/LOCATER V6.22.2.0, INVOKED BY:
C:\KEIL_V5\C51\BIN\BL51.EXE .\Objects\DataTrans.obj, .\Objects\pc.obj, .\Objects\TstBrdContrl.obj, .\Objects\DelayTime.o
>> bj, .\Objects\SystemInit.obj, .\Objects\MainPro.obj, .\Objects\Chamber.obj, .\Objects\cfguo.obj, .\Objects\NewPower.o
>> bj, .\Objects\Crc16_MODBUS.obj, .\Objects\CH395CMD.obj TO .\Objects\BackBrdDrv 4point PRINT (.\Listings\BackBrdDrv 4p
>> oint.m51) RAMSIZE (256)


MEMORY MODEL: LARGE WITH FLOATING POINT ARITHMETIC


INPUT MODULES INCLUDED:
  .\Objects\DataTrans.obj (DATATRANS)
  .\Objects\pc.obj (PC)
  .\Objects\TstBrdContrl.obj (TSTBRDCONTRL)
  .\Objects\DelayTime.obj (DELAYTIME)
  .\Objects\SystemInit.obj (SYSTEMINIT)
  .\Objects\MainPro.obj (MAINPRO)
  .\Objects\Chamber.obj (CHAMBER)
  .\Objects\cfguo.obj (CFGUO)
  .\Objects\NewPower.obj (NEWPOWER)
  .\Objects\Crc16_MODBUS.obj (CRC16_MODBUS)
  .\Objects\CH395CMD.obj (CH395CMD)
  C:\KEIL_V5\C51\LIB\C51FPL.LIB (?C?FPADD)
  C:\KEIL_V5\C51\LIB\C51FPL.LIB (?C?FPMUL)
  C:\KEIL_V5\C51\LIB\C51FPL.LIB (?C?FPDIV)
  C:\KEIL_V5\C51\LIB\C51FPL.LIB (?C?FPCMP)
  C:\KEIL_V5\C51\LIB\C51FPL.LIB (?C?FCAST)
  C:\KEIL_V5\C51\LIB\C51FPL.LIB (?C?CASTF)
  C:\KEIL_V5\C51\LIB\C51FPL.LIB (PRINTF)
  C:\KEIL_V5\C51\LIB\C51FPL.LIB (FABS)
  C:\KEIL_V5\C51\LIB\C51FPL.LIB (ATOF)
  C:\KEIL_V5\C51\LIB\C51FPL.LIB (?C?FPGETOPN)
  C:\KEIL_V5\C51\LIB\C51FPL.LIB (?C?FPROUND)
  C:\KEIL_V5\C51\LIB\C51FPL.LIB (?C?FPCONVERT)
  C:\KEIL_V5\C51\LIB\C51FPL.LIB (?C?ATOF)
  C:\KEIL_V5\C51\LIB\C51FPL.LIB (?C?FPNEG)
  C:\KEIL_V5\C51\LIB\C51FPL.LIB (?C?FTNPWR)
  C:\KEIL_V5\C51\LIB\C51L.LIB (?C_STARTUP)
  C:\KEIL_V5\C51\LIB\C51L.LIB (?C?COPY)
  C:\KEIL_V5\C51\LIB\C51L.LIB (?C?SCDIV)
  C:\KEIL_V5\C51\LIB\C51L.LIB (?C?CLDPTR)
  C:\KEIL_V5\C51\LIB\C51L.LIB (?C?CLDOPTR)
  C:\KEIL_V5\C51\LIB\C51L.LIB (?C?CSTPTR)
  C:\KEIL_V5\C51\LIB\C51L.LIB (?C?CSTOPTR)
  C:\KEIL_V5\C51\LIB\C51L.LIB (?C?IMUL)
  C:\KEIL_V5\C51\LIB\C51L.LIB (?C?IILDX)
  C:\KEIL_V5\C51\LIB\C51L.LIB (?C?ILDIX)
  C:\KEIL_V5\C51\LIB\C51L.LIB (?C?ILDPTR)
  C:\KEIL_V5\C51\LIB\C51L.LIB (?C?ILDOPTR)
  C:\KEIL_V5\C51\LIB\C51L.LIB (?C?ISTPTR)
  C:\KEIL_V5\C51\LIB\C51L.LIB (?C?ISTOPTR)
  C:\KEIL_V5\C51\LIB\C51L.LIB (?C?LNEG)
  C:\KEIL_V5\C51\LIB\C51L.LIB (?C?ULSHR)
  C:\KEIL_V5\C51\LIB\C51L.LIB (?C?LLDPTR)
  C:\KEIL_V5\C51\LIB\C51L.LIB (?C?LLDOPTR)
  C:\KEIL_V5\C51\LIB\C51L.LIB (?C?LSTPTR)
  C:\KEIL_V5\C51\LIB\C51L.LIB (?C?LSTOPTR)
  C:\KEIL_V5\C51\LIB\C51L.LIB (?C?LLDCODE)
BL51 BANKED LINKER/LOCATER V6.22.2.0                                                  01/20/2021  15:22:28  PAGE 2


  C:\KEIL_V5\C51\LIB\C51L.LIB (?C?LLDCODE0)
  C:\KEIL_V5\C51\LIB\C51L.LIB (?C?LSTXDATA)
  C:\KEIL_V5\C51\LIB\C51L.LIB (?C?LSTKXDATA)
  C:\KEIL_V5\C51\LIB\C51L.LIB (?C?LSTKPTR)
  C:\KEIL_V5\C51\LIB\C51L.LIB (?C?OFFXADD)
  C:\KEIL_V5\C51\LIB\C51L.LIB (?C?PLDIXDATA)
  C:\KEIL_V5\C51\LIB\C51L.LIB (?C?PSTXDATA)
  C:\KEIL_V5\C51\LIB\C51L.LIB (?C?CCASE)
  C:\KEIL_V5\C51\LIB\C51L.LIB (PUTCHAR)
  C:\KEIL_V5\C51\LIB\C51L.LIB (ISSPACE)
  C:\KEIL_V5\C51\LIB\C51L.LIB (STRLEN)
  C:\KEIL_V5\C51\LIB\C51L.LIB (STRSTR)
  C:\KEIL_V5\C51\LIB\C51L.LIB (ATOI)
  C:\KEIL_V5\C51\LIB\C51L.LIB (?C?MEMSET)
  C:\KEIL_V5\C51\LIB\C51L.LIB (?C_INIT)
  C:\KEIL_V5\C51\LIB\C51L.LIB (?C?LLDIDATA)
  C:\KEIL_V5\C51\LIB\C51L.LIB (?C?LLDXDATA)
  C:\KEIL_V5\C51\LIB\C51L.LIB (?C?LLDPDATA)
  C:\KEIL_V5\C51\LIB\C51L.LIB (?C?LSTIDATA)
  C:\KEIL_V5\C51\LIB\C51L.LIB (?C?LSTPDATA)
  C:\KEIL_V5\C51\LIB\C51L.LIB (?C?LSTKIDATA)
  C:\KEIL_V5\C51\LIB\C51L.LIB (?C?LSTKPDATA)
  C:\KEIL_V5\C51\LIB\C51L.LIB (ISDIGIT)


LINK MAP OF MODULE:  .\Objects\BackBrdDrv 4point (DATATRANS)


            TYPE    BASE      LENGTH    RELOCATION   SEGMENT NAME
            -----------------------------------------------------

            * * * * * * *   D A T A   M E M O R Y   * * * * * * *
            REG     0000H     0008H     ABSOLUTE     "REG BANK 0"
            DATA    0008H     0005H     UNIT         _DATA_GROUP_
                    000DH     000BH                  *** GAP ***
            REG     0018H     0008H     ABSOLUTE     "REG BANK 3"
            BIT     0020H.0   0001H.5   UNIT         _BIT_GROUP_
            BIT     0021H.5   0000H.2   UNIT         ?BI?SYSTEMINIT
                    0021H.7   0000H.1                *** GAP ***
            IDATA   0022H     0001H     UNIT         ?STACK

            * * * * * * *  X D A T A   M E M O R Y  * * * * * * *
            XDATA   0000H     0BBBH     UNIT         _XDATA_GROUP_
            XDATA   0BBBH     059AH     UNIT         ?XD?CHAMBER
            XDATA   1155H     00F1H     UNIT         ?XD?DATATRANS
            XDATA   1246H     00AEH     UNIT         ?XD?CH395CMD
            XDATA   12F4H     0054H     UNIT         ?XD?CFGUO
            XDATA   1348H     0022H     UNIT         ?XD?_WAITCHAMBERSTABLE?CHAMBER
            XDATA   136AH     0013H     UNIT         ?XD?TSTBRDCONTRL
            XDATA   137DH     0012H     UNIT         ?XD?MAINPRO
            XDATA   138FH     0004H     UNIT         ?XD?_CH395SETSTARTPARA?CH395CMD
            XDATA   1393H     0002H     UNIT         ?XD?DELAYTIME
            XDATA   1395H     0001H     UNIT         ?XD?PC

            * * * * * * *   C O D E   M E M O R Y   * * * * * * *
            CODE    0000H     0003H     ABSOLUTE     
            CODE    0003H     0003H     ABSOLUTE     
BL51 BANKED LINKER/LOCATER V6.22.2.0                                                  01/20/2021  15:22:28  PAGE 3


            CODE    0006H     0005H     UNIT         ?PR?RESETI2CPORT?NEWPOWER
            CODE    000BH     0003H     ABSOLUTE     
            CODE    000EH     0015H     UNIT         ?PR?I2CSTART?NEWPOWER
            CODE    0023H     0003H     ABSOLUTE     
            CODE    0026H     210BH     UNIT         ?PR?MAIN?MAINPRO
            CODE    2131H     0A2AH     UNIT         ?C?LIB_CODE
            CODE    2B5BH     0A28H     UNIT         ?PR?_WAITCHAMBERSTABLE?CHAMBER
            CODE    3583H     07BAH     UNIT         ?CO?MAINPRO
            CODE    3D3DH     0483H     UNIT         ?PR?PRINTF?PRINTF
            CODE    41C0H     0406H     UNIT         ?CO?CH395CMD
            CODE    45C6H     03CEH     UNIT         ?PR?_READTC18B20PACKAGEANDUSEPT100INDEX?PC
            CODE    4994H     02AFH     UNIT         ?PR?_READCHAMBERTEMPERATURE?CHAMBER
            CODE    4C43H     0214H     UNIT         ?CO?CFGUO
            CODE    4E57H     01F0H     UNIT         ?PR?_SETCHAMBERTEMPERATURE?CHAMBER
            CODE    5047H     01ECH     UNIT         ?PR?_READOPA544OUTPUTCURRENT?NEWPOWER
            CODE    5233H     01DEH     UNIT         ?PR?RECIEVEPRESSKEYCOMMANDFROMPC?SYSTEMINIT
            CODE    5411H     01D0H     UNIT         ?PR?_READDATAFROMADS1100?NEWPOWER
            CODE    55E1H     01AFH     UNIT         ?PR?_READTEMPERATUREDATAFROMTRIMINGBOARD?DATATRANS
            CODE    5790H     01A1H     UNIT         ?PR?_SET_LABCMD_FORMAT?CH395CMD
            CODE    5931H     0180H     UNIT         ?PR?_REV_DATA_FROM_CH375?CFGUO
            CODE    5AB1H     015DH     UNIT         ?PR?_CH395SOCKETINTERRUPT?CH395CMD
            CODE    5C0EH     0145H     UNIT         ?PR?_USARTINIT?DATATRANS
            CODE    5D53H     0136H     UNIT         ?PR?_REQUIRECFGUOALLCHANNELTEMPERATURE?CFGUO
            CODE    5E89H     010FH     UNIT         ?PR?_SETCHAMBERON?CHAMBER
            CODE    5F98H     010DH     UNIT         ?PR?_SETCHAMBEROFF?CHAMBER
            CODE    60A5H     0102H     UNIT         ?PR?_SETUSARTTWOPOSIONANDBTR?DATATRANS
            CODE    61A7H     00FCH     UNIT         ?PR?_CRC16_MODBUS?CRC16_MODBUS
            CODE    62A3H     00EBH     UNIT         ?PR?_SENDPT100DATATOTRIMINGBOARD?DATATRANS
            CODE    638EH     00E6H     UNIT         ?PR??C?ATOF??C?ATOF
            CODE    6474H     00DFH     UNIT         ?PR?CONFIG_FLUKE_MODE?CFGUO
            CODE    6553H     00DBH     UNIT         ?PR?_ATOI?ATOI
            CODE    662EH     00D5H     UNIT         ?PR?_REV_DATA_FROM_FLUKE?CFGUO
            CODE    6703H     00BFH     UNIT         ?PR?_STRSTR?STRSTR
            CODE    67C2H     00BDH     UNIT         ?PR?_SEARCHTESTMAINBOARD?TSTBRDCONTRL
            CODE    687FH     00B5H     UNIT         ?PR?_I2CWRITEDATATODEVICE?NEWPOWER
            CODE    6934H     00B2H     UNIT         ?PR?_SENDFLOATDATA?DATATRANS
            CODE    69E6H     00B2H     UNIT         ?PR?_SENDINTDATA?DATATRANS
            CODE    6A98H     00AAH     UNIT         ?PR?_INVERTUINT16?CRC16_MODBUS
            CODE    6B42H     009EH     UNIT         ?PR?_SENDTC18B20PACKAGETYPETOBOARD?DATATRANS
            CODE    6BE0H     009DH     UNIT         ?PR?_INVERTUINT8?CRC16_MODBUS
            CODE    6C7DH     009DH     UNIT         ?PR?CH395GLOBALINTERRUPT?CH395CMD
            CODE    6D1AH     0093H     UNIT         ?CO?CHAMBER
            CODE    6DADH     008CH     UNIT         ?PR?SET_LABCHAMBER_OFF?CH395CMD
            CODE    6E39H     008CH     UNIT         ?C_C51STARTUP
            CODE    6EC5H     008BH     UNIT         ?PR?_CH395GETRECVDATA?CH395CMD
            CODE    6F50H     0085H     UNIT         ?PR?REQUEST_LABCHAMBER_STATE?CH395CMD
            CODE    6FD5H     0080H     UNIT         ?PR?_SET_LABCHAMBER_TEMP?CH395CMD
            CODE    7055H     007DH     UNIT         ?PR?_WAITFORTRIMINGPROCESS?DATATRANS
            CODE    70D2H     007BH     UNIT         ?PR?_SENDSTRINGDATA?DATATRANS
            CODE    714DH     007AH     UNIT         ?PR?GET_OPER_STATUS?CFGUO
            CODE    71C7H     007AH     UNIT         ?PR?_CH395SETSOCKETDESIP?CH395CMD
            CODE    7241H     0076H     UNIT         ?PR?_SENDDATA?DATATRANS
            CODE    72B7H     0073H     UNIT         ?PR?_CH395SENDDATA?CH395CMD
            CODE    732AH     006FH     UNIT         ?PR?SYSTEMINIT?SYSTEMINIT
            CODE    7399H     006BH     UNIT         ?PR?GET_INT_STATUS?CFGUO
            CODE    7404H     0066H     UNIT         ?PR?_ENDALLPROCESS?TSTBRDCONTRL
            CODE    746AH     0062H     UNIT         ?PR?_SETVOLTAGE?NEWPOWER
BL51 BANKED LINKER/LOCATER V6.22.2.0                                                  01/20/2021  15:22:28  PAGE 4


            CODE    74CCH     0061H     UNIT         ?PR?_SETTSTBRDPOWERON?TSTBRDCONTRL
            CODE    752DH     0061H     UNIT         ?PR?_UART4_SENDFLUKECMD?CFGUO
            CODE    758EH     005EH     UNIT         ?PR?CONFIG_CH375?CFGUO
            CODE    75ECH     005DH     UNIT         ?PR?CH395SOCKETINITOPEN?CH395CMD
            CODE    7649H     005BH     UNIT         ?PR?INIT_CH395_LABCHAM_CONNECT?CH395CMD
            CODE    76A4H     0056H     UNIT         ?PR?_CH395SETSTARTPARA?CH395CMD
            CODE    76FAH     0056H     UNIT         ?PR?_CH395KEEPLIVEIDLE?CH395CMD
            CODE    7750H     0056H     UNIT         ?PR?_CH395KEEPLIVEINTVL?CH395CMD
            CODE    77A6H     0050H     UNIT         ?C_INITSEG
            CODE    77F6H     0050H     UNIT         ?PR?INITSOCKETPARAM?CH395CMD
            CODE    7846H     004DH     UNIT         ?PR?_ACQURIE_LABCHAM_ACTUALTEMP?CH395CMD
            CODE    7893H     004AH     UNIT         ?PR?_ISSUE_TOKEN?CFGUO
            CODE    78DDH     0049H     UNIT         ?PR?INITCH395INFPARAM?CH395CMD
            CODE    7926H     0049H     UNIT         ?PR?ATOF?ATOF
            CODE    796FH     0047H     UNIT         ?PR?_CH395OPENSOCKET?CH395CMD
            CODE    79B6H     0047H     UNIT         ?PR?_CH395TCPCONNECT?CH395CMD
            CODE    79FDH     0044H     UNIT         ?PR?_CH395CMDSETIPADDR?CH395CMD
            CODE    7A41H     0044H     UNIT         ?PR?_CH395CMDSETGWIPADDR?CH395CMD
            CODE    7A85H     0044H     UNIT         ?PR?_CH395CMDSETMASKADDR?CH395CMD
            CODE    7AC9H     0044H     UNIT         ?PR?_CH395CMDGETUNREACHIPPT?CH395CMD
            CODE    7B0DH     0042H     UNIT         ?PR?_WRITEDATATOMAX5821?NEWPOWER
            CODE    7B4FH     0041H     UNIT         ?PR?CH395INIT?CH395CMD
            CODE    7B90H     003CH     UNIT         ?PR?CH395CMDINITCH395?CH395CMD
            CODE    7BCCH     003AH     UNIT         ?PR?_USARTINTERRUPT?DATATRANS
            CODE    7C06H     0037H     UNIT         ?PR?_CH395GETRECVLENGTH?CH395CMD
            CODE    7C3DH     0036H     UNIT         ?PR?_SENDINTDATATOPC?PC
            CODE    7C73H     0036H     UNIT         ?PR?CH395_LABCHAM_VARI_INIT?CH395CMD
            CODE    7CA9H     0033H     UNIT         ?PR?_MSTOPIFERROR?CH395CMD
            CODE    7CDCH     0032H     UNIT         ?PR?_SENDCMDTOLABCHAMBER?CH395CMD
            CODE    7D0EH     0031H     UNIT         ?PR?_SENDFLOATDATATOPC?PC
            CODE    7D3FH     0030H     UNIT         ?PR?_DELAY_MS?DELAYTIME
            CODE    7D6FH     0030H     UNIT         ?CO?SYSTEMINIT
            CODE    7D9FH     002EH     UNIT         ?PR?DELAY100MS?SYSTEMINIT
            CODE    7DCDH     002DH     UNIT         ?CO?PC
            CODE    7DFAH     002DH     UNIT         ?PR?_CH395SETSOCKETDESPORT?CH395CMD
            CODE    7E27H     002DH     UNIT         ?PR?_CH395SETSOCKETSOURPORT?CH395CMD
            CODE    7E54H     0028H     UNIT         ?CO?DATATRANS
            CODE    7E7CH     0027H     UNIT         ?PR?_CH375_USB_MODE?CFGUO
            CODE    7EA3H     0027H     UNIT         ?PR?PUTCHAR?PUTCHAR
            CODE    7ECAH     0025H     UNIT         ?PR?DELAY_5US?DELAYTIME
            CODE    7EEFH     0025H     UNIT         ?PR?DELAY_60US?DELAYTIME
            CODE    7F14H     0023H     UNIT         ?PR?_SENDSTRINGDATATOPC?PC
            CODE    7F37H     0023H     UNIT         ?PR?KEEPLIVE_SET?CH395CMD
            CODE    7F5AH     0020H     UNIT         ?PR?_CH395SETSOCKETPROTTYPE?CH395CMD
            CODE    7F7AH     001FH     UNIT         ?PR?_WR_HOST_OUT_BUF?CFGUO
            CODE    7F99H     001EH     UNIT         ?PR?_CH395SETKEEPLIVE?CH395CMD
            CODE    7FB7H     001CH     UNIT         ?PR?STARTPROCESS?SYSTEMINIT
            CODE    7FD3H     001CH     UNIT         ?PR?TRIMINGBOARDCOLLECTOR?SYSTEMINIT
            CODE    7FEFH     001BH     UNIT         ?PR?_CH395GETSOCKETINT?CH395CMD
            CODE    800AH     0018H     UNIT         ?PR?USB_DEV_AUTOSET?CFGUO
            CODE    8022H     0018H     UNIT         ?PR?SET_HOST_POINT_REV?CFGUO
            CODE    803AH     0018H     UNIT         ?PR?SET_HOST_POINT_SEND?CFGUO
            CODE    8052H     0018H     UNIT         ?PR?_CH395CMDCHECKEXIST?CH395CMD
            CODE    806AH     0016H     UNIT         ?PR?UART4_INIT?SYSTEMINIT
            CODE    8080H     0016H     UNIT         ?PR?SCANPRESSKEY?SYSTEMINIT
            CODE    8096H     0015H     UNIT         ?PR?_STRLEN?STRLEN
            CODE    80ABH     0014H     UNIT         ?PR?_ISSPACE?ISSPACE
BL51 BANKED LINKER/LOCATER V6.22.2.0                                                  01/20/2021  15:22:28  PAGE 5


            CODE    80BFH     0013H     UNIT         ?PR?TIMER0INTERRUPT?DELAYTIME
            CODE    80D2H     0013H     UNIT         ?PR?_CH395KEEPLIVECNT?CH395CMD
            CODE    80E5H     0010H     UNIT         ?PR?I2CSTOP?NEWPOWER
            CODE    80F5H     000FH     UNIT         ?PR?_XWRITECH395CMD?SYSTEMINIT
            CODE    8104H     000FH     UNIT         ?PR?_ISDIGIT?ISDIGIT
            CODE    8113H     000EH     UNIT         ?PR?_UART4_SEND375CMD?CFGUO
            CODE    8121H     000EH     UNIT         ?PR?_UART4_SEND375DATA?CFGUO
            CODE    812FH     000DH     UNIT         ?PR?_SPI395EXCHANGE?SYSTEMINIT
            CODE    813CH     000DH     UNIT         ?PR?CH375_RESET?CFGUO
            CODE    8149H     000DH     UNIT         ?PR?I2CDEVICEACK?NEWPOWER
            CODE    8156H     000DH     UNIT         ?PR?_FABS?FABS
            CODE    8163H     000CH     UNIT         ?PR?_SEND_CMD_TO_FLUKE?CFGUO
            CODE    816FH     000BH     UNIT         ?PR?CH395CMDGETPHYSTATUS?CH395CMD
            CODE    817AH     000BH     UNIT         ?PR?CH395CMDGETGLOBINTSTATUS?CH395CMD
            CODE    8185H     000BH     UNIT         ?PR?CH395GETCMDSTATUS?CH395CMD
            CODE    8190H     000AH     UNIT         ?CO?TSTBRDCONTRL
            CODE    819AH     000AH     UNIT         ?PR?SPI_INIT?SYSTEMINIT
            CODE    81A4H     0008H     UNIT         ?CO?NEWPOWER
            CODE    81ACH     0008H     UNIT         ?PR?CH395CMDRESET?CH395CMD
            CODE    81B4H     0006H     UNIT         ?PR?XREADCH395DATA?SYSTEMINIT
            CODE    81BAH     0004H     UNIT         ?PR?TSTBRDPOWERINIT?TSTBRDCONTRL
            CODE    81BEH     0004H     UNIT         ?PR?_XWRITECH395DATA?SYSTEMINIT



OVERLAY MAP OF MODULE:   .\Objects\BackBrdDrv 4point (DATATRANS)


SEGMENT                                             BIT_GROUP          DATA_GROUP          XDATA_GROUP
  +--> CALLED SEGMENT                            START    LENGTH     START    LENGTH     START    LENGTH
--------------------------------------------------------------------------------------------------------
?PR?SCANPRESSKEY?SYSTEMINIT                      -----    -----      -----    -----      -----    -----
  +--> ?PR?DELAY100MS?SYSTEMINIT

*** NEW ROOT ***************************************************

?PR?RECIEVEPRESSKEYCOMMANDFROMPC?SYST...         -----    -----      -----    -----      -----    -----
  +--> ?CO?SYSTEMINIT
  +--> ?PR?_STRSTR?STRSTR

?PR?_STRSTR?STRSTR                               -----    -----      -----    -----      0989H    000CH

*** NEW ROOT ***************************************************

?C_C51STARTUP                                    -----    -----      -----    -----      -----    -----
  +--> ?PR?MAIN?MAINPRO
  +--> ?C_INITSEG

?PR?MAIN?MAINPRO                                 0020H.0  0000H.4    -----    -----      000CH    096BH
  +--> ?PR?SYSTEMINIT?SYSTEMINIT
  +--> ?PR?_DELAY_MS?DELAYTIME
  +--> ?CO?MAINPRO
  +--> ?PR?_SENDSTRINGDATATOPC?PC
  +--> ?PR?CONFIG_CH375?CFGUO
  +--> ?PR?_SETCHAMBERON?CHAMBER
  +--> ?PR?_READCHAMBERTEMPERATURE?CHAMBER
  +--> ?PR?CONFIG_FLUKE_MODE?CFGUO
BL51 BANKED LINKER/LOCATER V6.22.2.0                                                  01/20/2021  15:22:28  PAGE 6


  +--> ?PR?_REQUIRECFGUOALLCHANNELTEMPERATUR...
  +--> ?PR?PRINTF?PRINTF
  +--> ?PR?_SETVOLTAGE?NEWPOWER
  +--> ?PR?TSTBRDPOWERINIT?TSTBRDCONTRL
  +--> ?PR?_SETTSTBRDPOWERON?TSTBRDCONTRL
  +--> ?PR?_SEARCHTESTMAINBOARD?TSTBRDCONTRL
  +--> ?PR?_READTC18B20PACKAGEANDUSEPT100IND...
  +--> ?PR?_STRSTR?STRSTR
  +--> ?PR?_SENDTC18B20PACKAGETYPETOBOARD?DA...
  +--> ?PR?_READOPA544OUTPUTCURRENT?NEWPOWER
  +--> ?PR?STARTPROCESS?SYSTEMINIT
  +--> ?PR?_WAITFORTRIMINGPROCESS?DATATRANS
  +--> ?PR?_SETCHAMBEROFF?CHAMBER
  +--> ?PR?TRIMINGBOARDCOLLECTOR?SYSTEMINIT
  +--> ?PR?_READTEMPERATUREDATAFROMTRIMINGBO...
  +--> ?PR?_SENDFLOATDATATOPC?PC
  +--> ?PR?_SENDPT100DATATOTRIMINGBOARD?DATA...
  +--> ?PR?_SENDINTDATATOPC?PC
  +--> ?PR?_SETCHAMBERTEMPERATURE?CHAMBER
  +--> ?PR?_ENDALLPROCESS?TSTBRDCONTRL

?PR?SYSTEMINIT?SYSTEMINIT                        -----    -----      -----    -----      -----    -----
  +--> ?PR?UART4_INIT?SYSTEMINIT
  +--> ?PR?SPI_INIT?SYSTEMINIT

?PR?_SENDSTRINGDATATOPC?PC                       -----    -----      -----    -----      0B8BH    0003H
  +--> ?PR?_USARTINIT?DATATRANS
  +--> ?PR?_SENDSTRINGDATA?DATATRANS

?PR?_SENDSTRINGDATA?DATATRANS                    -----    -----      -----    -----      0B8EH    0003H

?PR?CONFIG_CH375?CFGUO                           -----    -----      -----    -----      0977H    0001H
  +--> ?PR?_DELAY_MS?DELAYTIME
  +--> ?PR?CH375_RESET?CFGUO
  +--> ?PR?_CH375_USB_MODE?CFGUO
  +--> ?CO?CFGUO
  +--> ?PR?_SENDSTRINGDATATOPC?PC
  +--> ?PR?USB_DEV_AUTOSET?CFGUO

?PR?CH375_RESET?CFGUO                            -----    -----      -----    -----      -----    -----
  +--> ?PR?_UART4_SEND375CMD?CFGUO
  +--> ?PR?_DELAY_MS?DELAYTIME

?PR?_CH375_USB_MODE?CFGUO                        -----    -----      -----    -----      0978H    0002H
  +--> ?PR?_UART4_SEND375CMD?CFGUO
  +--> ?PR?_UART4_SEND375DATA?CFGUO
  +--> ?PR?GET_OPER_STATUS?CFGUO
  +--> ?PR?_DELAY_MS?DELAYTIME

?PR?GET_OPER_STATUS?CFGUO                        -----    -----      -----    -----      097AH    0005H
  +--> ?PR?DELAY_5US?DELAYTIME

?PR?USB_DEV_AUTOSET?CFGUO                        -----    -----      -----    -----      -----    -----
  +--> ?PR?_UART4_SEND375CMD?CFGUO
  +--> ?PR?_DELAY_MS?DELAYTIME
  +--> ?PR?GET_INT_STATUS?CFGUO

BL51 BANKED LINKER/LOCATER V6.22.2.0                                                  01/20/2021  15:22:28  PAGE 7


?PR?GET_INT_STATUS?CFGUO                         -----    -----      -----    -----      0B8DH    0005H
  +--> ?PR?DELAY_5US?DELAYTIME

?PR?_SETCHAMBERON?CHAMBER                        -----    -----      -----    -----      0977H    0002H
  +--> ?PR?CH395_LABCHAM_VARI_INIT?CH395CMD
  +--> ?PR?INIT_CH395_LABCHAM_CONNECT?CH395CMD
  +--> ?PR?_DELAY_MS?DELAYTIME
  +--> ?PR?_SETUSARTTWOPOSIONANDBTR?DATATRANS
  +--> ?CO?CHAMBER
  +--> ?PR?_SENDSTRINGDATA?DATATRANS
  +--> ?PR?_CRC16_MODBUS?CRC16_MODBUS
  +--> ?PR?_SENDDATA?DATATRANS

?PR?INIT_CH395_LABCHAM_CONNECT?CH395CMD          -----    -----      -----    -----      -----    -----
  +--> ?PR?CH395CMDRESET?CH395CMD
  +--> ?PR?_DELAY_MS?DELAYTIME
  +--> ?PR?INITCH395INFPARAM?CH395CMD
  +--> ?PR?CH395INIT?CH395CMD
  +--> ?PR?_MSTOPIFERROR?CH395CMD
  +--> ?PR?CH395CMDGETPHYSTATUS?CH395CMD
  +--> ?PR?CH395GLOBALINTERRUPT?CH395CMD
  +--> ?PR?INITSOCKETPARAM?CH395CMD
  +--> ?PR?CH395SOCKETINITOPEN?CH395CMD
  +--> ?CO?CH395CMD
  +--> ?PR?_SENDSTRINGDATATOPC?PC
  +--> ?PR?KEEPLIVE_SET?CH395CMD

?PR?CH395CMDRESET?CH395CMD                       -----    -----      -----    -----      -----    -----
  +--> ?PR?_XWRITECH395CMD?SYSTEMINIT

?PR?_XWRITECH395CMD?SYSTEMINIT                   -----    -----      -----    -----      -----    -----
  +--> ?PR?_SPI395EXCHANGE?SYSTEMINIT
  +--> ?PR?DELAY_5US?DELAYTIME

?PR?INITCH395INFPARAM?CH395CMD                   -----    -----      -----    -----      -----    -----
  +--> ?CO?CH395CMD

?PR?CH395INIT?CH395CMD                           -----    -----      -----    -----      0979H    0001H
  +--> ?PR?_CH395CMDCHECKEXIST?CH395CMD
  +--> ?CO?CH395CMD
  +--> ?PR?_SENDSTRINGDATATOPC?PC
  +--> ?PR?_CH395CMDSETIPADDR?CH395CMD
  +--> ?PR?_CH395CMDSETGWIPADDR?CH395CMD
  +--> ?PR?_CH395CMDSETMASKADDR?CH395CMD
  +--> ?PR?CH395CMDINITCH395?CH395CMD

?PR?_CH395CMDCHECKEXIST?CH395CMD                 -----    -----      -----    -----      097AH    0001H
  +--> ?PR?_XWRITECH395CMD?SYSTEMINIT
  +--> ?PR?_XWRITECH395DATA?SYSTEMINIT
  +--> ?PR?XREADCH395DATA?SYSTEMINIT

?PR?_XWRITECH395DATA?SYSTEMINIT                  -----    -----      -----    -----      -----    -----
  +--> ?PR?_SPI395EXCHANGE?SYSTEMINIT

?PR?XREADCH395DATA?SYSTEMINIT                    -----    -----      -----    -----      -----    -----
  +--> ?PR?_SPI395EXCHANGE?SYSTEMINIT

BL51 BANKED LINKER/LOCATER V6.22.2.0                                                  01/20/2021  15:22:28  PAGE 8


?PR?_CH395CMDSETIPADDR?CH395CMD                  -----    -----      -----    -----      097AH    0004H
  +--> ?PR?_XWRITECH395CMD?SYSTEMINIT
  +--> ?PR?_XWRITECH395DATA?SYSTEMINIT

?PR?_CH395CMDSETGWIPADDR?CH395CMD                -----    -----      -----    -----      097AH    0004H
  +--> ?PR?_XWRITECH395CMD?SYSTEMINIT
  +--> ?PR?_XWRITECH395DATA?SYSTEMINIT

?PR?_CH395CMDSETMASKADDR?CH395CMD                -----    -----      -----    -----      097AH    0004H
  +--> ?PR?_XWRITECH395CMD?SYSTEMINIT
  +--> ?PR?_XWRITECH395DATA?SYSTEMINIT

?PR?CH395CMDINITCH395?CH395CMD                   -----    -----      -----    -----      097AH    0002H
  +--> ?PR?_XWRITECH395CMD?SYSTEMINIT
  +--> ?PR?_DELAY_MS?DELAYTIME
  +--> ?PR?CH395GETCMDSTATUS?CH395CMD

?PR?CH395GETCMDSTATUS?CH395CMD                   -----    -----      -----    -----      -----    -----
  +--> ?PR?_XWRITECH395CMD?SYSTEMINIT
  +--> ?PR?XREADCH395DATA?SYSTEMINIT

?PR?_MSTOPIFERROR?CH395CMD                       -----    -----      -----    -----      -----    -----
  +--> ?CO?CH395CMD
  +--> ?PR?PRINTF?PRINTF
  +--> ?PR?_SENDSTRINGDATATOPC?PC
  +--> ?PR?_DELAY_MS?DELAYTIME

?PR?PRINTF?PRINTF                                0020H.4  0001H.1    0008H    0005H      0B8BH    0030H
  +--> ?PR?PUTCHAR?PUTCHAR

?PR?CH395CMDGETPHYSTATUS?CH395CMD                -----    -----      -----    -----      -----    -----
  +--> ?PR?_XWRITECH395CMD?SYSTEMINIT
  +--> ?PR?XREADCH395DATA?SYSTEMINIT

?PR?CH395GLOBALINTERRUPT?CH395CMD                -----    -----      -----    -----      09A0H    000DH
  +--> ?PR?CH395CMDGETGLOBINTSTATUS?CH395CMD
  +--> ?CO?CH395CMD
  +--> ?PR?_SENDSTRINGDATATOPC?PC
  +--> ?PR?_CH395CMDGETUNREACHIPPT?CH395CMD
  +--> ?PR?CH395CMDGETPHYSTATUS?CH395CMD
  +--> ?PR?_CH395SOCKETINTERRUPT?CH395CMD

?PR?CH395CMDGETGLOBINTSTATUS?CH395CMD            -----    -----      -----    -----      -----    -----
  +--> ?PR?_XWRITECH395CMD?SYSTEMINIT
  +--> ?PR?XREADCH395DATA?SYSTEMINIT

?PR?_CH395CMDGETUNREACHIPPT?CH395CMD             -----    -----      -----    -----      09ADH    0004H
  +--> ?PR?_XWRITECH395CMD?SYSTEMINIT
  +--> ?PR?XREADCH395DATA?SYSTEMINIT

?PR?_CH395SOCKETINTERRUPT?CH395CMD               -----    -----      -----    -----      09ADH    0005H
  +--> ?PR?_CH395GETSOCKETINT?CH395CMD
  +--> ?CO?CH395CMD
  +--> ?PR?_SENDSTRINGDATATOPC?PC
  +--> ?PR?_CH395GETRECVLENGTH?CH395CMD
  +--> ?PR?_CH395GETRECVDATA?CH395CMD
  +--> ?PR?PRINTF?PRINTF
BL51 BANKED LINKER/LOCATER V6.22.2.0                                                  01/20/2021  15:22:28  PAGE 9


  +--> ?PR?_DELAY_MS?DELAYTIME
  +--> ?PR?_CH395OPENSOCKET?CH395CMD
  +--> ?PR?_MSTOPIFERROR?CH395CMD
  +--> ?PR?_CH395TCPCONNECT?CH395CMD

?PR?_CH395GETSOCKETINT?CH395CMD                  -----    -----      -----    -----      09B2H    0001H
  +--> ?PR?_XWRITECH395CMD?SYSTEMINIT
  +--> ?PR?_XWRITECH395DATA?SYSTEMINIT
  +--> ?PR?DELAY_5US?DELAYTIME
  +--> ?PR?XREADCH395DATA?SYSTEMINIT

?PR?_CH395GETRECVLENGTH?CH395CMD                 -----    -----      -----    -----      09B2H    0003H
  +--> ?PR?_XWRITECH395CMD?SYSTEMINIT
  +--> ?PR?_XWRITECH395DATA?SYSTEMINIT
  +--> ?PR?XREADCH395DATA?SYSTEMINIT

?PR?_CH395GETRECVDATA?CH395CMD                   -----    -----      -----    -----      09B2H    0008H
  +--> ?PR?_XWRITECH395CMD?SYSTEMINIT
  +--> ?PR?_XWRITECH395DATA?SYSTEMINIT
  +--> ?PR?DELAY_5US?DELAYTIME
  +--> ?PR?XREADCH395DATA?SYSTEMINIT

?PR?_CH395OPENSOCKET?CH395CMD                    -----    -----      -----    -----      09B2H    0003H
  +--> ?PR?_XWRITECH395CMD?SYSTEMINIT
  +--> ?PR?_XWRITECH395DATA?SYSTEMINIT
  +--> ?PR?_DELAY_MS?DELAYTIME
  +--> ?PR?CH395GETCMDSTATUS?CH395CMD

?PR?_CH395TCPCONNECT?CH395CMD                    -----    -----      -----    -----      09B2H    0003H
  +--> ?PR?_XWRITECH395CMD?SYSTEMINIT
  +--> ?PR?_XWRITECH395DATA?SYSTEMINIT
  +--> ?PR?_DELAY_MS?DELAYTIME
  +--> ?PR?CH395GETCMDSTATUS?CH395CMD

?PR?INITSOCKETPARAM?CH395CMD                     -----    -----      -----    -----      -----    -----
  +--> ?CO?CH395CMD

?PR?CH395SOCKETINITOPEN?CH395CMD                 -----    -----      -----    -----      0979H    0001H
  +--> ?PR?_CH395SETSOCKETPROTTYPE?CH395CMD
  +--> ?PR?_CH395SETSOCKETDESIP?CH395CMD
  +--> ?PR?_CH395SETSOCKETDESPORT?CH395CMD
  +--> ?PR?_CH395SETSOCKETSOURPORT?CH395CMD
  +--> ?CO?CH395CMD
  +--> ?PR?_SENDSTRINGDATATOPC?PC
  +--> ?PR?_CH395OPENSOCKET?CH395CMD
  +--> ?PR?_MSTOPIFERROR?CH395CMD
  +--> ?PR?_CH395TCPCONNECT?CH395CMD

?PR?_CH395SETSOCKETPROTTYPE?CH395CMD             -----    -----      -----    -----      097AH    0002H
  +--> ?PR?_XWRITECH395CMD?SYSTEMINIT
  +--> ?PR?_XWRITECH395DATA?SYSTEMINIT

?PR?_CH395SETSOCKETDESIP?CH395CMD                -----    -----      -----    -----      097AH    0004H
  +--> ?PR?_XWRITECH395CMD?SYSTEMINIT
  +--> ?PR?_XWRITECH395DATA?SYSTEMINIT

?PR?_CH395SETSOCKETDESPORT?CH395CMD              -----    -----      -----    -----      097AH    0003H
BL51 BANKED LINKER/LOCATER V6.22.2.0                                                  01/20/2021  15:22:28  PAGE 10


  +--> ?PR?_XWRITECH395CMD?SYSTEMINIT
  +--> ?PR?_XWRITECH395DATA?SYSTEMINIT

?PR?_CH395SETSOCKETSOURPORT?CH395CMD             -----    -----      -----    -----      097AH    0003H
  +--> ?PR?_XWRITECH395CMD?SYSTEMINIT
  +--> ?PR?_XWRITECH395DATA?SYSTEMINIT

?PR?KEEPLIVE_SET?CH395CMD                        -----    -----      -----    -----      -----    -----
  +--> ?PR?_CH395SETKEEPLIVE?CH395CMD
  +--> ?PR?_CH395KEEPLIVECNT?CH395CMD
  +--> ?PR?_CH395KEEPLIVEIDLE?CH395CMD
  +--> ?PR?_CH395KEEPLIVEINTVL?CH395CMD

?PR?_CH395SETKEEPLIVE?CH395CMD                   -----    -----      -----    -----      0979H    0002H
  +--> ?PR?_XWRITECH395CMD?SYSTEMINIT
  +--> ?PR?_XWRITECH395DATA?SYSTEMINIT

?PR?_CH395KEEPLIVECNT?CH395CMD                   -----    -----      -----    -----      0979H    0001H
  +--> ?PR?_XWRITECH395CMD?SYSTEMINIT
  +--> ?PR?_XWRITECH395DATA?SYSTEMINIT

?PR?_CH395KEEPLIVEIDLE?CH395CMD                  -----    -----      -----    -----      0979H    0004H
  +--> ?PR?_XWRITECH395CMD?SYSTEMINIT
  +--> ?PR?_XWRITECH395DATA?SYSTEMINIT

?PR?_CH395KEEPLIVEINTVL?CH395CMD                 -----    -----      -----    -----      0979H    0004H
  +--> ?PR?_XWRITECH395CMD?SYSTEMINIT
  +--> ?PR?_XWRITECH395DATA?SYSTEMINIT

?PR?_SETUSARTTWOPOSIONANDBTR?DATATRANS           -----    -----      -----    -----      0993H    0001H
  +--> ?PR?_USARTINIT?DATATRANS
  +--> ?PR?_DELAY_MS?DELAYTIME

?PR?_CRC16_MODBUS?CRC16_MODBUS                   -----    -----      -----    -----      0993H    000CH
  +--> ?PR?_INVERTUINT8?CRC16_MODBUS
  +--> ?PR?_INVERTUINT16?CRC16_MODBUS

?PR?_INVERTUINT8?CRC16_MODBUS                    -----    -----      -----    -----      099FH    000CH

?PR?_INVERTUINT16?CRC16_MODBUS                   -----    -----      -----    -----      099FH    0010H

?PR?_SENDDATA?DATATRANS                          -----    -----      -----    -----      0993H    0006H

?PR?_READCHAMBERTEMPERATURE?CHAMBER              -----    -----      -----    -----      0977H    001CH
  +--> ?PR?_ACQURIE_LABCHAM_ACTUALTEMP?CH395CMD
  +--> ?CO?CHAMBER
  +--> ?PR?PRINTF?PRINTF
  +--> ?PR?_SENDSTRINGDATATOPC?PC
  +--> ?PR?_SETUSARTTWOPOSIONANDBTR?DATATRANS
  +--> ?PR?_DELAY_MS?DELAYTIME
  +--> ?PR?_SENDSTRINGDATA?DATATRANS
  +--> ?PR?ATOF?ATOF
  +--> ?PR?_CRC16_MODBUS?CRC16_MODBUS
  +--> ?PR?_SENDDATA?DATATRANS

?PR?_ACQURIE_LABCHAM_ACTUALTEMP?CH395CMD         -----    -----      -----    -----      0993H    0009H
  +--> ?PR?REQUEST_LABCHAMBER_STATE?CH395CMD
BL51 BANKED LINKER/LOCATER V6.22.2.0                                                  01/20/2021  15:22:28  PAGE 11


  +--> ?PR?ATOF?ATOF

?PR?REQUEST_LABCHAMBER_STATE?CH395CMD            -----    -----      -----    -----      099CH    0004H
  +--> ?CO?CH395CMD
  +--> ?PR?PRINTF?PRINTF
  +--> ?PR?_SENDCMDTOLABCHAMBER?CH395CMD
  +--> ?PR?CH395GLOBALINTERRUPT?CH395CMD
  +--> ?PR?_SENDSTRINGDATATOPC?PC

?PR?_SENDCMDTOLABCHAMBER?CH395CMD                -----    -----      -----    -----      09A0H    0003H
  +--> ?PR?_STRLEN?STRLEN
  +--> ?PR?_CH395SENDDATA?CH395CMD

?PR?_CH395SENDDATA?CH395CMD                      -----    -----      -----    -----      09A3H    0008H
  +--> ?PR?_XWRITECH395CMD?SYSTEMINIT
  +--> ?PR?_XWRITECH395DATA?SYSTEMINIT

?PR?ATOF?ATOF                                    -----    -----      -----    -----      0B79H    0003H
  +--> ?PR?_ISSPACE?ISSPACE
  +--> ?PR??C?ATOF??C?ATOF

?PR??C?ATOF??C?ATOF                              0020H.4  0000H.5    0008H    0002H      -----    -----

?PR?CONFIG_FLUKE_MODE?CFGUO                      -----    -----      -----    -----      0977H    0001H
  +--> ?CO?CFGUO
  +--> ?PR?_SEND_CMD_TO_FLUKE?CFGUO
  +--> ?PR?PRINTF?PRINTF
  +--> ?PR?_SENDSTRINGDATATOPC?PC
  +--> ?PR?_DELAY_MS?DELAYTIME

?PR?_SEND_CMD_TO_FLUKE?CFGUO                     -----    -----      -----    -----      -----    -----
  +--> ?PR?_WR_HOST_OUT_BUF?CFGUO
  +--> ?PR?SET_HOST_POINT_SEND?CFGUO
  +--> ?PR?_ISSUE_TOKEN?CFGUO

?PR?_WR_HOST_OUT_BUF?CFGUO                       -----    -----      -----    -----      0B79H    0003H
  +--> ?PR?_UART4_SEND375CMD?CFGUO
  +--> ?PR?_UART4_SENDFLUKECMD?CFGUO

?PR?_UART4_SENDFLUKECMD?CFGUO                    -----    -----      -----    -----      0B7CH    0003H
  +--> ?PR?_STRLEN?STRLEN

?PR?SET_HOST_POINT_SEND?CFGUO                    -----    -----      -----    -----      -----    -----
  +--> ?PR?_UART4_SEND375CMD?CFGUO
  +--> ?PR?_UART4_SEND375DATA?CFGUO
  +--> ?PR?DELAY_5US?DELAYTIME

?PR?_ISSUE_TOKEN?CFGUO                           -----    -----      -----    -----      0B8BH    0002H
  +--> ?PR?_UART4_SEND375CMD?CFGUO
  +--> ?PR?_UART4_SEND375DATA?CFGUO
  +--> ?PR?GET_INT_STATUS?CFGUO

?PR?_REQUIRECFGUOALLCHANNELTEMPERATUR...         -----    -----      -----    -----      0977H    0202H
  +--> ?CO?CFGUO
  +--> ?PR?_SEND_CMD_TO_FLUKE?CFGUO
  +--> ?PR?PRINTF?PRINTF
  +--> ?PR?_SENDSTRINGDATATOPC?PC
BL51 BANKED LINKER/LOCATER V6.22.2.0                                                  01/20/2021  15:22:28  PAGE 12


  +--> ?PR?_REV_DATA_FROM_FLUKE?CFGUO
  +--> ?PR?ATOF?ATOF
  +--> ?PR?_DELAY_MS?DELAYTIME

?PR?_REV_DATA_FROM_FLUKE?CFGUO                   -----    -----      -----    -----      0B79H    0009H
  +--> ?PR?_REV_DATA_FROM_CH375?CFGUO
  +--> ?CO?CFGUO
  +--> ?PR?PRINTF?PRINTF
  +--> ?PR?_SENDSTRINGDATATOPC?PC

?PR?_REV_DATA_FROM_CH375?CFGUO                   -----    -----      -----    -----      0B82H    0009H
  +--> ?PR?SET_HOST_POINT_REV?CFGUO
  +--> ?PR?_ISSUE_TOKEN?CFGUO
  +--> ?PR?_UART4_SEND375CMD?CFGUO
  +--> ?CO?CFGUO
  +--> ?PR?PRINTF?PRINTF
  +--> ?PR?_SENDSTRINGDATATOPC?PC

?PR?SET_HOST_POINT_REV?CFGUO                     -----    -----      -----    -----      -----    -----
  +--> ?PR?_UART4_SEND375CMD?CFGUO
  +--> ?PR?_UART4_SEND375DATA?CFGUO
  +--> ?PR?DELAY_5US?DELAYTIME

?PR?_SETVOLTAGE?NEWPOWER                         -----    -----      -----    -----      0977H    0008H
  +--> ?PR?_WRITEDATATOMAX5821?NEWPOWER

?PR?_WRITEDATATOMAX5821?NEWPOWER                 -----    -----      -----    -----      097FH    0004H
  +--> ?PR?_I2CWRITEDATATODEVICE?NEWPOWER

?PR?_I2CWRITEDATATODEVICE?NEWPOWER               -----    -----      -----    -----      0993H    0007H
  +--> ?PR?I2CSTART?NEWPOWER
  +--> ?CO?NEWPOWER
  +--> ?PR?DELAY_5US?DELAYTIME
  +--> ?PR?I2CDEVICEACK?NEWPOWER
  +--> ?PR?I2CSTOP?NEWPOWER

?PR?I2CSTART?NEWPOWER                            -----    -----      -----    -----      -----    -----
  +--> ?PR?RESETI2CPORT?NEWPOWER
  +--> ?PR?_DELAY_MS?DELAYTIME
  +--> ?PR?DELAY_5US?DELAYTIME

?PR?I2CDEVICEACK?NEWPOWER                        -----    -----      -----    -----      -----    -----
  +--> ?PR?DELAY_5US?DELAYTIME

?PR?I2CSTOP?NEWPOWER                             -----    -----      -----    -----      -----    -----
  +--> ?PR?DELAY_5US?DELAYTIME

?PR?_SEARCHTESTMAINBOARD?TSTBRDCONTRL            -----    -----      -----    -----      0977H    0003H
  +--> ?PR?_SETUSARTTWOPOSIONANDBTR?DATATRANS
  +--> ?CO?TSTBRDCONTRL
  +--> ?PR?_SENDSTRINGDATA?DATATRANS

?PR?_READTC18B20PACKAGEANDUSEPT100IND...         -----    -----      -----    -----      0977H    0012H
  +--> ?PR?_USARTINIT?DATATRANS
  +--> ?CO?PC
  +--> ?PR?_STRSTR?STRSTR
  +--> ?PR?_ATOI?ATOI
BL51 BANKED LINKER/LOCATER V6.22.2.0                                                  01/20/2021  15:22:28  PAGE 13



?PR?_ATOI?ATOI                                   0020H.4  0000H.1    -----    -----      0989H    0005H
  +--> ?PR?_ISSPACE?ISSPACE
  +--> ?PR?_ISDIGIT?ISDIGIT

?PR?_SENDTC18B20PACKAGETYPETOBOARD?DA...         -----    -----      -----    -----      0977H    0016H
  +--> ?CO?DATATRANS
  +--> ?PR?PRINTF?PRINTF
  +--> ?PR?_SETUSARTTWOPOSIONANDBTR?DATATRANS
  +--> ?PR?_SENDSTRINGDATA?DATATRANS

?PR?_READOPA544OUTPUTCURRENT?NEWPOWER            -----    -----      -----    -----      0977H    001CH
  +--> ?PR?_I2CWRITEDATATODEVICE?NEWPOWER
  +--> ?PR?_DELAY_MS?DELAYTIME
  +--> ?PR?_READDATAFROMADS1100?NEWPOWER

?PR?_READDATAFROMADS1100?NEWPOWER                -----    -----      -----    -----      0993H    0005H
  +--> ?PR?I2CSTART?NEWPOWER
  +--> ?CO?NEWPOWER
  +--> ?PR?DELAY_5US?DELAYTIME
  +--> ?PR?I2CDEVICEACK?NEWPOWER

?PR?STARTPROCESS?SYSTEMINIT                      -----    -----      -----    -----      -----    -----
  +--> ?PR?_DELAY_MS?DELAYTIME

?PR?_WAITFORTRIMINGPROCESS?DATATRANS             -----    -----      -----    -----      0977H    0001H
  +--> ?PR?_SETUSARTTWOPOSIONANDBTR?DATATRANS

?PR?_SETCHAMBEROFF?CHAMBER                       -----    -----      -----    -----      0977H    0002H
  +--> ?CO?CHAMBER
  +--> ?PR?_SENDSTRINGDATATOPC?PC
  +--> ?PR?SET_LABCHAMBER_OFF?CH395CMD
  +--> ?PR?_SETUSARTTWOPOSIONANDBTR?DATATRANS
  +--> ?PR?_DELAY_MS?DELAYTIME
  +--> ?PR?_SENDSTRINGDATA?DATATRANS
  +--> ?PR?_CRC16_MODBUS?CRC16_MODBUS
  +--> ?PR?_SENDDATA?DATATRANS

?PR?SET_LABCHAMBER_OFF?CH395CMD                  -----    -----      -----    -----      0979H    0004H
  +--> ?CO?CH395CMD
  +--> ?PR?PRINTF?PRINTF
  +--> ?PR?_SENDCMDTOLABCHAMBER?CH395CMD
  +--> ?PR?CH395GLOBALINTERRUPT?CH395CMD
  +--> ?PR?_SENDSTRINGDATATOPC?PC

?PR?TRIMINGBOARDCOLLECTOR?SYSTEMINIT             -----    -----      -----    -----      -----    -----
  +--> ?PR?_DELAY_MS?DELAYTIME

?PR?_READTEMPERATUREDATAFROMTRIMINGBO...         -----    -----      -----    -----      0977H    0006H
  +--> ?PR?_SETUSARTTWOPOSIONANDBTR?DATATRANS

?PR?_SENDFLOATDATATOPC?PC                        -----    -----      -----    -----      0977H    0004H
  +--> ?PR?_USARTINIT?DATATRANS
  +--> ?PR?_SENDFLOATDATA?DATATRANS

?PR?_SENDFLOATDATA?DATATRANS                     -----    -----      -----    -----      097BH    000BH
  +--> ?CO?DATATRANS
BL51 BANKED LINKER/LOCATER V6.22.2.0                                                  01/20/2021  15:22:28  PAGE 14


  +--> ?PR?PRINTF?PRINTF
  +--> ?PR?_SENDSTRINGDATA?DATATRANS

?PR?_SENDPT100DATATOTRIMINGBOARD?DATA...         -----    -----      -----    -----      0977H    0004H
  +--> ?CO?DATATRANS
  +--> ?PR?PRINTF?PRINTF
  +--> ?PR?_SETUSARTTWOPOSIONANDBTR?DATATRANS
  +--> ?PR?_SENDSTRINGDATA?DATATRANS

?PR?_SENDINTDATATOPC?PC                          -----    -----      -----    -----      0977H    0005H
  +--> ?PR?_USARTINIT?DATATRANS
  +--> ?PR?_SENDINTDATA?DATATRANS

?PR?_SENDINTDATA?DATATRANS                       -----    -----      -----    -----      097CH    000BH
  +--> ?CO?DATATRANS
  +--> ?PR?PRINTF?PRINTF
  +--> ?PR?_SENDSTRINGDATA?DATATRANS

?PR?_SETCHAMBERTEMPERATURE?CHAMBER               -----    -----      -----    -----      0977H    0008H
  +--> ?CO?CHAMBER
  +--> ?PR?PRINTF?PRINTF
  +--> ?PR?_SENDSTRINGDATATOPC?PC
  +--> ?PR?_SET_LABCHAMBER_TEMP?CH395CMD
  +--> ?PR?_SETUSARTTWOPOSIONANDBTR?DATATRANS
  +--> ?PR?_DELAY_MS?DELAYTIME
  +--> ?PR?_SENDSTRINGDATA?DATATRANS
  +--> ?PR?_CRC16_MODBUS?CRC16_MODBUS
  +--> ?PR?_SENDDATA?DATATRANS

?PR?_SET_LABCHAMBER_TEMP?CH395CMD                -----    -----      -----    -----      097FH    0004H
  +--> ?PR?_SET_LABCMD_FORMAT?CH395CMD
  +--> ?PR?_SENDCMDTOLABCHAMBER?CH395CMD
  +--> ?PR?CH395GLOBALINTERRUPT?CH395CMD
  +--> ?CO?CH395CMD
  +--> ?PR?_SENDSTRINGDATATOPC?PC
  +--> ?PR?_DELAY_MS?DELAYTIME

?PR?_SET_LABCMD_FORMAT?CH395CMD                  -----    -----      -----    -----      0983H    000AH
  +--> ?CO?CH395CMD
  +--> ?PR?PRINTF?PRINTF

?PR?_ENDALLPROCESS?TSTBRDCONTRL                  -----    -----      -----    -----      0977H    0001H
  +--> ?PR?_SETUSARTTWOPOSIONANDBTR?DATATRANS
  +--> ?CO?TSTBRDCONTRL
  +--> ?PR?_SENDSTRINGDATA?DATATRANS



SYMBOL TABLE OF MODULE:  .\Objects\BackBrdDrv 4point (DATATRANS)

  VALUE           TYPE          NAME
  ----------------------------------

  -------         MODULE        DATATRANS
  C:0000H         SYMBOL        _ICE_DUMMY_
  D:0080H         PUBLIC        P0
  X:1155H         PUBLIC        nTestBoardName
BL51 BANKED LINKER/LOCATER V6.22.2.0                                                  01/20/2021  15:22:28  PAGE 15


  D:0090H         PUBLIC        P1
  D:00A0H         PUBLIC        P2
  C:6934H         PUBLIC        _SendFloatData
  D:00B0H         PUBLIC        P3
  D:00C0H         PUBLIC        P4
  C:7055H         PUBLIC        _WaitForTrimingProcess
  C:70D2H         PUBLIC        _SendStringData
  D:00C8H         PUBLIC        P5
  D:00E8H         PUBLIC        P6
  D:00F8H         PUBLIC        P7
  C:7241H         PUBLIC        _SendData
  D:00BAH         PUBLIC        P_SW2
  D:00A8H         PUBLIC        IE
  B:00A8H.4       PUBLIC        ES
  D:00B8H         PUBLIC        IP
  B:0098H.1       PUBLIC        TI
  D:00D8H         PUBLIC        CCON
  C:5C0EH         PUBLIC        _UsartInit
  D:0099H         PUBLIC        SBUF
  X:115DH         PUBLIC        nTempP6PortData
  X:115EH         PUBLIC        nRecieveData
  D:0098H         PUBLIC        SCON
  D:0089H         PUBLIC        TMOD
  D:0088H         PUBLIC        TCON
  C:69E6H         PUBLIC        _SendIntData
  C:60A5H         PUBLIC        _SetUsartTwoPosionAndBtr
  C:6B42H         PUBLIC        _SendTC18B20PackageTypeToBoard
  X:1226H         PUBLIC        nDeviceIndex
  D:00AFH         PUBLIC        IE2
  D:008EH         PUBLIC        AUXR
  B:00A8H.3       PUBLIC        ET1
  X:1227H         PUBLIC        nOtherDeviceName
  D:008DH         PUBLIC        TH1
  D:00D6H         PUBLIC        T2H
  D:008BH         PUBLIC        TL1
  D:00D7H         PUBLIC        T2L
  X:122FH         PUBLIC        nRxDataCunt
  B:0088H.6       PUBLIC        TR1
  D:009BH         PUBLIC        S2BUF
  C:7BCCH         PUBLIC        _UsartInterrupt
  D:009AH         PUBLIC        S2CON
  C:62A3H         PUBLIC        _SendPt100DataToTrimingBoard
  C:55E1H         PUBLIC        _ReadTemperatureDataFromTrimingBoard
  X:1230H         PUBLIC        nSendData
  X:1244H         PUBLIC        nComTimeOutCunt
  D:00D0H         PUBLIC        PSW
  -------         PROC          _USARTINIT
  D:0007H         SYMBOL        nComPortIndex
  D:0005H         SYMBOL        nBtr
  C:5C0EH         LINE#         19
  C:5C0EH         LINE#         20
  C:5C0EH         LINE#         21
  C:5C19H         LINE#         22
  C:5C1CH         LINE#         23
  C:5C1FH         LINE#         24
  C:5C22H         LINE#         25
  C:5C25H         LINE#         27
BL51 BANKED LINKER/LOCATER V6.22.2.0                                                  01/20/2021  15:22:28  PAGE 16


  C:5C37H         LINE#         28
  C:5C49H         LINE#         29
  C:5C5BH         LINE#         30
  C:5C6DH         LINE#         31
  C:5C7FH         LINE#         32
  C:5C91H         LINE#         33
  C:5CA2H         LINE#         34
  C:5CAFH         LINE#         36
  C:5CB1H         LINE#         37
  C:5CB3H         LINE#         38
  C:5CB3H         LINE#         40
  C:5CC1H         LINE#         41
  C:5CC4H         LINE#         42
  C:5CD6H         LINE#         43
  C:5CE8H         LINE#         44
  C:5CFAH         LINE#         45
  C:5D0CH         LINE#         46
  C:5D1EH         LINE#         47
  C:5D30H         LINE#         48
  C:5D41H         LINE#         49
  C:5D4FH         LINE#         51
  C:5D52H         LINE#         52
  C:5D52H         LINE#         53
  -------         ENDPROC       _USARTINIT
  -------         PROC          _USARTINTERRUPT
  D:0007H         SYMBOL        nComPortIndex
  D:0005H         SYMBOL        nEnbDisable
  C:7BCCH         LINE#         61
  C:7BCCH         LINE#         62
  C:7BCCH         LINE#         63
  C:7BD4H         LINE#         64
  C:7BE0H         LINE#         65
  C:7BE2H         LINE#         66
  C:7BE4H         LINE#         68
  C:7BE4H         LINE#         69
  C:7BE6H         LINE#         70
  C:7BE6H         LINE#         71
  C:7BE6H         LINE#         73
  C:7BF1H         LINE#         74
  C:7BFEH         LINE#         75
  C:7C01H         LINE#         76
  C:7C02H         LINE#         78
  C:7C02H         LINE#         79
  C:7C05H         LINE#         80
  C:7C05H         LINE#         81
  C:7C05H         LINE#         82
  -------         ENDPROC       _USARTINTERRUPT
  -------         PROC          _SETUSARTTWOPOSIONANDBTR
  X:0993H         SYMBOL        nSerialPortPosion
  D:0001H         SYMBOL        nDeviceName
  D:0003H         SYMBOL        nBtr
  C:60A5H         LINE#         92
  C:60ACH         LINE#         93
  C:60ACH         LINE#         94
  C:60B5H         LINE#         95
  C:60BBH         LINE#         97
  C:60CAH         LINE#         98
BL51 BANKED LINKER/LOCATER V6.22.2.0                                                  01/20/2021  15:22:28  PAGE 17


  C:60CDH         LINE#         100
  C:60D4H         LINE#         101
  C:60EDH         LINE#         102
  C:6100H         LINE#         103
  C:6120H         LINE#         104
  C:6122H         LINE#         105
  C:6122H         LINE#         106
  C:612AH         LINE#         107
  C:612AH         LINE#         109
  C:6139H         LINE#         110
  C:613CH         LINE#         112
  C:6143H         LINE#         113
  C:615CH         LINE#         114
  C:616FH         LINE#         115
  C:618FH         LINE#         116
  C:6191H         LINE#         117
  C:6191H         LINE#         118
  C:6199H         LINE#         119
  C:6199H         LINE#         121
  C:619FH         LINE#         122
  C:61A6H         LINE#         123
  -------         ENDPROC       _SETUSARTTWOPOSIONANDBTR
  -------         PROC          _SENDSTRINGDATA
  D:0007H         SYMBOL        nComPortIndex
  X:0B8EH         SYMBOL        pData
  C:70D2H         LINE#         131
  C:70DDH         LINE#         132
  C:70DDH         LINE#         133
  C:70E5H         LINE#         134
  C:70F5H         LINE#         135
  C:7109H         LINE#         136
  C:710CH         LINE#         137
  C:710EH         LINE#         138
  C:7110H         LINE#         139
  C:7110H         LINE#         141
  C:711BH         LINE#         142
  C:712BH         LINE#         143
  C:713FH         LINE#         144
  C:7147H         LINE#         145
  C:714AH         LINE#         146
  C:714CH         LINE#         147
  C:714CH         LINE#         148
  -------         ENDPROC       _SENDSTRINGDATA
  -------         PROC          _SENDFLOATDATA
  X:097BH         SYMBOL        nComPortIndex
  X:097CH         SYMBOL        pFloatData
  X:097FH         SYMBOL        nFloatDataCunt
  -------         DO            
  X:0981H         SYMBOL        nCunt
  X:0983H         SYMBOL        pData
  -------         ENDDO         
  C:6934H         LINE#         157
  C:6942H         LINE#         158
  C:6942H         LINE#         159
  C:6949H         LINE#         162
  C:6967H         LINE#         163
  C:69B3H         LINE#         164
BL51 BANKED LINKER/LOCATER V6.22.2.0                                                  01/20/2021  15:22:28  PAGE 18


  C:69C1H         LINE#         166
  C:69D4H         LINE#         167
  C:69E5H         LINE#         168
  -------         ENDPROC       _SENDFLOATDATA
  -------         PROC          _SENDINTDATA
  X:097CH         SYMBOL        nComPortIndex
  X:097DH         SYMBOL        pIntData
  X:0980H         SYMBOL        nIntDataCunt
  -------         DO            
  X:0982H         SYMBOL        nCunt
  X:0984H         SYMBOL        pData
  -------         ENDDO         
  C:69E6H         LINE#         177
  C:69F4H         LINE#         178
  C:69F4H         LINE#         179
  C:69FBH         LINE#         182
  C:6A19H         LINE#         183
  C:6A65H         LINE#         184
  C:6A73H         LINE#         186
  C:6A86H         LINE#         187
  C:6A97H         LINE#         188
  -------         ENDPROC       _SENDINTDATA
  -------         PROC          _SENDDATA
  X:0993H         SYMBOL        nComPortIndex
  X:0994H         SYMBOL        pData
  X:0997H         SYMBOL        nIntDataCunt
  -------         DO            
  D:0006H         SYMBOL        nCunt
  -------         ENDDO         
  C:7241H         LINE#         199
  C:724FH         LINE#         200
  C:724FH         LINE#         201
  C:7252H         LINE#         202
  C:725FH         LINE#         203
  C:726CH         LINE#         204
  C:727EH         LINE#         205
  C:7281H         LINE#         206
  C:7283H         LINE#         207
  C:7283H         LINE#         209
  C:7292H         LINE#         210
  C:72A4H         LINE#         211
  C:72ACH         LINE#         212
  C:72AFH         LINE#         213
  C:72AFH         LINE#         214
  C:72B6H         LINE#         215
  -------         ENDPROC       _SENDDATA
  -------         PROC          _SENDTC18B20PACKAGETYPETOBOARD
  X:0977H         SYMBOL        nTrimingBoardIndex
  X:0978H         SYMBOL        nPkgType
  -------         DO            
  X:0979H         SYMBOL        nPkgData
  -------         ENDDO         
  C:6B42H         LINE#         225
  C:6B4AH         LINE#         226
  C:6B4AH         LINE#         229
  C:6B59H         LINE#         230
  C:6B7FH         LINE#         231
BL51 BANKED LINKER/LOCATER V6.22.2.0                                                  01/20/2021  15:22:28  PAGE 19


  C:6B98H         LINE#         232
  C:6BB0H         LINE#         233
  C:6BCCH         LINE#         234
  C:6BD7H         LINE#         235
  C:6BD7H         LINE#         236
  C:6BDFH         LINE#         237
  -------         ENDPROC       _SENDTC18B20PACKAGETYPETOBOARD
  -------         PROC          _WAITFORTRIMINGPROCESS
  X:0977H         SYMBOL        nTrimingBoardIndex
  C:7055H         LINE#         246
  C:705AH         LINE#         247
  C:705AH         LINE#         248
  C:7073H         LINE#         249
  C:708BH         LINE#         250
  C:70A7H         LINE#         251
  C:70AAH         LINE#         252
  C:70AAH         LINE#         253
  C:70ADH         LINE#         254
  C:70B5H         LINE#         255
  C:70B8H         LINE#         257
  C:70BDH         LINE#         258
  C:70C0H         LINE#         259
  C:70C5H         LINE#         260
  C:70C7H         LINE#         261
  C:70C7H         LINE#         262
  C:70C9H         LINE#         263
  C:70C9H         LINE#         264
  C:70D1H         LINE#         265
  -------         ENDPROC       _WAITFORTRIMINGPROCESS
  -------         PROC          _READTEMPERATUREDATAFROMTRIMINGBOARD
  X:0977H         SYMBOL        nTrimingBoardIndex
  X:0978H         SYMBOL        pData
  -------         DO            
  X:097BH         SYMBOL        nTemperatureData
  -------         ENDDO         
  C:55E1H         LINE#         275
  C:55EFH         LINE#         276
  C:55EFH         LINE#         279
  C:5608H         LINE#         280
  C:5629H         LINE#         281
  C:5631H         LINE#         283
  C:564AH         LINE#         284
  C:5662H         LINE#         285
  C:567EH         LINE#         286
  C:5680H         LINE#         287
  C:5680H         LINE#         288
  C:5688H         LINE#         290
  C:568DH         LINE#         291
  C:5690H         LINE#         292
  C:5690H         LINE#         293
  C:5693H         LINE#         294
  C:569BH         LINE#         295
  C:569EH         LINE#         297
  C:56A3H         LINE#         298
  C:56A6H         LINE#         300
  C:56BCH         LINE#         301
  C:56C2H         LINE#         302
BL51 BANKED LINKER/LOCATER V6.22.2.0                                                  01/20/2021  15:22:28  PAGE 20


  C:56C2H         LINE#         303
  C:56C2H         LINE#         304
  C:56C2H         LINE#         306
  C:56C2H         LINE#         307
  C:56C7H         LINE#         308
  C:56CAH         LINE#         309
  C:56E0H         LINE#         310
  C:56E6H         LINE#         311
  C:56F2H         LINE#         312
  C:56F4H         LINE#         313
  C:56F4H         LINE#         314
  C:56F6H         LINE#         316
  C:5712H         LINE#         317
  C:572DH         LINE#         318
  C:5736H         LINE#         319
  C:5757H         LINE#         321
  C:5785H         LINE#         322
  C:578FH         LINE#         323
  -------         ENDPROC       _READTEMPERATUREDATAFROMTRIMINGBOARD
  -------         PROC          _SENDPT100DATATOTRIMINGBOARD
  X:0977H         SYMBOL        nTrimingBoardIndex
  X:0978H         SYMBOL        pData
  C:62A3H         LINE#         333
  C:62B1H         LINE#         334
  C:62B1H         LINE#         335
  C:632DH         LINE#         336
  C:6346H         LINE#         337
  C:635EH         LINE#         338
  C:637AH         LINE#         339
  C:637AH         LINE#         340
  C:6382H         LINE#         342
  C:638DH         LINE#         343
  -------         ENDPROC       _SENDPT100DATATOTRIMINGBOARD
  -------         ENDMOD        DATATRANS

  -------         MODULE        PC
  C:0000H         SYMBOL        _ICE_DUMMY_
  D:0080H         PUBLIC        P0
  D:0090H         PUBLIC        P1
  D:00A0H         PUBLIC        P2
  D:00B0H         PUBLIC        P3
  D:00C0H         PUBLIC        P4
  D:00C8H         PUBLIC        P5
  D:00E8H         PUBLIC        P6
  D:00F8H         PUBLIC        P7
  X:1395H         PUBLIC        nCunt
  D:00A8H         PUBLIC        IE
  C:7C3DH         PUBLIC        _SendIntDataToPC
  D:00B8H         PUBLIC        IP
  B:0098H.0       PUBLIC        RI
  D:00D8H         PUBLIC        CCON
  D:0099H         PUBLIC        SBUF
  D:0098H         PUBLIC        SCON
  D:0088H         PUBLIC        TCON
  C:7D0EH         PUBLIC        _SendFloatDataToPC
  C:7F14H         PUBLIC        _SendStringDataToPC
  C:45C6H         PUBLIC        _ReadTC18B20PackageAndUsePt100Index
BL51 BANKED LINKER/LOCATER V6.22.2.0                                                  01/20/2021  15:22:28  PAGE 21


  D:00D0H         PUBLIC        PSW
  -------         PROC          _SENDSTRINGDATATOPC
  X:0B8BH         SYMBOL        pData
  C:7F14H         LINE#         9
  C:7F1FH         LINE#         10
  C:7F1FH         LINE#         12
  C:7F26H         LINE#         13
  C:7F36H         LINE#         14
  -------         ENDPROC       _SENDSTRINGDATATOPC
  -------         PROC          _SENDFLOATDATATOPC
  X:0977H         SYMBOL        pFloatData
  X:097AH         SYMBOL        nFloatDataCunt
  C:7D0EH         LINE#         16
  C:7D1CH         LINE#         17
  C:7D1CH         LINE#         19
  C:7D23H         LINE#         20
  C:7D3EH         LINE#         21
  -------         ENDPROC       _SENDFLOATDATATOPC
  -------         PROC          _SENDINTDATATOPC
  X:0977H         SYMBOL        pIntData
  X:097AH         SYMBOL        nIntDataCunt
  C:7C3DH         LINE#         23
  C:7C4EH         LINE#         24
  C:7C4EH         LINE#         26
  C:7C55H         LINE#         27
  C:7C72H         LINE#         28
  -------         ENDPROC       _SENDINTDATATOPC
  -------         PROC          _READTC18B20PACKAGEANDUSEPT100INDEX
  X:0977H         SYMBOL        nPackageType
  X:097AH         SYMBOL        nPt100Index
  -------         DO            
  X:097DH         SYMBOL        nTempRxData
  X:0987H         SYMBOL        nPt100Cunt
  X:0988H         SYMBOL        nBitCunt
  -------         ENDDO         
  C:45C6H         LINE#         30
  C:45D1H         LINE#         31
  C:45D1H         LINE#         33
  C:45D8H         LINE#         35
  C:45DEH         LINE#         37
  C:45E3H         LINE#         38
  C:45E5H         LINE#         39
  C:45E5H         LINE#         40
  C:45E8H         LINE#         41
  C:45EAH         LINE#         43
  C:45FAH         LINE#         44
  C:460CH         LINE#         45
  C:460CH         LINE#         46
  C:460CH         LINE#         48
  C:4612H         LINE#         49
  C:4612H         LINE#         50
  C:4614H         LINE#         52
  C:4623H         LINE#         53
  C:463BH         LINE#         54
  C:4656H         LINE#         55
  C:465EH         LINE#         57
  C:46B6H         LINE#         58
BL51 BANKED LINKER/LOCATER V6.22.2.0                                                  01/20/2021  15:22:28  PAGE 22


  C:46C6H         LINE#         59
  C:46C9H         LINE#         61
  C:4721H         LINE#         62
  C:4731H         LINE#         63
  C:4733H         LINE#         65
  C:478BH         LINE#         66
  C:479BH         LINE#         67
  C:479DH         LINE#         69
  C:479DH         LINE#         70
  C:47ADH         LINE#         71
  C:47ADH         LINE#         73
  C:47D9H         LINE#         74
  C:47ECH         LINE#         75
  C:47EFH         LINE#         77
  C:4847H         LINE#         78
  C:485AH         LINE#         79
  C:485CH         LINE#         81
  C:485CH         LINE#         82
  C:486FH         LINE#         83
  C:486FH         LINE#         86
  C:487EH         LINE#         87
  C:4883H         LINE#         88
  C:4883H         LINE#         89
  C:4894H         LINE#         90
  C:489AH         LINE#         91
  C:489CH         LINE#         92
  C:489CH         LINE#         93
  C:48A2H         LINE#         94
  C:48A4H         LINE#         96
  C:48A4H         LINE#         97
  C:48B5H         LINE#         98
  C:48BBH         LINE#         99
  C:48BDH         LINE#         100
  C:48BDH         LINE#         101
  C:48C3H         LINE#         102
  C:48C5H         LINE#         104
  C:48E1H         LINE#         105
  C:48F0H         LINE#         107
  C:48F5H         LINE#         108
  C:48F5H         LINE#         109
  C:4919H         LINE#         110
  C:4919H         LINE#         112
  C:4919H         LINE#         113
  C:493DH         LINE#         114
  C:4943H         LINE#         115
  C:4949H         LINE#         116
  C:4949H         LINE#         117
  C:494BH         LINE#         119
  C:4972H         LINE#         120
  C:4984H         LINE#         121
  C:4984H         LINE#         122
  C:4984H         LINE#         124
  C:4984H         LINE#         125
  C:498AH         LINE#         126
  C:498AH         LINE#         127
  C:4993H         LINE#         128
  -------         ENDPROC       _READTC18B20PACKAGEANDUSEPT100INDEX
BL51 BANKED LINKER/LOCATER V6.22.2.0                                                  01/20/2021  15:22:28  PAGE 23


  -------         ENDMOD        PC

  -------         MODULE        TSTBRDCONTRL
  C:0000H         SYMBOL        _ICE_DUMMY_
  C:81BAH         PUBLIC        TstBrdPowerInit
  D:0080H         PUBLIC        P0
  D:0090H         PUBLIC        P1
  D:00A0H         PUBLIC        P2
  D:00B0H         PUBLIC        P3
  D:00C0H         PUBLIC        P4
  D:00C8H         PUBLIC        P5
  D:00E8H         PUBLIC        P6
  D:00F8H         PUBLIC        P7
  X:136AH         PUBLIC        nPowerTestBoardIndex
  D:00A8H         PUBLIC        IE
  C:7404H         PUBLIC        _EndAllProcess
  D:00B8H         PUBLIC        IP
  D:00D8H         PUBLIC        CCON
  X:1372H         PUBLIC        nTempP7PortData
  D:0098H         PUBLIC        SCON
  D:0088H         PUBLIC        TCON
  C:74CCH         PUBLIC        _SetTstBrdPowerOn
  X:1373H         PUBLIC        nBoardIndex
  X:1374H         PUBLIC        nBoardIsHerePwr
  D:009BH         PUBLIC        S2BUF
  D:009AH         PUBLIC        S2CON
  C:67C2H         PUBLIC        _SearchTestMainBoard
  X:137CH         PUBLIC        nTestBoardIndex
  D:00D0H         PUBLIC        PSW
  -------         PROC          TSTBRDPOWERINIT
  C:81BAH         LINE#         19
  C:81BAH         LINE#         20
  C:81BAH         LINE#         21
  C:81BDH         LINE#         22
  -------         ENDPROC       TSTBRDPOWERINIT
  -------         PROC          _SETTSTBRDPOWERON
  D:0003H         SYMBOL        nBoardIndex
  C:74CCH         LINE#         24
  C:74CEH         LINE#         27
  C:74CEH         LINE#         28
  C:74D3H         LINE#         29
  C:74EBH         LINE#         30
  C:74FEH         LINE#         31
  C:751DH         LINE#         32
  C:751DH         LINE#         33
  C:7525H         LINE#         35
  C:752CH         LINE#         36
  -------         ENDPROC       _SETTSTBRDPOWERON
  -------         PROC          _SEARCHTESTMAINBOARD
  X:0977H         SYMBOL        nTestMainBoardIndex
  C:67C2H         LINE#         45
  C:67CDH         LINE#         46
  C:67CDH         LINE#         47
  C:67DCH         LINE#         48
  C:67F7H         LINE#         49
  C:67FEH         LINE#         50
  C:6819H         LINE#         51
BL51 BANKED LINKER/LOCATER V6.22.2.0                                                  01/20/2021  15:22:28  PAGE 24


  C:6824H         LINE#         53
  C:6827H         LINE#         54
  C:6827H         LINE#         55
  C:682CH         LINE#         56
  C:682FH         LINE#         57
  C:6834H         LINE#         58
  C:685BH         LINE#         59
  C:685DH         LINE#         60
  C:685DH         LINE#         61
  C:685DH         LINE#         63
  C:6871H         LINE#         64
  C:6873H         LINE#         65
  C:6875H         LINE#         66
  C:687EH         LINE#         67
  -------         ENDPROC       _SEARCHTESTMAINBOARD
  -------         PROC          _ENDALLPROCESS
  X:0977H         SYMBOL        nTestMainBoardIndex
  C:7404H         LINE#         76
  C:7409H         LINE#         77
  C:7409H         LINE#         78
  C:7422H         LINE#         79
  C:743AH         LINE#         80
  C:7456H         LINE#         81
  C:7461H         LINE#         82
  C:7461H         LINE#         83
  C:7469H         LINE#         84
  -------         ENDPROC       _ENDALLPROCESS
  -------         ENDMOD        TSTBRDCONTRL

  -------         MODULE        DELAYTIME
  C:0000H         SYMBOL        _ICE_DUMMY_
  D:0080H         PUBLIC        P0
  D:0090H         PUBLIC        P1
  D:00A0H         PUBLIC        P2
  D:00B0H         PUBLIC        P3
  D:00C0H         PUBLIC        P4
  D:00C8H         PUBLIC        P5
  D:00E8H         PUBLIC        P6
  D:00F8H         PUBLIC        P7
  C:80BFH         PUBLIC        Timer0Interrupt
  D:00A8H         PUBLIC        IE
  D:00B8H         PUBLIC        IP
  D:00D8H         PUBLIC        CCON
  C:7ECAH         PUBLIC        Delay_5US
  D:0098H         PUBLIC        SCON
  D:0089H         PUBLIC        TMOD
  D:0088H         PUBLIC        TCON
  X:1393H         PUBLIC        nTimer0Cunt
  D:008EH         PUBLIC        AUXR
  B:00A8H.1       PUBLIC        ET0
  B:0088H.5       PUBLIC        TF0
  D:008CH         PUBLIC        TH0
  D:008AH         PUBLIC        TL0
  B:0088H.4       PUBLIC        TR0
  C:7EEFH         PUBLIC        Delay_60US
  X:1394H         PUBLIC        nRunStopCunt
  C:7D3FH         PUBLIC        _Delay_MS
BL51 BANKED LINKER/LOCATER V6.22.2.0                                                  01/20/2021  15:22:28  PAGE 25


  D:00D0H         PUBLIC        PSW
  -------         PROC          _DELAY_MS
  D:0006H         SYMBOL        nDelayMs
  -------         DO            
  D:0004H         SYMBOL        nDelayCunt
  -------         ENDDO         
  C:7D3FH         LINE#         7
  C:7D3FH         LINE#         8
  C:7D3FH         LINE#         9
  C:7D42H         LINE#         11
  C:7D45H         LINE#         12
  C:7D48H         LINE#         14
  C:7D4BH         LINE#         15
  C:7D4EH         LINE#         16
  C:7D50H         LINE#         18
  C:7D52H         LINE#         19
  C:7D54H         LINE#         21
  C:7D54H         LINE#         22
  C:7D5CH         LINE#         23
  C:7D5DH         LINE#         24
  C:7D62H         LINE#         25
  C:7D62H         LINE#         27
  C:7D6AH         LINE#         28
  C:7D6AH         LINE#         29
  C:7D6CH         LINE#         30
  C:7D6EH         LINE#         31
  C:7D6EH         LINE#         32
  C:7D6EH         LINE#         33
  C:7D6EH         LINE#         34
  -------         ENDPROC       _DELAY_MS
  -------         PROC          DELAY_5US
  C:7ECAH         LINE#         36
  C:7ECAH         LINE#         37
  C:7ECAH         LINE#         38
  C:7ECFH         LINE#         40
  C:7ED2H         LINE#         41
  C:7ED5H         LINE#         42
  C:7ED8H         LINE#         43
  C:7EDBH         LINE#         44
  C:7EDDH         LINE#         46
  C:7EDFH         LINE#         47
  C:7EE1H         LINE#         49
  C:7EE1H         LINE#         50
  C:7EE1H         LINE#         51
  C:7EE9H         LINE#         52
  C:7EE9H         LINE#         53
  C:7EEBH         LINE#         54
  C:7EEDH         LINE#         55
  C:7EEEH         LINE#         56
  C:7EEEH         LINE#         57
  C:7EEEH         LINE#         58
  C:7EEEH         LINE#         59
  -------         ENDPROC       DELAY_5US
  -------         PROC          DELAY_60US
  C:7EEFH         LINE#         61
  C:7EEFH         LINE#         62
  C:7EEFH         LINE#         63
BL51 BANKED LINKER/LOCATER V6.22.2.0                                                  01/20/2021  15:22:28  PAGE 26


  C:7EF4H         LINE#         65
  C:7EF7H         LINE#         66
  C:7EFAH         LINE#         67
  C:7EFDH         LINE#         68
  C:7F00H         LINE#         69
  C:7F02H         LINE#         71
  C:7F04H         LINE#         72
  C:7F06H         LINE#         74
  C:7F06H         LINE#         75
  C:7F06H         LINE#         76
  C:7F0EH         LINE#         77
  C:7F0EH         LINE#         78
  C:7F10H         LINE#         79
  C:7F12H         LINE#         80
  C:7F13H         LINE#         81
  C:7F13H         LINE#         82
  C:7F13H         LINE#         83
  C:7F13H         LINE#         84
  -------         ENDPROC       DELAY_60US
  -------         PROC          TIMER0INTERRUPT
  C:80BFH         LINE#         86
  C:80C5H         LINE#         88
  C:80CBH         LINE#         89
  -------         ENDPROC       TIMER0INTERRUPT
  -------         ENDMOD        DELAYTIME

  -------         MODULE        SYSTEMINIT
  C:0000H         SYMBOL        _ICE_DUMMY_
  D:0092H         PUBLIC        P1M0
  D:0093H         PUBLIC        P0M1
  D:0096H         PUBLIC        P2M0
  D:0091H         PUBLIC        P1M1
  D:0080H         PUBLIC        P0
  D:00B2H         PUBLIC        P3M0
  D:0095H         PUBLIC        P2M1
  D:0090H         PUBLIC        P1
  D:00B1H         PUBLIC        P3M1
  D:00A0H         PUBLIC        P2
  D:00CAH         PUBLIC        P5M0
  D:00B0H         PUBLIC        P3
  D:00CCH         PUBLIC        P6M0
  D:00C9H         PUBLIC        P5M1
  D:00C0H         PUBLIC        P4
  D:00E2H         PUBLIC        P7M0
  D:00CBH         PUBLIC        P6M1
  D:00C8H         PUBLIC        P5
  B:00A8H.7       PUBLIC        EA
  D:00E1H         PUBLIC        P7M1
  D:00E8H         PUBLIC        P6
  D:00F8H         PUBLIC        P7
  D:00CEH         PUBLIC        SPCTL
  D:00A2H         PUBLIC        P_SW1
  D:00BAH         PUBLIC        P_SW2
  D:00A8H         PUBLIC        IE
  B:00A0H.6       PUBLIC        START
  B:00A8H.4       PUBLIC        ES
  D:00B8H         PUBLIC        IP
BL51 BANKED LINKER/LOCATER V6.22.2.0                                                  01/20/2021  15:22:28  PAGE 27


  B:0098H.0       PUBLIC        RI
  C:732AH         PUBLIC        SystemInit
  C:81B4H         PUBLIC        xReadCH395Data
  D:00D8H         PUBLIC        CCON
  C:7D9FH         PUBLIC        Delay100MS
  B:00A0H.7       PUBLIC        COLLECTOR
  D:0099H         PUBLIC        SBUF
  C:81BEH         PUBLIC        _xWriteCH395Data
  D:0098H         PUBLIC        SCON
  D:0088H         PUBLIC        TCON
  B:00B0H.2       PUBLIC        P32
  D:00AFH         PUBLIC        IE2
  B:00C8H.5       PUBLIC        test
  C:8080H         PUBLIC        ScanPressKey
  D:00C7H         PUBLIC        IAP_CONTR
  C:80F5H         PUBLIC        _xWriteCH395Cmd
  B:0088H.0       PUBLIC        IT0
  B:00A8H.0       PUBLIC        EX0
  B:0088H.2       PUBLIC        IT1
  B:00A8H.2       PUBLIC        EX1
  D:00D2H         PUBLIC        TH4
  D:00D3H         PUBLIC        TL4
  D:00D1H         PUBLIC        T4T3M
  D:00CDH         PUBLIC        SPSTAT
  C:819AH         PUBLIC        SPI_Init
  B:00A0H.2       PUBLIC        SPI_CS
  B:00C8H.4       PUBLIC        CH375_rst
  C:806AH         PUBLIC        UART4_Init
  D:0084H         PUBLIC        S4CON
  B:0021H.5       PUBLIC        bStartFlag
  C:5233H         PUBLIC        RecievePressKeyCommandFromPC
  B:0021H.6       PUBLIC        bInitFlag
  C:7FB7H         PUBLIC        StartProcess
  C:812FH         PUBLIC        _Spi395Exchange
  C:7FD3H         PUBLIC        TrimingBoardCollector
  D:00D0H         PUBLIC        PSW
  D:00CFH         PUBLIC        SPDAT
  D:0094H         PUBLIC        P0M0
  -------         PROC          SYSTEMINIT
  C:732AH         LINE#         10
  C:732AH         LINE#         11
  C:732AH         LINE#         12
  C:732DH         LINE#         13
  C:7333H         LINE#         14
  C:733AH         LINE#         15
  C:733FH         LINE#         16
  C:7344H         LINE#         17
  C:7347H         LINE#         19
  C:734AH         LINE#         20
  C:734CH         LINE#         21
  C:734EH         LINE#         23
  C:7350H         LINE#         24
  C:7352H         LINE#         26
  C:7354H         LINE#         27
  C:7356H         LINE#         28
  C:7358H         LINE#         30
  C:735BH         LINE#         31
BL51 BANKED LINKER/LOCATER V6.22.2.0                                                  01/20/2021  15:22:28  PAGE 28


  C:735DH         LINE#         33
  C:7360H         LINE#         34
  C:7362H         LINE#         36
  C:7365H         LINE#         37
  C:7368H         LINE#         41
  C:736BH         LINE#         43
  C:736EH         LINE#         44
  C:7371H         LINE#         46
  C:7374H         LINE#         47
  C:7377H         LINE#         48
  C:7379H         LINE#         52
  C:737CH         LINE#         53
  C:737FH         LINE#         55
  C:7382H         LINE#         57
  C:7385H         LINE#         58
  C:7388H         LINE#         60
  C:738BH         LINE#         61
  C:738EH         LINE#         65
  C:7391H         LINE#         66
  C:7394H         LINE#         67
  C:7396H         LINE#         69
  C:7398H         LINE#         70
  -------         ENDPROC       SYSTEMINIT
  -------         PROC          SPI_INIT
  C:819AH         LINE#         72
  C:819AH         LINE#         73
  C:819AH         LINE#         74
  C:819DH         LINE#         75
  C:81A0H         LINE#         77
  C:81A3H         LINE#         78
  -------         ENDPROC       SPI_INIT
  -------         PROC          _SPI395EXCHANGE
  D:0007H         SYMBOL        d
  C:812FH         LINE#         86
  C:812FH         LINE#         87
  C:812FH         LINE#         88
  C:8131H         LINE#         89
  C:8136H         LINE#         90
  C:8139H         LINE#         91
  C:813BH         LINE#         92
  -------         ENDPROC       _SPI395EXCHANGE
  -------         PROC          _XWRITECH395CMD
  D:0007H         SYMBOL        cmd
  C:80F5H         LINE#         101
  C:80F5H         LINE#         102
  C:80F5H         LINE#         103
  C:80F7H         LINE#         104
  C:80F9H         LINE#         105
  C:80FDH         LINE#         106
  C:8100H         LINE#         107
  C:8103H         LINE#         108
  -------         ENDPROC       _XWRITECH395CMD
  -------         PROC          _XWRITECH395DATA
  D:0007H         SYMBOL        mdata
  C:81BEH         LINE#         117
  C:81BEH         LINE#         118
  C:81BEH         LINE#         119
BL51 BANKED LINKER/LOCATER V6.22.2.0                                                  01/20/2021  15:22:28  PAGE 29


  C:81C1H         LINE#         120
  -------         ENDPROC       _XWRITECH395DATA
  -------         PROC          XREADCH395DATA
  -------         DO            
  D:0007H         SYMBOL        i
  -------         ENDDO         
  C:81B4H         LINE#         129
  C:81B4H         LINE#         130
  C:81B4H         LINE#         132
  C:81B9H         LINE#         133
  C:81B9H         LINE#         134
  -------         ENDPROC       XREADCH395DATA
  -------         PROC          UART4_INIT
  C:806AH         LINE#         137
  C:806AH         LINE#         138
  C:806AH         LINE#         139
  C:806DH         LINE#         141
  C:8070H         LINE#         142
  C:8073H         LINE#         144
  C:8076H         LINE#         145
  C:8079H         LINE#         147
  C:807CH         LINE#         148
  C:807FH         LINE#         150
  -------         ENDPROC       UART4_INIT
  -------         PROC          DELAY100MS
  -------         DO            
  D:0006H         SYMBOL        cunt1
  D:0004H         SYMBOL        cunt2
  -------         ENDDO         
  C:7D9FH         LINE#         152
  C:7D9FH         LINE#         153
  C:7D9FH         LINE#         154
  C:7DA4H         LINE#         155
  C:7DAFH         LINE#         156
  C:7DAFH         LINE#         157
  C:7DBDH         LINE#         158
  C:7DC5H         LINE#         159
  C:7DCCH         LINE#         160
  -------         ENDPROC       DELAY100MS
  -------         PROC          SCANPRESSKEY
  C:8080H         LINE#         162
  C:8087H         LINE#         164
  C:8089H         LINE#         165
  C:8089H         LINE#         166
  C:8089H         LINE#         167
  C:808CH         LINE#         168
  C:808FH         LINE#         169
  C:808FH         LINE#         170
  C:8091H         LINE#         171
  C:8091H         LINE#         172
  C:8091H         LINE#         173
  C:8091H         LINE#         174
  -------         ENDPROC       SCANPRESSKEY
  -------         PROC          RECIEVEPRESSKEYCOMMANDFROMPC
  -------         DO            
  D:001FH         SYMBOL        nRxDataCunt
  -------         ENDDO         
BL51 BANKED LINKER/LOCATER V6.22.2.0                                                  01/20/2021  15:22:28  PAGE 30


  C:5233H         LINE#         176
  C:5240H         LINE#         178
  C:5242H         LINE#         180
  C:5244H         LINE#         181
  C:5244H         LINE#         182
  C:5247H         LINE#         183
  C:5249H         LINE#         185
  C:525CH         LINE#         186
  C:5270H         LINE#         187
  C:5270H         LINE#         189
  C:5271H         LINE#         190
  C:5271H         LINE#         191
  C:5273H         LINE#         195
  C:52F7H         LINE#         196
  C:52F9H         LINE#         197
  C:52F9H         LINE#         201
  C:537DH         LINE#         202
  C:537FH         LINE#         203
  C:537FH         LINE#         207
  C:5403H         LINE#         208
  C:5406H         LINE#         209
  C:5406H         LINE#         210
  -------         ENDPROC       RECIEVEPRESSKEYCOMMANDFROMPC
  -------         PROC          STARTPROCESS
  C:7FB7H         LINE#         212
  C:7FB7H         LINE#         213
  C:7FB7H         LINE#         214
  C:7FB9H         LINE#         215
  C:7FC0H         LINE#         216
  C:7FC2H         LINE#         217
  C:7FC9H         LINE#         218
  C:7FCBH         LINE#         219
  C:7FD2H         LINE#         220
  -------         ENDPROC       STARTPROCESS
  -------         PROC          TRIMINGBOARDCOLLECTOR
  C:7FD3H         LINE#         222
  C:7FD3H         LINE#         223
  C:7FD3H         LINE#         224
  C:7FD5H         LINE#         225
  C:7FDCH         LINE#         226
  C:7FDEH         LINE#         227
  C:7FE5H         LINE#         228
  C:7FE7H         LINE#         229
  C:7FEEH         LINE#         230
  -------         ENDPROC       TRIMINGBOARDCOLLECTOR
  -------         ENDMOD        SYSTEMINIT

  -------         MODULE        MAINPRO
  C:0000H         SYMBOL        _ICE_DUMMY_
  D:0080H         PUBLIC        P0
  D:0090H         PUBLIC        P1
  D:00A0H         PUBLIC        P2
  D:00B0H         PUBLIC        P3
  D:00C0H         PUBLIC        P4
  D:00C8H         PUBLIC        P5
  D:00E8H         PUBLIC        P6
  D:00F8H         PUBLIC        P7
BL51 BANKED LINKER/LOCATER V6.22.2.0                                                  01/20/2021  15:22:28  PAGE 31


  C:3D2DH         PUBLIC        fLoOffset
  D:00A8H         PUBLIC        IE
  C:3D1DH         PUBLIC        fUpOffset
  B:00A8H.4       PUBLIC        ES
  D:00B8H         PUBLIC        IP
  D:00D8H         PUBLIC        CCON
  X:137DH         PUBLIC        LabChamTemp
  C:0026H         PUBLIC        main
  D:0098H         PUBLIC        SCON
  D:0088H         PUBLIC        TCON
  X:1381H         PUBLIC        aa
  X:1382H         PUBLIC        bb
  B:00A8H.0       PUBLIC        EX0
  X:1383H         PUBLIC        fVccVoltage
  C:3D05H         PUBLIC        fTrimingTemperature
  C:3D0DH         PUBLIC        fSetChamberTemperature
  D:00D0H         PUBLIC        PSW
  -------         PROC          MAIN
  -------         DO            
  X:000CH         SYMBOL        nTestMainBoardIndex
  X:000DH         SYMBOL        nTestBoardCunt
  X:000EH         SYMBOL        nChipCunt
  X:000FH         SYMBOL        nChipPackageType
  X:0010H         SYMBOL        nNeedPt100Number
  X:0011H         SYMBOL        nInputPt100NumberFromPc
  X:0012H         SYMBOL        nPt100Cunt
  X:0013H         SYMBOL        i
  D:0007H         SYMBOL        j
  X:0014H         SYMBOL        nPT100Index
  X:0034H         SYMBOL        nTemperaturePoint
  X:0035H         SYMBOL        nTempDataCunt
  X:0036H         SYMBOL        nBoardPt100
  X:0037H         SYMBOL        nUseBoardCunt
  X:0038H         SYMBOL        nMaxChipCuntOneBoard
  X:0039H         SYMBOL        nPassFailResult
  X:01B9H         SYMBOL        nVoltagePoint
  X:01BAH         SYMBOL        nTrimOrRead
  B:0020H.0       SYMBOL        bPackageIshere
  B:0020H.1       SYMBOL        bVoltageIsHere
  B:0020H.2       SYMBOL        bPt100IsHere
  B:0020H.3       SYMBOL        bRunMode
  X:01BBH         SYMBOL        fXJYDataAverage
  X:023BH         SYMBOL        fTemperature
  X:02FBH         SYMBOL        fTemperatureAverage
  X:08FBH         SYMBOL        fBoardCfguoData
  X:090BH         SYMBOL        nTemperature
  X:096BH         SYMBOL        fPt100Offset
  X:096FH         SYMBOL        fVcc
  X:0973H         SYMBOL        fSupplyCurrent
  C:01B6H         SYMBOL        SysInit
  -------         ENDDO         
  C:0026H         LINE#         58
  C:0026H         LINE#         59
  C:0026H         LINE#         61
  C:002CH         LINE#         67
  C:0036H         LINE#         70
  C:0039H         LINE#         71
BL51 BANKED LINKER/LOCATER V6.22.2.0                                                  01/20/2021  15:22:28  PAGE 32


  C:0040H         LINE#         72
  C:0049H         LINE#         73
  C:004CH         LINE#         75
  C:0055H         LINE#         76
  C:005CH         LINE#         77
  C:006DH         LINE#         78
  C:0074H         LINE#         84
  C:007DH         LINE#         86
  C:0080H         LINE#         87
  C:0087H         LINE#         88
  C:0090H         LINE#         89
  C:00A5H         LINE#         90
  C:00A5H         LINE#         91
  C:00B3H         LINE#         92
  C:00B9H         LINE#         93
  C:00B9H         LINE#         94
  C:00BBH         LINE#         95
  C:017EH         LINE#         96
  C:0187H         LINE#         97
  C:0187H         LINE#         98
  C:0190H         LINE#         100
  C:019BH         LINE#         101
  C:019EH         LINE#         103
  C:01ADH         LINE#         104
  C:01B6H         LINE#         106
[...]
  -------         PROC          CH395GETCMDSTATUS
  -------         DO            
  D:0007H         SYMBOL        i
  -------         ENDDO         
  C:8185H         LINE#         651
  C:8185H         LINE#         652
  C:8185H         LINE#         655
  C:818AH         LINE#         656
  C:818DH         LINE#         657
  C:818FH         LINE#         658
  C:818FH         LINE#         659
  -------         ENDPROC       CH395GETCMDSTATUS
  -------         PROC          _CH395CMDSETIPADDR
  X:097AH         SYMBOL        ipaddr
  -------         DO            
  X:097DH         SYMBOL        i
  -------         ENDDO         
  C:79FDH         LINE#         668
  C:7A08H         LINE#         669
  C:7A08H         LINE#         672
  C:7A0DH         LINE#         673
BL51 BANKED LINKER/LOCATER V6.22.2.0                                                  01/20/2021  15:22:28  PAGE 72


  C:7A3EH         LINE#         674
  C:7A40H         LINE#         675
  -------         ENDPROC       _CH395CMDSETIPADDR
  -------         PROC          _CH395CMDSETGWIPADDR
  X:097AH         SYMBOL        gwipaddr
  -------         DO            
  X:097DH         SYMBOL        i
  -------         ENDDO         
  C:7A41H         LINE#         684
  C:7A4CH         LINE#         685
  C:7A4CH         LINE#         688
  C:7A51H         LINE#         689
  C:7A82H         LINE#         690
  C:7A84H         LINE#         691
  -------         ENDPROC       _CH395CMDSETGWIPADDR
  -------         PROC          _CH395CMDSETMASKADDR
  X:097AH         SYMBOL        maskaddr
  -------         DO            
  X:097DH         SYMBOL        i
  -------         ENDDO         
  C:7A85H         LINE#         700
  C:7A90H         LINE#         701
  C:7A90H         LINE#         704
  C:7A95H         LINE#         705
  C:7AC6H         LINE#         706
  C:7AC8H         LINE#         707
  -------         ENDPROC       _CH395CMDSETMASKADDR
  -------         PROC          _CH395CMDGETUNREACHIPPT
  X:09ADH         SYMBOL        list
  -------         DO            
  X:09B0H         SYMBOL        i
  -------         ENDDO         
  C:7AC9H         LINE#         778
  C:7AD4H         LINE#         779
  C:7AD4H         LINE#         782
  C:7AD9H         LINE#         783
  C:7AEBH         LINE#         784
  C:7AEBH         LINE#         785
  C:7B02H         LINE#         786
  C:7B0AH         LINE#         787
  C:7B0CH         LINE#         788
  -------         ENDPROC       _CH395CMDGETUNREACHIPPT
  -------         PROC          _CH395SETSOCKETDESIP
  X:097AH         SYMBOL        sockindex
  X:097BH         SYMBOL        ipaddr
  C:71C7H         LINE#         819
  C:71D5H         LINE#         820
  C:71D5H         LINE#         821
  C:71DAH         LINE#         822
  C:71E2H         LINE#         823
  C:71F9H         LINE#         824
  C:7210H         LINE#         825
  C:7227H         LINE#         826
  C:723EH         LINE#         827
  C:7240H         LINE#         828
  -------         ENDPROC       _CH395SETSOCKETDESIP
  -------         PROC          _CH395SETSOCKETPROTTYPE
BL51 BANKED LINKER/LOCATER V6.22.2.0                                                  01/20/2021  15:22:28  PAGE 73


  X:097AH         SYMBOL        sockindex
  X:097BH         SYMBOL        prottype
  C:7F5AH         LINE#         838
  C:7F62H         LINE#         839
  C:7F62H         LINE#         840
  C:7F67H         LINE#         841
  C:7F6FH         LINE#         842
  C:7F77H         LINE#         843
  C:7F79H         LINE#         844
  -------         ENDPROC       _CH395SETSOCKETPROTTYPE
  -------         PROC          _CH395SETSOCKETDESPORT
  X:097AH         SYMBOL        sockindex
  X:097BH         SYMBOL        desprot
  C:7DFAH         LINE#         855
  C:7E05H         LINE#         856
  C:7E05H         LINE#         857
  C:7E0AH         LINE#         858
  C:7E12H         LINE#         859
  C:7E1CH         LINE#         860
  C:7E24H         LINE#         861
  C:7E26H         LINE#         862
  -------         ENDPROC       _CH395SETSOCKETDESPORT
  -------         PROC          _CH395SETSOCKETSOURPORT
  X:097AH         SYMBOL        sockindex
  X:097BH         SYMBOL        surprot
  C:7E27H         LINE#         872
  C:7E32H         LINE#         873
  C:7E32H         LINE#         874
  C:7E37H         LINE#         875
  C:7E3FH         LINE#         876
  C:7E49H         LINE#         877
  C:7E51H         LINE#         878
  C:7E53H         LINE#         879
  -------         ENDPROC       _CH395SETSOCKETSOURPORT
  -------         PROC          _CH395SENDDATA
  X:09A3H         SYMBOL        sockindex
  X:09A4H         SYMBOL        databuf
  X:09A7H         SYMBOL        len
  -------         DO            
  X:09A9H         SYMBOL        i
  -------         ENDDO         
  C:72B7H         LINE#         921
  C:72C5H         LINE#         922
  C:72C5H         LINE#         925
  C:72CAH         LINE#         926
  C:72D2H         LINE#         927
  C:72DCH         LINE#         928
  C:72E4H         LINE#         930
  C:7300H         LINE#         931
  C:7300H         LINE#         932
  C:7317H         LINE#         933
  C:7327H         LINE#         934
  C:7329H         LINE#         935
  -------         ENDPROC       _CH395SENDDATA
  -------         PROC          _CH395GETRECVLENGTH
  X:09B2H         SYMBOL        sockindex
  -------         DO            
BL51 BANKED LINKER/LOCATER V6.22.2.0                                                  01/20/2021  15:22:28  PAGE 74


  X:09B3H         SYMBOL        i
  -------         ENDDO         
  C:7C06H         LINE#         944
  C:7C0BH         LINE#         945
  C:7C0BH         LINE#         948
  C:7C10H         LINE#         949
  C:7C18H         LINE#         950
  C:7C23H         LINE#         951
  C:7C35H         LINE#         952
  C:7C37H         LINE#         953
  C:7C3CH         LINE#         954
  -------         ENDPROC       _CH395GETRECVLENGTH
  -------         PROC          _CH395GETRECVDATA
  X:09B2H         SYMBOL        sockindex
  X:09B3H         SYMBOL        len
  X:09B5H         SYMBOL        pbuf
  -------         DO            
  X:09B8H         SYMBOL        i
  -------         ENDDO         
  C:6EC5H         LINE#         979
  C:6ED9H         LINE#         980
  C:6ED9H         LINE#         982
  C:6EE3H         LINE#         983
  C:6EE8H         LINE#         984
  C:6EF0H         LINE#         985
  C:6EFAH         LINE#         986
  C:6F02H         LINE#         987
  C:6F05H         LINE#         988
  C:6F21H         LINE#         989
  C:6F21H         LINE#         990
  C:6F33H         LINE#         991
  C:6F3DH         LINE#         992
  C:6F4DH         LINE#         993
  C:6F4FH         LINE#         994
  -------         ENDPROC       _CH395GETRECVDATA
  -------         PROC          _CH395OPENSOCKET
  X:09B2H         SYMBOL        sockindex
  -------         DO            
  X:09B3H         SYMBOL        i
  X:09B4H         SYMBOL        s
  -------         ENDDO         
  C:796FH         LINE#         1049
  C:7974H         LINE#         1050
  C:7974H         LINE#         1051
  C:7977H         LINE#         1052
  C:7979H         LINE#         1053
  C:797EH         LINE#         1054
  C:7986H         LINE#         1055
  C:7988H         LINE#         1056
  C:7988H         LINE#         1057
  C:7988H         LINE#         1058
  C:798FH         LINE#         1059
  C:7997H         LINE#         1060
  C:799CH         LINE#         1061
  C:79B0H         LINE#         1062
  C:79B0H         LINE#         1063
  C:79B5H         LINE#         1064
BL51 BANKED LINKER/LOCATER V6.22.2.0                                                  01/20/2021  15:22:28  PAGE 75


  -------         ENDPROC       _CH395OPENSOCKET
  -------         PROC          _CH395TCPCONNECT
  X:09B2H         SYMBOL        sockindex
  -------         DO            
  X:09B3H         SYMBOL        i
  X:09B4H         SYMBOL        s
  -------         ENDDO         
  C:79B6H         LINE#         1097
  C:79BBH         LINE#         1098
  C:79BBH         LINE#         1099
  C:79BEH         LINE#         1100
  C:79C0H         LINE#         1101
  C:79C5H         LINE#         1102
  C:79CDH         LINE#         1103
  C:79CFH         LINE#         1104
  C:79CFH         LINE#         1105
  C:79CFH         LINE#         1106
  C:79D6H         LINE#         1107
  C:79DEH         LINE#         1108
  C:79E3H         LINE#         1109
  C:79F7H         LINE#         1110
  C:79F7H         LINE#         1111
  C:79FCH         LINE#         1112
  -------         ENDPROC       _CH395TCPCONNECT
  -------         PROC          _CH395GETSOCKETINT
  X:09B2H         SYMBOL        sockindex
  -------         DO            
  D:0007H         SYMBOL        intstatus
  -------         ENDDO         
  C:7FEFH         LINE#         1169
  C:7FF4H         LINE#         1170
  C:7FF4H         LINE#         1172
  C:7FF9H         LINE#         1173
  C:8001H         LINE#         1174
  C:8004H         LINE#         1175
  C:8007H         LINE#         1176
  C:8009H         LINE#         1177
  C:8009H         LINE#         1178
  -------         ENDPROC       _CH395GETSOCKETINT
  -------         PROC          _CH395SETSTARTPARA
  X:138FH         SYMBOL        mdata
  C:76A4H         LINE#         1437
  C:76AAH         LINE#         1438
  C:76AAH         LINE#         1439
  C:76AFH         LINE#         1440
  C:76BDH         LINE#         1441
  C:76CDH         LINE#         1442
  C:76E3H         LINE#         1443
  C:76F9H         LINE#         1444
  -------         ENDPROC       _CH395SETSTARTPARA
  -------         PROC          _CH395SETKEEPLIVE
  X:0979H         SYMBOL        sockindex
  X:097AH         SYMBOL        cmd
  C:7F99H         LINE#         1472
  C:7FA1H         LINE#         1473
  C:7FA1H         LINE#         1474
  C:7FA6H         LINE#         1475
BL51 BANKED LINKER/LOCATER V6.22.2.0                                                  01/20/2021  15:22:28  PAGE 76


  C:7FAEH         LINE#         1476
  C:7FB6H         LINE#         1477
  -------         ENDPROC       _CH395SETKEEPLIVE
  -------         PROC          _CH395KEEPLIVECNT
  X:0979H         SYMBOL        cnt
  C:80D2H         LINE#         1486
  C:80D7H         LINE#         1487
  C:80D7H         LINE#         1488
  C:80DCH         LINE#         1489
  C:80E4H         LINE#         1490
  -------         ENDPROC       _CH395KEEPLIVECNT
  -------         PROC          _CH395KEEPLIVEIDLE
  X:0979H         SYMBOL        idle
  C:76FAH         LINE#         1499
  C:7700H         LINE#         1500
  C:7700H         LINE#         1501
  C:7705H         LINE#         1502
  C:7713H         LINE#         1503
  C:7723H         LINE#         1504
  C:7739H         LINE#         1505
  C:774FH         LINE#         1506
  -------         ENDPROC       _CH395KEEPLIVEIDLE
  -------         PROC          _CH395KEEPLIVEINTVL
  X:0979H         SYMBOL        intvl
  C:7750H         LINE#         1515
  C:7756H         LINE#         1516
  C:7756H         LINE#         1517
  C:775BH         LINE#         1518
  C:7769H         LINE#         1519
  C:7779H         LINE#         1520
  C:778FH         LINE#         1521
  C:77A5H         LINE#         1522
  -------         ENDPROC       _CH395KEEPLIVEINTVL
  -------         ENDMOD        CH395CMD

  -------         MODULE        ?C?FPADD
  C:2138H         PUBLIC        ?C?FPADD
  C:2134H         PUBLIC        ?C?FPSUB
  -------         ENDMOD        ?C?FPADD

  -------         MODULE        ?C?FPMUL
  C:2229H         PUBLIC        ?C?FPMUL
  -------         ENDMOD        ?C?FPMUL

  -------         MODULE        ?C?FPDIV
  C:2332H         PUBLIC        ?C?FPDIV
  -------         ENDMOD        ?C?FPDIV

  -------         MODULE        ?C?FPCMP
  C:23D1H         PUBLIC        ?C?FPCMP
  C:23CFH         PUBLIC        ?C?FPCMP3
  -------         ENDMOD        ?C?FPCMP

  -------         MODULE        ?C?FCAST
  C:2452H         PUBLIC        ?C?FCASTC
  C:244DH         PUBLIC        ?C?FCASTI
  C:2448H         PUBLIC        ?C?FCASTL
BL51 BANKED LINKER/LOCATER V6.22.2.0                                                  01/20/2021  15:22:28  PAGE 77


  -------         ENDMOD        ?C?FCAST

  -------         MODULE        ?C?CASTF
  C:2486H         PUBLIC        ?C?CASTF
  -------         ENDMOD        ?C?CASTF

  -------         MODULE        PRINTF
  X:0B8BH         PUBLIC        ?_PRINTF?BYTE
  X:0B8BH         PUBLIC        ?_SPRINTF?BYTE
  C:3DA8H         PUBLIC        _PRINTF
  C:3DA2H         PUBLIC        _SPRINTF
  -------         ENDMOD        PRINTF

  -------         MODULE        FABS
  C:8156H         PUBLIC        _FABS
  -------         ENDMOD        FABS

  -------         MODULE        ATOF
  C:7926H         PUBLIC        _ATOF
  -------         ENDMOD        ATOF

  -------         MODULE        ?C?FPROUND
  C:2507H         PUBLIC        ?C?FPROUND
  -------         ENDMOD        ?C?FPROUND

  -------         MODULE        ?C?FPCONVERT
  C:2544H         PUBLIC        ?C?FPCONVERT
  -------         ENDMOD        ?C?FPCONVERT

  -------         MODULE        ?C?FPNEG
  C:2649H         PUBLIC        ?C?FPNEG
  -------         ENDMOD        ?C?FPNEG

  -------         MODULE        ?C?FTNPWR
  C:268AH         PUBLIC        ?C?FTNPWR
  -------         ENDMOD        ?C?FTNPWR

  -------         MODULE        ?C?COPY
  C:279AH         PUBLIC        ?C?COPY
  -------         ENDMOD        ?C?COPY

  -------         MODULE        ?C?SCDIV
  C:27C0H         PUBLIC        ?C?SCDIV
  -------         ENDMOD        ?C?SCDIV

  -------         MODULE        ?C?CLDPTR
  C:27E2H         PUBLIC        ?C?CLDPTR
  -------         ENDMOD        ?C?CLDPTR

  -------         MODULE        ?C?CLDOPTR
  C:27FBH         PUBLIC        ?C?CLDOPTR
  -------         ENDMOD        ?C?CLDOPTR

  -------         MODULE        ?C?CSTPTR
  C:2828H         PUBLIC        ?C?CSTPTR
  -------         ENDMOD        ?C?CSTPTR

BL51 BANKED LINKER/LOCATER V6.22.2.0                                                  01/20/2021  15:22:28  PAGE 78


  -------         MODULE        ?C?CSTOPTR
  C:283AH         PUBLIC        ?C?CSTOPTR
  -------         ENDMOD        ?C?CSTOPTR

  -------         MODULE        ?C?IMUL
  C:285CH         PUBLIC        ?C?IMUL
  -------         ENDMOD        ?C?IMUL

  -------         MODULE        ?C?IILDX
  C:286EH         PUBLIC        ?C?IILDX
  -------         ENDMOD        ?C?IILDX

  -------         MODULE        ?C?ILDIX
  C:2884H         PUBLIC        ?C?ILDIX
  -------         ENDMOD        ?C?ILDIX

  -------         MODULE        ?C?ILDPTR
  C:289AH         PUBLIC        ?C?ILDPTR
  -------         ENDMOD        ?C?ILDPTR

  -------         MODULE        ?C?ILDOPTR
  C:28C5H         PUBLIC        ?C?ILDOPTR
  -------         ENDMOD        ?C?ILDOPTR

  -------         MODULE        ?C?ISTPTR
  C:28FDH         PUBLIC        ?C?ISTPTR
  -------         ENDMOD        ?C?ISTPTR

  -------         MODULE        ?C?ISTOPTR
  C:291CH         PUBLIC        ?C?ISTOPTR
  -------         ENDMOD        ?C?ISTOPTR

  -------         MODULE        ?C?LNEG
  C:2949H         PUBLIC        ?C?LNEG
  -------         ENDMOD        ?C?LNEG

  -------         MODULE        ?C?ULSHR
  C:2957H         PUBLIC        ?C?ULSHR
  -------         ENDMOD        ?C?ULSHR

  -------         MODULE        ?C?LLDPTR
  C:296AH         PUBLIC        ?C?LLDPTR
  -------         ENDMOD        ?C?LLDPTR

  -------         MODULE        ?C?LLDOPTR
  C:298AH         PUBLIC        ?C?LLDOPTR
  -------         ENDMOD        ?C?LLDOPTR

  -------         MODULE        ?C?LSTPTR
  C:29BAH         PUBLIC        ?C?LSTPTR
  -------         ENDMOD        ?C?LSTPTR

  -------         MODULE        ?C?LSTOPTR
  C:29D4H         PUBLIC        ?C?LSTOPTR
  -------         ENDMOD        ?C?LSTOPTR

  -------         MODULE        ?C?LLDCODE
BL51 BANKED LINKER/LOCATER V6.22.2.0                                                  01/20/2021  15:22:28  PAGE 79


  C:29F8H         PUBLIC        ?C?LLDCODE
  -------         ENDMOD        ?C?LLDCODE

  -------         MODULE        ?C?LLDCODE0
  C:2A08H         PUBLIC        ?C?LLDCODE0
  -------         ENDMOD        ?C?LLDCODE0

  -------         MODULE        ?C?LSTXDATA
  C:2A18H         PUBLIC        ?C?LSTXDATA
  -------         ENDMOD        ?C?LSTXDATA

  -------         MODULE        ?C?LSTKXDATA
  C:2A24H         PUBLIC        ?C?LSTKXDATA
  -------         ENDMOD        ?C?LSTKXDATA

  -------         MODULE        ?C?LSTKPTR
  C:2A55H         PUBLIC        ?C?LSTKPTR
  -------         ENDMOD        ?C?LSTKPTR

  -------         MODULE        ?C?OFFXADD
  C:2A6FH         PUBLIC        ?C?OFFXADD
  -------         ENDMOD        ?C?OFFXADD

  -------         MODULE        ?C?PLDIXDATA
  C:2A7BH         PUBLIC        ?C?PLDIXDATA
  -------         ENDMOD        ?C?PLDIXDATA

  -------         MODULE        ?C?PSTXDATA
  C:2A92H         PUBLIC        ?C?PSTXDATA
  -------         ENDMOD        ?C?PSTXDATA

  -------         MODULE        ?C?CCASE
  C:2A9BH         PUBLIC        ?C?CCASE
  -------         ENDMOD        ?C?CCASE

  -------         MODULE        PUTCHAR
  C:7EA3H         PUBLIC        _PUTCHAR
  -------         ENDMOD        PUTCHAR

  -------         MODULE        ISSPACE
  C:80ABH         PUBLIC        _isspace
  -------         ENDMOD        ISSPACE

  -------         MODULE        STRLEN
  C:8096H         PUBLIC        _STRLEN
  -------         ENDMOD        STRLEN

  -------         MODULE        STRSTR
  X:0989H         PUBLIC        ?_strstr?BYTE
  C:6703H         PUBLIC        _strstr
  -------         ENDMOD        STRSTR

  -------         MODULE        ATOI
  C:6553H         PUBLIC        _atoi
  -------         ENDMOD        ATOI

  -------         MODULE        ?C?MEMSET
BL51 BANKED LINKER/LOCATER V6.22.2.0                                                  01/20/2021  15:22:28  PAGE 80


  C:2AC1H         PUBLIC        ?C?MEMSET
  -------         ENDMOD        ?C?MEMSET

  -------         MODULE        ?C?LLDIDATA
  C:2AEDH         PUBLIC        ?C?LLDIDATA
  -------         ENDMOD        ?C?LLDIDATA

  -------         MODULE        ?C?LLDXDATA
  C:2AF9H         PUBLIC        ?C?LLDXDATA
  -------         ENDMOD        ?C?LLDXDATA

  -------         MODULE        ?C?LLDPDATA
  C:2B05H         PUBLIC        ?C?LLDPDATA
  -------         ENDMOD        ?C?LLDPDATA

  -------         MODULE        ?C?LSTIDATA
  C:2B11H         PUBLIC        ?C?LSTIDATA
  -------         ENDMOD        ?C?LSTIDATA

  -------         MODULE        ?C?LSTPDATA
  C:2B1DH         PUBLIC        ?C?LSTPDATA
  -------         ENDMOD        ?C?LSTPDATA

  -------         MODULE        ?C?LSTKIDATA
  C:2B29H         PUBLIC        ?C?LSTKIDATA
  -------         ENDMOD        ?C?LSTKIDATA

  -------         MODULE        ?C?LSTKPDATA
  C:2B42H         PUBLIC        ?C?LSTKPDATA
  -------         ENDMOD        ?C?LSTKPDATA

  -------         MODULE        ISDIGIT
  C:8104H         PUBLIC        _isdigit
  -------         ENDMOD        ISDIGIT

*** WARNING L16: UNCALLED SEGMENT, IGNORED FOR OVERLAY PROCESS
    SEGMENT: ?PR?_USARTINTERRUPT?DATATRANS

*** WARNING L16: UNCALLED SEGMENT, IGNORED FOR OVERLAY PROCESS
    SEGMENT: ?PR?DELAY_60US?DELAYTIME

*** WARNING L16: UNCALLED SEGMENT, IGNORED FOR OVERLAY PROCESS
    SEGMENT: ?PR?_WAITCHAMBERSTABLE?CHAMBER

*** WARNING L16: UNCALLED SEGMENT, IGNORED FOR OVERLAY PROCESS
    SEGMENT: ?PR?_CH395SETSTARTPARA?CH395CMD

*** WARNING L15: MULTIPLE CALL TO SEGMENT
    SEGMENT: ?PR?_STRSTR?STRSTR
    CALLER1: ?PR?RECIEVEPRESSKEYCOMMANDFROMPC?SYSTEMINIT
    CALLER2: ?C_C51STARTUP

Program Size: data=23.7 xdata=5014 code=33218
LINK/LOCATE RUN COMPLETE.  5 WARNING(S),  0 ERROR(S)
