C51 COMPILER V9.60.0.0   TSTBRDCONTRL                                                      05/05/2023 15:28:49 PAGE 1   


C51 COMPILER V9.60.0.0, COMPILATION OF MODULE TSTBRDCONTRL
OBJECT MODULE PLACED IN .\Objects\TstBrdContrl.obj
COMPILER INVOKED BY: D:\Software\Keil\C51\BIN\C51.EXE TstBrdContrl.c LARGE OPTIMIZE(4,SPEED) BROWSE DEBUG OBJECTEXTEND C
                    -ODE PRINT(.\Listings\TstBrdContrl.lst) TABS(2) OBJECT(.\Objects\TstBrdContrl.obj)

line level    source

   1          #include <TstBrdContrl.h>
   2          #include <DelayTime.h>
   3          #include <DataTrans.h>
   4          #include <string.h>
   5          #include <stdlib.h>
   6          
   7          extern char nTestBoardName[8];      // 来源于 “DataTrans.c”
   8          extern unsigned int nComTimeOutCunt;  // 记录串口超时,来源于文件“DataTrans.c”
   9          char nTempP7PortData,nTestBoardIndex,nPowerTestBoardIndex[8] = {PwrTstBrd_1,PwrTstBrd_2,PwrTstBrd_3,PwrTst
             -Brd_4,PwrTstBrd_5,PwrTstBrd_6,PwrTstBrd_7,PwrTstBrd_8};
  10          char nBoardIsHerePwr[8] = {0x01,0x02,0x04,0x08,0x10,0x20,0x40,0x80};
  11          char nBoardIndex;
  12          extern unsigned char RotationValues;  
  13          /**
  14          *** 函数名称 ： TstBrdPowerInit
  15          *** 函数功能 ： 关闭测试板和DUT的所有电源
  16          *** 入口参数 ： 无
  17          *** 返回值   ： 无
  18          */
  19          void TstBrdPowerInit(void)
  20          {
  21   1        P7 = AllTestBoardPowerOff;  // 控制三极管9013关闭，以切断测试板和DUT的所有电源
  22   1      }
  23          
  24          void SetTstBrdPowerOn(
  25            char nBoardIndex        // 测试板号
  26          )
  27          {
  28   1        nTempP7PortData = 0x00;
  29   1        for(nTestBoardIndex = 0; nTestBoardIndex < 8; nTestBoardIndex++){
  30   2          if(nBoardIndex & nBoardIsHerePwr[nTestBoardIndex]){
  31   3            nTempP7PortData |= nPowerTestBoardIndex[nTestBoardIndex];
  32   3          }
  33   2        }
  34   1        
  35   1        P7 = ~nTempP7PortData;  // 控制三极管9012导通，以便给测试板和DUT的所有电源上电
  36   1      }
  37          
  38          /**
  39          *** 函数名称 ： SearchTestMainBoard
  40          *** 函数功能 ： 查找系统中测试主板的块数
  41          *** 入口参数 ： 1、nTestMainBoardIndex  系统中测试主板的块数以及位置信息
  42          *** 返回值   ： 无
  43          */
  44          
  45          void SearchTestMainBoard(char *nTestMainBoardIndex)
  46          {
  47   1        *nTestMainBoardIndex = 0x00;
  48   1        for(nBoardIndex = 0; nBoardIndex < 8; nBoardIndex++){
  49   2          nComTimeOutCunt = 0x0000;
  50   2          SetUsartTwoPosionAndBtr(Com2_TstBrd,nTestBoardName[nBoardIndex],BTR115200);
  51   2          SendStringData(ComPort_2,"IS?@");
  52   2          
  53   2          S2CON &= 0xfe;
C51 COMPILER V9.60.0.0   TSTBRDCONTRL                                                      05/05/2023 15:28:49 PAGE 2   

  54   2          while(1){
  55   3            if(S2CON & 0x01){ // 等待数据到
  56   4              S2CON &= 0xfe;
  57   4              if('Y' == S2BUF){
  58   5                *nTestMainBoardIndex |= nBoardIsHerePwr[nBoardIndex];
  59   5                break;
  60   5              }
  61   4            }
  62   3            
  63   3            if(++nComTimeOutCunt == 20000)
  64   3            break;
  65   3          }
  66   2        }
  67   1      }
  68          
  69          /**
  70          *** 函数名称 ： EndAllProcess
  71          *** 函数功能 ： 结束全温区全电压测试
  72          *** 入口参数 ： 1、nTestMainBoardIndex  系统中测试主板的块数以及位置信息
  73          *** 返回值   ： 无
  74          */
  75          
  76          void EndAllProcess(char nTestMainBoardIndex)
  77          {
  78   1        for(nBoardIndex = 0; nBoardIndex < 8; nBoardIndex++){
  79   2          if(nTestMainBoardIndex & nBoardIsHerePwr[nBoardIndex]){
  80   3            SetUsartTwoPosionAndBtr(Com2_TstBrd,nTestBoardName[nBoardIndex],BTR115200);
  81   3            SendStringData(ComPort_2,"END@");
  82   3          }
  83   2        }
  84   1      }
C51 COMPILER V9.60.0.0   TSTBRDCONTRL                                                      05/05/2023 15:28:49 PAGE 3   

ASSEMBLY LISTING OF GENERATED OBJECT CODE


             ; FUNCTION TstBrdPowerInit (BEGIN)
                                           ; SOURCE LINE # 19
                                           ; SOURCE LINE # 20
                                           ; SOURCE LINE # 21
0000 75F8FF            MOV     P7,#0FFH
                                           ; SOURCE LINE # 22
0003 22                RET     
             ; FUNCTION TstBrdPowerInit (END)

             ; FUNCTION _SetTstBrdPowerOn (BEGIN)
                                           ; SOURCE LINE # 24
;---- Variable 'nBoardIndex' assigned to Register 'R3' ----
0000 AB07              MOV     R3,AR7
                                           ; SOURCE LINE # 27
                                           ; SOURCE LINE # 28
0002 E4                CLR     A
0003 900000      R     MOV     DPTR,#nTempP7PortData
0006 F0                MOVX    @DPTR,A
                                           ; SOURCE LINE # 29
0007 900000      R     MOV     DPTR,#nTestBoardIndex
000A F0                MOVX    @DPTR,A
000B         ?C0002:
000B 900000      R     MOV     DPTR,#nTestBoardIndex
000E E0                MOVX    A,@DPTR
000F FD                MOV     R5,A
0010 33                RLC     A
0011 95E0              SUBB    A,ACC
0013 FC                MOV     R4,A
0014 C3                CLR     C
0015 ED                MOV     A,R5
0016 9408              SUBB    A,#08H
0018 EC                MOV     A,R4
0019 6480              XRL     A,#080H
001B 9480              SUBB    A,#080H
001D 503A              JNC     ?C0003
                                           ; SOURCE LINE # 30
001F E0                MOVX    A,@DPTR
0020 33                RLC     A
0021 95E0              SUBB    A,ACC
0023 FC                MOV     R4,A
0024 7400        R     MOV     A,#LOW nBoardIsHerePwr
0026 2D                ADD     A,R5
0027 F582              MOV     DPL,A
0029 7400        R     MOV     A,#HIGH nBoardIsHerePwr
002B 3C                ADDC    A,R4
002C F583              MOV     DPH,A
002E E0                MOVX    A,@DPTR
002F 5B                ANL     A,R3
0030 601F              JZ      ?C0004
                                           ; SOURCE LINE # 31
0032 900000      R     MOV     DPTR,#nTempP7PortData
0035 E0                MOVX    A,@DPTR
0036 FE                MOV     R6,A
0037 900000      R     MOV     DPTR,#nTestBoardIndex
003A E0                MOVX    A,@DPTR
003B 33                RLC     A
003C 95E0              SUBB    A,ACC
003E FC                MOV     R4,A
003F 7400        R     MOV     A,#LOW nPowerTestBoardIndex
C51 COMPILER V9.60.0.0   TSTBRDCONTRL                                                      05/05/2023 15:28:49 PAGE 4   

0041 2D                ADD     A,R5
0042 F582              MOV     DPL,A
0044 7400        R     MOV     A,#HIGH nPowerTestBoardIndex
0046 3C                ADDC    A,R4
0047 F583              MOV     DPH,A
0049 E0                MOVX    A,@DPTR
004A FD                MOV     R5,A
004B EE                MOV     A,R6
004C 4D                ORL     A,R5
004D 900000      R     MOV     DPTR,#nTempP7PortData
0050 F0                MOVX    @DPTR,A
                                           ; SOURCE LINE # 32
                                           ; SOURCE LINE # 33
0051         ?C0004:
0051 900000      R     MOV     DPTR,#nTestBoardIndex
0054 E0                MOVX    A,@DPTR
0055 04                INC     A
0056 F0                MOVX    @DPTR,A
0057 80B2              SJMP    ?C0002
0059         ?C0003:
                                           ; SOURCE LINE # 35
0059 900000      R     MOV     DPTR,#nTempP7PortData
005C E0                MOVX    A,@DPTR
005D F4                CPL     A
005E F5F8              MOV     P7,A
                                           ; SOURCE LINE # 36
0060 22                RET     
             ; FUNCTION _SetTstBrdPowerOn (END)

             ; FUNCTION _SearchTestMainBoard (BEGIN)
                                           ; SOURCE LINE # 45
0000 900000      R     MOV     DPTR,#nTestMainBoardIndex
0003 EB                MOV     A,R3
0004 F0                MOVX    @DPTR,A
0005 A3                INC     DPTR
0006 EA                MOV     A,R2
0007 F0                MOVX    @DPTR,A
0008 A3                INC     DPTR
0009 E9                MOV     A,R1
000A F0                MOVX    @DPTR,A
                                           ; SOURCE LINE # 46
                                           ; SOURCE LINE # 47
000B 900000      R     MOV     DPTR,#nTestMainBoardIndex
000E E0                MOVX    A,@DPTR
000F FB                MOV     R3,A
0010 A3                INC     DPTR
0011 E0                MOVX    A,@DPTR
0012 FA                MOV     R2,A
0013 A3                INC     DPTR
0014 E0                MOVX    A,@DPTR
0015 F9                MOV     R1,A
0016 E4                CLR     A
0017 120000      E     LCALL   ?C?CSTPTR
                                           ; SOURCE LINE # 48
001A 900000      R     MOV     DPTR,#nBoardIndex
001D F0                MOVX    @DPTR,A
001E         ?C0007:
001E 900000      R     MOV     DPTR,#nBoardIndex
0021 E0                MOVX    A,@DPTR
0022 FF                MOV     R7,A
0023 33                RLC     A
0024 95E0              SUBB    A,ACC
C51 COMPILER V9.60.0.0   TSTBRDCONTRL                                                      05/05/2023 15:28:49 PAGE 5   

0026 FE                MOV     R6,A
0027 C3                CLR     C
0028 EF                MOV     A,R7
0029 9408              SUBB    A,#08H
002B EE                MOV     A,R6
002C 6480              XRL     A,#080H
002E 9480              SUBB    A,#080H
0030 4003              JC      $ + 5H
0032 020000      R     LJMP    ?C0015
                                           ; SOURCE LINE # 49
0035 E4                CLR     A
0036 900000      E     MOV     DPTR,#nComTimeOutCunt
0039 F0                MOVX    @DPTR,A
003A A3                INC     DPTR
003B F0                MOVX    @DPTR,A
                                           ; SOURCE LINE # 50
003C 900000      R     MOV     DPTR,#nBoardIndex
003F E0                MOVX    A,@DPTR
0040 33                RLC     A
0041 95E0              SUBB    A,ACC
0043 FE                MOV     R6,A
0044 7400        E     MOV     A,#LOW nTestBoardName
0046 2F                ADD     A,R7
0047 F582              MOV     DPL,A
0049 7400        E     MOV     A,#HIGH nTestBoardName
004B 3E                ADDC    A,R6
004C F583              MOV     DPH,A
004E E0                MOVX    A,@DPTR
004F FD                MOV     R5,A
0050 7B07              MOV     R3,#07H
0052 7F03              MOV     R7,#03H
0054 120000      E     LCALL   _SetUsartTwoPosionAndBtr
                                           ; SOURCE LINE # 51
0057 7BFF              MOV     R3,#0FFH
0059 7A00        R     MOV     R2,#HIGH ?SC_0
005B 7900        R     MOV     R1,#LOW ?SC_0
005D 7F01              MOV     R7,#01H
005F 120000      E     LCALL   _SendStringData
                                           ; SOURCE LINE # 53
0062 539AFE            ANL     S2CON,#0FEH
0065         ?C0010:
                                           ; SOURCE LINE # 54
                                           ; SOURCE LINE # 55
0065 E59A              MOV     A,S2CON
0067 30E031            JNB     ACC.0,?C0012
                                           ; SOURCE LINE # 56
006A 539AFE            ANL     S2CON,#0FEH
                                           ; SOURCE LINE # 57
006D E59B              MOV     A,S2BUF
006F B45929            CJNE    A,#059H,?C0012
                                           ; SOURCE LINE # 58
0072 900000      R     MOV     DPTR,#nTestMainBoardIndex
0075 E0                MOVX    A,@DPTR
0076 FB                MOV     R3,A
0077 A3                INC     DPTR
0078 E0                MOVX    A,@DPTR
0079 FA                MOV     R2,A
007A A3                INC     DPTR
007B E0                MOVX    A,@DPTR
007C F9                MOV     R1,A
007D 120000      E     LCALL   ?C?CLDPTR
0080 FF                MOV     R7,A
C51 COMPILER V9.60.0.0   TSTBRDCONTRL                                                      05/05/2023 15:28:49 PAGE 6   

0081 900000      R     MOV     DPTR,#nBoardIndex
0084 E0                MOVX    A,@DPTR
0085 FD                MOV     R5,A
0086 33                RLC     A
0087 95E0              SUBB    A,ACC
0089 FC                MOV     R4,A
008A 7400        R     MOV     A,#LOW nBoardIsHerePwr
008C 2D                ADD     A,R5
008D F582              MOV     DPL,A
008F 7400        R     MOV     A,#HIGH nBoardIsHerePwr
0091 3C                ADDC    A,R4
0092 F583              MOV     DPH,A
0094 E0                MOVX    A,@DPTR
0095 4F                ORL     A,R7
0096 120000      E     LCALL   ?C?CSTPTR
                                           ; SOURCE LINE # 59
0099 8018              SJMP    ?C0009
                                           ; SOURCE LINE # 60
                                           ; SOURCE LINE # 61
009B         ?C0012:
                                           ; SOURCE LINE # 63
009B 900000      E     MOV     DPTR,#nComTimeOutCunt
009E E4                CLR     A
009F 75F001            MOV     B,#01H
00A2 120000      E     LCALL   ?C?IILDX
00A5 FE                MOV     R6,A
00A6 E5F0              MOV     A,B
00A8 B420BA            CJNE    A,#020H,?C0010
00AB EE                MOV     A,R6
00AC B44EB6            CJNE    A,#04EH,?C0010
                                           ; SOURCE LINE # 64
00AF 8002              SJMP    ?C0009
                                           ; SOURCE LINE # 65
00B1 80B2              SJMP    ?C0010
                                           ; SOURCE LINE # 66
00B3         ?C0009:
00B3 900000      R     MOV     DPTR,#nBoardIndex
00B6 E0                MOVX    A,@DPTR
00B7 04                INC     A
00B8 F0                MOVX    @DPTR,A
00B9 020000      R     LJMP    ?C0007
                                           ; SOURCE LINE # 67
00BC         ?C0015:
00BC 22                RET     
             ; FUNCTION _SearchTestMainBoard (END)

             ; FUNCTION _EndAllProcess (BEGIN)
                                           ; SOURCE LINE # 76
0000 900000      R     MOV     DPTR,#nTestMainBoardIndex
0003 EF                MOV     A,R7
0004 F0                MOVX    @DPTR,A
                                           ; SOURCE LINE # 77
                                           ; SOURCE LINE # 78
0005 E4                CLR     A
0006 900000      R     MOV     DPTR,#nBoardIndex
0009 F0                MOVX    @DPTR,A
000A         ?C0016:
000A 900000      R     MOV     DPTR,#nBoardIndex
000D E0                MOVX    A,@DPTR
000E FF                MOV     R7,A
000F 33                RLC     A
0010 95E0              SUBB    A,ACC
C51 COMPILER V9.60.0.0   TSTBRDCONTRL                                                      05/05/2023 15:28:49 PAGE 7   

0012 FE                MOV     R6,A
0013 C3                CLR     C
0014 EF                MOV     A,R7
0015 9408              SUBB    A,#08H
0017 EE                MOV     A,R6
0018 6480              XRL     A,#080H
001A 9480              SUBB    A,#080H
001C 5047              JNC     ?C0020
                                           ; SOURCE LINE # 79
001E E0                MOVX    A,@DPTR
001F 33                RLC     A
0020 95E0              SUBB    A,ACC
0022 FE                MOV     R6,A
0023 7400        R     MOV     A,#LOW nBoardIsHerePwr
0025 2F                ADD     A,R7
0026 F582              MOV     DPL,A
0028 7400        R     MOV     A,#HIGH nBoardIsHerePwr
002A 3E                ADDC    A,R6
002B F583              MOV     DPH,A
002D E0                MOVX    A,@DPTR
002E FF                MOV     R7,A
002F 900000      R     MOV     DPTR,#nTestMainBoardIndex
0032 E0                MOVX    A,@DPTR
0033 5F                ANL     A,R7
0034 6027              JZ      ?C0018
                                           ; SOURCE LINE # 80
0036 900000      R     MOV     DPTR,#nBoardIndex
0039 E0                MOVX    A,@DPTR
003A FF                MOV     R7,A
003B 33                RLC     A
003C 95E0              SUBB    A,ACC
003E FE                MOV     R6,A
003F 7400        E     MOV     A,#LOW nTestBoardName
0041 2F                ADD     A,R7
0042 F582              MOV     DPL,A
0044 7400        E     MOV     A,#HIGH nTestBoardName
0046 3E                ADDC    A,R6
0047 F583              MOV     DPH,A
0049 E0                MOVX    A,@DPTR
004A FD                MOV     R5,A
004B 7B07              MOV     R3,#07H
004D 7F03              MOV     R7,#03H
004F 120000      E     LCALL   _SetUsartTwoPosionAndBtr
                                           ; SOURCE LINE # 81
0052 7BFF              MOV     R3,#0FFH
0054 7A00        R     MOV     R2,#HIGH ?SC_5
0056 7900        R     MOV     R1,#LOW ?SC_5
0058 7F01              MOV     R7,#01H
005A 120000      E     LCALL   _SendStringData
                                           ; SOURCE LINE # 82
                                           ; SOURCE LINE # 83
005D         ?C0018:
005D 900000      R     MOV     DPTR,#nBoardIndex
0060 E0                MOVX    A,@DPTR
0061 04                INC     A
0062 F0                MOVX    @DPTR,A
0063 80A5              SJMP    ?C0016
                                           ; SOURCE LINE # 84
0065         ?C0020:
0065 22                RET     
             ; FUNCTION _EndAllProcess (END)

C51 COMPILER V9.60.0.0   TSTBRDCONTRL                                                      05/05/2023 15:28:49 PAGE 8   



MODULE INFORMATION:   STATIC OVERLAYABLE
   CODE SIZE        =    392    ----
   CONSTANT SIZE    =     10    ----
   XDATA SIZE       =     19       4
   PDATA SIZE       =   ----    ----
   DATA SIZE        =   ----    ----
   IDATA SIZE       =   ----    ----
   BIT SIZE         =   ----    ----
END OF MODULE INFORMATION.


C51 COMPILATION COMPLETE.  0 WARNING(S),  0 ERROR(S)
